71.97.27.195 - - [08/Apr/2009:05:37:39 -0400] "GET /Asterisk/SeUpAsteriskAtHome_files/image021.png HTTP/1.1" 304 - "-" "Mozilla/4.0 (compatible; MSIE 7.0; Windows NT 6.0; SLCC1; .NET CLR 2.0.50727; Media Center PC 5.0; InfoPath.2; .NET CLR 3.5.30729; .NET CLR 3.0.30618)"
71.97.27.195 - - [08/Apr/2009:05:37:39 -0400] "GET /Asterisk/SeUpAsteriskAtHome_files/image023.png HTTP/1.1" 304 - "-" "Mozilla/4.0 (compatible; MSIE 7.0; Windows NT 6.0; SLCC1; .NET CLR 2.0.50727; Media Center PC 5.0; InfoPath.2; .NET CLR 3.5.30729; .NET CLR 3.0.30618)"
71.97.27.195 - - [08/Apr/2009:05:37:39 -0400] "GET /Asterisk/SeUpAsteriskAtHome_files/image025.png HTTP/1.1" 304 - "-" "Mozilla/4.0 (compatible; MSIE 7.0; Windows NT 6.0; SLCC1; .NET CLR 2.0.50727; Media Center PC 5.0; InfoPath.2; .NET CLR 3.5.30729; .NET CLR 3.0.30618)"
71.97.27.195 - - [08/Apr/2009:05:37:39 -0400] "GET /Asterisk/SeUpAsteriskAtHome_files/image027.jpg HTTP/1.1" 304 - "-" "Mozilla/4.0 (compatible; MSIE 7.0; Windows NT 6.0; SLCC1; .NET CLR 2.0.50727; Media Center PC 5.0; InfoPath.2; .NET CLR 3.5.30729; .NET CLR 3.0.30618)"
71.97.27.195 - - [08/Apr/2009:05:37:39 -0400] "GET /Asterisk/SeUpAsteriskAtHome_files/image028.jpg HTTP/1.1" 304 - "-" "Mozilla/4.0 (compatible; MSIE 7.0; Windows NT 6.0; SLCC1; .NET CLR 2.0.50727; Media Center PC 5.0; InfoPath.2; .NET CLR 3.5.30729; .NET CLR 3.0.30618)"
71.97.27.195 - - [08/Apr/2009:05:37:40 -0400] "GET /Asterisk/SeUpAsteriskAtHome_files/image030.jpg HTTP/1.1" 304 - "-" "Mozilla/4.0 (compatible; MSIE 7.0; Windows NT 6.0; SLCC1; .NET CLR 2.0.50727; Media Center PC 5.0; InfoPath.2; .NET CLR 3.5.30729; .NET CLR 3.0.30618)"
71.97.27.195 - - [08/Apr/2009:05:37:40 -0400] "GET /Asterisk/SeUpAsteriskAtHome_files/image032.jpg HTTP/1.1" 304 - "-" "Mozilla/4.0 (compatible; MSIE 7.0; Windows NT 6.0; SLCC1; .NET CLR 2.0.50727; Media Center PC 5.0; InfoPath.2; .NET CLR 3.5.30729; .NET CLR 3.0.30618)"
71.97.27.195 - - [08/Apr/2009:05:37:40 -0400] "GET /Asterisk/SeUpAsteriskAtHome_files/image034.jpg HTTP/1.1" 304 - "-" "Mozilla/4.0 (compatible; MSIE 7.0; Windows NT 6.0; SLCC1; .NET CLR 2.0.50727; Media Center PC 5.0; InfoPath.2; .NET CLR 3.5.30729; .NET CLR 3.0.30618)"
71.97.27.195 - - [08/Apr/2009:05:37:40 -0400] "GET /Asterisk/SeUpAsteriskAtHome_files/image036.png HTTP/1.1" 304 - "-" "Mozilla/4.0 (compatible; MSIE 7.0; Windows NT 6.0; SLCC1; .NET CLR 2.0.50727; Media Center PC 5.0; InfoPath.2; .NET CLR 3.5.30729; .NET CLR 3.0.30618)"
121.94.206.192 - - [08/Apr/2009:05:37:40 -0400] "GET /eliza/Eliza/DecompList.class HTTP/1.1" 200 877 "-" "Mozilla/4.0 (Windows XP 5.1) Java/1.6.0_13"
71.97.27.195 - - [08/Apr/2009:05:37:40 -0400] "GET /Asterisk/SeUpAsteriskAtHome_files/image038.jpg HTTP/1.1" 304 - "-" "Mozilla/4.0 (compatible; MSIE 7.0; Windows NT 6.0; SLCC1; .NET CLR 2.0.50727; Media Center PC 5.0; InfoPath.2; .NET CLR 3.5.30729; .NET CLR 3.0.30618)"
71.97.27.195 - - [08/Apr/2009:05:37:40 -0400] "GET /Asterisk/SeUpAsteriskAtHome_files/image040.jpg HTTP/1.1" 304 - "-" "Mozilla/4.0 (compatible; MSIE 7.0; Windows NT 6.0; SLCC1; .NET CLR 2.0.50727; Media Center PC 5.0; InfoPath.2; .NET CLR 3.5.30729; .NET CLR 3.0.30618)"
71.97.27.195 - - [08/Apr/2009:05:37:40 -0400] "GET /Asterisk/SeUpAsteriskAtHome_files/image042.jpg HTTP/1.1" 304 - "-" "Mozilla/4.0 (compatible; MSIE 7.0; Windows NT 6.0; SLCC1; .NET CLR 2.0.50727; Media Center PC 5.0; InfoPath.2; .NET CLR 3.5.30729; .NET CLR 3.0.30618)"
71.97.27.195 - - [08/Apr/2009:05:37:40 -0400] "GET /Asterisk/SeUpAsteriskAtHome_files/image044.jpg HTTP/1.1" 304 - "-" "Mozilla/4.0 (compatible; MSIE 7.0; Windows NT 6.0; SLCC1; .NET CLR 2.0.50727; Media Center PC 5.0; InfoPath.2; .NET CLR 3.5.30729; .NET CLR 3.0.30618)"
71.97.27.195 - - [08/Apr/2009:05:37:40 -0400] "GET /Asterisk/SeUpAsteriskAtHome_files/image045.png HTTP/1.1" 304 - "-" "Mozilla/4.0 (compatible; MSIE 7.0; Windows NT 6.0; SLCC1; .NET CLR 2.0.50727; Media Center PC 5.0; InfoPath.2; .NET CLR 3.5.30729; .NET CLR 3.0.30618)"
71.97.27.195 - - [08/Apr/2009:05:37:40 -0400] "GET /Asterisk/SeUpAsteriskAtHome_files/image004.gif HTTP/1.1" 304 - "http://www.chayden.net/Asterisk/SeUpAsteriskAtHome.htm" "Mozilla/4.0 (compatible; MSIE 7.0; Windows NT 6.0; SLCC1; .NET CLR 2.0.50727; Media Center PC 5.0; InfoPath.2; .NET CLR 3.5.30729; .NET CLR 3.0.30618)"
71.97.27.195 - - [08/Apr/2009:05:37:40 -0400] "GET /Asterisk/SeUpAsteriskAtHome_files/image005.gif HTTP/1.1" 304 - "http://www.chayden.net/Asterisk/SeUpAsteriskAtHome.htm" "Mozilla/4.0 (compatible; MSIE 7.0; Windows NT 6.0; SLCC1; .NET CLR 2.0.50727; Media Center PC 5.0; InfoPath.2; .NET CLR 3.5.30729; .NET CLR 3.0.30618)"
71.97.27.195 - - [08/Apr/2009:05:37:40 -0400] "GET /Asterisk/SeUpAsteriskAtHome_files/image006.gif HTTP/1.1" 304 - "http://www.chayden.net/Asterisk/SeUpAsteriskAtHome.htm" "Mozilla/4.0 (compatible; MSIE 7.0; Windows NT 6.0; SLCC1; .NET CLR 2.0.50727; Media Center PC 5.0; InfoPath.2; .NET CLR 3.5.30729; .NET CLR 3.0.30618)"
71.97.27.195 - - [08/Apr/2009:05:37:40 -0400] "GET /Asterisk/SeUpAsteriskAtHome_files/image007.gif HTTP/1.1" 304 - "http://www.chayden.net/Asterisk/SeUpAsteriskAtHome.htm" "Mozilla/4.0 (compatible; MSIE 7.0; Windows NT 6.0; SLCC1; .NET CLR 2.0.50727; Media Center PC 5.0; InfoPath.2; .NET CLR 3.5.30729; .NET CLR 3.0.30618)"
71.97.27.195 - - [08/Apr/2009:05:37:40 -0400] "GET /Asterisk/SeUpAsteriskAtHome_files/image009.jpg HTTP/1.1" 304 - "http://www.chayden.net/Asterisk/SeUpAsteriskAtHome.htm" "Mozilla/4.0 (compatible; MSIE 7.0; Windows NT 6.0; SLCC1; .NET CLR 2.0.50727; Media Center PC 5.0; InfoPath.2; .NET CLR 3.5.30729; .NET CLR 3.0.30618)"
121.94.206.192 - - [08/Apr/2009:05:37:40 -0400] "GET /eliza/Eliza/KeyList.class HTTP/1.1" 200 1722 "-" "Mozilla/4.0 (Windows XP 5.1) Java/1.6.0_13"
71.97.27.195 - - [08/Apr/2009:05:37:40 -0400] "GET /Asterisk/SeUpAsteriskAtHome_files/image011.jpg HTTP/1.1" 304 - "http://www.chayden.net/Asterisk/SeUpAsteriskAtHome.htm" "Mozilla/4.0 (compatible; MSIE 7.0; Windows NT 6.0; SLCC1; .NET CLR 2.0.50727; Media Center PC 5.0; InfoPath.2; .NET CLR 3.5.30729; .NET CLR 3.0.30618)"
71.97.27.195 - - [08/Apr/2009:05:37:40 -0400] "GET /Asterisk/SeUpAsteriskAtHome_files/image013.jpg HTTP/1.1" 304 - "http://www.chayden.net/Asterisk/SeUpAsteriskAtHome.htm" "Mozilla/4.0 (compatible; MSIE 7.0; Windows NT 6.0; SLCC1; .NET CLR 2.0.50727; Media Center PC 5.0; InfoPath.2; .NET CLR 3.5.30729; .NET CLR 3.0.30618)"
71.97.27.195 - - [08/Apr/2009:05:37:41 -0400] "GET /Asterisk/SeUpAsteriskAtHome_files/image015.jpg HTTP/1.1" 304 - "http://www.chayden.net/Asterisk/SeUpAsteriskAtHome.htm" "Mozilla/4.0 (compatible; MSIE 7.0; Windows NT 6.0; SLCC1; .NET CLR 2.0.50727; Media Center PC 5.0; InfoPath.2; .NET CLR 3.5.30729; .NET CLR 3.0.30618)"
71.97.27.195 - - [08/Apr/2009:05:37:41 -0400] "GET /Asterisk/SeUpAsteriskAtHome_files/image017.jpg HTTP/1.1" 304 - "http://www.chayden.net/Asterisk/SeUpAsteriskAtHome.htm" "Mozilla/4.0 (compatible; MSIE 7.0; Windows NT 6.0; SLCC1; .NET CLR 2.0.50727; Media Center PC 5.0; InfoPath.2; .NET CLR 3.5.30729; .NET CLR 3.0.30618)"
71.97.27.195 - - [08/Apr/2009:05:37:41 -0400] "GET /Asterisk/SeUpAsteriskAtHome_files/image019.jpg HTTP/1.1" 304 - "http://www.chayden.net/Asterisk/SeUpAsteriskAtHome.htm" "Mozilla/4.0 (compatible; MSIE 7.0; Windows NT 6.0; SLCC1; .NET CLR 2.0.50727; Media Center PC 5.0; InfoPath.2; .NET CLR 3.5.30729; .NET CLR 3.0.30618)"
71.97.27.195 - - [08/Apr/2009:05:37:41 -0400] "GET /Asterisk/SeUpAsteriskAtHome_files/image020.gif HTTP/1.1" 304 - "http://www.chayden.net/Asterisk/SeUpAsteriskAtHome.htm" "Mozilla/4.0 (compatible; MSIE 7.0; Windows NT 6.0; SLCC1; .NET CLR 2.0.50727; Media Center PC 5.0; InfoPath.2; .NET CLR 3.5.30729; .NET CLR 3.0.30618)"
71.97.27.195 - - [08/Apr/2009:05:37:41 -0400] "GET /Asterisk/SeUpAsteriskAtHome_files/image022.jpg HTTP/1.1" 304 - "http://www.chayden.net/Asterisk/SeUpAsteriskAtHome.htm" "Mozilla/4.0 (compatible; MSIE 7.0; Windows NT 6.0; SLCC1; .NET CLR 2.0.50727; Media Center PC 5.0; InfoPath.2; .NET CLR 3.5.30729; .NET CLR 3.0.30618)"
71.97.27.195 - - [08/Apr/2009:05:37:41 -0400] "GET /Asterisk/SeUpAsteriskAtHome_files/image024.jpg HTTP/1.1" 304 - "http://www.chayden.net/Asterisk/SeUpAsteriskAtHome.htm" "Mozilla/4.0 (compatible; MSIE 7.0; Windows NT 6.0; SLCC1; .NET CLR 2.0.50727; Media Center PC 5.0; InfoPath.2; .NET CLR 3.5.30729; .NET CLR 3.0.30618)"
121.94.206.192 - - [08/Apr/2009:05:37:41 -0400] "GET /eliza/Eliza/SynList.class HTTP/1.1" 200 2103 "-" "Mozilla/4.0 (Windows XP 5.1) Java/1.6.0_13"
71.97.27.195 - - [08/Apr/2009:05:37:41 -0400] "GET /Asterisk/SeUpAsteriskAtHome_files/image026.jpg HTTP/1.1" 304 - "http://www.chayden.net/Asterisk/SeUpAsteriskAtHome.htm" "Mozilla/4.0 (compatible; MSIE 7.0; Windows NT 6.0; SLCC1; .NET CLR 2.0.50727; Media Center PC 5.0; InfoPath.2; .NET CLR 3.5.30729; .NET CLR 3.0.30618)"
71.97.27.195 - - [08/Apr/2009:05:37:41 -0400] "GET /Asterisk/SeUpAsteriskAtHome_files/image027.jpg HTTP/1.1" 304 - "http://www.chayden.net/Asterisk/SeUpAsteriskAtHome.htm" "Mozilla/4.0 (compatible; MSIE 7.0; Windows NT 6.0; SLCC1; .NET CLR 2.0.50727; Media Center PC 5.0; InfoPath.2; .NET CLR 3.5.30729; .NET CLR 3.0.30618)"
71.97.27.195 - - [08/Apr/2009:05:37:41 -0400] "GET /Asterisk/SeUpAsteriskAtHome_files/image029.jpg HTTP/1.1" 304 - "http://www.chayden.net/Asterisk/SeUpAsteriskAtHome.htm" "Mozilla/4.0 (compatible; MSIE 7.0; Windows NT 6.0; SLCC1; .NET CLR 2.0.50727; Media Center PC 5.0; InfoPath.2; .NET CLR 3.5.30729; .NET CLR 3.0.30618)"
71.97.27.195 - - [08/Apr/2009:05:37:41 -0400] "GET /Asterisk/SeUpAsteriskAtHome_files/image031.jpg HTTP/1.1" 304 - "http://www.chayden.net/Asterisk/SeUpAsteriskAtHome.htm" "Mozilla/4.0 (compatible; MSIE 7.0; Windows NT 6.0; SLCC1; .NET CLR 2.0.50727; Media Center PC 5.0; InfoPath.2; .NET CLR 3.5.30729; .NET CLR 3.0.30618)"
71.97.27.195 - - [08/Apr/2009:05:37:41 -0400] "GET /Asterisk/SeUpAsteriskAtHome_files/image033.jpg HTTP/1.1" 304 - "http://www.chayden.net/Asterisk/SeUpAsteriskAtHome.htm" "Mozilla/4.0 (compatible; MSIE 7.0; Windows NT 6.0; SLCC1; .NET CLR 2.0.50727; Media Center PC 5.0; InfoPath.2; .NET CLR 3.5.30729; .NET CLR 3.0.30618)"
71.97.27.195 - - [08/Apr/2009:05:37:41 -0400] "GET /Asterisk/SeUpAsteriskAtHome_files/image035.jpg HTTP/1.1" 304 - "http://www.chayden.net/Asterisk/SeUpAsteriskAtHome.htm" "Mozilla/4.0 (compatible; MSIE 7.0; Windows NT 6.0; SLCC1; .NET CLR 2.0.50727; Media Center PC 5.0; InfoPath.2; .NET CLR 3.5.30729; .NET CLR 3.0.30618)"
71.97.27.195 - - [08/Apr/2009:05:37:41 -0400] "GET /Asterisk/SeUpAsteriskAtHome_files/image037.jpg HTTP/1.1" 304 - "http://www.chayden.net/Asterisk/SeUpAsteriskAtHome.htm" "Mozilla/4.0 (compatible; MSIE 7.0; Windows NT 6.0; SLCC1; .NET CLR 2.0.50727; Media Center PC 5.0; InfoPath.2; .NET CLR 3.5.30729; .NET CLR 3.0.30618)"
71.97.27.195 - - [08/Apr/2009:05:37:41 -0400] "GET /Asterisk/SeUpAsteriskAtHome_files/image039.jpg HTTP/1.1" 304 - "http://www.chayden.net/Asterisk/SeUpAsteriskAtHome.htm" "Mozilla/4.0 (compatible; MSIE 7.0; Windows NT 6.0; SLCC1; .NET CLR 2.0.50727; Media Center PC 5.0; InfoPath.2; .NET CLR 3.5.30729; .NET CLR 3.0.30618)"
121.94.206.192 - - [08/Apr/2009:05:37:42 -0400] "GET /eliza/Eliza/WordList.class HTTP/1.1" 200 1243 "-" "Mozilla/4.0 (Windows XP 5.1) Java/1.6.0_13"
71.97.27.195 - - [08/Apr/2009:05:37:42 -0400] "GET /Asterisk/SeUpAsteriskAtHome_files/image041.jpg HTTP/1.1" 304 - "http://www.chayden.net/Asterisk/SeUpAsteriskAtHome.htm" "Mozilla/4.0 (compatible; MSIE 7.0; Windows NT 6.0; SLCC1; .NET CLR 2.0.50727; Media Center PC 5.0; InfoPath.2; .NET CLR 3.5.30729; .NET CLR 3.0.30618)"
71.97.27.195 - - [08/Apr/2009:05:37:42 -0400] "GET /Asterisk/SeUpAsteriskAtHome_files/image043.jpg HTTP/1.1" 304 - "http://www.chayden.net/Asterisk/SeUpAsteriskAtHome.htm" "Mozilla/4.0 (compatible; MSIE 7.0; Windows NT 6.0; SLCC1; .NET CLR 2.0.50727; Media Center PC 5.0; InfoPath.2; .NET CLR 3.5.30729; .NET CLR 3.0.30618)"
71.97.27.195 - - [08/Apr/2009:05:37:42 -0400] "GET /Asterisk/SeUpAsteriskAtHome_files/image044.jpg HTTP/1.1" 304 - "http://www.chayden.net/Asterisk/SeUpAsteriskAtHome.htm" "Mozilla/4.0 (compatible; MSIE 7.0; Windows NT 6.0; SLCC1; .NET CLR 2.0.50727; Media Center PC 5.0; InfoPath.2; .NET CLR 3.5.30729; .NET CLR 3.0.30618)"
71.97.27.195 - - [08/Apr/2009:05:37:42 -0400] "GET /Asterisk/SeUpAsteriskAtHome_files/image046.jpg HTTP/1.1" 304 - "http://www.chayden.net/Asterisk/SeUpAsteriskAtHome.htm" "Mozilla/4.0 (compatible; MSIE 7.0; Windows NT 6.0; SLCC1; .NET CLR 2.0.50727; Media Center PC 5.0; InfoPath.2; .NET CLR 3.5.30729; .NET CLR 3.0.30618)"
121.94.206.192 - - [08/Apr/2009:05:37:42 -0400] "GET /eliza/Eliza/PrePostList.class HTTP/1.1" 200 1674 "-" "Mozilla/4.0 (Windows XP 5.1) Java/1.6.0_13"
121.94.206.192 - - [08/Apr/2009:05:37:43 -0400] "GET /eliza/Eliza/KeyStack.class HTTP/1.1" 200 1507 "-" "Mozilla/4.0 (Windows XP 5.1) Java/1.6.0_13"
121.94.206.192 - - [08/Apr/2009:05:37:43 -0400] "GET /eliza/Eliza/Key.class HTTP/1.1" 200 1702 "-" "Mozilla/4.0 (Windows XP 5.1) Java/1.6.0_13"
121.94.206.192 - - [08/Apr/2009:05:37:44 -0400] "GET /eliza/Eliza/Mem.class HTTP/1.1" 200 850 "-" "Mozilla/4.0 (Windows XP 5.1) Java/1.6.0_13"
121.94.206.192 - - [08/Apr/2009:05:37:45 -0400] "GET /eliza/script HTTP/1.1" 200 12267 "-" "Mozilla/4.0 (Windows XP 5.1) Java/1.6.0_13"
121.94.206.192 - - [08/Apr/2009:05:37:46 -0400] "GET /eliza/Eliza/EString.class HTTP/1.1" 200 3849 "-" "Mozilla/4.0 (Windows XP 5.1) Java/1.6.0_13"
121.94.206.192 - - [08/Apr/2009:05:37:47 -0400] "GET /eliza/Eliza/PrePost.class HTTP/1.1" 200 1073 "-" "Mozilla/4.0 (Windows XP 5.1) Java/1.6.0_13"
121.94.206.192 - - [08/Apr/2009:05:37:47 -0400] "GET /eliza/Eliza/ReasembList.class HTTP/1.1" 200 1102 "-" "Mozilla/4.0 (Windows XP 5.1) Java/1.6.0_13"
121.94.206.192 - - [08/Apr/2009:05:37:48 -0400] "GET /eliza/Eliza/Decomp.class HTTP/1.1" 200 1727 "-" "Mozilla/4.0 (Windows XP 5.1) Java/1.6.0_13"
212.24.224.18 - - [08/Apr/2009:05:41:11 -0400] "GET /Runs/Adidas/tree.jpg HTTP/1.1" 200 976780 "http://worldofcherie.blogspot.com/2008/09/runners-yeah-were-different.html" "Mozilla/4.0 (compatible; MSIE 7.0; Windows NT 5.1; .NET CLR 1.1.4322; InfoPath.2)"
212.24.224.18 - - [08/Apr/2009:05:41:30 -0400] "GET /favicon.ico HTTP/1.1" 404 292 "-" "Mozilla/4.0 (compatible; MSIE 7.0; Windows NT 5.1; .NET CLR 1.1.4322; InfoPath.2)"
77.120.56.18 - - [08/Apr/2009:05:43:07 -0400] "GET /Asterisk/favicon.ico HTTP/1.1" 404 301 "-" "Mozilla/4.0 (compatible; GoogleToolbar 5.0.2124.6042; Windows 6.0; MSIE 7.0.6001.18000)"
77.120.56.18 - - [08/Apr/2009:05:43:07 -0400] "GET /Asterisk/favicon.ico HTTP/1.1" 404 301 "-" "Mozilla/4.0 (compatible; GoogleToolbar 5.0.2124.6042; Windows 6.0; MSIE 7.0.6001.18000)"
77.120.56.18 - - [08/Apr/2009:05:43:07 -0400] "GET /Asterisk/favicon.ico HTTP/1.1" 404 301 "-" "Mozilla/4.0 (compatible; GoogleToolbar 5.0.2124.6042; Windows 6.0; MSIE 7.0.6001.18000)"
77.120.56.18 - - [08/Apr/2009:05:43:07 -0400] "GET /Asterisk/favicon.gif HTTP/1.1" 404 301 "-" "Mozilla/4.0 (compatible; GoogleToolbar 5.0.2124.6042; Windows 6.0; MSIE 7.0.6001.18000)"
77.120.56.18 - - [08/Apr/2009:05:43:07 -0400] "GET /Asterisk/favicon.gif HTTP/1.1" 404 301 "-" "Mozilla/4.0 (compatible; GoogleToolbar 5.0.2124.6042; Windows 6.0; MSIE 7.0.6001.18000)"
77.120.56.18 - - [08/Apr/2009:05:43:08 -0400] "GET /Asterisk/favicon.gif HTTP/1.1" 404 301 "-" "Mozilla/4.0 (compatible; GoogleToolbar 5.0.2124.6042; Windows 6.0; MSIE 7.0.6001.18000)"
72.193.170.175 - - [08/Apr/2009:05:43:24 -0400] "HEAD /favicon.ico HTTP/1.1" 404 - "-" "Mozilla/5.0 (Windows; U; Windows NT 5.1; en-US; rv:1.9.0.8) Gecko/2009032609 Firefox/3.0.8"
66.249.71.172 - - [08/Apr/2009:05:43:42 -0400] "GET / HTTP/1.1" 200 21908 "-" "Mozilla/5.0 (compatible; Googlebot/2.1; +http://www.google.com/bot.html)"
66.249.71.172 - - [08/Apr/2009:05:44:00 -0400] "GET /Sierra83/sierra83.tpo HTTP/1.1" 200 7869 "-" "Mozilla/5.0 (compatible; Googlebot/2.1; +http://www.google.com/bot.html)"
69.125.115.136 - - [08/Apr/2009:05:46:07 -0400] "GET /Catskills/favicon.ico HTTP/1.1" 404 298 "-" "Mozilla/4.0 (compatible; GoogleToolbar 5.0.2124.6042; Windows 6.0; MSIE 7.0.6001.18000)"
69.125.115.136 - - [08/Apr/2009:05:46:07 -0400] "GET /Catskills/favicon.gif HTTP/1.1" 404 298 "-" "Mozilla/4.0 (compatible; GoogleToolbar 5.0.2124.6042; Windows 6.0; MSIE 7.0.6001.18000)"
66.249.71.172 - - [08/Apr/2009:05:46:30 -0400] "GET /Runs/Philly/?C=S;O=D HTTP/1.1" 200 700 "-" "Mozilla/5.0 (compatible; Googlebot/2.1; +http://www.google.com/bot.html)"
24.49.225.124 - - [08/Apr/2009:05:47:28 -0400] "GET /Runs/Adidas/index.htm HTTP/1.1" 200 2459 "http://images.google.ca/imgres?imgurl=http://www.chayden.net/Runs/Adidas/vaseline.jpg&imgrefurl=http://www.chayden.net/Runs/Adidas/index.htm&usg=__3-jYxJU8wXA80U2jFFqvMoqtSCM=&h=2910&w=2400&sz=861&hl=en&start=557&tbnid=xffE0Vbx_NeqAM:&tbnh=150&tbnw=124&prev=/images%3Fq%3Dvaseline%26gbv%3D2%26ndsp%3D20%26hl%3Den%26safe%3Doff%26sa%3DN%26start%3D540" "Mozilla/4.0 (compatible; MSIE 6.0; Windows NT 5.1; SV1; .NET CLR 2.0.50727)"
24.49.225.124 - - [08/Apr/2009:05:47:28 -0400] "GET /Runs/Adidas/tape-800.jpg HTTP/1.1" 200 114686 "http://www.chayden.net/Runs/Adidas/index.htm" "Mozilla/4.0 (compatible; MSIE 6.0; Windows NT 5.1; SV1; .NET CLR 2.0.50727)"
24.49.225.124 - - [08/Apr/2009:05:47:28 -0400] "GET /Runs/Adidas/changing-800.jpg HTTP/1.1" 200 118677 "http://www.chayden.net/Runs/Adidas/index.htm" "Mozilla/4.0 (compatible; MSIE 6.0; Windows NT 5.1; SV1; .NET CLR 2.0.50727)"
24.49.225.124 - - [08/Apr/2009:05:47:30 -0400] "GET /Runs/Adidas/vaseline800.jpg HTTP/1.1" 200 61165 "http://www.chayden.net/Runs/Adidas/index.htm" "Mozilla/4.0 (compatible; MSIE 6.0; Windows NT 5.1; SV1; .NET CLR 2.0.50727)"
24.49.225.124 - - [08/Apr/2009:05:47:31 -0400] "GET /Runs/Adidas/tree-800.jpg HTTP/1.1" 200 76203 "http://www.chayden.net/Runs/Adidas/index.htm" "Mozilla/4.0 (compatible; MSIE 6.0; Windows NT 5.1; SV1; .NET CLR 2.0.50727)"
24.49.225.124 - - [08/Apr/2009:05:47:32 -0400] "GET /Runs/Adidas/baby-800.jpg HTTP/1.1" 200 127856 "http://www.chayden.net/Runs/Adidas/index.htm" "Mozilla/4.0 (compatible; MSIE 6.0; Windows NT 5.1; SV1; .NET CLR 2.0.50727)"
24.49.225.124 - - [08/Apr/2009:05:47:34 -0400] "GET /Runs/Adidas/dr-office-800.jpg HTTP/1.1" 200 105355 "http://www.chayden.net/Runs/Adidas/index.htm" "Mozilla/4.0 (compatible; MSIE 6.0; Windows NT 5.1; SV1; .NET CLR 2.0.50727)"
24.49.225.124 - - [08/Apr/2009:05:47:34 -0400] "GET /Runs/Adidas/river-800.jpg HTTP/1.1" 200 144245 "http://www.chayden.net/Runs/Adidas/index.htm" "Mozilla/4.0 (compatible; MSIE 6.0; Windows NT 5.1; SV1; .NET CLR 2.0.50727)"
24.49.225.124 - - [08/Apr/2009:05:47:36 -0400] "GET /Runs/Adidas/cable-car-800.JPG HTTP/1.1" 200 60723 "http://www.chayden.net/Runs/Adidas/index.htm" "Mozilla/4.0 (compatible; MSIE 6.0; Windows NT 5.1; SV1; .NET CLR 2.0.50727)"
24.49.225.124 - - [08/Apr/2009:05:47:38 -0400] "GET /Runs/Adidas/snot-rocket-800.jpg HTTP/1.1" 200 63993 "http://www.chayden.net/Runs/Adidas/index.htm" "Mozilla/4.0 (compatible; MSIE 6.0; Windows NT 5.1; SV1; .NET CLR 2.0.50727)"
61.12.9.5 - - [08/Apr/2009:05:47:41 -0400] "GET /Asterisk/SeUpAsteriskAtHome.htm HTTP/1.0" 200 178181 "-" "Mozilla/5.0 (Windows; U; Windows NT 5.1; en-US) AppleWebKit/525.19 (KHTML, like Gecko) Chrome/1.0.154.53 Safari/525.19"
24.49.225.124 - - [08/Apr/2009:05:47:41 -0400] "GET /Runs/Adidas/park-800.jpg HTTP/1.1" 200 52610 "http://www.chayden.net/Runs/Adidas/index.htm" "Mozilla/4.0 (compatible; MSIE 6.0; Windows NT 5.1; SV1; .NET CLR 2.0.50727)"
61.12.9.5 - - [08/Apr/2009:05:47:43 -0400] "GET /Asterisk/SeUpAsteriskAtHome_files/image001.gif HTTP/1.0" 200 2324 "http://www.chayden.net/Asterisk/SeUpAsteriskAtHome.htm" "Mozilla/5.0 (Windows; U; Windows NT 5.1; en-US) AppleWebKit/525.19 (KHTML, like Gecko) Chrome/1.0.154.53 Safari/525.19"
61.12.9.5 - - [08/Apr/2009:05:47:43 -0400] "GET /Asterisk/SeUpAsteriskAtHome_files/image003.jpg HTTP/1.0" 200 5132 "http://www.chayden.net/Asterisk/SeUpAsteriskAtHome.htm" "Mozilla/5.0 (Windows; U; Windows NT 5.1; en-US) AppleWebKit/525.19 (KHTML, like Gecko) Chrome/1.0.154.53 Safari/525.19"
61.12.9.5 - - [08/Apr/2009:05:47:43 -0400] "GET /Asterisk/SeUpAsteriskAtHome_files/image004.gif HTTP/1.0" 200 6404 "http://www.chayden.net/Asterisk/SeUpAsteriskAtHome.htm" "Mozilla/5.0 (Windows; U; Windows NT 5.1; en-US) AppleWebKit/525.19 (KHTML, like Gecko) Chrome/1.0.154.53 Safari/525.19"
61.12.9.5 - - [08/Apr/2009:05:47:43 -0400] "GET /Asterisk/SeUpAsteriskAtHome_files/image005.gif HTTP/1.0" 200 4365 "http://www.chayden.net/Asterisk/SeUpAsteriskAtHome.htm" "Mozilla/5.0 (Windows; U; Windows NT 5.1; en-US) AppleWebKit/525.19 (KHTML, like Gecko) Chrome/1.0.154.53 Safari/525.19"
61.12.9.5 - - [08/Apr/2009:05:47:43 -0400] "GET /Asterisk/SeUpAsteriskAtHome_files/image007.gif HTTP/1.0" 200 5284 "http://www.chayden.net/Asterisk/SeUpAsteriskAtHome.htm" "Mozilla/5.0 (Windows; U; Windows NT 5.1; en-US) AppleWebKit/525.19 (KHTML, like Gecko) Chrome/1.0.154.53 Safari/525.19"
24.49.225.124 - - [08/Apr/2009:05:47:40 -0400] "GET /Runs/Adidas/bank-800.jpg HTTP/1.1" 200 99716 "http://www.chayden.net/Runs/Adidas/index.htm" "Mozilla/4.0 (compatible; MSIE 6.0; Windows NT 5.1; SV1; .NET CLR 2.0.50727)"
61.12.9.5 - - [08/Apr/2009:05:47:43 -0400] "GET /Asterisk/SeUpAsteriskAtHome_files/image006.gif HTTP/1.0" 200 33832 "http://www.chayden.net/Asterisk/SeUpAsteriskAtHome.htm" "Mozilla/5.0 (Windows; U; Windows NT 5.1; en-US) AppleWebKit/525.19 (KHTML, like Gecko) Chrome/1.0.154.53 Safari/525.19"
61.12.9.5 - - [08/Apr/2009:05:47:44 -0400] "GET /Asterisk/SeUpAsteriskAtHome_files/image009.jpg HTTP/1.0" 200 14238 "http://www.chayden.net/Asterisk/SeUpAsteriskAtHome.htm" "Mozilla/5.0 (Windows; U; Windows NT 5.1; en-US) AppleWebKit/525.19 (KHTML, like Gecko) Chrome/1.0.154.53 Safari/525.19"
61.12.9.5 - - [08/Apr/2009:05:47:44 -0400] "GET /Asterisk/SeUpAsteriskAtHome_files/image011.jpg HTTP/1.0" 200 13078 "http://www.chayden.net/Asterisk/SeUpAsteriskAtHome.htm" "Mozilla/5.0 (Windows; U; Windows NT 5.1; en-US) AppleWebKit/525.19 (KHTML, like Gecko) Chrome/1.0.154.53 Safari/525.19"
61.12.9.5 - - [08/Apr/2009:05:47:44 -0400] "GET /Asterisk/SeUpAsteriskAtHome_files/image013.jpg HTTP/1.0" 200 21296 "http://www.chayden.net/Asterisk/SeUpAsteriskAtHome.htm" "Mozilla/5.0 (Windows; U; Windows NT 5.1; en-US) AppleWebKit/525.19 (KHTML, like Gecko) Chrome/1.0.154.53 Safari/525.19"
61.12.9.5 - - [08/Apr/2009:05:47:44 -0400] "GET /Asterisk/SeUpAsteriskAtHome_files/image017.jpg HTTP/1.0" 200 30515 "http://www.chayden.net/Asterisk/SeUpAsteriskAtHome.htm" "Mozilla/5.0 (Windows; U; Windows NT 5.1; en-US) AppleWebKit/525.19 (KHTML, like Gecko) Chrome/1.0.154.53 Safari/525.19"
61.12.9.5 - - [08/Apr/2009:05:47:44 -0400] "GET /Asterisk/SeUpAsteriskAtHome_files/image015.jpg HTTP/1.0" 200 47335 "http://www.chayden.net/Asterisk/SeUpAsteriskAtHome.htm" "Mozilla/5.0 (Windows; U; Windows NT 5.1; en-US) AppleWebKit/525.19 (KHTML, like Gecko) Chrome/1.0.154.53 Safari/525.19"
61.12.9.5 - - [08/Apr/2009:05:47:45 -0400] "GET /Asterisk/SeUpAsteriskAtHome_files/image019.jpg HTTP/1.0" 200 39902 "http://www.chayden.net/Asterisk/SeUpAsteriskAtHome.htm" "Mozilla/5.0 (Windows; U; Windows NT 5.1; en-US) AppleWebKit/525.19 (KHTML, like Gecko) Chrome/1.0.154.53 Safari/525.19"
61.12.9.5 - - [08/Apr/2009:05:47:46 -0400] "GET /Asterisk/SeUpAsteriskAtHome_files/image027.jpg HTTP/1.0" 200 8509 "http://www.chayden.net/Asterisk/SeUpAsteriskAtHome.htm" "Mozilla/5.0 (Windows; U; Windows NT 5.1; en-US) AppleWebKit/525.19 (KHTML, like Gecko) Chrome/1.0.154.53 Safari/525.19"
61.12.9.5 - - [08/Apr/2009:05:47:45 -0400] "GET /Asterisk/SeUpAsteriskAtHome_files/image022.jpg HTTP/1.0" 200 34633 "http://www.chayden.net/Asterisk/SeUpAsteriskAtHome.htm" "Mozilla/5.0 (Windows; U; Windows NT 5.1; en-US) AppleWebKit/525.19 (KHTML, like Gecko) Chrome/1.0.154.53 Safari/525.19"
61.12.9.5 - - [08/Apr/2009:05:47:45 -0400] "GET /Asterisk/SeUpAsteriskAtHome_files/image024.jpg HTTP/1.0" 200 31330 "http://www.chayden.net/Asterisk/SeUpAsteriskAtHome.htm" "Mozilla/5.0 (Windows; U; Windows NT 5.1; en-US) AppleWebKit/525.19 (KHTML, like Gecko) Chrome/1.0.154.53 Safari/525.19"
61.12.9.5 - - [08/Apr/2009:05:47:45 -0400] "GET /Asterisk/SeUpAsteriskAtHome_files/image020.gif HTTP/1.0" 200 49946 "http://www.chayden.net/Asterisk/SeUpAsteriskAtHome.htm" "Mozilla/5.0 (Windows; U; Windows NT 5.1; en-US) AppleWebKit/525.19 (KHTML, like Gecko) Chrome/1.0.154.53 Safari/525.19"
61.12.9.5 - - [08/Apr/2009:05:47:45 -0400] "GET /Asterisk/SeUpAsteriskAtHome_files/image026.jpg HTTP/1.0" 200 37910 "http://www.chayden.net/Asterisk/SeUpAsteriskAtHome.htm" "Mozilla/5.0 (Windows; U; Windows NT 5.1; en-US) AppleWebKit/525.19 (KHTML, like Gecko) Chrome/1.0.154.53 Safari/525.19"
61.12.9.5 - - [08/Apr/2009:05:47:47 -0400] "GET /Asterisk/SeUpAsteriskAtHome_files/image035.jpg HTTP/1.0" 200 2759 "http://www.chayden.net/Asterisk/SeUpAsteriskAtHome.htm" "Mozilla/5.0 (Windows; U; Windows NT 5.1; en-US) AppleWebKit/525.19 (KHTML, like Gecko) Chrome/1.0.154.53 Safari/525.19"
61.12.9.5 - - [08/Apr/2009:05:47:48 -0400] "GET /Asterisk/SeUpAsteriskAtHome_files/image039.jpg HTTP/1.0" 200 1921 "http://www.chayden.net/Asterisk/SeUpAsteriskAtHome.htm" "Mozilla/5.0 (Windows; U; Windows NT 5.1; en-US) AppleWebKit/525.19 (KHTML, like Gecko) Chrome/1.0.154.53 Safari/525.19"
61.12.9.5 - - [08/Apr/2009:05:47:47 -0400] "GET /Asterisk/SeUpAsteriskAtHome_files/image031.jpg HTTP/1.0" 200 30259 "http://www.chayden.net/Asterisk/SeUpAsteriskAtHome.htm" "Mozilla/5.0 (Windows; U; Windows NT 5.1; en-US) AppleWebKit/525.19 (KHTML, like Gecko) Chrome/1.0.154.53 Safari/525.19"
61.12.9.5 - - [08/Apr/2009:05:47:47 -0400] "GET /Asterisk/SeUpAsteriskAtHome_files/image033.jpg HTTP/1.0" 200 30788 "http://www.chayden.net/Asterisk/SeUpAsteriskAtHome.htm" "Mozilla/5.0 (Windows; U; Windows NT 5.1; en-US) AppleWebKit/525.19 (KHTML, like Gecko) Chrome/1.0.154.53 Safari/525.19"
61.12.9.5 - - [08/Apr/2009:05:47:47 -0400] "GET /Asterisk/SeUpAsteriskAtHome_files/image037.jpg HTTP/1.0" 200 42221 "http://www.chayden.net/Asterisk/SeUpAsteriskAtHome.htm" "Mozilla/5.0 (Windows; U; Windows NT 5.1; en-US) AppleWebKit/525.19 (KHTML, like Gecko) Chrome/1.0.154.53 Safari/525.19"
61.12.9.5 - - [08/Apr/2009:05:47:47 -0400] "GET /Asterisk/SeUpAsteriskAtHome_files/image029.jpg HTTP/1.0" 200 43404 "http://www.chayden.net/Asterisk/SeUpAsteriskAtHome.htm" "Mozilla/5.0 (Windows; U; Windows NT 5.1; en-US) AppleWebKit/525.19 (KHTML, like Gecko) Chrome/1.0.154.53 Safari/525.19"
61.12.9.5 - - [08/Apr/2009:05:47:49 -0400] "GET /Asterisk/SeUpAsteriskAtHome_files/image044.jpg HTTP/1.0" 200 6079 "http://www.chayden.net/Asterisk/SeUpAsteriskAtHome.htm" "Mozilla/5.0 (Windows; U; Windows NT 5.1; en-US) AppleWebKit/525.19 (KHTML, like Gecko) Chrome/1.0.154.53 Safari/525.19"
61.12.9.5 - - [08/Apr/2009:05:47:48 -0400] "GET /Asterisk/SeUpAsteriskAtHome_files/image041.jpg HTTP/1.0" 200 26765 "http://www.chayden.net/Asterisk/SeUpAsteriskAtHome.htm" "Mozilla/5.0 (Windows; U; Windows NT 5.1; en-US) AppleWebKit/525.19 (KHTML, like Gecko) Chrome/1.0.154.53 Safari/525.19"
61.12.9.5 - - [08/Apr/2009:05:47:49 -0400] "GET /Asterisk/SeUpAsteriskAtHome_files/image043.jpg HTTP/1.0" 200 22658 "http://www.chayden.net/Asterisk/SeUpAsteriskAtHome.htm" "Mozilla/5.0 (Windows; U; Windows NT 5.1; en-US) AppleWebKit/525.19 (KHTML, like Gecko) Chrome/1.0.154.53 Safari/525.19"
61.12.9.5 - - [08/Apr/2009:05:47:49 -0400] "GET /Asterisk/SeUpAsteriskAtHome_files/image046.jpg HTTP/1.0" 200 35168 "http://www.chayden.net/Asterisk/SeUpAsteriskAtHome.htm" "Mozilla/5.0 (Windows; U; Windows NT 5.1; en-US) AppleWebKit/525.19 (KHTML, like Gecko) Chrome/1.0.154.53 Safari/525.19"
61.12.9.5 - - [08/Apr/2009:05:47:51 -0400] "GET /favicon.ico HTTP/1.0" 404 292 "-" "Mozilla/5.0 (Windows; U; Windows NT 5.1; en-US) AppleWebKit/525.19 (KHTML, like Gecko) Chrome/1.0.154.53 Safari/525.19"
24.49.225.124 - - [08/Apr/2009:05:47:51 -0400] "GET /Runs/Adidas/changing.jpg HTTP/1.1" 200 171244 "http://www.chayden.net/Runs/Adidas/index.htm" "Mozilla/4.0 (compatible; MSIE 6.0; Windows NT 5.1; SV1; .NET CLR 2.0.50727)"
77.120.56.18 - - [08/Apr/2009:05:49:29 -0400] "GET /Asterisk/favicon.ico HTTP/1.1" 404 301 "-" "Mozilla/4.0 (compatible; GoogleToolbar 5.0.2124.6042; Windows 6.0; MSIE 7.0.6001.18000)"
77.120.56.18 - - [08/Apr/2009:05:49:30 -0400] "GET /Asterisk/favicon.gif HTTP/1.1" 404 301 "-" "Mozilla/4.0 (compatible; GoogleToolbar 5.0.2124.6042; Windows 6.0; MSIE 7.0.6001.18000)"
193.252.149.15 - - [08/Apr/2009:05:49:46 -0400] "GET /HikingMisc/Hikes.html HTTP/1.1" 200 11862 "-" "Mozilla/5.0 (Windows; U; Windows NT 5.1; fr; rv:1.8.1) VoilaBot BETA 1.2 (support.voilabot@orange-ftgroup.com)"
74.6.22.155 - - [08/Apr/2009:05:50:51 -0400] "GET /HikingMisc/ HTTP/1.0" 200 1048 "-" "Mozilla/5.0 (compatible; Yahoo! Slurp/3.0; http://help.yahoo.com/help/us/ysearch/slurp)"
66.249.71.172 - - [08/Apr/2009:05:50:59 -0400] "GET /Runs/Holmdel/?C=D;O=D HTTP/1.1" 200 6654 "-" "Mozilla/5.0 (compatible; Googlebot/2.1; +http://www.google.com/bot.html)"
72.193.170.175 - - [08/Apr/2009:05:53:24 -0400] "HEAD /favicon.ico HTTP/1.1" 404 - "-" "Mozilla/5.0 (Windows; U; Windows NT 5.1; en-US; rv:1.9.0.8) Gecko/2009032609 Firefox/3.0.8"
38.99.13.124 - - [08/Apr/2009:05:53:44 -0400] "GET /robots.txt HTTP/1.0" 404 287 "-" "Mozilla/5.0 (Twiceler-0.9 http://www.cuil.com/twiceler/robot.html)"
98.21.197.128 - - [08/Apr/2009:05:58:32 -0400] "GET /chayden/favicon.ico HTTP/1.1" 404 296 "-" "Mozilla/4.0 (compatible; GoogleToolbar 5.0.2124.4372; Windows 6.0; MSIE 7.0.6001.18000)"
98.21.197.128 - - [08/Apr/2009:05:58:32 -0400] "GET /chayden/favicon.gif HTTP/1.1" 404 296 "-" "Mozilla/4.0 (compatible; GoogleToolbar 5.0.2124.4372; Windows 6.0; MSIE 7.0.6001.18000)"
122.164.79.176 - - [08/Apr/2009:05:59:31 -0400] "GET /Runs/Adidas/tree.jpg HTTP/1.1" 200 976780 "http://www.worldofcherie.blogspot.com/" "Mozilla/4.0 (compatible; MSIE 6.0; Windows NT 5.1; SV1; Mozilla/4.0 (compatible; MSIE 6.0; Windows NT 5.1; SV1) ; .NET CLR 2.0.50727; MAXTHON 2.0)"
72.193.170.175 - - [08/Apr/2009:06:03:23 -0400] "HEAD /favicon.ico HTTP/1.1" 404 - "-" "Mozilla/5.0 (Windows; U; Windows NT 5.1; en-US; rv:1.9.0.8) Gecko/2009032609 Firefox/3.0.8"
88.131.106.9 - - [08/Apr/2009:06:04:18 -0400] "GET /robots.txt HTTP/1.0" 404 287 "-" "Speedy Spider (http://www.entireweb.com/about/search_tech/speedy_spider/)"
88.131.106.9 - - [08/Apr/2009:06:04:20 -0400] "GET /Work/Work.html HTTP/1.0" 200 4260 "-" "Speedy Spider (http://www.entireweb.com/about/search_tech/speedy_spider/)"
84.75.101.118 - - [08/Apr/2009:06:05:08 -0400] "GET /Asterisk/favicon.ico HTTP/1.1" 404 301 "-" "Mozilla/4.0 (compatible; GoogleToolbar 5.0.2124.6042; Windows XP 5.1; MSIE 7.0.5730.13)"
84.75.101.118 - - [08/Apr/2009:06:05:08 -0400] "GET /Asterisk/favicon.gif HTTP/1.1" 404 301 "-" "Mozilla/4.0 (compatible; GoogleToolbar 5.0.2124.6042; Windows XP 5.1; MSIE 7.0.5730.13)"
66.249.71.172 - - [08/Apr/2009:06:09:34 -0400] "GET /Runs/Holmdel/?C=M;O=D HTTP/1.1" 200 6654 "-" "Mozilla/5.0 (compatible; Googlebot/2.1; +http://www.google.com/bot.html)"
72.193.170.175 - - [08/Apr/2009:06:13:24 -0400] "HEAD /favicon.ico HTTP/1.1" 404 - "-" "Mozilla/5.0 (Windows; U; Windows NT 5.1; en-US; rv:1.9.0.8) Gecko/2009032609 Firefox/3.0.8"
71.97.27.195 - - [08/Apr/2009:06:13:30 -0400] "GET /Asterisk/SeUpAsteriskAtHome_files/image001.gif HTTP/1.1" 304 - "http://www.chayden.net/Asterisk/SeUpAsteriskAtHome.htm" "Mozilla/4.0 (compatible; MSIE 7.0; Windows NT 6.0; SLCC1; .NET CLR 2.0.50727; Media Center PC 5.0; InfoPath.2; .NET CLR 3.5.30729; .NET CLR 3.0.30618)"
71.97.27.195 - - [08/Apr/2009:06:13:30 -0400] "GET /Asterisk/SeUpAsteriskAtHome_files/image003.jpg HTTP/1.1" 304 - "http://www.chayden.net/Asterisk/SeUpAsteriskAtHome.htm" "Mozilla/4.0 (compatible; MSIE 7.0; Windows NT 6.0; SLCC1; .NET CLR 2.0.50727; Media Center PC 5.0; InfoPath.2; .NET CLR 3.5.30729; .NET CLR 3.0.30618)"
71.97.27.195 - - [08/Apr/2009:06:13:30 -0400] "GET /Asterisk/SeUpAsteriskAtHome_files/image001.gif HTTP/1.1" 304 - "-" "Mozilla/4.0 (compatible; MSIE 7.0; Windows NT 6.0; SLCC1; .NET CLR 2.0.50727; Media Center PC 5.0; InfoPath.2; .NET CLR 3.5.30729; .NET CLR 3.0.30618)"
71.97.27.195 - - [08/Apr/2009:06:13:29 -0400] "GET /Asterisk/SeUpAsteriskAtHome.htm HTTP/1.1" 200 178181 "http://www.google.com/search?hl=en&q=setting+up+asterisk+" "Mozilla/4.0 (compatible; MSIE 7.0; Windows NT 6.0; SLCC1; .NET CLR 2.0.50727; Media Center PC 5.0; InfoPath.2; .NET CLR 3.5.30729; .NET CLR 3.0.30618)"
71.97.27.195 - - [08/Apr/2009:06:13:30 -0400] "GET /Asterisk/SeUpAsteriskAtHome_files/image004.gif HTTP/1.1" 304 - "http://www.chayden.net/Asterisk/SeUpAsteriskAtHome.htm" "Mozilla/4.0 (compatible; MSIE 7.0; Windows NT 6.0; SLCC1; .NET CLR 2.0.50727; Media Center PC 5.0; InfoPath.2; .NET CLR 3.5.30729; .NET CLR 3.0.30618)"
71.97.27.195 - - [08/Apr/2009:06:13:30 -0400] "GET /Asterisk/SeUpAsteriskAtHome_files/image005.gif HTTP/1.1" 304 - "http://www.chayden.net/Asterisk/SeUpAsteriskAtHome.htm" "Mozilla/4.0 (compatible; MSIE 7.0; Windows NT 6.0; SLCC1; .NET CLR 2.0.50727; Media Center PC 5.0; InfoPath.2; .NET CLR 3.5.30729; .NET CLR 3.0.30618)"
71.97.27.195 - - [08/Apr/2009:06:13:30 -0400] "GET /Asterisk/SeUpAsteriskAtHome_files/image006.gif HTTP/1.1" 304 - "http://www.chayden.net/Asterisk/SeUpAsteriskAtHome.htm" "Mozilla/4.0 (compatible; MSIE 7.0; Windows NT 6.0; SLCC1; .NET CLR 2.0.50727; Media Center PC 5.0; InfoPath.2; .NET CLR 3.5.30729; .NET CLR 3.0.30618)"
71.97.27.195 - - [08/Apr/2009:06:13:31 -0400] "GET /Asterisk/SeUpAsteriskAtHome_files/image007.gif HTTP/1.1" 304 - "http://www.chayden.net/Asterisk/SeUpAsteriskAtHome.htm" "Mozilla/4.0 (compatible; MSIE 7.0; Windows NT 6.0; SLCC1; .NET CLR 2.0.50727; Media Center PC 5.0; InfoPath.2; .NET CLR 3.5.30729; .NET CLR 3.0.30618)"
71.97.27.195 - - [08/Apr/2009:06:13:31 -0400] "GET /Asterisk/SeUpAsteriskAtHome_files/image009.jpg HTTP/1.1" 200 14238 "http://www.chayden.net/Asterisk/SeUpAsteriskAtHome.htm" "Mozilla/4.0 (compatible; MSIE 7.0; Windows NT 6.0; SLCC1; .NET CLR 2.0.50727; Media Center PC 5.0; InfoPath.2; .NET CLR 3.5.30729; .NET CLR 3.0.30618)"
71.97.27.195 - - [08/Apr/2009:06:13:31 -0400] "GET /Asterisk/SeUpAsteriskAtHome_files/image011.jpg HTTP/1.1" 200 13078 "http://www.chayden.net/Asterisk/SeUpAsteriskAtHome.htm" "Mozilla/4.0 (compatible; MSIE 7.0; Windows NT 6.0; SLCC1; .NET CLR 2.0.50727; Media Center PC 5.0; InfoPath.2; .NET CLR 3.5.30729; .NET CLR 3.0.30618)"
71.97.27.195 - - [08/Apr/2009:06:13:31 -0400] "GET /Asterisk/SeUpAsteriskAtHome_files/image002.png HTTP/1.1" 200 8522 "-" "Mozilla/4.0 (compatible; MSIE 7.0; Windows NT 6.0; SLCC1; .NET CLR 2.0.50727; Media Center PC 5.0; InfoPath.2; .NET CLR 3.5.30729; .NET CLR 3.0.30618)"
71.97.27.195 - - [08/Apr/2009:06:13:31 -0400] "GET /Asterisk/SeUpAsteriskAtHome_files/image004.gif HTTP/1.1" 304 - "-" "Mozilla/4.0 (compatible; MSIE 7.0; Windows NT 6.0; SLCC1; .NET CLR 2.0.50727; Media Center PC 5.0; InfoPath.2; .NET CLR 3.5.30729; .NET CLR 3.0.30618)"
71.97.27.195 - - [08/Apr/2009:06:13:31 -0400] "GET /Asterisk/SeUpAsteriskAtHome_files/image005.gif HTTP/1.1" 304 - "-" "Mozilla/4.0 (compatible; MSIE 7.0; Windows NT 6.0; SLCC1; .NET CLR 2.0.50727; Media Center PC 5.0; InfoPath.2; .NET CLR 3.5.30729; .NET CLR 3.0.30618)"
71.97.27.195 - - [08/Apr/2009:06:13:31 -0400] "GET /Asterisk/SeUpAsteriskAtHome_files/image006.gif HTTP/1.1" 304 - "-" "Mozilla/4.0 (compatible; MSIE 7.0; Windows NT 6.0; SLCC1; .NET CLR 2.0.50727; Media Center PC 5.0; InfoPath.2; .NET CLR 3.5.30729; .NET CLR 3.0.30618)"
71.97.27.195 - - [08/Apr/2009:06:13:31 -0400] "GET /Asterisk/SeUpAsteriskAtHome_files/image007.gif HTTP/1.1" 304 - "-" "Mozilla/4.0 (compatible; MSIE 7.0; Windows NT 6.0; SLCC1; .NET CLR 2.0.50727; Media Center PC 5.0; InfoPath.2; .NET CLR 3.5.30729; .NET CLR 3.0.30618)"
71.97.27.195 - - [08/Apr/2009:06:13:31 -0400] "GET /Asterisk/SeUpAsteriskAtHome_files/image008.png HTTP/1.1" 200 9707 "-" "Mozilla/4.0 (compatible; MSIE 7.0; Windows NT 6.0; SLCC1; .NET CLR 2.0.50727; Media Center PC 5.0; InfoPath.2; .NET CLR 3.5.30729; .NET CLR 3.0.30618)"
71.97.27.195 - - [08/Apr/2009:06:13:31 -0400] "GET /Asterisk/SeUpAsteriskAtHome_files/image010.png HTTP/1.1" 200 8528 "-" "Mozilla/4.0 (compatible; MSIE 7.0; Windows NT 6.0; SLCC1; .NET CLR 2.0.50727; Media Center PC 5.0; InfoPath.2; .NET CLR 3.5.30729; .NET CLR 3.0.30618)"
71.97.27.195 - - [08/Apr/2009:06:13:32 -0400] "GET /Asterisk/SeUpAsteriskAtHome_files/image012.png HTTP/1.1" 200 13317 "-" "Mozilla/4.0 (compatible; MSIE 7.0; Windows NT 6.0; SLCC1; .NET CLR 2.0.50727; Media Center PC 5.0; InfoPath.2; .NET CLR 3.5.30729; .NET CLR 3.0.30618)"
71.97.27.195 - - [08/Apr/2009:06:13:32 -0400] "GET /Asterisk/SeUpAsteriskAtHome_files/image014.png HTTP/1.1" 200 29314 "-" "Mozilla/4.0 (compatible; MSIE 7.0; Windows NT 6.0; SLCC1; .NET CLR 2.0.50727; Media Center PC 5.0; InfoPath.2; .NET CLR 3.5.30729; .NET CLR 3.0.30618)"
71.97.27.195 - - [08/Apr/2009:06:13:32 -0400] "GET /Asterisk/SeUpAsteriskAtHome_files/image016.png HTTP/1.1" 200 25414 "-" "Mozilla/4.0 (compatible; MSIE 7.0; Windows NT 6.0; SLCC1; .NET CLR 2.0.50727; Media Center PC 5.0; InfoPath.2; .NET CLR 3.5.30729; .NET CLR 3.0.30618)"
71.97.27.195 - - [08/Apr/2009:06:13:32 -0400] "GET /Asterisk/SeUpAsteriskAtHome_files/image018.png HTTP/1.1" 200 19123 "-" "Mozilla/4.0 (compatible; MSIE 7.0; Windows NT 6.0; SLCC1; .NET CLR 2.0.50727; Media Center PC 5.0; InfoPath.2; .NET CLR 3.5.30729; .NET CLR 3.0.30618)"
71.97.27.195 - - [08/Apr/2009:06:13:32 -0400] "GET /Asterisk/SeUpAsteriskAtHome_files/image020.gif HTTP/1.1" 304 - "-" "Mozilla/4.0 (compatible; MSIE 7.0; Windows NT 6.0; SLCC1; .NET CLR 2.0.50727; Media Center PC 5.0; InfoPath.2; .NET CLR 3.5.30729; .NET CLR 3.0.30618)"
71.97.27.195 - - [08/Apr/2009:06:13:32 -0400] "GET /Asterisk/SeUpAsteriskAtHome_files/image021.png HTTP/1.1" 200 18492 "-" "Mozilla/4.0 (compatible; MSIE 7.0; Windows NT 6.0; SLCC1; .NET CLR 2.0.50727; Media Center PC 5.0; InfoPath.2; .NET CLR 3.5.30729; .NET CLR 3.0.30618)"
71.97.27.195 - - [08/Apr/2009:06:13:33 -0400] "GET /Asterisk/SeUpAsteriskAtHome_files/image023.png HTTP/1.1" 200 17704 "-" "Mozilla/4.0 (compatible; MSIE 7.0; Windows NT 6.0; SLCC1; .NET CLR 2.0.50727; Media Center PC 5.0; InfoPath.2; .NET CLR 3.5.30729; .NET CLR 3.0.30618)"
71.97.27.195 - - [08/Apr/2009:06:13:33 -0400] "GET /Asterisk/SeUpAsteriskAtHome_files/image027.jpg HTTP/1.1" 304 - "-" "Mozilla/4.0 (compatible; MSIE 7.0; Windows NT 6.0; SLCC1; .NET CLR 2.0.50727; Media Center PC 5.0; InfoPath.2; .NET CLR 3.5.30729; .NET CLR 3.0.30618)"
71.97.27.195 - - [08/Apr/2009:06:13:33 -0400] "GET /Asterisk/SeUpAsteriskAtHome_files/image025.png HTTP/1.1" 200 19921 "-" "Mozilla/4.0 (compatible; MSIE 7.0; Windows NT 6.0; SLCC1; .NET CLR 2.0.50727; Media Center PC 5.0; InfoPath.2; .NET CLR 3.5.30729; .NET CLR 3.0.30618)"
71.97.27.195 - - [08/Apr/2009:06:13:33 -0400] "GET /Asterisk/SeUpAsteriskAtHome_files/image030.jpg HTTP/1.1" 200 77949 "-" "Mozilla/4.0 (compatible; MSIE 7.0; Windows NT 6.0; SLCC1; .NET CLR 2.0.50727; Media Center PC 5.0; InfoPath.2; .NET CLR 3.5.30729; .NET CLR 3.0.30618)"
71.97.27.195 - - [08/Apr/2009:06:13:33 -0400] "GET /Asterisk/SeUpAsteriskAtHome_files/image028.jpg HTTP/1.1" 200 139428 "-" "Mozilla/4.0 (compatible; MSIE 7.0; Windows NT 6.0; SLCC1; .NET CLR 2.0.50727; Media Center PC 5.0; InfoPath.2; .NET CLR 3.5.30729; .NET CLR 3.0.30618)"
71.97.27.195 - - [08/Apr/2009:06:13:34 -0400] "GET /Asterisk/SeUpAsteriskAtHome_files/image034.jpg HTTP/1.1" 200 5270 "-" "Mozilla/4.0 (compatible; MSIE 7.0; Windows NT 6.0; SLCC1; .NET CLR 2.0.50727; Media Center PC 5.0; InfoPath.2; .NET CLR 3.5.30729; .NET CLR 3.0.30618)"
71.97.27.195 - - [08/Apr/2009:06:13:34 -0400] "GET /Asterisk/SeUpAsteriskAtHome_files/image032.jpg HTTP/1.1" 200 81539 "-" "Mozilla/4.0 (compatible; MSIE 7.0; Windows NT 6.0; SLCC1; .NET CLR 2.0.50727; Media Center PC 5.0; InfoPath.2; .NET CLR 3.5.30729; .NET CLR 3.0.30618)"
71.97.27.195 - - [08/Apr/2009:06:13:34 -0400] "GET /Asterisk/SeUpAsteriskAtHome_files/image036.png HTTP/1.1" 200 24757 "-" "Mozilla/4.0 (compatible; MSIE 7.0; Windows NT 6.0; SLCC1; .NET CLR 2.0.50727; Media Center PC 5.0; InfoPath.2; .NET CLR 3.5.30729; .NET CLR 3.0.30618)"
71.97.27.195 - - [08/Apr/2009:06:13:35 -0400] "GET /Asterisk/SeUpAsteriskAtHome_files/image038.jpg HTTP/1.1" 200 7171 "-" "Mozilla/4.0 (compatible; MSIE 7.0; Windows NT 6.0; SLCC1; .NET CLR 2.0.50727; Media Center PC 5.0; InfoPath.2; .NET CLR 3.5.30729; .NET CLR 3.0.30618)"
71.97.27.195 - - [08/Apr/2009:06:13:35 -0400] "GET /Asterisk/SeUpAsteriskAtHome_files/image040.jpg HTTP/1.1" 200 75744 "-" "Mozilla/4.0 (compatible; MSIE 7.0; Windows NT 6.0; SLCC1; .NET CLR 2.0.50727; Media Center PC 5.0; InfoPath.2; .NET CLR 3.5.30729; .NET CLR 3.0.30618)"
71.97.27.195 - - [08/Apr/2009:06:13:35 -0400] "GET /Asterisk/SeUpAsteriskAtHome_files/image042.jpg HTTP/1.1" 200 62576 "-" "Mozilla/4.0 (compatible; MSIE 7.0; Windows NT 6.0; SLCC1; .NET CLR 2.0.50727; Media Center PC 5.0; InfoPath.2; .NET CLR 3.5.30729; .NET CLR 3.0.30618)"
71.97.27.195 - - [08/Apr/2009:06:13:35 -0400] "GET /Asterisk/SeUpAsteriskAtHome_files/image044.jpg HTTP/1.1" 304 - "-" "Mozilla/4.0 (compatible; MSIE 7.0; Windows NT 6.0; SLCC1; .NET CLR 2.0.50727; Media Center PC 5.0; InfoPath.2; .NET CLR 3.5.30729; .NET CLR 3.0.30618)"
71.97.27.195 - - [08/Apr/2009:06:13:35 -0400] "GET /Asterisk/SeUpAsteriskAtHome_files/image045.png HTTP/1.1" 200 24347 "-" "Mozilla/4.0 (compatible; MSIE 7.0; Windows NT 6.0; SLCC1; .NET CLR 2.0.50727; Media Center PC 5.0; InfoPath.2; .NET CLR 3.5.30729; .NET CLR 3.0.30618)"
71.97.27.195 - - [08/Apr/2009:06:13:36 -0400] "GET /Asterisk/SeUpAsteriskAtHome_files/image013.jpg HTTP/1.1" 200 21296 "http://www.chayden.net/Asterisk/SeUpAsteriskAtHome.htm" "Mozilla/4.0 (compatible; MSIE 7.0; Windows NT 6.0; SLCC1; .NET CLR 2.0.50727; Media Center PC 5.0; InfoPath.2; .NET CLR 3.5.30729; .NET CLR 3.0.30618)"
71.97.27.195 - - [08/Apr/2009:06:13:36 -0400] "GET /Asterisk/SeUpAsteriskAtHome_files/image017.jpg HTTP/1.1" 200 30515 "http://www.chayden.net/Asterisk/SeUpAsteriskAtHome.htm" "Mozilla/4.0 (compatible; MSIE 7.0; Windows NT 6.0; SLCC1; .NET CLR 2.0.50727; Media Center PC 5.0; InfoPath.2; .NET CLR 3.5.30729; .NET CLR 3.0.30618)"
71.97.27.195 - - [08/Apr/2009:06:13:36 -0400] "GET /Asterisk/SeUpAsteriskAtHome_files/image015.jpg HTTP/1.1" 200 47335 "http://www.chayden.net/Asterisk/SeUpAsteriskAtHome.htm" "Mozilla/4.0 (compatible; MSIE 7.0; Windows NT 6.0; SLCC1; .NET CLR 2.0.50727; Media Center PC 5.0; InfoPath.2; .NET CLR 3.5.30729; .NET CLR 3.0.30618)"
71.97.27.195 - - [08/Apr/2009:06:13:36 -0400] "GET /Asterisk/SeUpAsteriskAtHome_files/image020.gif HTTP/1.1" 304 - "http://www.chayden.net/Asterisk/SeUpAsteriskAtHome.htm" "Mozilla/4.0 (compatible; MSIE 7.0; Windows NT 6.0; SLCC1; .NET CLR 2.0.50727; Media Center PC 5.0; InfoPath.2; .NET CLR 3.5.30729; .NET CLR 3.0.30618)"
71.97.27.195 - - [08/Apr/2009:06:13:36 -0400] "GET /Asterisk/SeUpAsteriskAtHome_files/image019.jpg HTTP/1.1" 200 39902 "http://www.chayden.net/Asterisk/SeUpAsteriskAtHome.htm" "Mozilla/4.0 (compatible; MSIE 7.0; Windows NT 6.0; SLCC1; .NET CLR 2.0.50727; Media Center PC 5.0; InfoPath.2; .NET CLR 3.5.30729; .NET CLR 3.0.30618)"
71.97.27.195 - - [08/Apr/2009:06:13:36 -0400] "GET /Asterisk/SeUpAsteriskAtHome_files/image022.jpg HTTP/1.1" 200 34633 "http://www.chayden.net/Asterisk/SeUpAsteriskAtHome.htm" "Mozilla/4.0 (compatible; MSIE 7.0; Windows NT 6.0; SLCC1; .NET CLR 2.0.50727; Media Center PC 5.0; InfoPath.2; .NET CLR 3.5.30729; .NET CLR 3.0.30618)"
71.97.27.195 - - [08/Apr/2009:06:13:37 -0400] "GET /Asterisk/SeUpAsteriskAtHome_files/image024.jpg HTTP/1.1" 200 31330 "http://www.chayden.net/Asterisk/SeUpAsteriskAtHome.htm" "Mozilla/4.0 (compatible; MSIE 7.0; Windows NT 6.0; SLCC1; .NET CLR 2.0.50727; Media Center PC 5.0; InfoPath.2; .NET CLR 3.5.30729; .NET CLR 3.0.30618)"
71.97.27.195 - - [08/Apr/2009:06:13:37 -0400] "GET /Asterisk/SeUpAsteriskAtHome_files/image026.jpg HTTP/1.1" 200 37910 "http://www.chayden.net/Asterisk/SeUpAsteriskAtHome.htm" "Mozilla/4.0 (compatible; MSIE 7.0; Windows NT 6.0; SLCC1; .NET CLR 2.0.50727; Media Center PC 5.0; InfoPath.2; .NET CLR 3.5.30729; .NET CLR 3.0.30618)"
71.97.27.195 - - [08/Apr/2009:06:13:37 -0400] "GET /Asterisk/SeUpAsteriskAtHome_files/image027.jpg HTTP/1.1" 304 - "http://www.chayden.net/Asterisk/SeUpAsteriskAtHome.htm" "Mozilla/4.0 (compatible; MSIE 7.0; Windows NT 6.0; SLCC1; .NET CLR 2.0.50727; Media Center PC 5.0; InfoPath.2; .NET CLR 3.5.30729; .NET CLR 3.0.30618)"
71.97.27.195 - - [08/Apr/2009:06:13:37 -0400] "GET /Asterisk/SeUpAsteriskAtHome_files/image029.jpg HTTP/1.1" 200 43404 "http://www.chayden.net/Asterisk/SeUpAsteriskAtHome.htm" "Mozilla/4.0 (compatible; MSIE 7.0; Windows NT 6.0; SLCC1; .NET CLR 2.0.50727; Media Center PC 5.0; InfoPath.2; .NET CLR 3.5.30729; .NET CLR 3.0.30618)"
71.97.27.195 - - [08/Apr/2009:06:13:37 -0400] "GET /Asterisk/SeUpAsteriskAtHome_files/image031.jpg HTTP/1.1" 200 30259 "http://www.chayden.net/Asterisk/SeUpAsteriskAtHome.htm" "Mozilla/4.0 (compatible; MSIE 7.0; Windows NT 6.0; SLCC1; .NET CLR 2.0.50727; Media Center PC 5.0; InfoPath.2; .NET CLR 3.5.30729; .NET CLR 3.0.30618)"
71.97.27.195 - - [08/Apr/2009:06:13:38 -0400] "GET /Asterisk/SeUpAsteriskAtHome_files/image035.jpg HTTP/1.1" 304 - "http://www.chayden.net/Asterisk/SeUpAsteriskAtHome.htm" "Mozilla/4.0 (compatible; MSIE 7.0; Windows NT 6.0; SLCC1; .NET CLR 2.0.50727; Media Center PC 5.0; InfoPath.2; .NET CLR 3.5.30729; .NET CLR 3.0.30618)"
71.97.27.195 - - [08/Apr/2009:06:13:38 -0400] "GET /Asterisk/SeUpAsteriskAtHome_files/image033.jpg HTTP/1.1" 200 30788 "http://www.chayden.net/Asterisk/SeUpAsteriskAtHome.htm" "Mozilla/4.0 (compatible; MSIE 7.0; Windows NT 6.0; SLCC1; .NET CLR 2.0.50727; Media Center PC 5.0; InfoPath.2; .NET CLR 3.5.30729; .NET CLR 3.0.30618)"
71.97.27.195 - - [08/Apr/2009:06:13:38 -0400] "GET /Asterisk/SeUpAsteriskAtHome_files/image039.jpg HTTP/1.1" 304 - "http://www.chayden.net/Asterisk/SeUpAsteriskAtHome.htm" "Mozilla/4.0 (compatible; MSIE 7.0; Windows NT 6.0; SLCC1; .NET CLR 2.0.50727; Media Center PC 5.0; InfoPath.2; .NET CLR 3.5.30729; .NET CLR 3.0.30618)"
71.97.27.195 - - [08/Apr/2009:06:13:38 -0400] "GET /Asterisk/SeUpAsteriskAtHome_files/image037.jpg HTTP/1.1" 200 42221 "http://www.chayden.net/Asterisk/SeUpAsteriskAtHome.htm" "Mozilla/4.0 (compatible; MSIE 7.0; Windows NT 6.0; SLCC1; .NET CLR 2.0.50727; Media Center PC 5.0; InfoPath.2; .NET CLR 3.5.30729; .NET CLR 3.0.30618)"
71.97.27.195 - - [08/Apr/2009:06:13:38 -0400] "GET /Asterisk/SeUpAsteriskAtHome_files/image041.jpg HTTP/1.1" 200 26765 "http://www.chayden.net/Asterisk/SeUpAsteriskAtHome.htm" "Mozilla/4.0 (compatible; MSIE 7.0; Windows NT 6.0; SLCC1; .NET CLR 2.0.50727; Media Center PC 5.0; InfoPath.2; .NET CLR 3.5.30729; .NET CLR 3.0.30618)"
71.97.27.195 - - [08/Apr/2009:06:13:39 -0400] "GET /Asterisk/SeUpAsteriskAtHome_files/image043.jpg HTTP/1.1" 200 22658 "http://www.chayden.net/Asterisk/SeUpAsteriskAtHome.htm" "Mozilla/4.0 (compatible; MSIE 7.0; Windows NT 6.0; SLCC1; .NET CLR 2.0.50727; Media Center PC 5.0; InfoPath.2; .NET CLR 3.5.30729; .NET CLR 3.0.30618)"
71.97.27.195 - - [08/Apr/2009:06:13:39 -0400] "GET /Asterisk/SeUpAsteriskAtHome_files/image044.jpg HTTP/1.1" 304 - "http://www.chayden.net/Asterisk/SeUpAsteriskAtHome.htm" "Mozilla/4.0 (compatible; MSIE 7.0; Windows NT 6.0; SLCC1; .NET CLR 2.0.50727; Media Center PC 5.0; InfoPath.2; .NET CLR 3.5.30729; .NET CLR 3.0.30618)"
71.97.27.195 - - [08/Apr/2009:06:13:39 -0400] "GET /Asterisk/SeUpAsteriskAtHome_files/image046.jpg HTTP/1.1" 200 35168 "http://www.chayden.net/Asterisk/SeUpAsteriskAtHome.htm" "Mozilla/4.0 (compatible; MSIE 7.0; Windows NT 6.0; SLCC1; .NET CLR 2.0.50727; Media Center PC 5.0; InfoPath.2; .NET CLR 3.5.30729; .NET CLR 3.0.30618)"
71.97.27.195 - - [08/Apr/2009:06:13:39 -0400] "GET /favicon.ico HTTP/1.1" 404 292 "-" "Mozilla/4.0 (compatible; MSIE 7.0; Windows NT 6.0; SLCC1; .NET CLR 2.0.50727; Media Center PC 5.0; InfoPath.2; .NET CLR 3.5.30729; .NET CLR 3.0.30618)"
220.181.32.77 - - [08/Apr/2009:06:14:13 -0400] "GET /robots.txt HTTP/1.1" 404 291 "-" "Baiduspider+(+http://www.baidu.com/search/spider.htm)"
208.111.154.16 - - [08/Apr/2009:06:14:48 -0400] "GET /robots.txt HTTP/1.1" 404 287 "-" "Mozilla/5.0 (compatible; Charlotte/1.1; http://www.searchme.com/support/)"
208.111.154.16 - - [08/Apr/2009:06:14:48 -0400] "GET /Index.shtml HTTP/1.1" 200 16619 "-" "Mozilla/5.0 (compatible; Charlotte/1.1; http://www.searchme.com/support/)"
192.240.46.101 - - [08/Apr/2009:06:14:55 -0400] "GET /Catskills/Notes/AircraftCrashes.html HTTP/1.1" 200 25661 "http://www.google.com/search?hl=en&q=PIPER+PA-23+CRASH+VERMONT" "Mozilla/4.0 (compatible; MSIE 6.0; Windows NT 5.1; SV1; FAHC; .NET CLR 1.1.4322; .NET CLR 2.0.50727)"
192.240.46.101 - - [08/Apr/2009:06:14:55 -0400] "GET /Catskills/Notes/southmtn1.jpg HTTP/1.1" 200 15721 "http://www.chayden.net/Catskills/Notes/AircraftCrashes.html" "Mozilla/4.0 (compatible; MSIE 6.0; Windows NT 5.1; SV1; FAHC; .NET CLR 1.1.4322; .NET CLR 2.0.50727)"
192.240.46.101 - - [08/Apr/2009:06:14:55 -0400] "GET /Catskills/Notes/highpeak1.jpg HTTP/1.1" 200 47771 "http://www.chayden.net/Catskills/Notes/AircraftCrashes.html" "Mozilla/4.0 (compatible; MSIE 6.0; Windows NT 5.1; SV1; FAHC; .NET CLR 1.1.4322; .NET CLR 2.0.50727)"
192.240.46.101 - - [08/Apr/2009:06:14:55 -0400] "GET /Catskills/Notes/4254_400.jpg HTTP/1.1" 200 21802 "http://www.chayden.net/Catskills/Notes/AircraftCrashes.html" "Mozilla/4.0 (compatible; MSIE 6.0; Windows NT 5.1; SV1; FAHC; .NET CLR 1.1.4322; .NET CLR 2.0.50727)"
192.240.46.101 - - [08/Apr/2009:06:14:55 -0400] "GET /Catskills/Notes/34448_200.jpg HTTP/1.1" 200 21323 "http://www.chayden.net/Catskills/Notes/AircraftCrashes.html" "Mozilla/4.0 (compatible; MSIE 6.0; Windows NT 5.1; SV1; FAHC; .NET CLR 1.1.4322; .NET CLR 2.0.50727)"
