94.195.82.167 - - [22/Apr/2009:04:32:58 -0400] "GET /Asterisk/SeUpAsteriskAtHome_files/image030.jpg HTTP/1.1" 200 77949 "-" "Mozilla/4.0 (compatible; MSIE 6.0; Windows NT 5.1; Avant Browser; SV1; Avant Browser; .NET CLR 1.0.3705; Tablet PC 1.7; .NET CLR 1.1.4322; .NET CLR 2.0.50727)"
94.195.82.167 - - [22/Apr/2009:04:32:58 -0400] "GET /Asterisk/SeUpAsteriskAtHome_files/image028.jpg HTTP/1.1" 200 139428 "-" "Mozilla/4.0 (compatible; MSIE 6.0; Windows NT 5.1; Avant Browser; SV1; Avant Browser; .NET CLR 1.0.3705; Tablet PC 1.7; .NET CLR 1.1.4322; .NET CLR 2.0.50727)"
94.195.82.167 - - [22/Apr/2009:04:33:00 -0400] "GET /Asterisk/SeUpAsteriskAtHome_files/image034.jpg HTTP/1.1" 200 5270 "-" "Mozilla/4.0 (compatible; MSIE 6.0; Windows NT 5.1; Avant Browser; SV1; Avant Browser; .NET CLR 1.0.3705; Tablet PC 1.7; .NET CLR 1.1.4322; .NET CLR 2.0.50727)"
94.195.82.167 - - [22/Apr/2009:04:33:00 -0400] "GET /Asterisk/SeUpAsteriskAtHome_files/image032.jpg HTTP/1.1" 200 81539 "-" "Mozilla/4.0 (compatible; MSIE 6.0; Windows NT 5.1; Avant Browser; SV1; Avant Browser; .NET CLR 1.0.3705; Tablet PC 1.7; .NET CLR 1.1.4322; .NET CLR 2.0.50727)"
94.195.82.167 - - [22/Apr/2009:04:33:00 -0400] "GET /Asterisk/SeUpAsteriskAtHome_files/image036.png HTTP/1.1" 200 24757 "-" "Mozilla/4.0 (compatible; MSIE 6.0; Windows NT 5.1; Avant Browser; SV1; Avant Browser; .NET CLR 1.0.3705; Tablet PC 1.7; .NET CLR 1.1.4322; .NET CLR 2.0.50727)"
94.195.82.167 - - [22/Apr/2009:04:33:01 -0400] "GET /Asterisk/SeUpAsteriskAtHome_files/image038.jpg HTTP/1.1" 200 7171 "-" "Mozilla/4.0 (compatible; MSIE 6.0; Windows NT 5.1; Avant Browser; SV1; Avant Browser; .NET CLR 1.0.3705; Tablet PC 1.7; .NET CLR 1.1.4322; .NET CLR 2.0.50727)"
94.195.82.167 - - [22/Apr/2009:04:33:01 -0400] "GET /Asterisk/SeUpAsteriskAtHome_files/image040.jpg HTTP/1.1" 200 75744 "-" "Mozilla/4.0 (compatible; MSIE 6.0; Windows NT 5.1; Avant Browser; SV1; Avant Browser; .NET CLR 1.0.3705; Tablet PC 1.7; .NET CLR 1.1.4322; .NET CLR 2.0.50727)"
94.195.82.167 - - [22/Apr/2009:04:33:01 -0400] "GET /Asterisk/SeUpAsteriskAtHome_files/image042.jpg HTTP/1.1" 200 62576 "-" "Mozilla/4.0 (compatible; MSIE 6.0; Windows NT 5.1; Avant Browser; SV1; Avant Browser; .NET CLR 1.0.3705; Tablet PC 1.7; .NET CLR 1.1.4322; .NET CLR 2.0.50727)"
94.195.82.167 - - [22/Apr/2009:04:33:02 -0400] "GET /Asterisk/SeUpAsteriskAtHome_files/image044.jpg HTTP/1.1" 304 - "-" "Mozilla/4.0 (compatible; MSIE 6.0; Windows NT 5.1; Avant Browser; SV1; Avant Browser; .NET CLR 1.0.3705; Tablet PC 1.7; .NET CLR 1.1.4322; .NET CLR 2.0.50727)"
94.195.82.167 - - [22/Apr/2009:04:33:02 -0400] "GET /Asterisk/SeUpAsteriskAtHome_files/image011.jpg HTTP/1.1" 200 13078 "http://www.chayden.net/Asterisk/SeUpAsteriskAtHome.htm" "Mozilla/4.0 (compatible; MSIE 6.0; Windows NT 5.1; Avant Browser; SV1; Avant Browser; .NET CLR 1.0.3705; Tablet PC 1.7; .NET CLR 1.1.4322; .NET CLR 2.0.50727)"
94.195.82.167 - - [22/Apr/2009:04:33:02 -0400] "GET /Asterisk/SeUpAsteriskAtHome_files/image045.png HTTP/1.1" 200 24347 "-" "Mozilla/4.0 (compatible; MSIE 6.0; Windows NT 5.1; Avant Browser; SV1; Avant Browser; .NET CLR 1.0.3705; Tablet PC 1.7; .NET CLR 1.1.4322; .NET CLR 2.0.50727)"
72.30.65.28 - - [22/Apr/2009:04:33:12 -0400] "GET /Catskills/BigIndianEagleFir2003/index.html HTTP/1.0" 200 9541 "-" "Mozilla/5.0 (compatible; Yahoo! Slurp/3.0; http://help.yahoo.com/help/us/ysearch/slurp)"
66.249.71.166 - - [22/Apr/2009:04:33:32 -0400] "GET /Sierra02/pic/Sierra02-01-16.jpg HTTP/1.1" 304 - "-" "Googlebot-Image/1.0"
202.160.180.107 - - [22/Apr/2009:04:34:29 -0400] "GET /Snapshots/BenGrad.html HTTP/1.0" 200 2163 "-" "Mozilla/5.0 (compatible; Yahoo! Slurp China; http://misc.yahoo.com.cn/help.html)"
66.249.71.238 - - [22/Apr/2009:04:35:51 -0400] "GET /Iron-print/pic/iron01.jpg HTTP/1.1" 304 - "-" "Googlebot-Image/1.0"
94.195.82.167 - - [22/Apr/2009:04:36:11 -0400] "GET /favicon.ico HTTP/1.1" 404 292 "-" "Mozilla/4.0 (compatible; MSIE 6.0; Windows NT 5.1; Avant Browser; SV1; Avant Browser; .NET CLR 1.0.3705; Tablet PC 1.7; .NET CLR 1.1.4322; .NET CLR 2.0.50727)"
81.52.143.26 - - [22/Apr/2009:04:37:19 -0400] "GET /eliza/Eliza/EString.java HTTP/1.1" 200 7343 "-" "Mozilla/5.0 (Windows; U; Windows NT 5.1; fr; rv:1.8.1) VoilaBot BETA 1.2 (support.voilabot@orange-ftgroup.com)"
94.195.82.167 - - [22/Apr/2009:04:37:51 -0400] "GET /Asterisk/SeUpAsteriskAtHome_files/image001.gif HTTP/1.1" 304 - "-" "Mozilla/4.0 (compatible; MSIE 6.0; Windows NT 5.1; Avant Browser; SV1; Avant Browser; .NET CLR 1.0.3705; Tablet PC 1.7; .NET CLR 1.1.4322; .NET CLR 2.0.50727)"
94.195.82.167 - - [22/Apr/2009:04:37:53 -0400] "GET /Asterisk/SeUpAsteriskAtHome_files/image002.png HTTP/1.1" 304 - "-" "Mozilla/4.0 (compatible; MSIE 6.0; Windows NT 5.1; Avant Browser; SV1; Avant Browser; .NET CLR 1.0.3705; Tablet PC 1.7; .NET CLR 1.1.4322; .NET CLR 2.0.50727)"
94.195.82.167 - - [22/Apr/2009:04:37:53 -0400] "GET /Asterisk/SeUpAsteriskAtHome_files/image004.gif HTTP/1.1" 304 - "-" "Mozilla/4.0 (compatible; MSIE 6.0; Windows NT 5.1; Avant Browser; SV1; Avant Browser; .NET CLR 1.0.3705; Tablet PC 1.7; .NET CLR 1.1.4322; .NET CLR 2.0.50727)"
94.195.82.167 - - [22/Apr/2009:04:37:53 -0400] "GET /Asterisk/SeUpAsteriskAtHome_files/image005.gif HTTP/1.1" 304 - "-" "Mozilla/4.0 (compatible; MSIE 6.0; Windows NT 5.1; Avant Browser; SV1; Avant Browser; .NET CLR 1.0.3705; Tablet PC 1.7; .NET CLR 1.1.4322; .NET CLR 2.0.50727)"
94.195.82.167 - - [22/Apr/2009:04:37:54 -0400] "GET /Asterisk/SeUpAsteriskAtHome_files/image006.gif HTTP/1.1" 304 - "-" "Mozilla/4.0 (compatible; MSIE 6.0; Windows NT 5.1; Avant Browser; SV1; Avant Browser; .NET CLR 1.0.3705; Tablet PC 1.7; .NET CLR 1.1.4322; .NET CLR 2.0.50727)"
94.195.82.167 - - [22/Apr/2009:04:37:54 -0400] "GET /Asterisk/SeUpAsteriskAtHome_files/image007.gif HTTP/1.1" 304 - "-" "Mozilla/4.0 (compatible; MSIE 6.0; Windows NT 5.1; Avant Browser; SV1; Avant Browser; .NET CLR 1.0.3705; Tablet PC 1.7; .NET CLR 1.1.4322; .NET CLR 2.0.50727)"
94.195.82.167 - - [22/Apr/2009:04:37:54 -0400] "GET /Asterisk/SeUpAsteriskAtHome_files/image010.png HTTP/1.1" 304 - "-" "Mozilla/4.0 (compatible; MSIE 6.0; Windows NT 5.1; Avant Browser; SV1; Avant Browser; .NET CLR 1.0.3705; Tablet PC 1.7; .NET CLR 1.1.4322; .NET CLR 2.0.50727)"
94.195.82.167 - - [22/Apr/2009:04:37:54 -0400] "GET /Asterisk/SeUpAsteriskAtHome_files/image008.png HTTP/1.1" 304 - "-" "Mozilla/4.0 (compatible; MSIE 6.0; Windows NT 5.1; Avant Browser; SV1; Avant Browser; .NET CLR 1.0.3705; Tablet PC 1.7; .NET CLR 1.1.4322; .NET CLR 2.0.50727)"
94.195.82.167 - - [22/Apr/2009:04:37:54 -0400] "GET /Asterisk/SeUpAsteriskAtHome_files/image012.png HTTP/1.1" 304 - "-" "Mozilla/4.0 (compatible; MSIE 6.0; Windows NT 5.1; Avant Browser; SV1; Avant Browser; .NET CLR 1.0.3705; Tablet PC 1.7; .NET CLR 1.1.4322; .NET CLR 2.0.50727)"
94.195.82.167 - - [22/Apr/2009:04:37:55 -0400] "GET /Asterisk/SeUpAsteriskAtHome_files/image014.png HTTP/1.1" 304 - "-" "Mozilla/4.0 (compatible; MSIE 6.0; Windows NT 5.1; Avant Browser; SV1; Avant Browser; .NET CLR 1.0.3705; Tablet PC 1.7; .NET CLR 1.1.4322; .NET CLR 2.0.50727)"
94.195.82.167 - - [22/Apr/2009:04:37:55 -0400] "GET /Asterisk/SeUpAsteriskAtHome_files/image016.png HTTP/1.1" 304 - "-" "Mozilla/4.0 (compatible; MSIE 6.0; Windows NT 5.1; Avant Browser; SV1; Avant Browser; .NET CLR 1.0.3705; Tablet PC 1.7; .NET CLR 1.1.4322; .NET CLR 2.0.50727)"
94.195.82.167 - - [22/Apr/2009:04:37:55 -0400] "GET /Asterisk/SeUpAsteriskAtHome_files/image018.png HTTP/1.1" 304 - "-" "Mozilla/4.0 (compatible; MSIE 6.0; Windows NT 5.1; Avant Browser; SV1; Avant Browser; .NET CLR 1.0.3705; Tablet PC 1.7; .NET CLR 1.1.4322; .NET CLR 2.0.50727)"
94.195.82.167 - - [22/Apr/2009:04:37:55 -0400] "GET /Asterisk/SeUpAsteriskAtHome_files/image020.gif HTTP/1.1" 304 - "-" "Mozilla/4.0 (compatible; MSIE 6.0; Windows NT 5.1; Avant Browser; SV1; Avant Browser; .NET CLR 1.0.3705; Tablet PC 1.7; .NET CLR 1.1.4322; .NET CLR 2.0.50727)"
94.195.82.167 - - [22/Apr/2009:04:37:55 -0400] "GET /Asterisk/SeUpAsteriskAtHome_files/image021.png HTTP/1.1" 304 - "-" "Mozilla/4.0 (compatible; MSIE 6.0; Windows NT 5.1; Avant Browser; SV1; Avant Browser; .NET CLR 1.0.3705; Tablet PC 1.7; .NET CLR 1.1.4322; .NET CLR 2.0.50727)"
94.195.82.167 - - [22/Apr/2009:04:37:55 -0400] "GET /Asterisk/SeUpAsteriskAtHome_files/image023.png HTTP/1.1" 304 - "-" "Mozilla/4.0 (compatible; MSIE 6.0; Windows NT 5.1; Avant Browser; SV1; Avant Browser; .NET CLR 1.0.3705; Tablet PC 1.7; .NET CLR 1.1.4322; .NET CLR 2.0.50727)"
94.195.82.167 - - [22/Apr/2009:04:37:55 -0400] "GET /Asterisk/SeUpAsteriskAtHome_files/image025.png HTTP/1.1" 304 - "-" "Mozilla/4.0 (compatible; MSIE 6.0; Windows NT 5.1; Avant Browser; SV1; Avant Browser; .NET CLR 1.0.3705; Tablet PC 1.7; .NET CLR 1.1.4322; .NET CLR 2.0.50727)"
94.195.82.167 - - [22/Apr/2009:04:37:56 -0400] "GET /Asterisk/SeUpAsteriskAtHome_files/image027.jpg HTTP/1.1" 304 - "-" "Mozilla/4.0 (compatible; MSIE 6.0; Windows NT 5.1; Avant Browser; SV1; Avant Browser; .NET CLR 1.0.3705; Tablet PC 1.7; .NET CLR 1.1.4322; .NET CLR 2.0.50727)"
94.195.82.167 - - [22/Apr/2009:04:37:56 -0400] "GET /Asterisk/SeUpAsteriskAtHome_files/image028.jpg HTTP/1.1" 304 - "-" "Mozilla/4.0 (compatible; MSIE 6.0; Windows NT 5.1; Avant Browser; SV1; Avant Browser; .NET CLR 1.0.3705; Tablet PC 1.7; .NET CLR 1.1.4322; .NET CLR 2.0.50727)"
94.195.82.167 - - [22/Apr/2009:04:37:57 -0400] "GET /Asterisk/SeUpAsteriskAtHome_files/image030.jpg HTTP/1.1" 304 - "-" "Mozilla/4.0 (compatible; MSIE 6.0; Windows NT 5.1; Avant Browser; SV1; Avant Browser; .NET CLR 1.0.3705; Tablet PC 1.7; .NET CLR 1.1.4322; .NET CLR 2.0.50727)"
94.195.82.167 - - [22/Apr/2009:04:37:57 -0400] "GET /Asterisk/SeUpAsteriskAtHome_files/image032.jpg HTTP/1.1" 304 - "-" "Mozilla/4.0 (compatible; MSIE 6.0; Windows NT 5.1; Avant Browser; SV1; Avant Browser; .NET CLR 1.0.3705; Tablet PC 1.7; .NET CLR 1.1.4322; .NET CLR 2.0.50727)"
94.195.82.167 - - [22/Apr/2009:04:37:57 -0400] "GET /Asterisk/SeUpAsteriskAtHome_files/image042.jpg HTTP/1.1" 304 - "-" "Mozilla/4.0 (compatible; MSIE 6.0; Windows NT 5.1; Avant Browser; SV1; Avant Browser; .NET CLR 1.0.3705; Tablet PC 1.7; .NET CLR 1.1.4322; .NET CLR 2.0.50727)"
94.195.82.167 - - [22/Apr/2009:04:37:57 -0400] "GET /Asterisk/SeUpAsteriskAtHome_files/image034.jpg HTTP/1.1" 304 - "-" "Mozilla/4.0 (compatible; MSIE 6.0; Windows NT 5.1; Avant Browser; SV1; Avant Browser; .NET CLR 1.0.3705; Tablet PC 1.7; .NET CLR 1.1.4322; .NET CLR 2.0.50727)"
94.195.82.167 - - [22/Apr/2009:04:37:57 -0400] "GET /Asterisk/SeUpAsteriskAtHome_files/image036.png HTTP/1.1" 304 - "-" "Mozilla/4.0 (compatible; MSIE 6.0; Windows NT 5.1; Avant Browser; SV1; Avant Browser; .NET CLR 1.0.3705; Tablet PC 1.7; .NET CLR 1.1.4322; .NET CLR 2.0.50727)"
94.195.82.167 - - [22/Apr/2009:04:37:57 -0400] "GET /Asterisk/SeUpAsteriskAtHome_files/image040.jpg HTTP/1.1" 304 - "-" "Mozilla/4.0 (compatible; MSIE 6.0; Windows NT 5.1; Avant Browser; SV1; Avant Browser; .NET CLR 1.0.3705; Tablet PC 1.7; .NET CLR 1.1.4322; .NET CLR 2.0.50727)"
94.195.82.167 - - [22/Apr/2009:04:37:58 -0400] "GET /Asterisk/SeUpAsteriskAtHome_files/image038.jpg HTTP/1.1" 304 - "-" "Mozilla/4.0 (compatible; MSIE 6.0; Windows NT 5.1; Avant Browser; SV1; Avant Browser; .NET CLR 1.0.3705; Tablet PC 1.7; .NET CLR 1.1.4322; .NET CLR 2.0.50727)"
94.195.82.167 - - [22/Apr/2009:04:37:58 -0400] "GET /Asterisk/SeUpAsteriskAtHome_files/image044.jpg HTTP/1.1" 304 - "-" "Mozilla/4.0 (compatible; MSIE 6.0; Windows NT 5.1; Avant Browser; SV1; Avant Browser; .NET CLR 1.0.3705; Tablet PC 1.7; .NET CLR 1.1.4322; .NET CLR 2.0.50727)"
94.195.82.167 - - [22/Apr/2009:04:37:58 -0400] "GET /Asterisk/SeUpAsteriskAtHome_files/image045.png HTTP/1.1" 304 - "-" "Mozilla/4.0 (compatible; MSIE 6.0; Windows NT 5.1; Avant Browser; SV1; Avant Browser; .NET CLR 1.0.3705; Tablet PC 1.7; .NET CLR 1.1.4322; .NET CLR 2.0.50727)"
66.240.8.102 - - [22/Apr/2009:04:38:48 -0400] "GET /Asterisk/SeUpAsteriskAtHome_files/image005.gif HTTP/1.1" 304 - "-" "Mozilla/4.0 (compatible;)"
66.249.71.166 - - [22/Apr/2009:04:40:29 -0400] "GET /Sierra94/pic/s94-3-01.jpg HTTP/1.1" 304 - "-" "Googlebot-Image/1.0"
117.55.253.10 - - [22/Apr/2009:04:41:43 -0400] "GET /Asterisk/SeUpAsteriskAtHome_files/image001.gif HTTP/1.1" 200 2324 "http://chayden.net/Asterisk/SeUpAsteriskAtHome.htm" "Mozilla/5.0 (Windows; U; Windows NT 6.0; en-GB; rv:1.9.0.8) Gecko/2009032609 Firefox/3.0.8 (.NET CLR 3.5.30729)"
117.55.253.10 - - [22/Apr/2009:04:41:43 -0400] "GET /Asterisk/SeUpAsteriskAtHome_files/image003.jpg HTTP/1.1" 200 5132 "http://chayden.net/Asterisk/SeUpAsteriskAtHome.htm" "Mozilla/5.0 (Windows; U; Windows NT 6.0; en-GB; rv:1.9.0.8) Gecko/2009032609 Firefox/3.0.8 (.NET CLR 3.5.30729)"
117.55.253.10 - - [22/Apr/2009:04:41:43 -0400] "GET /Asterisk/SeUpAsteriskAtHome_files/image004.gif HTTP/1.1" 200 6404 "http://chayden.net/Asterisk/SeUpAsteriskAtHome.htm" "Mozilla/5.0 (Windows; U; Windows NT 6.0; en-GB; rv:1.9.0.8) Gecko/2009032609 Firefox/3.0.8 (.NET CLR 3.5.30729)"
117.55.253.10 - - [22/Apr/2009:04:41:43 -0400] "GET /Asterisk/SeUpAsteriskAtHome_files/image005.gif HTTP/1.1" 200 4365 "http://chayden.net/Asterisk/SeUpAsteriskAtHome.htm" "Mozilla/5.0 (Windows; U; Windows NT 6.0; en-GB; rv:1.9.0.8) Gecko/2009032609 Firefox/3.0.8 (.NET CLR 3.5.30729)"
117.55.253.10 - - [22/Apr/2009:04:41:43 -0400] "GET /Asterisk/SeUpAsteriskAtHome_files/image007.gif HTTP/1.1" 200 5284 "http://chayden.net/Asterisk/SeUpAsteriskAtHome.htm" "Mozilla/5.0 (Windows; U; Windows NT 6.0; en-GB; rv:1.9.0.8) Gecko/2009032609 Firefox/3.0.8 (.NET CLR 3.5.30729)"
117.55.253.10 - - [22/Apr/2009:04:41:41 -0400] "GET /Asterisk/SeUpAsteriskAtHome.htm HTTP/1.1" 200 178181 "http://www.google.com/search?hl=en&ei=LdjuScW4FZiCkQXYt4ybDw&sa=X&oi=spell&resnum=0&ct=result&cd=1&q=sip+trunk+to+asterisk&spell=1&cts=1240389639512" "Mozilla/5.0 (Windows; U; Windows NT 6.0; en-GB; rv:1.9.0.8) Gecko/2009032609 Firefox/3.0.8 (.NET CLR 3.5.30729)"
117.55.253.10 - - [22/Apr/2009:04:41:43 -0400] "GET /Asterisk/SeUpAsteriskAtHome_files/image009.jpg HTTP/1.1" 200 14238 "http://chayden.net/Asterisk/SeUpAsteriskAtHome.htm" "Mozilla/5.0 (Windows; U; Windows NT 6.0; en-GB; rv:1.9.0.8) Gecko/2009032609 Firefox/3.0.8 (.NET CLR 3.5.30729)"
117.55.253.10 - - [22/Apr/2009:04:41:43 -0400] "GET /Asterisk/SeUpAsteriskAtHome_files/image011.jpg HTTP/1.1" 200 13078 "http://chayden.net/Asterisk/SeUpAsteriskAtHome.htm" "Mozilla/5.0 (Windows; U; Windows NT 6.0; en-GB; rv:1.9.0.8) Gecko/2009032609 Firefox/3.0.8 (.NET CLR 3.5.30729)"
117.55.253.10 - - [22/Apr/2009:04:41:44 -0400] "GET /Asterisk/SeUpAsteriskAtHome_files/image027.jpg HTTP/1.1" 200 8509 "http://chayden.net/Asterisk/SeUpAsteriskAtHome.htm" "Mozilla/5.0 (Windows; U; Windows NT 6.0; en-GB; rv:1.9.0.8) Gecko/2009032609 Firefox/3.0.8 (.NET CLR 3.5.30729)"
117.55.253.10 - - [22/Apr/2009:04:41:43 -0400] "GET /Asterisk/SeUpAsteriskAtHome_files/image013.jpg HTTP/1.1" 200 21296 "http://chayden.net/Asterisk/SeUpAsteriskAtHome.htm" "Mozilla/5.0 (Windows; U; Windows NT 6.0; en-GB; rv:1.9.0.8) Gecko/2009032609 Firefox/3.0.8 (.NET CLR 3.5.30729)"
117.55.253.10 - - [22/Apr/2009:04:41:43 -0400] "GET /Asterisk/SeUpAsteriskAtHome_files/image006.gif HTTP/1.1" 200 33832 "http://chayden.net/Asterisk/SeUpAsteriskAtHome.htm" "Mozilla/5.0 (Windows; U; Windows NT 6.0; en-GB; rv:1.9.0.8) Gecko/2009032609 Firefox/3.0.8 (.NET CLR 3.5.30729)"
117.55.253.10 - - [22/Apr/2009:04:41:44 -0400] "GET /Asterisk/SeUpAsteriskAtHome_files/image022.jpg HTTP/1.1" 200 34633 "http://chayden.net/Asterisk/SeUpAsteriskAtHome.htm" "Mozilla/5.0 (Windows; U; Windows NT 6.0; en-GB; rv:1.9.0.8) Gecko/2009032609 Firefox/3.0.8 (.NET CLR 3.5.30729)"
117.55.253.10 - - [22/Apr/2009:04:41:44 -0400] "GET /Asterisk/SeUpAsteriskAtHome_files/image017.jpg HTTP/1.1" 200 30515 "http://chayden.net/Asterisk/SeUpAsteriskAtHome.htm" "Mozilla/5.0 (Windows; U; Windows NT 6.0; en-GB; rv:1.9.0.8) Gecko/2009032609 Firefox/3.0.8 (.NET CLR 3.5.30729)"
117.55.253.10 - - [22/Apr/2009:04:41:44 -0400] "GET /Asterisk/SeUpAsteriskAtHome_files/image020.gif HTTP/1.1" 200 49946 "http://chayden.net/Asterisk/SeUpAsteriskAtHome.htm" "Mozilla/5.0 (Windows; U; Windows NT 6.0; en-GB; rv:1.9.0.8) Gecko/2009032609 Firefox/3.0.8 (.NET CLR 3.5.30729)"
117.55.253.10 - - [22/Apr/2009:04:41:44 -0400] "GET /Asterisk/SeUpAsteriskAtHome_files/image019.jpg HTTP/1.1" 200 39902 "http://chayden.net/Asterisk/SeUpAsteriskAtHome.htm" "Mozilla/5.0 (Windows; U; Windows NT 6.0; en-GB; rv:1.9.0.8) Gecko/2009032609 Firefox/3.0.8 (.NET CLR 3.5.30729)"
117.55.253.10 - - [22/Apr/2009:04:41:44 -0400] "GET /Asterisk/SeUpAsteriskAtHome_files/image024.jpg HTTP/1.1" 200 31330 "http://chayden.net/Asterisk/SeUpAsteriskAtHome.htm" "Mozilla/5.0 (Windows; U; Windows NT 6.0; en-GB; rv:1.9.0.8) Gecko/2009032609 Firefox/3.0.8 (.NET CLR 3.5.30729)"
117.55.253.10 - - [22/Apr/2009:04:41:44 -0400] "GET /Asterisk/SeUpAsteriskAtHome_files/image026.jpg HTTP/1.1" 200 37910 "http://chayden.net/Asterisk/SeUpAsteriskAtHome.htm" "Mozilla/5.0 (Windows; U; Windows NT 6.0; en-GB; rv:1.9.0.8) Gecko/2009032609 Firefox/3.0.8 (.NET CLR 3.5.30729)"
117.55.253.10 - - [22/Apr/2009:04:41:46 -0400] "GET /Asterisk/SeUpAsteriskAtHome_files/image035.jpg HTTP/1.1" 200 2759 "http://chayden.net/Asterisk/SeUpAsteriskAtHome.htm" "Mozilla/5.0 (Windows; U; Windows NT 6.0; en-GB; rv:1.9.0.8) Gecko/2009032609 Firefox/3.0.8 (.NET CLR 3.5.30729)"
117.55.253.10 - - [22/Apr/2009:04:41:46 -0400] "GET /Asterisk/SeUpAsteriskAtHome_files/image039.jpg HTTP/1.1" 200 1921 "http://chayden.net/Asterisk/SeUpAsteriskAtHome.htm" "Mozilla/5.0 (Windows; U; Windows NT 6.0; en-GB; rv:1.9.0.8) Gecko/2009032609 Firefox/3.0.8 (.NET CLR 3.5.30729)"
117.55.253.10 - - [22/Apr/2009:04:41:45 -0400] "GET /Asterisk/SeUpAsteriskAtHome_files/image031.jpg HTTP/1.1" 200 30259 "http://chayden.net/Asterisk/SeUpAsteriskAtHome.htm" "Mozilla/5.0 (Windows; U; Windows NT 6.0; en-GB; rv:1.9.0.8) Gecko/2009032609 Firefox/3.0.8 (.NET CLR 3.5.30729)"
117.55.253.10 - - [22/Apr/2009:04:41:46 -0400] "GET /Asterisk/SeUpAsteriskAtHome_files/image044.jpg HTTP/1.1" 200 6079 "http://chayden.net/Asterisk/SeUpAsteriskAtHome.htm" "Mozilla/5.0 (Windows; U; Windows NT 6.0; en-GB; rv:1.9.0.8) Gecko/2009032609 Firefox/3.0.8 (.NET CLR 3.5.30729)"
117.55.253.10 - - [22/Apr/2009:04:41:46 -0400] "GET /Asterisk/SeUpAsteriskAtHome_files/image033.jpg HTTP/1.1" 200 30788 "http://chayden.net/Asterisk/SeUpAsteriskAtHome.htm" "Mozilla/5.0 (Windows; U; Windows NT 6.0; en-GB; rv:1.9.0.8) Gecko/2009032609 Firefox/3.0.8 (.NET CLR 3.5.30729)"
117.55.253.10 - - [22/Apr/2009:04:41:46 -0400] "GET /Asterisk/SeUpAsteriskAtHome_files/image041.jpg HTTP/1.1" 200 26765 "http://chayden.net/Asterisk/SeUpAsteriskAtHome.htm" "Mozilla/5.0 (Windows; U; Windows NT 6.0; en-GB; rv:1.9.0.8) Gecko/2009032609 Firefox/3.0.8 (.NET CLR 3.5.30729)"
117.55.253.10 - - [22/Apr/2009:04:41:43 -0400] "GET /Asterisk/SeUpAsteriskAtHome_files/image015.jpg HTTP/1.1" 200 47335 "http://chayden.net/Asterisk/SeUpAsteriskAtHome.htm" "Mozilla/5.0 (Windows; U; Windows NT 6.0; en-GB; rv:1.9.0.8) Gecko/2009032609 Firefox/3.0.8 (.NET CLR 3.5.30729)"
117.55.253.10 - - [22/Apr/2009:04:41:46 -0400] "GET /Asterisk/SeUpAsteriskAtHome_files/image043.jpg HTTP/1.1" 200 22658 "http://chayden.net/Asterisk/SeUpAsteriskAtHome.htm" "Mozilla/5.0 (Windows; U; Windows NT 6.0; en-GB; rv:1.9.0.8) Gecko/2009032609 Firefox/3.0.8 (.NET CLR 3.5.30729)"
117.55.253.10 - - [22/Apr/2009:04:41:46 -0400] "GET /Asterisk/SeUpAsteriskAtHome_files/image037.jpg HTTP/1.1" 200 42221 "http://chayden.net/Asterisk/SeUpAsteriskAtHome.htm" "Mozilla/5.0 (Windows; U; Windows NT 6.0; en-GB; rv:1.9.0.8) Gecko/2009032609 Firefox/3.0.8 (.NET CLR 3.5.30729)"
117.55.253.10 - - [22/Apr/2009:04:41:46 -0400] "GET /Asterisk/SeUpAsteriskAtHome_files/image046.jpg HTTP/1.1" 200 35168 "http://chayden.net/Asterisk/SeUpAsteriskAtHome.htm" "Mozilla/5.0 (Windows; U; Windows NT 6.0; en-GB; rv:1.9.0.8) Gecko/2009032609 Firefox/3.0.8 (.NET CLR 3.5.30729)"
117.55.253.10 - - [22/Apr/2009:04:41:44 -0400] "GET /Asterisk/SeUpAsteriskAtHome_files/image029.jpg HTTP/1.1" 200 43404 "http://chayden.net/Asterisk/SeUpAsteriskAtHome.htm" "Mozilla/5.0 (Windows; U; Windows NT 6.0; en-GB; rv:1.9.0.8) Gecko/2009032609 Firefox/3.0.8 (.NET CLR 3.5.30729)"
117.55.253.10 - - [22/Apr/2009:04:41:52 -0400] "GET /favicon.ico HTTP/1.1" 404 288 "-" "Mozilla/5.0 (Windows; U; Windows NT 6.0; en-GB; rv:1.9.0.8) Gecko/2009032609 Firefox/3.0.8 (.NET CLR 3.5.30729)"
117.55.253.10 - - [22/Apr/2009:04:41:55 -0400] "GET /favicon.ico HTTP/1.1" 404 288 "-" "Mozilla/5.0 (Windows; U; Windows NT 6.0; en-GB; rv:1.9.0.8) Gecko/2009032609 Firefox/3.0.8 (.NET CLR 3.5.30729)"
130.76.96.21 - - [22/Apr/2009:04:42:26 -0400] "GET /chayden/SanGabriels/SanGabriels.shtml HTTP/1.1" 404 314 "http://tchester.org/sgm/links/87.html" "Mozilla/4.0 (compatible; MSIE 6.0; Windows NT 5.1; SV1; .NET CLR 1.1.4322; .NET CLR 2.0.50727; MS-RTC LM 8)"
66.249.71.238 - - [22/Apr/2009:04:42:48 -0400] "GET /Catskills/DomeRange2005/P2200037.jpg HTTP/1.1" 304 - "-" "Googlebot-Image/1.0"
122.181.2.122 - - [22/Apr/2009:04:46:09 -0400] "GET /eliza/Eliza/Decomp.java HTTP/1.1" 200 1777 "-" "Mozilla/5.0 (Windows; U; Windows NT 5.1; en-US) AppleWebKit/525.19 (KHTML, like Gecko) Chrome/1.0.154.53 Safari/525.19"
61.247.222.55 - - [22/Apr/2009:04:46:26 -0400] "GET /robots.txt HTTP/1.1" 404 287 "-" "Yeti/1.0 (NHN Corp.; http://help.naver.com/robots/)"
61.247.222.55 - - [22/Apr/2009:04:46:26 -0400] "GET /Runs/Navesink/NavesinkRuns.html HTTP/1.1" 200 19069 "-" "Yeti/1.0 (NHN Corp.; http://help.naver.com/robots/)"
122.181.2.122 - - [22/Apr/2009:04:46:51 -0400] "GET /eliza/Eliza/DecompList.java HTTP/1.1" 200 611 "-" "Mozilla/5.0 (Windows; U; Windows NT 5.1; en-US) AppleWebKit/525.19 (KHTML, like Gecko) Chrome/1.0.154.53 Safari/525.19"
122.181.2.122 - - [22/Apr/2009:04:47:15 -0400] "GET /eliza/Eliza/Key.java HTTP/1.1" 200 1578 "-" "Mozilla/5.0 (Windows; U; Windows NT 5.1; en-US) AppleWebKit/525.19 (KHTML, like Gecko) Chrome/1.0.154.53 Safari/525.19"
122.181.2.122 - - [22/Apr/2009:04:47:47 -0400] "GET /eliza/Eliza/KeyList.java HTTP/1.1" 200 1430 "-" "Mozilla/5.0 (Windows; U; Windows NT 5.1; en-US) AppleWebKit/525.19 (KHTML, like Gecko) Chrome/1.0.154.53 Safari/525.19"
122.181.2.122 - - [22/Apr/2009:04:48:34 -0400] "GET /eliza/Eliza/KeyStack.java HTTP/1.1" 200 1390 "-" "Mozilla/5.0 (Windows; U; Windows NT 5.1; en-US) AppleWebKit/525.19 (KHTML, like Gecko) Chrome/1.0.154.53 Safari/525.19"
122.181.2.122 - - [22/Apr/2009:04:49:12 -0400] "GET /eliza/Eliza/Mem.java HTTP/1.1" 200 618 "-" "Mozilla/5.0 (Windows; U; Windows NT 5.1; en-US) AppleWebKit/525.19 (KHTML, like Gecko) Chrome/1.0.154.53 Safari/525.19"
122.181.2.122 - - [22/Apr/2009:04:49:40 -0400] "GET /eliza/Eliza/PrePost.java HTTP/1.1" 200 790 "-" "Mozilla/5.0 (Windows; U; Windows NT 5.1; en-US) AppleWebKit/525.19 (KHTML, like Gecko) Chrome/1.0.154.53 Safari/525.19"
66.249.71.166 - - [22/Apr/2009:04:49:45 -0400] "GET /Sierra02/pic/Sierra02-06-10.jpg HTTP/1.1" 304 - "-" "Googlebot-Image/1.0"
122.181.2.122 - - [22/Apr/2009:04:50:23 -0400] "GET /eliza/Eliza/PrePostList.java HTTP/1.1" 200 1586 "-" "Mozilla/5.0 (Windows; U; Windows NT 5.1; en-US) AppleWebKit/525.19 (KHTML, like Gecko) Chrome/1.0.154.53 Safari/525.19"
122.181.2.122 - - [22/Apr/2009:04:54:08 -0400] "GET /eliza/Eliza/ReasembList.java HTTP/1.1" 200 594 "-" "Mozilla/5.0 (Windows; U; Windows NT 5.1; en-US) AppleWebKit/525.19 (KHTML, like Gecko) Chrome/1.0.154.53 Safari/525.19"
122.181.2.122 - - [22/Apr/2009:04:54:44 -0400] "GET /eliza/Eliza/EString.java HTTP/1.1" 200 7343 "-" "Mozilla/5.0 (Windows; U; Windows NT 5.1; en-US) AppleWebKit/525.19 (KHTML, like Gecko) Chrome/1.0.154.53 Safari/525.19"
213.100.21.122 - - [22/Apr/2009:04:55:25 -0400] "GET /Runs/Adidas/tree.jpg HTTP/1.1" 200 976780 "http://worldofcherie.blogspot.com/" "Mozilla/4.0 (compatible; MSIE 6.0; Windows NT 5.1; DigExt)"
122.181.2.122 - - [22/Apr/2009:04:55:28 -0400] "GET /eliza/Eliza/SynList.java HTTP/1.1" 200 2373 "-" "Mozilla/5.0 (Windows; U; Windows NT 5.1; en-US) AppleWebKit/525.19 (KHTML, like Gecko) Chrome/1.0.154.53 Safari/525.19"
213.100.21.122 - - [22/Apr/2009:04:55:26 -0400] "GET /Runs/Adidas/tree.jpg HTTP/1.1" 200 976780 "http://images.google.se/imgres?imgurl=http://www.chayden.net/Runs/Adidas/tree.jpg&imgrefurl=http://worldofcherie.blogspot.com/&usg=__VWr4pX2kJdUlevzljFJLl6ErwyA=&h=2958&w=2310&sz=954&hl=sv&start=17&um=1&tbnid=EjYRzJyORJ_a6M:&tbnh=150&tbnw=117&prev=/images%3Fq%3Dpeeing%2Bin%2Bnature%26hl%3Dsv%26safe%3Doff%26sa%3DN%26um%3D1" "Mozilla/4.0 (compatible; MSIE 6.0; Windows NT 5.1; DigExt)"
122.181.2.122 - - [22/Apr/2009:04:56:23 -0400] "GET /eliza/Eliza/WordList.java HTTP/1.1" 200 833 "-" "Mozilla/5.0 (Windows; U; Windows NT 5.1; en-US) AppleWebKit/525.19 (KHTML, like Gecko) Chrome/1.0.154.53 Safari/525.19"
122.181.2.122 - - [22/Apr/2009:04:56:50 -0400] "GET /eliza/Eliza/Eliza.java HTTP/1.1" 200 1869 "-" "Mozilla/5.0 (Windows; U; Windows NT 5.1; en-US) AppleWebKit/525.19 (KHTML, like Gecko) Chrome/1.0.154.53 Safari/525.19"
74.6.8.116 - - [22/Apr/2009:04:57:26 -0400] "GET /Software/?C=S;O=A HTTP/1.0" 200 1919 "-" "Mozilla/5.0 (compatible; Yahoo! Slurp/3.0; http://help.yahoo.com/help/us/ysearch/slurp)"
122.181.2.122 - - [22/Apr/2009:04:57:32 -0400] "GET /eliza/Eliza/ElizaApp.java HTTP/1.1" 200 1210 "-" "Mozilla/5.0 (Windows; U; Windows NT 5.1; en-US) AppleWebKit/525.19 (KHTML, like Gecko) Chrome/1.0.154.53 Safari/525.19"
88.3.6.100 - - [22/Apr/2009:04:58:09 -0400] "GET /Runs/Adidas/changing-800.jpg HTTP/1.1" 200 118677 "http://kilianjornet.blogspot.com/" "Mozilla/4.0 (compatible; MSIE 7.0; Windows NT 5.1; .NET CLR 2.0.50727; InfoPath.1)"
84.52.186.37 - - [22/Apr/2009:04:58:16 -0400] "GET /Runs/Adidas/tree.jpg HTTP/1.1" 200 976780 "http://worldofcherie.blogspot.com/" "Mozilla/5.0 (Windows; U; Windows NT 5.1; sl; rv:1.9.0.8) Gecko/2009032609 Firefox/3.0.8 (.NET CLR 3.5.30729)"
122.181.2.122 - - [22/Apr/2009:04:58:22 -0400] "GET /eliza/Eliza/ElizaMain.java HTTP/1.1" 200 12396 "-" "Mozilla/5.0 (Windows; U; Windows NT 5.1; en-US) AppleWebKit/525.19 (KHTML, like Gecko) Chrome/1.0.154.53 Safari/525.19"
65.55.217.63 - - [22/Apr/2009:04:59:37 -0400] "GET /robots.txt HTTP/1.1" 404 291 "-" "msnbot-media/1.1 (+http://search.msn.com/msnbot.htm)"
65.55.217.63 - - [22/Apr/2009:04:59:37 -0400] "GET /House/pic/siding_t.jpg HTTP/1.1" 200 8069 "-" "msnbot-media/1.1 (+http://search.msn.com/msnbot.htm)"
84.75.101.118 - - [22/Apr/2009:04:59:55 -0400] "GET /Asterisk/favicon.ico HTTP/1.1" 404 301 "-" "Mozilla/4.0 (compatible; GoogleToolbar 5.0.2124.6042; Windows XP 5.1; MSIE 7.0.5730.13)"
84.75.101.118 - - [22/Apr/2009:04:59:55 -0400] "GET /Asterisk/favicon.gif HTTP/1.1" 404 301 "-" "Mozilla/4.0 (compatible; GoogleToolbar 5.0.2124.6042; Windows XP 5.1; MSIE 7.0.5730.13)"
88.18.22.234 - - [22/Apr/2009:05:01:03 -0400] "GET /Runs/Adidas/changing-800.jpg HTTP/1.1" 200 118677 "http://kilianjornet.blogspot.com/" "Mozilla/4.0 (compatible; MSIE 7.0; Windows NT 5.1; .NET CLR 1.1.4322; .NET CLR 2.0.50727)"
122.181.2.122 - - [22/Apr/2009:05:01:19 -0400] "GET /eliza/Eliza.zip HTTP/1.1" 200 23196 "-" "Mozilla/5.0 (Windows; U; Windows NT 5.1; en-US) AppleWebKit/525.19 (KHTML, like Gecko) Chrome/1.0.154.53 Safari/525.19"
120.28.180.211 - - [22/Apr/2009:05:01:22 -0400] "GET /Asterisk/SeUpAsteriskAtHome.htm HTTP/1.1" 200 178181 "http://www.google.com.ph/search?hl=en&q=pbx+setup&btnG=Google+Search&meta=&aq=3&oq=pbx+se" "Mozilla/5.0 (Windows; U; Windows NT 6.0; en-US; rv:1.9.0.8) Gecko/2009032609 Firefox/3.0.8 (.NET CLR 3.5.30729)"
122.181.2.122 - - [22/Apr/2009:05:01:26 -0400] "GET /eliza/instructions.txt HTTP/1.1" 200 15342 "-" "Mozilla/5.0 (Windows; U; Windows NT 5.1; en-US) AppleWebKit/525.19 (KHTML, like Gecko) Chrome/1.0.154.53 Safari/525.19"
88.18.22.234 - - [22/Apr/2009:05:02:07 -0400] "GET /favicon.ico HTTP/1.1" 404 292 "-" "Mozilla/4.0 (compatible; MSIE 7.0; Windows NT 5.1; .NET CLR 1.1.4322; .NET CLR 2.0.50727)"
219.85.63.226 - - [22/Apr/2009:05:02:43 -0400] "GET /Asterisk/?custompluginfile[]=http://www.bandbib.com/web/id.txt??? HTTP/1.1" 200 979 "-" "Mozilla/5.0 (Macintosh; U; PPC Mac OS X Mach-O; en-US; rv:1.8b4) Gecko/20050908 Firefox/1.4"
219.85.63.226 - - [22/Apr/2009:05:02:43 -0400] "GET /?custompluginfile[]=http://www.bandbib.com/web/id.txt??? HTTP/1.1" 200 21908 "-" "Mozilla/5.0 (Macintosh; U; PPC Mac OS X Mach-O; en-US; rv:1.8b4) Gecko/20050908 Firefox/1.4"
83.244.124.17 - - [22/Apr/2009:05:05:10 -0400] "GET /Asterisk/SeUpAsteriskAtHome.htm HTTP/1.1" 200 178181 "-" "Mozilla/5.0 (Windows; U; Windows NT 5.1; en-US; rv:1.9.0.8) Gecko/2009032609 Firefox/3.0.8"
83.244.124.17 - - [22/Apr/2009:05:05:12 -0400] "GET /Asterisk/SeUpAsteriskAtHome_files/image029.jpg HTTP/1.1" 200 43404 "http://www.chayden.net/Asterisk/SeUpAsteriskAtHome.htm" "Mozilla/5.0 (Windows; U; Windows NT 5.1; en-US; rv:1.9.0.8) Gecko/2009032609 Firefox/3.0.8"
117.195.136.113 - - [22/Apr/2009:05:05:27 -0400] "GET /eliza/Eliza.html HTTP/1.1" 200 5488 "-" "Mozilla/5.0 (Windows; U; Windows NT 5.1; en-US; rv:1.9.0.8) Gecko/2009032609 Firefox/3.0.8"
117.195.136.113 - - [22/Apr/2009:05:05:28 -0400] "GET /icons/back.gif HTTP/1.1" 200 216 "http://www.chayden.net/eliza/Eliza.html" "Mozilla/5.0 (Windows; U; Windows NT 5.1; en-US; rv:1.9.0.8) Gecko/2009032609 Firefox/3.0.8"
117.195.136.113 - - [22/Apr/2009:05:05:28 -0400] "GET /eliza/Eliza/Eliza.class HTTP/1.1" 200 2434 "-" "Mozilla/4.0 (Windows XP 5.1) Java/1.6.0_13"
83.244.124.17 - - [22/Apr/2009:05:05:29 -0400] "GET /Asterisk/SeUpAsteriskAtHome_files/image001.gif HTTP/1.1" 200 2324 "http://www.chayden.net/Asterisk/SeUpAsteriskAtHome.htm" "Mozilla/5.0 (Windows; U; Windows NT 5.1; en-US; rv:1.9.0.8) Gecko/2009032609 Firefox/3.0.8"
83.244.124.17 - - [22/Apr/2009:05:05:29 -0400] "GET /Asterisk/SeUpAsteriskAtHome_files/image003.jpg HTTP/1.1" 200 5132 "http://www.chayden.net/Asterisk/SeUpAsteriskAtHome.htm" "Mozilla/5.0 (Windows; U; Windows NT 5.1; en-US; rv:1.9.0.8) Gecko/2009032609 Firefox/3.0.8"
83.244.124.17 - - [22/Apr/2009:05:05:29 -0400] "GET /Asterisk/SeUpAsteriskAtHome_files/image004.gif HTTP/1.1" 200 6404 "http://www.chayden.net/Asterisk/SeUpAsteriskAtHome.htm" "Mozilla/5.0 (Windows; U; Windows NT 5.1; en-US; rv:1.9.0.8) Gecko/2009032609 Firefox/3.0.8"
83.244.124.17 - - [22/Apr/2009:05:05:30 -0400] "GET /Asterisk/SeUpAsteriskAtHome_files/image005.gif HTTP/1.1" 200 4365 "http://www.chayden.net/Asterisk/SeUpAsteriskAtHome.htm" "Mozilla/5.0 (Windows; U; Windows NT 5.1; en-US; rv:1.9.0.8) Gecko/2009032609 Firefox/3.0.8"
83.244.124.17 - - [22/Apr/2009:05:05:30 -0400] "GET /Asterisk/SeUpAsteriskAtHome_files/image006.gif HTTP/1.1" 200 33832 "http://www.chayden.net/Asterisk/SeUpAsteriskAtHome.htm" "Mozilla/5.0 (Windows; U; Windows NT 5.1; en-US; rv:1.9.0.8) Gecko/2009032609 Firefox/3.0.8"
83.244.124.17 - - [22/Apr/2009:05:05:31 -0400] "GET /Asterisk/SeUpAsteriskAtHome_files/image007.gif HTTP/1.1" 200 5284 "http://www.chayden.net/Asterisk/SeUpAsteriskAtHome.htm" "Mozilla/5.0 (Windows; U; Windows NT 5.1; en-US; rv:1.9.0.8) Gecko/2009032609 Firefox/3.0.8"
83.244.124.17 - - [22/Apr/2009:05:05:32 -0400] "GET /Asterisk/SeUpAsteriskAtHome_files/image009.jpg HTTP/1.1" 200 14238 "http://www.chayden.net/Asterisk/SeUpAsteriskAtHome.htm" "Mozilla/5.0 (Windows; U; Windows NT 5.1; en-US; rv:1.9.0.8) Gecko/2009032609 Firefox/3.0.8"
83.244.124.17 - - [22/Apr/2009:05:05:32 -0400] "GET /Asterisk/SeUpAsteriskAtHome_files/image011.jpg HTTP/1.1" 200 13078 "http://www.chayden.net/Asterisk/SeUpAsteriskAtHome.htm" "Mozilla/5.0 (Windows; U; Windows NT 5.1; en-US; rv:1.9.0.8) Gecko/2009032609 Firefox/3.0.8"
83.244.124.17 - - [22/Apr/2009:05:05:36 -0400] "GET /Asterisk/SeUpAsteriskAtHome_files/image013.jpg HTTP/1.1" 200 21296 "http://www.chayden.net/Asterisk/SeUpAsteriskAtHome.htm" "Mozilla/5.0 (Windows; U; Windows NT 5.1; en-US; rv:1.9.0.8) Gecko/2009032609 Firefox/3.0.8"
83.244.124.17 - - [22/Apr/2009:05:05:36 -0400] "GET /Asterisk/SeUpAsteriskAtHome_files/image017.jpg HTTP/1.1" 200 30515 "http://www.chayden.net/Asterisk/SeUpAsteriskAtHome.htm" "Mozilla/5.0 (Windows; U; Windows NT 5.1; en-US; rv:1.9.0.8) Gecko/2009032609 Firefox/3.0.8"
83.244.124.17 - - [22/Apr/2009:05:05:36 -0400] "GET /Asterisk/SeUpAsteriskAtHome_files/image015.jpg HTTP/1.1" 200 47335 "http://www.chayden.net/Asterisk/SeUpAsteriskAtHome.htm" "Mozilla/5.0 (Windows; U; Windows NT 5.1; en-US; rv:1.9.0.8) Gecko/2009032609 Firefox/3.0.8"
83.244.124.17 - - [22/Apr/2009:05:05:37 -0400] "GET /Asterisk/SeUpAsteriskAtHome_files/image019.jpg HTTP/1.1" 200 39902 "http://www.chayden.net/Asterisk/SeUpAsteriskAtHome.htm" "Mozilla/5.0 (Windows; U; Windows NT 5.1; en-US; rv:1.9.0.8) Gecko/2009032609 Firefox/3.0.8"
83.244.124.17 - - [22/Apr/2009:05:05:37 -0400] "GET /Asterisk/SeUpAsteriskAtHome_files/image020.gif HTTP/1.1" 200 49946 "http://www.chayden.net/Asterisk/SeUpAsteriskAtHome.htm" "Mozilla/5.0 (Windows; U; Windows NT 5.1; en-US; rv:1.9.0.8) Gecko/2009032609 Firefox/3.0.8"
83.244.124.17 - - [22/Apr/2009:05:05:38 -0400] "GET /Asterisk/SeUpAsteriskAtHome_files/image027.jpg HTTP/1.1" 200 8509 "http://www.chayden.net/Asterisk/SeUpAsteriskAtHome.htm" "Mozilla/5.0 (Windows; U; Windows NT 5.1; en-US; rv:1.9.0.8) Gecko/2009032609 Firefox/3.0.8"
83.244.124.17 - - [22/Apr/2009:05:05:39 -0400] "GET /Asterisk/SeUpAsteriskAtHome_files/image035.jpg HTTP/1.1" 200 2759 "http://www.chayden.net/Asterisk/SeUpAsteriskAtHome.htm" "Mozilla/5.0 (Windows; U; Windows NT 5.1; en-US; rv:1.9.0.8) Gecko/2009032609 Firefox/3.0.8"
83.244.124.17 - - [22/Apr/2009:05:05:38 -0400] "GET /Asterisk/SeUpAsteriskAtHome_files/image026.jpg HTTP/1.1" 200 37910 "http://www.chayden.net/Asterisk/SeUpAsteriskAtHome.htm" "Mozilla/5.0 (Windows; U; Windows NT 5.1; en-US; rv:1.9.0.8) Gecko/2009032609 Firefox/3.0.8"
83.244.124.17 - - [22/Apr/2009:05:05:37 -0400] "GET /Asterisk/SeUpAsteriskAtHome_files/image024.jpg HTTP/1.1" 200 31330 "http://www.chayden.net/Asterisk/SeUpAsteriskAtHome.htm" "Mozilla/5.0 (Windows; U; Windows NT 5.1; en-US; rv:1.9.0.8) Gecko/2009032609 Firefox/3.0.8"
83.244.124.17 - - [22/Apr/2009:05:05:39 -0400] "GET /Asterisk/SeUpAsteriskAtHome_files/image031.jpg HTTP/1.1" 200 30259 "http://www.chayden.net/Asterisk/SeUpAsteriskAtHome.htm" "Mozilla/5.0 (Windows; U; Windows NT 5.1; en-US; rv:1.9.0.8) Gecko/2009032609 Firefox/3.0.8"
83.244.124.17 - - [22/Apr/2009:05:05:39 -0400] "GET /Asterisk/SeUpAsteriskAtHome_files/image037.jpg HTTP/1.1" 200 42221 "http://www.chayden.net/Asterisk/SeUpAsteriskAtHome.htm" "Mozilla/5.0 (Windows; U; Windows NT 5.1; en-US; rv:1.9.0.8) Gecko/2009032609 Firefox/3.0.8"
83.244.124.17 - - [22/Apr/2009:05:05:40 -0400] "GET /Asterisk/SeUpAsteriskAtHome_files/image044.jpg HTTP/1.1" 200 6079 "http://www.chayden.net/Asterisk/SeUpAsteriskAtHome.htm" "Mozilla/5.0 (Windows; U; Windows NT 5.1; en-US; rv:1.9.0.8) Gecko/2009032609 Firefox/3.0.8"
83.244.124.17 - - [22/Apr/2009:05:05:39 -0400] "GET /Asterisk/SeUpAsteriskAtHome_files/image041.jpg HTTP/1.1" 200 26765 "http://www.chayden.net/Asterisk/SeUpAsteriskAtHome.htm" "Mozilla/5.0 (Windows; U; Windows NT 5.1; en-US; rv:1.9.0.8) Gecko/2009032609 Firefox/3.0.8"
83.244.124.17 - - [22/Apr/2009:05:05:40 -0400] "GET /Asterisk/SeUpAsteriskAtHome_files/image046.jpg HTTP/1.1" 200 35168 "http://www.chayden.net/Asterisk/SeUpAsteriskAtHome.htm" "Mozilla/5.0 (Windows; U; Windows NT 5.1; en-US; rv:1.9.0.8) Gecko/2009032609 Firefox/3.0.8"
83.244.124.17 - - [22/Apr/2009:05:05:40 -0400] "GET /Asterisk/SeUpAsteriskAtHome_files/image043.jpg HTTP/1.1" 200 22658 "http://www.chayden.net/Asterisk/SeUpAsteriskAtHome.htm" "Mozilla/5.0 (Windows; U; Windows NT 5.1; en-US; rv:1.9.0.8) Gecko/2009032609 Firefox/3.0.8"
117.195.136.113 - - [22/Apr/2009:05:05:42 -0400] "GET /favicon.ico HTTP/1.1" 404 292 "-" "Mozilla/5.0 (Windows; U; Windows NT 5.1; en-US; rv:1.9.0.8) Gecko/2009032609 Firefox/3.0.8"
117.195.136.113 - - [22/Apr/2009:05:05:43 -0400] "GET /favicon.ico HTTP/1.1" 404 292 "-" "Mozilla/5.0 (Windows; U; Windows NT 5.1; en-US; rv:1.9.0.8) Gecko/2009032609 Firefox/3.0.8"
59.94.189.111 - - [22/Apr/2009:05:05:44 -0400] "GET /Asterisk/SeUpAsteriskAtHome.htm HTTP/1.1" 200 178181 "-" "Mozilla/5.0 (Windows; U; Windows NT 5.1; en-US; rv:1.9.0.9) Gecko/2009040821 Firefox/3.0.9 (.NET CLR 3.5.30729)"
59.94.189.111 - - [22/Apr/2009:05:05:54 -0400] "GET /Asterisk/SeUpAsteriskAtHome_files/image001.gif HTTP/1.1" 200 2324 "http://www.chayden.net/Asterisk/SeUpAsteriskAtHome.htm" "Mozilla/5.0 (Windows; U; Windows NT 5.1; en-US; rv:1.9.0.9) Gecko/2009040821 Firefox/3.0.9 (.NET CLR 3.5.30729)"
59.94.189.111 - - [22/Apr/2009:05:05:55 -0400] "GET /Asterisk/SeUpAsteriskAtHome_files/image003.jpg HTTP/1.1" 200 5132 "http://www.chayden.net/Asterisk/SeUpAsteriskAtHome.htm" "Mozilla/5.0 (Windows; U; Windows NT 5.1; en-US; rv:1.9.0.9) Gecko/2009040821 Firefox/3.0.9 (.NET CLR 3.5.30729)"
59.94.189.111 - - [22/Apr/2009:05:05:55 -0400] "GET /Asterisk/SeUpAsteriskAtHome_files/image004.gif HTTP/1.1" 200 6404 "http://www.chayden.net/Asterisk/SeUpAsteriskAtHome.htm" "Mozilla/5.0 (Windows; U; Windows NT 5.1; en-US; rv:1.9.0.9) Gecko/2009040821 Firefox/3.0.9 (.NET CLR 3.5.30729)"
59.94.189.111 - - [22/Apr/2009:05:05:56 -0400] "GET /Asterisk/SeUpAsteriskAtHome_files/image005.gif HTTP/1.1" 200 4365 "http://www.chayden.net/Asterisk/SeUpAsteriskAtHome.htm" "Mozilla/5.0 (Windows; U; Windows NT 5.1; en-US; rv:1.9.0.9) Gecko/2009040821 Firefox/3.0.9 (.NET CLR 3.5.30729)"
59.94.189.111 - - [22/Apr/2009:05:05:56 -0400] "GET /Asterisk/SeUpAsteriskAtHome_files/image007.gif HTTP/1.1" 200 5284 "http://www.chayden.net/Asterisk/SeUpAsteriskAtHome.htm" "Mozilla/5.0 (Windows; U; Windows NT 5.1; en-US; rv:1.9.0.9) Gecko/2009040821 Firefox/3.0.9 (.NET CLR 3.5.30729)"
59.94.189.111 - - [22/Apr/2009:05:05:57 -0400] "GET /Asterisk/SeUpAsteriskAtHome_files/image009.jpg HTTP/1.1" 200 14238 "http://www.chayden.net/Asterisk/SeUpAsteriskAtHome.htm" "Mozilla/5.0 (Windows; U; Windows NT 5.1; en-US; rv:1.9.0.9) Gecko/2009040821 Firefox/3.0.9 (.NET CLR 3.5.30729)"
59.94.189.111 - - [22/Apr/2009:05:05:57 -0400] "GET /Asterisk/SeUpAsteriskAtHome_files/image011.jpg HTTP/1.1" 200 13078 "http://www.chayden.net/Asterisk/SeUpAsteriskAtHome.htm" "Mozilla/5.0 (Windows; U; Windows NT 5.1; en-US; rv:1.9.0.9) Gecko/2009040821 Firefox/3.0.9 (.NET CLR 3.5.30729)"
59.94.189.111 - - [22/Apr/2009:05:05:56 -0400] "GET /Asterisk/SeUpAsteriskAtHome_files/image006.gif HTTP/1.1" 200 33832 "http://www.chayden.net/Asterisk/SeUpAsteriskAtHome.htm" "Mozilla/5.0 (Windows; U; Windows NT 5.1; en-US; rv:1.9.0.9) Gecko/2009040821 Firefox/3.0.9 (.NET CLR 3.5.30729)"
59.94.189.111 - - [22/Apr/2009:05:05:58 -0400] "GET /Asterisk/SeUpAsteriskAtHome_files/image013.jpg HTTP/1.1" 200 21296 "http://www.chayden.net/Asterisk/SeUpAsteriskAtHome.htm" "Mozilla/5.0 (Windows; U; Windows NT 5.1; en-US; rv:1.9.0.9) Gecko/2009040821 Firefox/3.0.9 (.NET CLR 3.5.30729)"
59.94.189.111 - - [22/Apr/2009:05:05:59 -0400] "GET /Asterisk/SeUpAsteriskAtHome_files/image017.jpg HTTP/1.1" 200 30515 "http://www.chayden.net/Asterisk/SeUpAsteriskAtHome.htm" "Mozilla/5.0 (Windows; U; Windows NT 5.1; en-US; rv:1.9.0.9) Gecko/2009040821 Firefox/3.0.9 (.NET CLR 3.5.30729)"
59.94.189.111 - - [22/Apr/2009:05:05:59 -0400] "GET /Asterisk/SeUpAsteriskAtHome_files/image019.jpg HTTP/1.1" 200 39902 "http://www.chayden.net/Asterisk/SeUpAsteriskAtHome.htm" "Mozilla/5.0 (Windows; U; Windows NT 5.1; en-US; rv:1.9.0.9) Gecko/2009040821 Firefox/3.0.9 (.NET CLR 3.5.30729)"
59.94.189.111 - - [22/Apr/2009:05:05:58 -0400] "GET /Asterisk/SeUpAsteriskAtHome_files/image015.jpg HTTP/1.1" 200 47335 "http://www.chayden.net/Asterisk/SeUpAsteriskAtHome.htm" "Mozilla/5.0 (Windows; U; Windows NT 5.1; en-US; rv:1.9.0.9) Gecko/2009040821 Firefox/3.0.9 (.NET CLR 3.5.30729)"
59.94.189.111 - - [22/Apr/2009:05:05:59 -0400] "GET /Asterisk/SeUpAsteriskAtHome_files/image020.gif HTTP/1.1" 200 49946 "http://www.chayden.net/Asterisk/SeUpAsteriskAtHome.htm" "Mozilla/5.0 (Windows; U; Windows NT 5.1; en-US; rv:1.9.0.9) Gecko/2009040821 Firefox/3.0.9 (.NET CLR 3.5.30729)"
59.94.189.111 - - [22/Apr/2009:05:06:01 -0400] "GET /Asterisk/SeUpAsteriskAtHome_files/image027.jpg HTTP/1.1" 200 8509 "http://www.chayden.net/Asterisk/SeUpAsteriskAtHome.htm" "Mozilla/5.0 (Windows; U; Windows NT 5.1; en-US; rv:1.9.0.9) Gecko/2009040821 Firefox/3.0.9 (.NET CLR 3.5.30729)"
72.30.65.28 - - [22/Apr/2009:05:06:02 -0400] "GET /Catskills/pano/?C=D;O=D HTTP/1.0" 200 1561 "-" "Mozilla/5.0 (compatible; Yahoo! Slurp/3.0; http://help.yahoo.com/help/us/ysearch/slurp)"
59.94.189.111 - - [22/Apr/2009:05:06:00 -0400] "GET /Asterisk/SeUpAsteriskAtHome_files/image022.jpg HTTP/1.1" 200 34633 "http://www.chayden.net/Asterisk/SeUpAsteriskAtHome.htm" "Mozilla/5.0 (Windows; U; Windows NT 5.1; en-US; rv:1.9.0.9) Gecko/2009040821 Firefox/3.0.9 (.NET CLR 3.5.30729)"
59.94.189.111 - - [22/Apr/2009:05:06:01 -0400] "GET /Asterisk/SeUpAsteriskAtHome_files/image024.jpg HTTP/1.1" 200 31330 "http://www.chayden.net/Asterisk/SeUpAsteriskAtHome.htm" "Mozilla/5.0 (Windows; U; Windows NT 5.1; en-US; rv:1.9.0.9) Gecko/2009040821 Firefox/3.0.9 (.NET CLR 3.5.30729)"
59.94.189.111 - - [22/Apr/2009:05:06:03 -0400] "GET /Asterisk/SeUpAsteriskAtHome_files/image035.jpg HTTP/1.1" 200 2759 "http://www.chayden.net/Asterisk/SeUpAsteriskAtHome.htm" "Mozilla/5.0 (Windows; U; Windows NT 5.1; en-US; rv:1.9.0.9) Gecko/2009040821 Firefox/3.0.9 (.NET CLR 3.5.30729)"
59.94.189.111 - - [22/Apr/2009:05:06:02 -0400] "GET /Asterisk/SeUpAsteriskAtHome_files/image031.jpg HTTP/1.1" 200 30259 "http://www.chayden.net/Asterisk/SeUpAsteriskAtHome.htm" "Mozilla/5.0 (Windows; U; Windows NT 5.1; en-US; rv:1.9.0.9) Gecko/2009040821 Firefox/3.0.9 (.NET CLR 3.5.30729)"
59.94.189.111 - - [22/Apr/2009:05:06:01 -0400] "GET /Asterisk/SeUpAsteriskAtHome_files/image026.jpg HTTP/1.1" 200 37910 "http://www.chayden.net/Asterisk/SeUpAsteriskAtHome.htm" "Mozilla/5.0 (Windows; U; Windows NT 5.1; en-US; rv:1.9.0.9) Gecko/2009040821 Firefox/3.0.9 (.NET CLR 3.5.30729)"
59.94.189.111 - - [22/Apr/2009:05:06:03 -0400] "GET /Asterisk/SeUpAsteriskAtHome_files/image039.jpg HTTP/1.1" 200 1921 "http://www.chayden.net/Asterisk/SeUpAsteriskAtHome.htm" "Mozilla/5.0 (Windows; U; Windows NT 5.1; en-US; rv:1.9.0.9) Gecko/2009040821 Firefox/3.0.9 (.NET CLR 3.5.30729)"
59.94.189.111 - - [22/Apr/2009:05:06:02 -0400] "GET /Asterisk/SeUpAsteriskAtHome_files/image033.jpg HTTP/1.1" 200 30788 "http://www.chayden.net/Asterisk/SeUpAsteriskAtHome.htm" "Mozilla/5.0 (Windows; U; Windows NT 5.1; en-US; rv:1.9.0.9) Gecko/2009040821 Firefox/3.0.9 (.NET CLR 3.5.30729)"
59.94.189.111 - - [22/Apr/2009:05:06:04 -0400] "GET /Asterisk/SeUpAsteriskAtHome_files/image044.jpg HTTP/1.1" 200 6079 "http://www.chayden.net/Asterisk/SeUpAsteriskAtHome.htm" "Mozilla/5.0 (Windows; U; Windows NT 5.1; en-US; rv:1.9.0.9) Gecko/2009040821 Firefox/3.0.9 (.NET CLR 3.5.30729)"
59.94.189.111 - - [22/Apr/2009:05:06:03 -0400] "GET /Asterisk/SeUpAsteriskAtHome_files/image037.jpg HTTP/1.1" 200 42221 "http://www.chayden.net/Asterisk/SeUpAsteriskAtHome.htm" "Mozilla/5.0 (Windows; U; Windows NT 5.1; en-US; rv:1.9.0.9) Gecko/2009040821 Firefox/3.0.9 (.NET CLR 3.5.30729)"
59.94.189.111 - - [22/Apr/2009:05:06:04 -0400] "GET /Asterisk/SeUpAsteriskAtHome_files/image041.jpg HTTP/1.1" 200 26765 "http://www.chayden.net/Asterisk/SeUpAsteriskAtHome.htm" "Mozilla/5.0 (Windows; U; Windows NT 5.1; en-US; rv:1.9.0.9) Gecko/2009040821 Firefox/3.0.9 (.NET CLR 3.5.30729)"
59.94.189.111 - - [22/Apr/2009:05:06:04 -0400] "GET /Asterisk/SeUpAsteriskAtHome_files/image043.jpg HTTP/1.1" 200 22658 "http://www.chayden.net/Asterisk/SeUpAsteriskAtHome.htm" "Mozilla/5.0 (Windows; U; Windows NT 5.1; en-US; rv:1.9.0.9) Gecko/2009040821 Firefox/3.0.9 (.NET CLR 3.5.30729)"
59.94.189.111 - - [22/Apr/2009:05:06:04 -0400] "GET /Asterisk/SeUpAsteriskAtHome_files/image046.jpg HTTP/1.1" 200 35168 "http://www.chayden.net/Asterisk/SeUpAsteriskAtHome.htm" "Mozilla/5.0 (Windows; U; Windows NT 5.1; en-US; rv:1.9.0.9) Gecko/2009040821 Firefox/3.0.9 (.NET CLR 3.5.30729)"
59.94.189.111 - - [22/Apr/2009:05:06:02 -0400] "GET /Asterisk/SeUpAsteriskAtHome_files/image029.jpg HTTP/1.1" 200 43404 "http://www.chayden.net/Asterisk/SeUpAsteriskAtHome.htm" "Mozilla/5.0 (Windows; U; Windows NT 5.1; en-US; rv:1.9.0.9) Gecko/2009040821 Firefox/3.0.9 (.NET CLR 3.5.30729)"
59.94.189.111 - - [22/Apr/2009:05:06:10 -0400] "GET /favicon.ico HTTP/1.1" 404 292 "-" "Mozilla/5.0 (Windows; U; Windows NT 5.1; en-US; rv:1.9.0.9) Gecko/2009040821 Firefox/3.0.9 (.NET CLR 3.5.30729)"
59.94.189.111 - - [22/Apr/2009:05:06:13 -0400] "GET /favicon.ico HTTP/1.1" 404 292 "-" "Mozilla/5.0 (Windows; U; Windows NT 5.1; en-US; rv:1.9.0.9) Gecko/2009040821 Firefox/3.0.9 (.NET CLR 3.5.30729)"
62.90.252.210 - - [22/Apr/2009:05:06:20 -0400] "GET /Asterisk/SeUpAsteriskAtHome.htm HTTP/1.1" 200 178181 "http://www.google.com/search?hl=en&q=step+by+step+configeration+in+setting+up+a+pbx+system&aq=o&oq=" "Mozilla/4.0 (compatible; MSIE 6.0; Windows NT 5.1; SV1)"
62.90.252.210 - - [22/Apr/2009:05:06:28 -0400] "GET /Asterisk/SeUpAsteriskAtHome_files/image001.gif HTTP/1.1" 200 2324 "-" "Mozilla/4.0 (compatible; MSIE 6.0; Windows NT 5.1; SV1)"
62.90.252.210 - - [22/Apr/2009:05:06:32 -0400] "GET /Asterisk/SeUpAsteriskAtHome_files/image002.png HTTP/1.1" 200 8522 "-" "Mozilla/4.0 (compatible; MSIE 6.0; Windows NT 5.1; SV1)"
62.90.252.210 - - [22/Apr/2009:05:06:37 -0400] "GET /Asterisk/SeUpAsteriskAtHome_files/image003.jpg HTTP/1.1" 200 5132 "http://chayden.net/Asterisk/SeUpAsteriskAtHome.htm" "Mozilla/4.0 (compatible; MSIE 6.0; Windows NT 5.1; SV1)"
62.90.252.210 - - [22/Apr/2009:05:06:40 -0400] "GET /Asterisk/SeUpAsteriskAtHome_files/image004.gif HTTP/1.1" 200 6404 "-" "Mozilla/4.0 (compatible; MSIE 6.0; Windows NT 5.1; SV1)"
62.90.252.210 - - [22/Apr/2009:05:06:45 -0400] "GET /Asterisk/SeUpAsteriskAtHome_files/image005.gif HTTP/1.1" 200 4365 "-" "Mozilla/4.0 (compatible; MSIE 6.0; Windows NT 5.1; SV1)"
62.90.252.210 - - [22/Apr/2009:05:06:49 -0400] "GET /Asterisk/SeUpAsteriskAtHome_files/image006.gif HTTP/1.1" 200 33832 "-" "Mozilla/4.0 (compatible; MSIE 6.0; Windows NT 5.1; SV1)"
62.90.252.210 - - [22/Apr/2009:05:06:55 -0400] "GET /Asterisk/SeUpAsteriskAtHome_files/image007.gif HTTP/1.1" 200 5284 "-" "Mozilla/4.0 (compatible; MSIE 6.0; Windows NT 5.1; SV1)"
83.244.124.17 - - [22/Apr/2009:05:06:56 -0400] "GET /favicon.ico HTTP/1.1" 404 292 "-" "Mozilla/5.0 (Windows; U; Windows NT 5.1; en-US; rv:1.9.0.8) Gecko/2009032609 Firefox/3.0.8"
83.244.124.17 - - [22/Apr/2009:05:06:57 -0400] "GET /favicon.ico HTTP/1.1" 404 292 "-" "Mozilla/5.0 (Windows; U; Windows NT 5.1; en-US; rv:1.9.0.8) Gecko/2009032609 Firefox/3.0.8"
62.90.252.210 - - [22/Apr/2009:05:06:58 -0400] "GET /Asterisk/SeUpAsteriskAtHome_files/image008.png HTTP/1.1" 200 9707 "-" "Mozilla/4.0 (compatible; MSIE 6.0; Windows NT 5.1; SV1)"
62.90.252.210 - - [22/Apr/2009:05:06:59 -0400] "GET /Asterisk/SeUpAsteriskAtHome_files/image009.jpg HTTP/1.1" 200 14238 "http://chayden.net/Asterisk/SeUpAsteriskAtHome.htm" "Mozilla/4.0 (compatible; MSIE 6.0; Windows NT 5.1; SV1)"
62.90.252.210 - - [22/Apr/2009:05:07:00 -0400] "GET /Asterisk/SeUpAsteriskAtHome_files/image010.png HTTP/1.1" 200 8528 "-" "Mozilla/4.0 (compatible; MSIE 6.0; Windows NT 5.1; SV1)"
62.90.252.210 - - [22/Apr/2009:05:07:02 -0400] "GET /Asterisk/SeUpAsteriskAtHome_files/image011.jpg HTTP/1.1" 200 13078 "http://chayden.net/Asterisk/SeUpAsteriskAtHome.htm" "Mozilla/4.0 (compatible; MSIE 6.0; Windows NT 5.1; SV1)"
62.90.252.210 - - [22/Apr/2009:05:07:08 -0400] "GET /Asterisk/SeUpAsteriskAtHome_files/image012.png HTTP/1.1" 200 13317 "-" "Mozilla/4.0 (compatible; MSIE 6.0; Windows NT 5.1; SV1)"
62.90.252.210 - - [22/Apr/2009:05:07:09 -0400] "GET /Asterisk/SeUpAsteriskAtHome_files/image013.jpg HTTP/1.1" 200 21296 "http://chayden.net/Asterisk/SeUpAsteriskAtHome.htm" "Mozilla/4.0 (compatible; MSIE 6.0; Windows NT 5.1; SV1)"
62.90.252.210 - - [22/Apr/2009:05:07:11 -0400] "GET /Asterisk/SeUpAsteriskAtHome_files/image014.png HTTP/1.1" 200 29314 "-" "Mozilla/4.0 (compatible; MSIE 6.0; Windows NT 5.1; SV1)"
62.90.252.210 - - [22/Apr/2009:05:07:13 -0400] "GET /Asterisk/SeUpAsteriskAtHome_files/image015.jpg HTTP/1.1" 200 47335 "http://chayden.net/Asterisk/SeUpAsteriskAtHome.htm" "Mozilla/4.0 (compatible; MSIE 6.0; Windows NT 5.1; SV1)"
62.90.252.210 - - [22/Apr/2009:05:07:16 -0400] "GET /Asterisk/SeUpAsteriskAtHome_files/image016.png HTTP/1.1" 200 25414 "-" "Mozilla/4.0 (compatible; MSIE 6.0; Windows NT 5.1; SV1)"
62.90.252.210 - - [22/Apr/2009:05:07:20 -0400] "GET /Asterisk/SeUpAsteriskAtHome_files/image018.png HTTP/1.1" 200 19123 "-" "Mozilla/4.0 (compatible; MSIE 6.0; Windows NT 5.1; SV1)"
62.90.252.210 - - [22/Apr/2009:05:07:20 -0400] "GET /Asterisk/SeUpAsteriskAtHome_files/image017.jpg HTTP/1.1" 200 30515 "http://chayden.net/Asterisk/SeUpAsteriskAtHome.htm" "Mozilla/4.0 (compatible; MSIE 6.0; Windows NT 5.1; SV1)"
62.90.252.210 - - [22/Apr/2009:05:07:24 -0400] "GET /Asterisk/SeUpAsteriskAtHome_files/image019.jpg HTTP/1.1" 200 39902 "http://chayden.net/Asterisk/SeUpAsteriskAtHome.htm" "Mozilla/4.0 (compatible; MSIE 6.0; Windows NT 5.1; SV1)"
62.90.252.210 - - [22/Apr/2009:05:07:24 -0400] "GET /Asterisk/SeUpAsteriskAtHome_files/image020.gif HTTP/1.1" 200 49946 "-" "Mozilla/4.0 (compatible; MSIE 6.0; Windows NT 5.1; SV1)"
62.90.252.210 - - [22/Apr/2009:05:07:30 -0400] "GET /Asterisk/SeUpAsteriskAtHome_files/image021.png HTTP/1.1" 200 18492 "-" "Mozilla/4.0 (compatible; MSIE 6.0; Windows NT 5.1; SV1)"
62.90.252.210 - - [22/Apr/2009:05:07:30 -0400] "GET /Asterisk/SeUpAsteriskAtHome_files/image022.jpg HTTP/1.1" 200 34633 "http://chayden.net/Asterisk/SeUpAsteriskAtHome.htm" "Mozilla/4.0 (compatible; MSIE 6.0; Windows NT 5.1; SV1)"
117.195.141.149 - - [22/Apr/2009:05:06:39 -0400] "GET /Runs/Adidas/tree.jpg HTTP/1.1" 200 976780 "http://savitabhabhi.com/fanclub/showthread.php?tid=9192&page=20" "Mozilla/5.0 (Windows; U; Windows NT 5.1; en-US) AppleWebKit/525.19 (KHTML, like Gecko) Chrome/1.0.154.53 Safari/525.19"
