208.111.154.27 - - [08/Apr/2009:06:43:26 -0400] "GET /Sierra86/Sierra86.html HTTP/1.1" 304 - "-" "Mozilla/5.0 (compatible; Charlotte/1.1; http://www.searchme.com/support/)"
65.246.63.68 - - [08/Apr/2009:06:44:12 -0400] "GET /Catskills/Catskills.html HTTP/1.1" 304 - "http://www.google.com/search?hl=en&ei=9H_cSYWeBc75lAfg1Yz3DQ&sa=X&oi=spell&resnum=0&ct=result&cd=1&q=catskills+hiking&spell=1" "Mozilla/4.0 (compatible; MSIE 6.0; Windows NT 5.1; SV1; .NET CLR 2.0.50727; .NET CLR 3.0.04506.30; .NET CLR 1.1.4322; .NET CLR 3.0.04506.648)"
65.246.63.68 - - [08/Apr/2009:06:44:12 -0400] "GET /includes/hikes.css HTTP/1.1" 304 - "http://www.chayden.net/Catskills/Catskills.html" "Mozilla/4.0 (compatible; MSIE 6.0; Windows NT 5.1; SV1; .NET CLR 2.0.50727; .NET CLR 3.0.04506.30; .NET CLR 1.1.4322; .NET CLR 3.0.04506.648)"
65.246.63.68 - - [08/Apr/2009:06:44:12 -0400] "GET /Catskills/Peaks.gif HTTP/1.1" 304 - "http://www.chayden.net/Catskills/Catskills.html" "Mozilla/4.0 (compatible; MSIE 6.0; Windows NT 5.1; SV1; .NET CLR 2.0.50727; .NET CLR 3.0.04506.30; .NET CLR 1.1.4322; .NET CLR 3.0.04506.648)"
74.6.22.155 - - [08/Apr/2009:06:45:49 -0400] "GET / HTTP/1.0" 200 21908 "-" "Mozilla/5.0 (compatible; Yahoo! Slurp/3.0; http://help.yahoo.com/help/us/ysearch/slurp)"
65.246.63.68 - - [08/Apr/2009:06:48:26 -0400] "GET /favicon.ico HTTP/1.1" 404 292 "-" "Mozilla/4.0 (compatible; MSIE 6.0; Windows NT 5.1; SV1; .NET CLR 2.0.50727; .NET CLR 3.0.04506.30; .NET CLR 1.1.4322; .NET CLR 3.0.04506.648)"
212.14.233.130 - - [08/Apr/2009:06:52:27 -0400] "GET /Asterisk/favicon.ico HTTP/1.1" 404 301 "-" "Mozilla/4.0 (compatible; GoogleToolbar 5.0.2124.6042; Windows XP 5.1; MSIE 7.0.5730.13)"
212.14.233.130 - - [08/Apr/2009:06:52:28 -0400] "GET /Asterisk/favicon.gif HTTP/1.1" 404 301 "-" "Mozilla/4.0 (compatible; GoogleToolbar 5.0.2124.6042; Windows XP 5.1; MSIE 7.0.5730.13)"
72.193.170.175 - - [08/Apr/2009:06:53:27 -0400] "HEAD /favicon.ico HTTP/1.1" 404 - "-" "Mozilla/5.0 (Windows; U; Windows NT 5.1; en-US; rv:1.9.0.8) Gecko/2009032609 Firefox/3.0.8"
74.79.154.53 - - [08/Apr/2009:06:53:53 -0400] "GET /Catskills/Notes/P4100015.jpg HTTP/1.1" 200 25698 "-" "Mozilla/4.0 (compatible; MSIE 6.0; Windows NT 5.1; SV1; GTB5; .NET CLR 2.0.50727; .NET CLR 3.0.04506.30)"
74.79.154.53 - - [08/Apr/2009:06:53:54 -0400] "GET /Catskills/Notes/AircraftCrashes.html HTTP/1.1" 200 25661 "-" "Mozilla/4.0 (compatible; MSIE 6.0; Windows NT 5.1; SV1; GTB5; .NET CLR 2.0.50727; .NET CLR 3.0.04506.30)"
74.79.154.53 - - [08/Apr/2009:06:53:54 -0400] "GET /Catskills/Notes/4254_400.jpg HTTP/1.1" 200 21802 "-" "Mozilla/4.0 (compatible; MSIE 6.0; Windows NT 5.1; SV1; GTB5; .NET CLR 2.0.50727; .NET CLR 3.0.04506.30)"
74.79.154.53 - - [08/Apr/2009:06:53:55 -0400] "GET /Catskills/Notes/southmtn1.jpg HTTP/1.1" 200 15721 "-" "Mozilla/4.0 (compatible; MSIE 6.0; Windows NT 5.1; SV1; GTB5; .NET CLR 2.0.50727; .NET CLR 3.0.04506.30)"
74.79.154.53 - - [08/Apr/2009:06:53:55 -0400] "GET /Catskills/Notes/highpeak1.jpg HTTP/1.1" 200 47771 "-" "Mozilla/4.0 (compatible; MSIE 6.0; Windows NT 5.1; SV1; GTB5; .NET CLR 2.0.50727; .NET CLR 3.0.04506.30)"
74.79.154.53 - - [08/Apr/2009:06:53:56 -0400] "GET /Catskills/Notes/34448_200.jpg HTTP/1.1" 200 21323 "-" "Mozilla/4.0 (compatible; MSIE 6.0; Windows NT 5.1; SV1; GTB5; .NET CLR 2.0.50727; .NET CLR 3.0.04506.30)"
74.79.154.53 - - [08/Apr/2009:06:53:56 -0400] "GET /Catskills/Notes/PA300264.JPG HTTP/1.1" 200 25788 "-" "Mozilla/4.0 (compatible; MSIE 6.0; Windows NT 5.1; SV1; GTB5; .NET CLR 2.0.50727; .NET CLR 3.0.04506.30)"
74.79.154.53 - - [08/Apr/2009:06:53:57 -0400] "GET /Catskills/Notes/PA300277.JPG HTTP/1.1" 200 26026 "-" "Mozilla/4.0 (compatible; MSIE 6.0; Windows NT 5.1; SV1; GTB5; .NET CLR 2.0.50727; .NET CLR 3.0.04506.30)"
74.79.154.53 - - [08/Apr/2009:06:53:57 -0400] "GET /Catskills/Notes/PA300285.JPG HTTP/1.1" 200 25706 "-" "Mozilla/4.0 (compatible; MSIE 6.0; Windows NT 5.1; SV1; GTB5; .NET CLR 2.0.50727; .NET CLR 3.0.04506.30)"
74.79.154.53 - - [08/Apr/2009:06:53:58 -0400] "GET /Catskills/PantherCrash2006/P4070795.JPG HTTP/1.1" 200 15579 "-" "Mozilla/4.0 (compatible; MSIE 6.0; Windows NT 5.1; SV1; GTB5; .NET CLR 2.0.50727; .NET CLR 3.0.04506.30)"
74.79.154.53 - - [08/Apr/2009:06:53:58 -0400] "GET /Catskills/Notes/P4080874.jpg HTTP/1.1" 200 23051 "-" "Mozilla/4.0 (compatible; MSIE 6.0; Windows NT 5.1; SV1; GTB5; .NET CLR 2.0.50727; .NET CLR 3.0.04506.30)"
74.79.154.53 - - [08/Apr/2009:06:54:09 -0400] "GET /Catskills/PantherCrash2006/index.html HTTP/1.1" 200 10311 "-" "Mozilla/4.0 (compatible; MSIE 6.0; Windows NT 5.1; SV1; GTB5; .NET CLR 2.0.50727; .NET CLR 3.0.04506.30)"
74.79.154.53 - - [08/Apr/2009:06:54:10 -0400] "GET /Catskills/PantherCrash2006/P4070806.JPG HTTP/1.1" 200 20629 "-" "Mozilla/4.0 (compatible; MSIE 6.0; Windows NT 5.1; SV1; GTB5; .NET CLR 2.0.50727; .NET CLR 3.0.04506.30)"
74.79.154.53 - - [08/Apr/2009:06:54:10 -0400] "GET /Catskills/PantherCrash2006/P4080844.JPG HTTP/1.1" 200 26719 "-" "Mozilla/4.0 (compatible; MSIE 6.0; Windows NT 5.1; SV1; GTB5; .NET CLR 2.0.50727; .NET CLR 3.0.04506.30)"
74.79.154.53 - - [08/Apr/2009:06:54:10 -0400] "GET /Catskills/PantherCrash2006/map.gif HTTP/1.1" 200 122880 "-" "Mozilla/4.0 (compatible; MSIE 6.0; Windows NT 5.1; SV1; GTB5; .NET CLR 2.0.50727; .NET CLR 3.0.04506.30)"
74.79.154.53 - - [08/Apr/2009:06:54:11 -0400] "GET /Catskills/PantherCrash2006/P4070809.JPG HTTP/1.1" 200 20271 "-" "Mozilla/4.0 (compatible; MSIE 6.0; Windows NT 5.1; SV1; GTB5; .NET CLR 2.0.50727; .NET CLR 3.0.04506.30)"
74.79.154.53 - - [08/Apr/2009:06:54:12 -0400] "GET /Catskills/PantherCrash2006/P4080842.JPG HTTP/1.1" 200 24926 "-" "Mozilla/4.0 (compatible; MSIE 6.0; Windows NT 5.1; SV1; GTB5; .NET CLR 2.0.50727; .NET CLR 3.0.04506.30)"
74.79.154.53 - - [08/Apr/2009:06:54:12 -0400] "GET /Catskills/PantherCrash2006/P4080852.JPG HTTP/1.1" 200 20340 "-" "Mozilla/4.0 (compatible; MSIE 6.0; Windows NT 5.1; SV1; GTB5; .NET CLR 2.0.50727; .NET CLR 3.0.04506.30)"
74.79.154.53 - - [08/Apr/2009:06:54:12 -0400] "GET /Catskills/PantherCrash2006/P4080878.JPG HTTP/1.1" 200 21230 "-" "Mozilla/4.0 (compatible; MSIE 6.0; Windows NT 5.1; SV1; GTB5; .NET CLR 2.0.50727; .NET CLR 3.0.04506.30)"
74.79.154.53 - - [08/Apr/2009:06:54:12 -0400] "GET /Catskills/PantherCrash2006/P4080862.JPG HTTP/1.1" 200 38702 "-" "Mozilla/4.0 (compatible; MSIE 6.0; Windows NT 5.1; SV1; GTB5; .NET CLR 2.0.50727; .NET CLR 3.0.04506.30)"
74.79.154.53 - - [08/Apr/2009:06:54:13 -0400] "GET /Catskills/PantherCrash2006/P4080870.JPG HTTP/1.1" 200 22535 "-" "Mozilla/4.0 (compatible; MSIE 6.0; Windows NT 5.1; SV1; GTB5; .NET CLR 2.0.50727; .NET CLR 3.0.04506.30)"
74.79.154.53 - - [08/Apr/2009:06:54:37 -0400] "GET /Catskills/Halcott2005/index.html HTTP/1.1" 200 15470 "-" "Mozilla/4.0 (compatible; MSIE 6.0; Windows NT 5.1; SV1; GTB5; .NET CLR 2.0.50727; .NET CLR 3.0.04506.30)"
74.79.154.53 - - [08/Apr/2009:06:54:38 -0400] "GET /Catskills/Halcott2005/Halcott.gif HTTP/1.1" 200 53195 "-" "Mozilla/4.0 (compatible; MSIE 6.0; Windows NT 5.1; SV1; GTB5; .NET CLR 2.0.50727; .NET CLR 3.0.04506.30)"
74.79.154.53 - - [08/Apr/2009:06:54:38 -0400] "GET /Catskills/Halcott2005/Friday.gif HTTP/1.1" 200 41125 "-" "Mozilla/4.0 (compatible; MSIE 6.0; Windows NT 5.1; SV1; GTB5; .NET CLR 2.0.50727; .NET CLR 3.0.04506.30)"
74.79.154.53 - - [08/Apr/2009:06:54:39 -0400] "GET /Catskills/Halcott2005/images/PA290255.JPG HTTP/1.1" 200 25360 "-" "Mozilla/4.0 (compatible; MSIE 6.0; Windows NT 5.1; SV1; GTB5; .NET CLR 2.0.50727; .NET CLR 3.0.04506.30)"
74.79.154.53 - - [08/Apr/2009:06:54:39 -0400] "GET /Catskills/Halcott2005/images/PA290240.JPG HTTP/1.1" 200 22548 "-" "Mozilla/4.0 (compatible; MSIE 6.0; Windows NT 5.1; SV1; GTB5; .NET CLR 2.0.50727; .NET CLR 3.0.04506.30)"
74.79.154.53 - - [08/Apr/2009:06:54:39 -0400] "GET /Catskills/Halcott2005/images/PA290239.JPG HTTP/1.1" 200 17224 "-" "Mozilla/4.0 (compatible; MSIE 6.0; Windows NT 5.1; SV1; GTB5; .NET CLR 2.0.50727; .NET CLR 3.0.04506.30)"
74.79.154.53 - - [08/Apr/2009:06:54:39 -0400] "GET /Catskills/Halcott2005/images/PA290248.JPG HTTP/1.1" 200 24053 "-" "Mozilla/4.0 (compatible; MSIE 6.0; Windows NT 5.1; SV1; GTB5; .NET CLR 2.0.50727; .NET CLR 3.0.04506.30)"
74.79.154.53 - - [08/Apr/2009:06:54:40 -0400] "GET /Catskills/Halcott2005/images/PA300310.JPG HTTP/1.1" 200 23542 "-" "Mozilla/4.0 (compatible; MSIE 6.0; Windows NT 5.1; SV1; GTB5; .NET CLR 2.0.50727; .NET CLR 3.0.04506.30)"
74.79.154.53 - - [08/Apr/2009:06:54:40 -0400] "GET /Catskills/Halcott2005/images/PA300307.JPG HTTP/1.1" 200 20290 "-" "Mozilla/4.0 (compatible; MSIE 6.0; Windows NT 5.1; SV1; GTB5; .NET CLR 2.0.50727; .NET CLR 3.0.04506.30)"
74.79.154.53 - - [08/Apr/2009:06:54:41 -0400] "GET /Catskills/Halcott2005/images/PA300267.JPG HTTP/1.1" 200 23574 "-" "Mozilla/4.0 (compatible; MSIE 6.0; Windows NT 5.1; SV1; GTB5; .NET CLR 2.0.50727; .NET CLR 3.0.04506.30)"
74.79.154.53 - - [08/Apr/2009:06:54:41 -0400] "GET /Catskills/Halcott2005/images/PA300264.JPG HTTP/1.1" 200 25788 "-" "Mozilla/4.0 (compatible; MSIE 6.0; Windows NT 5.1; SV1; GTB5; .NET CLR 2.0.50727; .NET CLR 3.0.04506.30)"
74.79.154.53 - - [08/Apr/2009:06:54:41 -0400] "GET /Catskills/Halcott2005/images/PA300301.JPG HTTP/1.1" 200 18691 "-" "Mozilla/4.0 (compatible; MSIE 6.0; Windows NT 5.1; SV1; GTB5; .NET CLR 2.0.50727; .NET CLR 3.0.04506.30)"
74.79.154.53 - - [08/Apr/2009:06:54:41 -0400] "GET /Catskills/Halcott2005/images/PA300282.JPG HTTP/1.1" 200 19042 "-" "Mozilla/4.0 (compatible; MSIE 6.0; Windows NT 5.1; SV1; GTB5; .NET CLR 2.0.50727; .NET CLR 3.0.04506.30)"
74.79.154.53 - - [08/Apr/2009:06:54:42 -0400] "GET /Catskills/Halcott2005/images/PA300285.JPG HTTP/1.1" 200 25706 "-" "Mozilla/4.0 (compatible; MSIE 6.0; Windows NT 5.1; SV1; GTB5; .NET CLR 2.0.50727; .NET CLR 3.0.04506.30)"
74.79.154.53 - - [08/Apr/2009:06:54:42 -0400] "GET /Catskills/Halcott2005/images/PA300299.JPG HTTP/1.1" 200 24816 "-" "Mozilla/4.0 (compatible; MSIE 6.0; Windows NT 5.1; SV1; GTB5; .NET CLR 2.0.50727; .NET CLR 3.0.04506.30)"
74.79.154.53 - - [08/Apr/2009:06:54:43 -0400] "GET /Catskills/Halcott2005/images/PA300296.JPG HTTP/1.1" 200 21077 "-" "Mozilla/4.0 (compatible; MSIE 6.0; Windows NT 5.1; SV1; GTB5; .NET CLR 2.0.50727; .NET CLR 3.0.04506.30)"
74.79.154.53 - - [08/Apr/2009:06:54:43 -0400] "GET /Catskills/Halcott2005/images/PA300277.JPG HTTP/1.1" 200 26026 "-" "Mozilla/4.0 (compatible; MSIE 6.0; Windows NT 5.1; SV1; GTB5; .NET CLR 2.0.50727; .NET CLR 3.0.04506.30)"
69.128.138.45 - - [08/Apr/2009:06:55:45 -0400] "GET /Stubai2006/pics/p6280112.jpg HTTP/1.1" 200 38191 "http://us.mc555.mail.yahoo.com/mc/showMessage;_ylt=AuBFy41X_rkURQuK6B1PT.djk70X?fid=EARTHSONG&mid=1_34842_ANM6vs4AAYM%2BSGOCswsfjEWG2NM&prevMid=1_35773_ANU6vs4AAOBdSGI8%2FwatSVpHrec&sort=date&order=up&startMid=0&.rand=1783183696&da=0&m=1_42098_ANk6vs4AAXhQSFrnfwmeyVoJ4DM%2C1_41060_ANU6vs4AAFLpSF1WiwiZjXspwtI%2C1_39920_ANc6vs4AAX9sSF1YXQOQVnePxU4%2C1_38775_ANk6vs4AAIo3SF%2BUrgQVlCTTHuM%2C1_38012_ANc6vs4AAFQKSGDP4QrxylQapqU%2C1_36941_ANI6vs4AASlxSGFA2wqusys%2FqAM%2C1_35773_ANU6vs4AAOBdSGI8%2FwatSVpHrec%2C1_34842_ANM6vs4AAYM%2BSGOCswsfjEWG2NM%2C1_33864_ANM6vs4AAEJASGTr2QGpoVBlme8%2C1_32811_ANk6vs4AANAbSGVRqwls7wP7r9Q" "Mozilla/4.0 (compatible; MSIE 6.0; Windows NT 5.1; FunWebProducts-MyWay; SV1; Mozilla/4.0 (compatible; MSIE 6.0; Windows NT 5.1; SV1) ; .NET CLR 1.0.3705; .NET CLR 1.1.4322; InfoPath.2; PeoplePal 3.0; .NET CLR 2.0.50727; .NET CLR 3.0.4506.2152; .NET CLR 3.5.30729)"
69.17.7.34 - - [08/Apr/2009:07:00:50 -0400] "GET /eliza/Eliza.html HTTP/1.1" 200 5488 "-" "Mozilla/5.0 (X11; U; Linux i686; en-US; rv:1.9.0.8) Gecko/2009032811 Iceweasel/3.0.7 (Debian-3.0.7-1)"
69.17.7.34 - - [08/Apr/2009:07:00:53 -0400] "GET /icons/back.gif HTTP/1.1" 200 216 "http://www.chayden.net/eliza/Eliza.html" "Mozilla/5.0 (X11; U; Linux i686; en-US; rv:1.9.0.8) Gecko/2009032811 Iceweasel/3.0.7 (Debian-3.0.7-1)"
69.17.7.34 - - [08/Apr/2009:07:01:00 -0400] "GET /favicon.ico HTTP/1.1" 404 292 "-" "Mozilla/5.0 (X11; U; Linux i686; en-US; rv:1.9.0.8) Gecko/2009032811 Iceweasel/3.0.7 (Debian-3.0.7-1)"
69.17.7.34 - - [08/Apr/2009:07:01:05 -0400] "GET /favicon.ico HTTP/1.1" 404 292 "-" "Mozilla/5.0 (X11; U; Linux i686; en-US; rv:1.9.0.8) Gecko/2009032811 Iceweasel/3.0.7 (Debian-3.0.7-1)"
59.161.128.39 - - [08/Apr/2009:07:01:06 -0400] "GET /eliza/Eliza.html HTTP/1.1" 200 5488 "-" "Mozilla/4.0 (compatible; MSIE 6.0; Windows NT 5.1; SV1)"
59.161.128.39 - - [08/Apr/2009:07:01:14 -0400] "GET / HTTP/1.0" 200 21908 "-" "-"
59.161.128.39 - - [08/Apr/2009:07:01:50 -0400] "GET /icons/back.gif HTTP/1.1" 200 216 "http://www.chayden.net/eliza/Eliza.html" "Mozilla/4.0 (compatible; MSIE 6.0; Windows NT 5.1; SV1)"
59.161.128.39 - - [08/Apr/2009:07:01:52 -0400] "GET /eliza/Eliza/Eliza.class HTTP/1.1" 200 2434 "-" "Mozilla/4.0 (Windows XP 5.1) Java/1.6.0_11"
59.161.128.39 - - [08/Apr/2009:07:01:54 -0400] "GET /eliza/Eliza/ElizaMain.class HTTP/1.1" 200 9260 "-" "Mozilla/4.0 (Windows XP 5.1) Java/1.6.0_11"
59.161.128.39 - - [08/Apr/2009:07:01:58 -0400] "GET /eliza/Eliza/DecompList.class HTTP/1.1" 200 877 "-" "Mozilla/4.0 (Windows XP 5.1) Java/1.6.0_11"
59.161.128.39 - - [08/Apr/2009:07:02:00 -0400] "GET /eliza/Eliza/KeyList.class HTTP/1.1" 200 1722 "-" "Mozilla/4.0 (Windows XP 5.1) Java/1.6.0_11"
59.161.128.39 - - [08/Apr/2009:07:02:03 -0400] "GET /eliza/Eliza/SynList.class HTTP/1.1" 200 2103 "-" "Mozilla/4.0 (Windows XP 5.1) Java/1.6.0_11"
59.161.128.39 - - [08/Apr/2009:07:02:05 -0400] "GET /eliza/Eliza/WordList.class HTTP/1.1" 200 1243 "-" "Mozilla/4.0 (Windows XP 5.1) Java/1.6.0_11"
59.161.128.39 - - [08/Apr/2009:07:02:07 -0400] "GET /eliza/Eliza/PrePostList.class HTTP/1.1" 200 1674 "-" "Mozilla/4.0 (Windows XP 5.1) Java/1.6.0_11"
59.161.128.39 - - [08/Apr/2009:07:02:09 -0400] "GET /eliza/Eliza/KeyStack.class HTTP/1.1" 200 1507 "-" "Mozilla/4.0 (Windows XP 5.1) Java/1.6.0_11"
209.214.228.51 - - [08/Apr/2009:07:02:37 -0400] "GET /Asterisk/SeUpAsteriskAtHome.htm HTTP/1.1" 200 178181 "-" "Mozilla/5.0 (Windows; U; Windows NT 5.1; en-US; rv:1.9.0.7) Gecko/2009021910 Firefox/3.0.7 (.NET CLR 3.5.30729)"
209.214.228.51 - - [08/Apr/2009:07:02:37 -0400] "GET /Asterisk/SeUpAsteriskAtHome.htm HTTP/1.1" 200 178181 "-" "Mozilla/5.0 (Windows; U; Windows NT 5.1; en-US; rv:1.9.0.7) Gecko/2009021910 Firefox/3.0.7 (.NET CLR 3.5.30729)"
209.214.228.51 - - [08/Apr/2009:07:02:38 -0400] "GET /Asterisk/SeUpAsteriskAtHome_files/image001.gif HTTP/1.1" 200 2324 "http://www.chayden.net/Asterisk/SeUpAsteriskAtHome.htm" "Mozilla/5.0 (Windows; U; Windows NT 5.1; en-US; rv:1.9.0.7) Gecko/2009021910 Firefox/3.0.7 (.NET CLR 3.5.30729)"
209.214.228.51 - - [08/Apr/2009:07:02:38 -0400] "GET /Asterisk/SeUpAsteriskAtHome_files/image003.jpg HTTP/1.1" 200 5132 "http://www.chayden.net/Asterisk/SeUpAsteriskAtHome.htm" "Mozilla/5.0 (Windows; U; Windows NT 5.1; en-US; rv:1.9.0.7) Gecko/2009021910 Firefox/3.0.7 (.NET CLR 3.5.30729)"
209.214.228.51 - - [08/Apr/2009:07:02:38 -0400] "GET /Asterisk/SeUpAsteriskAtHome_files/image004.gif HTTP/1.1" 200 6404 "http://www.chayden.net/Asterisk/SeUpAsteriskAtHome.htm" "Mozilla/5.0 (Windows; U; Windows NT 5.1; en-US; rv:1.9.0.7) Gecko/2009021910 Firefox/3.0.7 (.NET CLR 3.5.30729)"
209.214.228.51 - - [08/Apr/2009:07:02:38 -0400] "GET /Asterisk/SeUpAsteriskAtHome_files/image005.gif HTTP/1.1" 200 4365 "http://www.chayden.net/Asterisk/SeUpAsteriskAtHome.htm" "Mozilla/5.0 (Windows; U; Windows NT 5.1; en-US; rv:1.9.0.7) Gecko/2009021910 Firefox/3.0.7 (.NET CLR 3.5.30729)"
209.214.228.51 - - [08/Apr/2009:07:02:38 -0400] "GET /Asterisk/SeUpAsteriskAtHome_files/image007.gif HTTP/1.1" 200 5284 "http://www.chayden.net/Asterisk/SeUpAsteriskAtHome.htm" "Mozilla/5.0 (Windows; U; Windows NT 5.1; en-US; rv:1.9.0.7) Gecko/2009021910 Firefox/3.0.7 (.NET CLR 3.5.30729)"
209.214.228.51 - - [08/Apr/2009:07:02:38 -0400] "GET /Asterisk/SeUpAsteriskAtHome_files/image009.jpg HTTP/1.1" 200 14238 "http://www.chayden.net/Asterisk/SeUpAsteriskAtHome.htm" "Mozilla/5.0 (Windows; U; Windows NT 5.1; en-US; rv:1.9.0.7) Gecko/2009021910 Firefox/3.0.7 (.NET CLR 3.5.30729)"
209.214.228.51 - - [08/Apr/2009:07:02:38 -0400] "GET /Asterisk/SeUpAsteriskAtHome_files/image006.gif HTTP/1.1" 200 33832 "http://www.chayden.net/Asterisk/SeUpAsteriskAtHome.htm" "Mozilla/5.0 (Windows; U; Windows NT 5.1; en-US; rv:1.9.0.7) Gecko/2009021910 Firefox/3.0.7 (.NET CLR 3.5.30729)"
209.214.228.51 - - [08/Apr/2009:07:02:38 -0400] "GET /Asterisk/SeUpAsteriskAtHome_files/image011.jpg HTTP/1.1" 200 13078 "http://www.chayden.net/Asterisk/SeUpAsteriskAtHome.htm" "Mozilla/5.0 (Windows; U; Windows NT 5.1; en-US; rv:1.9.0.7) Gecko/2009021910 Firefox/3.0.7 (.NET CLR 3.5.30729)"
209.214.228.51 - - [08/Apr/2009:07:02:38 -0400] "GET /Asterisk/SeUpAsteriskAtHome_files/image013.jpg HTTP/1.1" 200 21296 "http://www.chayden.net/Asterisk/SeUpAsteriskAtHome.htm" "Mozilla/5.0 (Windows; U; Windows NT 5.1; en-US; rv:1.9.0.7) Gecko/2009021910 Firefox/3.0.7 (.NET CLR 3.5.30729)"
209.214.228.51 - - [08/Apr/2009:07:02:38 -0400] "GET /Asterisk/SeUpAsteriskAtHome_files/image015.jpg HTTP/1.1" 200 47335 "http://www.chayden.net/Asterisk/SeUpAsteriskAtHome.htm" "Mozilla/5.0 (Windows; U; Windows NT 5.1; en-US; rv:1.9.0.7) Gecko/2009021910 Firefox/3.0.7 (.NET CLR 3.5.30729)"
209.214.228.51 - - [08/Apr/2009:07:02:38 -0400] "GET /Asterisk/SeUpAsteriskAtHome_files/image017.jpg HTTP/1.1" 200 30515 "http://www.chayden.net/Asterisk/SeUpAsteriskAtHome.htm" "Mozilla/5.0 (Windows; U; Windows NT 5.1; en-US; rv:1.9.0.7) Gecko/2009021910 Firefox/3.0.7 (.NET CLR 3.5.30729)"
209.214.228.51 - - [08/Apr/2009:07:02:38 -0400] "GET /Asterisk/SeUpAsteriskAtHome_files/image019.jpg HTTP/1.1" 200 39902 "http://www.chayden.net/Asterisk/SeUpAsteriskAtHome.htm" "Mozilla/5.0 (Windows; U; Windows NT 5.1; en-US; rv:1.9.0.7) Gecko/2009021910 Firefox/3.0.7 (.NET CLR 3.5.30729)"
209.214.228.51 - - [08/Apr/2009:07:02:38 -0400] "GET /Asterisk/SeUpAsteriskAtHome_files/image020.gif HTTP/1.1" 200 49946 "http://www.chayden.net/Asterisk/SeUpAsteriskAtHome.htm" "Mozilla/5.0 (Windows; U; Windows NT 5.1; en-US; rv:1.9.0.7) Gecko/2009021910 Firefox/3.0.7 (.NET CLR 3.5.30729)"
209.214.228.51 - - [08/Apr/2009:07:02:38 -0400] "GET /Asterisk/SeUpAsteriskAtHome_files/image022.jpg HTTP/1.1" 200 34633 "http://www.chayden.net/Asterisk/SeUpAsteriskAtHome.htm" "Mozilla/5.0 (Windows; U; Windows NT 5.1; en-US; rv:1.9.0.7) Gecko/2009021910 Firefox/3.0.7 (.NET CLR 3.5.30729)"
209.214.228.51 - - [08/Apr/2009:07:02:39 -0400] "GET /Asterisk/SeUpAsteriskAtHome_files/image027.jpg HTTP/1.1" 200 8509 "http://www.chayden.net/Asterisk/SeUpAsteriskAtHome.htm" "Mozilla/5.0 (Windows; U; Windows NT 5.1; en-US; rv:1.9.0.7) Gecko/2009021910 Firefox/3.0.7 (.NET CLR 3.5.30729)"
209.214.228.51 - - [08/Apr/2009:07:02:39 -0400] "GET /Asterisk/SeUpAsteriskAtHome_files/image024.jpg HTTP/1.1" 200 31330 "http://www.chayden.net/Asterisk/SeUpAsteriskAtHome.htm" "Mozilla/5.0 (Windows; U; Windows NT 5.1; en-US; rv:1.9.0.7) Gecko/2009021910 Firefox/3.0.7 (.NET CLR 3.5.30729)"
209.214.228.51 - - [08/Apr/2009:07:02:39 -0400] "GET /Asterisk/SeUpAsteriskAtHome_files/image026.jpg HTTP/1.1" 200 37910 "http://www.chayden.net/Asterisk/SeUpAsteriskAtHome.htm" "Mozilla/5.0 (Windows; U; Windows NT 5.1; en-US; rv:1.9.0.7) Gecko/2009021910 Firefox/3.0.7 (.NET CLR 3.5.30729)"
209.214.228.51 - - [08/Apr/2009:07:02:40 -0400] "GET /Asterisk/SeUpAsteriskAtHome_files/image035.jpg HTTP/1.1" 200 2759 "http://www.chayden.net/Asterisk/SeUpAsteriskAtHome.htm" "Mozilla/5.0 (Windows; U; Windows NT 5.1; en-US; rv:1.9.0.7) Gecko/2009021910 Firefox/3.0.7 (.NET CLR 3.5.30729)"
209.214.228.51 - - [08/Apr/2009:07:02:39 -0400] "GET /Asterisk/SeUpAsteriskAtHome_files/image029.jpg HTTP/1.1" 200 43404 "http://www.chayden.net/Asterisk/SeUpAsteriskAtHome.htm" "Mozilla/5.0 (Windows; U; Windows NT 5.1; en-US; rv:1.9.0.7) Gecko/2009021910 Firefox/3.0.7 (.NET CLR 3.5.30729)"
209.214.228.51 - - [08/Apr/2009:07:02:40 -0400] "GET /Asterisk/SeUpAsteriskAtHome_files/image039.jpg HTTP/1.1" 200 1921 "http://www.chayden.net/Asterisk/SeUpAsteriskAtHome.htm" "Mozilla/5.0 (Windows; U; Windows NT 5.1; en-US; rv:1.9.0.7) Gecko/2009021910 Firefox/3.0.7 (.NET CLR 3.5.30729)"
209.214.228.51 - - [08/Apr/2009:07:02:39 -0400] "GET /Asterisk/SeUpAsteriskAtHome_files/image031.jpg HTTP/1.1" 200 30259 "http://www.chayden.net/Asterisk/SeUpAsteriskAtHome.htm" "Mozilla/5.0 (Windows; U; Windows NT 5.1; en-US; rv:1.9.0.7) Gecko/2009021910 Firefox/3.0.7 (.NET CLR 3.5.30729)"
209.214.228.51 - - [08/Apr/2009:07:02:39 -0400] "GET /Asterisk/SeUpAsteriskAtHome_files/image033.jpg HTTP/1.1" 200 30788 "http://www.chayden.net/Asterisk/SeUpAsteriskAtHome.htm" "Mozilla/5.0 (Windows; U; Windows NT 5.1; en-US; rv:1.9.0.7) Gecko/2009021910 Firefox/3.0.7 (.NET CLR 3.5.30729)"
209.214.228.51 - - [08/Apr/2009:07:02:40 -0400] "GET /Asterisk/SeUpAsteriskAtHome_files/image044.jpg HTTP/1.1" 200 6079 "http://www.chayden.net/Asterisk/SeUpAsteriskAtHome.htm" "Mozilla/5.0 (Windows; U; Windows NT 5.1; en-US; rv:1.9.0.7) Gecko/2009021910 Firefox/3.0.7 (.NET CLR 3.5.30729)"
209.214.228.51 - - [08/Apr/2009:07:02:40 -0400] "GET /Asterisk/SeUpAsteriskAtHome_files/image037.jpg HTTP/1.1" 200 42221 "http://www.chayden.net/Asterisk/SeUpAsteriskAtHome.htm" "Mozilla/5.0 (Windows; U; Windows NT 5.1; en-US; rv:1.9.0.7) Gecko/2009021910 Firefox/3.0.7 (.NET CLR 3.5.30729)"
209.214.228.51 - - [08/Apr/2009:07:02:40 -0400] "GET /Asterisk/SeUpAsteriskAtHome_files/image041.jpg HTTP/1.1" 200 26765 "http://www.chayden.net/Asterisk/SeUpAsteriskAtHome.htm" "Mozilla/5.0 (Windows; U; Windows NT 5.1; en-US; rv:1.9.0.7) Gecko/2009021910 Firefox/3.0.7 (.NET CLR 3.5.30729)"
209.214.228.51 - - [08/Apr/2009:07:02:40 -0400] "GET /Asterisk/SeUpAsteriskAtHome_files/image043.jpg HTTP/1.1" 200 22658 "http://www.chayden.net/Asterisk/SeUpAsteriskAtHome.htm" "Mozilla/5.0 (Windows; U; Windows NT 5.1; en-US; rv:1.9.0.7) Gecko/2009021910 Firefox/3.0.7 (.NET CLR 3.5.30729)"
209.214.228.51 - - [08/Apr/2009:07:02:40 -0400] "GET /Asterisk/SeUpAsteriskAtHome_files/image046.jpg HTTP/1.1" 200 35168 "http://www.chayden.net/Asterisk/SeUpAsteriskAtHome.htm" "Mozilla/5.0 (Windows; U; Windows NT 5.1; en-US; rv:1.9.0.7) Gecko/2009021910 Firefox/3.0.7 (.NET CLR 3.5.30729)"
209.214.228.51 - - [08/Apr/2009:07:02:43 -0400] "GET /favicon.ico HTTP/1.1" 404 292 "-" "Mozilla/5.0 (Windows; U; Windows NT 5.1; en-US; rv:1.9.0.7) Gecko/2009021910 Firefox/3.0.7 (.NET CLR 3.5.30729)"
209.214.228.51 - - [08/Apr/2009:07:02:53 -0400] "GET /favicon.ico HTTP/1.1" 404 292 "-" "Mozilla/5.0 (Windows; U; Windows NT 5.1; en-US; rv:1.9.0.7) Gecko/2009021910 Firefox/3.0.7 (.NET CLR 3.5.30729)"
72.193.170.175 - - [08/Apr/2009:07:03:25 -0400] "HEAD /favicon.ico HTTP/1.1" 404 - "-" "Mozilla/5.0 (Windows; U; Windows NT 5.1; en-US; rv:1.9.0.8) Gecko/2009032609 Firefox/3.0.8"
65.55.217.54 - - [08/Apr/2009:07:03:32 -0400] "GET /Sierra02/pic/Sierra02-02-21.jpg HTTP/1.1" 200 33167 "-" "msnbot-media/1.1 (+http://search.msn.com/msnbot.htm)"
75.9.220.203 - - [08/Apr/2009:07:03:34 -0400] "GET /Asterisk/favicon.ico HTTP/1.1" 404 301 "-" "Mozilla/4.0 (compatible; GoogleToolbar 5.0.2124.4372; Windows XP 5.1; MSIE 7.0.5730.11)"
75.9.220.203 - - [08/Apr/2009:07:03:34 -0400] "GET /Asterisk/favicon.gif HTTP/1.1" 404 301 "-" "Mozilla/4.0 (compatible; GoogleToolbar 5.0.2124.4372; Windows XP 5.1; MSIE 7.0.5730.11)"
88.131.106.9 - - [08/Apr/2009:07:05:46 -0400] "GET /Sierra83/Sierra83.html HTTP/1.0" 200 4007 "-" "Speedy Spider (http://www.entireweb.com/about/search_tech/speedy_spider/)"
82.132.136.205 - - [08/Apr/2009:07:08:31 -0400] "GET /eliza/Eliza.html HTTP/1.1" 200 5488 "http://en.wikipedia.org/wiki/ELIZA" "Mozilla/4.0 (compatible; MSIE 7.0; Windows NT 6.0; SLCC1; .NET CLR 2.0.50727; Media Center PC 5.0; .NET CLR 3.5.30729; .NET CLR 3.0.30618; OfficeLiveConnector.1.3; OfficeLivePatch.0.0)"
82.132.136.205 - - [08/Apr/2009:07:08:32 -0400] "GET /eliza/Eliza/Eliza.class HTTP/1.1" 200 2434 "-" "Mozilla/4.0 (Windows Vista 6.0) Java/1.6.0_11"
82.132.136.205 - - [08/Apr/2009:07:08:33 -0400] "GET /eliza/Eliza/ElizaMain.class HTTP/1.1" 200 9260 "-" "Mozilla/4.0 (Windows Vista 6.0) Java/1.6.0_11"
82.132.136.205 - - [08/Apr/2009:07:08:33 -0400] "GET /icons/back.gif HTTP/1.1" 200 216 "http://www.chayden.net/eliza/Eliza.html" "Mozilla/4.0 (compatible; MSIE 7.0; Windows NT 6.0; SLCC1; .NET CLR 2.0.50727; Media Center PC 5.0; .NET CLR 3.5.30729; .NET CLR 3.0.30618; OfficeLiveConnector.1.3; OfficeLivePatch.0.0)"
82.132.136.205 - - [08/Apr/2009:07:08:34 -0400] "GET /eliza/Eliza/DecompList.class HTTP/1.1" 200 877 "-" "Mozilla/4.0 (Windows Vista 6.0) Java/1.6.0_11"
82.132.136.205 - - [08/Apr/2009:07:08:35 -0400] "GET /favicon.ico HTTP/1.1" 404 292 "-" "Mozilla/4.0 (compatible; MSIE 7.0; Windows NT 6.0; SLCC1; .NET CLR 2.0.50727; Media Center PC 5.0; .NET CLR 3.5.30729; .NET CLR 3.0.30618; OfficeLiveConnector.1.3; OfficeLivePatch.0.0)"
82.132.136.205 - - [08/Apr/2009:07:08:35 -0400] "GET /eliza/Eliza/KeyList.class HTTP/1.1" 200 1722 "-" "Mozilla/4.0 (Windows Vista 6.0) Java/1.6.0_11"
82.132.136.205 - - [08/Apr/2009:07:08:36 -0400] "GET /eliza/Eliza/SynList.class HTTP/1.1" 200 2103 "-" "Mozilla/4.0 (Windows Vista 6.0) Java/1.6.0_11"
82.132.136.205 - - [08/Apr/2009:07:08:36 -0400] "GET /eliza/Eliza/WordList.class HTTP/1.1" 200 1243 "-" "Mozilla/4.0 (Windows Vista 6.0) Java/1.6.0_11"
82.132.136.205 - - [08/Apr/2009:07:08:37 -0400] "GET /eliza/Eliza/PrePostList.class HTTP/1.1" 200 1674 "-" "Mozilla/4.0 (Windows Vista 6.0) Java/1.6.0_11"
82.132.136.205 - - [08/Apr/2009:07:08:38 -0400] "GET /eliza/Eliza/KeyStack.class HTTP/1.1" 200 1507 "-" "Mozilla/4.0 (Windows Vista 6.0) Java/1.6.0_11"
82.132.136.205 - - [08/Apr/2009:07:08:38 -0400] "GET /eliza/Eliza/Key.class HTTP/1.1" 200 1702 "-" "Mozilla/4.0 (Windows Vista 6.0) Java/1.6.0_11"
82.132.136.205 - - [08/Apr/2009:07:08:39 -0400] "GET /eliza/Eliza/Mem.class HTTP/1.1" 200 850 "-" "Mozilla/4.0 (Windows Vista 6.0) Java/1.6.0_11"
82.132.136.205 - - [08/Apr/2009:07:08:40 -0400] "GET /eliza/script HTTP/1.1" 200 12267 "-" "Mozilla/4.0 (Windows Vista 6.0) Java/1.6.0_11"
82.132.136.205 - - [08/Apr/2009:07:08:42 -0400] "GET /eliza/Eliza/EString.class HTTP/1.1" 200 3849 "-" "Mozilla/4.0 (Windows Vista 6.0) Java/1.6.0_11"
82.132.136.205 - - [08/Apr/2009:07:08:43 -0400] "GET /eliza/Eliza/PrePost.class HTTP/1.1" 200 1073 "-" "Mozilla/4.0 (Windows Vista 6.0) Java/1.6.0_11"
82.132.136.205 - - [08/Apr/2009:07:08:43 -0400] "GET /eliza/Eliza/ReasembList.class HTTP/1.1" 200 1102 "-" "Mozilla/4.0 (Windows Vista 6.0) Java/1.6.0_11"
82.132.136.205 - - [08/Apr/2009:07:08:44 -0400] "GET /eliza/Eliza/Decomp.class HTTP/1.1" 200 1727 "-" "Mozilla/4.0 (Windows Vista 6.0) Java/1.6.0_11"
72.193.170.175 - - [08/Apr/2009:07:13:26 -0400] "HEAD /favicon.ico HTTP/1.1" 404 - "-" "Mozilla/5.0 (Windows; U; Windows NT 5.1; en-US; rv:1.9.0.8) Gecko/2009032609 Firefox/3.0.8"
41.232.102.101 - - [08/Apr/2009:07:14:41 -0400] "GET /Asterisk/favicon.ico HTTP/1.1" 404 301 "-" "Mozilla/4.0 (compatible; GoogleToolbar 5.0.2124.6042; Windows 6.0; MSIE 8.0.6001.18241)"
41.232.102.101 - - [08/Apr/2009:07:14:41 -0400] "GET /Asterisk/favicon.ico HTTP/1.1" 404 301 "-" "Mozilla/4.0 (compatible; GoogleToolbar 5.0.2124.6042; Windows 6.0; MSIE 8.0.6001.18241)"
41.232.102.101 - - [08/Apr/2009:07:14:41 -0400] "GET /Asterisk/favicon.ico HTTP/1.1" 404 301 "-" "Mozilla/4.0 (compatible; GoogleToolbar 5.0.2124.6042; Windows 6.0; MSIE 8.0.6001.18241)"
41.232.102.101 - - [08/Apr/2009:07:14:42 -0400] "GET /Asterisk/favicon.ico HTTP/1.1" 404 301 "-" "Mozilla/4.0 (compatible; GoogleToolbar 5.0.2124.6042; Windows 6.0; MSIE 8.0.6001.18241)"
41.232.102.101 - - [08/Apr/2009:07:14:42 -0400] "GET /Asterisk/favicon.gif HTTP/1.1" 404 301 "-" "Mozilla/4.0 (compatible; GoogleToolbar 5.0.2124.6042; Windows 6.0; MSIE 8.0.6001.18241)"
41.232.102.101 - - [08/Apr/2009:07:14:42 -0400] "GET /Asterisk/favicon.gif HTTP/1.1" 404 301 "-" "Mozilla/4.0 (compatible; GoogleToolbar 5.0.2124.6042; Windows 6.0; MSIE 8.0.6001.18241)"
41.232.102.101 - - [08/Apr/2009:07:14:42 -0400] "GET /Asterisk/favicon.gif HTTP/1.1" 404 301 "-" "Mozilla/4.0 (compatible; GoogleToolbar 5.0.2124.6042; Windows 6.0; MSIE 8.0.6001.18241)"
41.232.102.101 - - [08/Apr/2009:07:14:43 -0400] "GET /Asterisk/favicon.gif HTTP/1.1" 404 301 "-" "Mozilla/4.0 (compatible; GoogleToolbar 5.0.2124.6042; Windows 6.0; MSIE 8.0.6001.18241)"
125.160.136.148 - - [08/Apr/2009:07:14:51 -0400] "GET /eliza/Eliza/Eliza.java HTTP/1.1" 200 1869 "http://www.chayden.net/eliza/Eliza.html" "Mozilla/4.0 (compatible; MSIE 6.0; Windows NT 5.1; SV1; GTB5; InfoPath.2; .NET CLR 2.0.50727; .NET CLR 1.1.4322)"
208.111.154.16 - - [08/Apr/2009:07:15:35 -0400] "GET /robots.txt HTTP/1.1" 404 287 "-" "Mozilla/5.0 (compatible; Charlotte/1.1; http://www.searchme.com/support/)"
208.111.154.16 - - [08/Apr/2009:07:15:35 -0400] "GET /?C=N;O=A HTTP/1.1" 304 - "-" "Mozilla/5.0 (compatible; Charlotte/1.1; http://www.searchme.com/support/)"
125.160.136.148 - - [08/Apr/2009:07:15:40 -0400] "GET /eliza/Eliza.zip HTTP/1.1" 200 23196 "http://www.chayden.net/eliza/Eliza.html" "Mozilla/4.0 (compatible; MSIE 6.0; Windows NT 5.1; SV1; GTB5; InfoPath.2; .NET CLR 2.0.50727; .NET CLR 1.1.4322)"
193.252.149.14 - - [08/Apr/2009:07:20:31 -0400] "GET /HikingBooks/ HTTP/1.1" 200 4095 "-" "Mozilla/5.0 (Windows; U; Windows NT 5.1; fr; rv:1.8.1) VoilaBot BETA 1.2 (support.voilabot@orange-ftgroup.com)"
212.14.233.130 - - [08/Apr/2009:07:23:05 -0400] "GET /Asterisk/favicon.ico HTTP/1.1" 404 301 "-" "Mozilla/4.0 (compatible; GoogleToolbar 5.0.2124.6042; Windows XP 5.1; MSIE 7.0.5730.13)"
212.14.233.130 - - [08/Apr/2009:07:23:05 -0400] "GET /Asterisk/favicon.gif HTTP/1.1" 404 301 "-" "Mozilla/4.0 (compatible; GoogleToolbar 5.0.2124.6042; Windows XP 5.1; MSIE 7.0.5730.13)"
208.111.154.16 - - [08/Apr/2009:07:23:23 -0400] "GET /robots.txt HTTP/1.1" 404 291 "-" "Mozilla/5.0 (compatible; Charlotte/1.1; http://www.searchme.com/support/)"
208.111.154.16 - - [08/Apr/2009:07:23:23 -0400] "GET /Misc/DrivingToWork.html HTTP/1.1" 304 - "-" "Mozilla/5.0 (compatible; Charlotte/1.1; http://www.searchme.com/support/)"
72.193.170.175 - - [08/Apr/2009:07:23:24 -0400] "HEAD /favicon.ico HTTP/1.1" 404 - "-" "Mozilla/5.0 (Windows; U; Windows NT 5.1; en-US; rv:1.9.0.8) Gecko/2009032609 Firefox/3.0.8"
58.61.164.207 - - [08/Apr/2009:07:25:39 -0400] "GET /robots.txt HTTP/1.1" 404 287 "http://chayden.net/robots.txt" "Sosospider+(+http://help.soso.com/webspider.htm)"
72.84.190.194 - - [08/Apr/2009:07:27:47 -0400] "GET /Asterisk/favicon.ico HTTP/1.1" 404 297 "-" "Mozilla/4.0 (compatible; GoogleToolbar 5.0.2124.6042; Windows XP 5.1; MSIE 7.0.5730.11)"
72.84.190.194 - - [08/Apr/2009:07:27:47 -0400] "GET /Asterisk/favicon.gif HTTP/1.1" 404 297 "-" "Mozilla/4.0 (compatible; GoogleToolbar 5.0.2124.6042; Windows XP 5.1; MSIE 7.0.5730.11)"
41.222.40.46 - - [08/Apr/2009:07:29:48 -0400] "GET /Asterisk/SeUpAsteriskAtHome_files/image001.gif HTTP/1.1" 200 2324 "http://www.chayden.net/Asterisk/SeUpAsteriskAtHome.htm" "Mozilla/5.0 (Windows; U; Windows NT 5.1; en-US; rv:1.8.1.20) Gecko/20081217 Firefox/2.0.0.20"
41.222.40.46 - - [08/Apr/2009:07:29:52 -0400] "GET /Asterisk/SeUpAsteriskAtHome_files/image003.jpg HTTP/1.1" 200 5132 "http://www.chayden.net/Asterisk/SeUpAsteriskAtHome.htm" "Mozilla/5.0 (Windows; U; Windows NT 5.1; en-US; rv:1.8.1.20) Gecko/20081217 Firefox/2.0.0.20"
41.222.40.46 - - [08/Apr/2009:07:29:56 -0400] "GET /Asterisk/SeUpAsteriskAtHome_files/image004.gif HTTP/1.1" 200 6404 "http://www.chayden.net/Asterisk/SeUpAsteriskAtHome.htm" "Mozilla/5.0 (Windows; U; Windows NT 5.1; en-US; rv:1.8.1.20) Gecko/20081217 Firefox/2.0.0.20"
41.222.40.46 - - [08/Apr/2009:07:30:00 -0400] "GET /Asterisk/SeUpAsteriskAtHome_files/image005.gif HTTP/1.1" 200 4365 "http://www.chayden.net/Asterisk/SeUpAsteriskAtHome.htm" "Mozilla/5.0 (Windows; U; Windows NT 5.1; en-US; rv:1.8.1.20) Gecko/20081217 Firefox/2.0.0.20"
41.222.40.46 - - [08/Apr/2009:07:30:14 -0400] "GET /Asterisk/SeUpAsteriskAtHome_files/image007.gif HTTP/1.1" 200 5284 "http://www.chayden.net/Asterisk/SeUpAsteriskAtHome.htm" "Mozilla/5.0 (Windows; U; Windows NT 5.1; en-US; rv:1.8.1.20) Gecko/20081217 Firefox/2.0.0.20"
41.222.40.46 - - [08/Apr/2009:07:30:18 -0400] "GET /Asterisk/SeUpAsteriskAtHome_files/image009.jpg HTTP/1.1" 200 14238 "http://www.chayden.net/Asterisk/SeUpAsteriskAtHome.htm" "Mozilla/5.0 (Windows; U; Windows NT 5.1; en-US; rv:1.8.1.20) Gecko/20081217 Firefox/2.0.0.20"
41.222.40.46 - - [08/Apr/2009:07:30:12 -0400] "GET /Asterisk/SeUpAsteriskAtHome_files/image006.gif HTTP/1.1" 200 33832 "http://www.chayden.net/Asterisk/SeUpAsteriskAtHome.htm" "Mozilla/5.0 (Windows; U; Windows NT 5.1; en-US; rv:1.8.1.20) Gecko/20081217 Firefox/2.0.0.20"
41.222.40.46 - - [08/Apr/2009:07:30:22 -0400] "GET /Asterisk/SeUpAsteriskAtHome_files/image011.jpg HTTP/1.1" 200 13078 "http://www.chayden.net/Asterisk/SeUpAsteriskAtHome.htm" "Mozilla/5.0 (Windows; U; Windows NT 5.1; en-US; rv:1.8.1.20) Gecko/20081217 Firefox/2.0.0.20"
41.222.40.46 - - [08/Apr/2009:07:29:10 -0400] "GET /Asterisk/SeUpAsteriskAtHome.htm HTTP/1.1" 200 178181 "-" "Mozilla/5.0 (Windows; U; Windows NT 5.1; en-US; rv:1.8.1.20) Gecko/20081217 Firefox/2.0.0.20"
41.222.40.46 - - [08/Apr/2009:07:30:27 -0400] "GET /Asterisk/SeUpAsteriskAtHome_files/image013.jpg HTTP/1.1" 200 21296 "http://www.chayden.net/Asterisk/SeUpAsteriskAtHome.htm" "Mozilla/5.0 (Windows; U; Windows NT 5.1; en-US; rv:1.8.1.20) Gecko/20081217 Firefox/2.0.0.20"
41.222.40.46 - - [08/Apr/2009:07:30:04 -0400] "GET /Asterisk/SeUpAsteriskAtHome_files/image017.jpg HTTP/1.1" 200 30515 "http://www.chayden.net/Asterisk/SeUpAsteriskAtHome.htm" "Mozilla/5.0 (Windows; U; Windows NT 5.1; en-US; rv:1.8.1.20) Gecko/20081217 Firefox/2.0.0.20"
41.222.40.46 - - [08/Apr/2009:07:30:35 -0400] "GET /Asterisk/SeUpAsteriskAtHome_files/image046.jpg HTTP/1.1" 200 35168 "http://www.chayden.net/Asterisk/SeUpAsteriskAtHome.htm" "Mozilla/5.0 (Windows; U; Windows NT 5.1; en-US; rv:1.8.1.20) Gecko/20081217 Firefox/2.0.0.20"
194.44.142.8 - - [08/Apr/2009:07:31:12 -0400] "GET /eliza/instructions.txt HTTP/1.0" 200 15342 "http://www.google.com.ua/search?hl=uk&q=All+the+behavior+of+Eliza+is+controlled+by+a+script+file.&btnG=%D0%9F%D0%BE%D1%88%D1%83%D0%BA&meta=" "Mozilla/4.0 (compatible; MSIE 7.0; Windows NT 5.1; .NET CLR 2.0.50727; .NET CLR 3.0.04506.648; .NET CLR 3.5.21022)"
41.222.40.46 - - [08/Apr/2009:07:30:44 -0400] "GET /Asterisk/SeUpAsteriskAtHome_files/image019.jpg HTTP/1.1" 200 39902 "http://www.chayden.net/Asterisk/SeUpAsteriskAtHome.htm" "Mozilla/5.0 (Windows; U; Windows NT 5.1; en-US; rv:1.8.1.20) Gecko/20081217 Firefox/2.0.0.20"
194.44.142.8 - - [08/Apr/2009:07:31:13 -0400] "GET /favicon.ico HTTP/1.0" 404 292 "-" "Mozilla/4.0 (compatible; MSIE 7.0; Windows NT 5.1; .NET CLR 2.0.50727; .NET CLR 3.0.04506.648; .NET CLR 3.5.21022)"
41.222.40.46 - - [08/Apr/2009:07:30:48 -0400] "GET /Asterisk/SeUpAsteriskAtHome_files/image020.gif HTTP/1.1" 200 49946 "http://www.chayden.net/Asterisk/SeUpAsteriskAtHome.htm" "Mozilla/5.0 (Windows; U; Windows NT 5.1; en-US; rv:1.8.1.20) Gecko/20081217 Firefox/2.0.0.20"
194.44.142.8 - - [08/Apr/2009:07:31:17 -0400] "GET /eliza/ HTTP/1.0" 200 1275 "-" "Mozilla/4.0 (compatible; MSIE 7.0; Windows NT 5.1; .NET CLR 2.0.50727; .NET CLR 3.0.04506.648; .NET CLR 3.5.21022)"
194.44.142.8 - - [08/Apr/2009:07:31:17 -0400] "GET /icons/blank.gif HTTP/1.0" 200 148 "http://www.chayden.net/eliza/" "Mozilla/4.0 (compatible; MSIE 7.0; Windows NT 5.1; .NET CLR 2.0.50727; .NET CLR 3.0.04506.648; .NET CLR 3.5.21022)"
194.44.142.8 - - [08/Apr/2009:07:31:17 -0400] "GET /icons/back.gif HTTP/1.0" 200 216 "http://www.chayden.net/eliza/" "Mozilla/4.0 (compatible; MSIE 7.0; Windows NT 5.1; .NET CLR 2.0.50727; .NET CLR 3.0.04506.648; .NET CLR 3.5.21022)"
194.44.142.8 - - [08/Apr/2009:07:31:17 -0400] "GET /icons/text.gif HTTP/1.0" 200 229 "http://www.chayden.net/eliza/" "Mozilla/4.0 (compatible; MSIE 7.0; Windows NT 5.1; .NET CLR 2.0.50727; .NET CLR 3.0.04506.648; .NET CLR 3.5.21022)"
41.222.40.46 - - [08/Apr/2009:07:31:18 -0400] "GET /Asterisk/SeUpAsteriskAtHome_files/image027.jpg HTTP/1.1" 200 8509 "http://www.chayden.net/Asterisk/SeUpAsteriskAtHome.htm" "Mozilla/5.0 (Windows; U; Windows NT 5.1; en-US; rv:1.8.1.20) Gecko/20081217 Firefox/2.0.0.20"
194.44.142.8 - - [08/Apr/2009:07:31:20 -0400] "GET /icons/compressed.gif HTTP/1.0" 200 1038 "http://www.chayden.net/eliza/" "Mozilla/4.0 (compatible; MSIE 7.0; Windows NT 5.1; .NET CLR 2.0.50727; .NET CLR 3.0.04506.648; .NET CLR 3.5.21022)"
194.44.142.8 - - [08/Apr/2009:07:31:21 -0400] "GET /icons/folder.gif HTTP/1.0" 200 225 "http://www.chayden.net/eliza/" "Mozilla/4.0 (compatible; MSIE 7.0; Windows NT 5.1; .NET CLR 2.0.50727; .NET CLR 3.0.04506.648; .NET CLR 3.5.21022)"
194.44.142.8 - - [08/Apr/2009:07:31:21 -0400] "GET /icons/unknown.gif HTTP/1.0" 200 245 "http://www.chayden.net/eliza/" "Mozilla/4.0 (compatible; MSIE 7.0; Windows NT 5.1; .NET CLR 2.0.50727; .NET CLR 3.0.04506.648; .NET CLR 3.5.21022)"
194.44.142.8 - - [08/Apr/2009:07:31:21 -0400] "GET /images/border1.gif HTTP/1.0" 200 982 "http://www.chayden.net/" "Mozilla/4.0 (compatible; MSIE 7.0; Windows NT 5.1; .NET CLR 2.0.50727; .NET CLR 3.0.04506.648; .NET CLR 3.5.21022)"
194.44.142.8 - - [08/Apr/2009:07:31:21 -0400] "GET /images/cch1.gif HTTP/1.0" 200 7300 "http://www.chayden.net/" "Mozilla/4.0 (compatible; MSIE 7.0; Windows NT 5.1; .NET CLR 2.0.50727; .NET CLR 3.0.04506.648; .NET CLR 3.5.21022)"
194.44.142.8 - - [08/Apr/2009:07:31:22 -0400] "GET /images/bar1.gif HTTP/1.0" 200 1463 "http://www.chayden.net/" "Mozilla/4.0 (compatible; MSIE 7.0; Windows NT 5.1; .NET CLR 2.0.50727; .NET CLR 3.0.04506.648; .NET CLR 3.5.21022)"
194.44.142.8 - - [08/Apr/2009:07:31:22 -0400] "GET /images/cch.jpg HTTP/1.0" 200 10095 "http://www.chayden.net/" "Mozilla/4.0 (compatible; MSIE 7.0; Windows NT 5.1; .NET CLR 2.0.50727; .NET CLR 3.0.04506.648; .NET CLR 3.5.21022)"
194.44.142.8 - - [08/Apr/2009:07:31:22 -0400] "GET /images/TigerEye/bullet.gif HTTP/1.0" 200 943 "http://www.chayden.net/" "Mozilla/4.0 (compatible; MSIE 7.0; Windows NT 5.1; .NET CLR 2.0.50727; .NET CLR 3.0.04506.648; .NET CLR 3.5.21022)"
194.44.142.8 - - [08/Apr/2009:07:31:23 -0400] "GET /Sierra97/pic/s97-icon.jpg HTTP/1.0" 200 1848 "http://www.chayden.net/" "Mozilla/4.0 (compatible; MSIE 7.0; Windows NT 5.1; .NET CLR 2.0.50727; .NET CLR 3.0.04506.648; .NET CLR 3.5.21022)"
194.44.142.8 - - [08/Apr/2009:07:31:21 -0400] "GET / HTTP/1.0" 200 21908 "-" "Mozilla/4.0 (compatible; MSIE 7.0; Windows NT 5.1; .NET CLR 2.0.50727; .NET CLR 3.0.04506.648; .NET CLR 3.5.21022)"
194.44.142.8 - - [08/Apr/2009:07:31:23 -0400] "GET /Catskills/WindhamHighPeak2005/P9100003-icon.JPG HTTP/1.0" 200 1316 "http://www.chayden.net/" "Mozilla/4.0 (compatible; MSIE 7.0; Windows NT 5.1; .NET CLR 2.0.50727; .NET CLR 3.0.04506.648; .NET CLR 3.5.21022)"
41.222.40.46 - - [08/Apr/2009:07:30:55 -0400] "GET /Asterisk/SeUpAsteriskAtHome_files/image022.jpg HTTP/1.1" 200 34633 "http://www.chayden.net/Asterisk/SeUpAsteriskAtHome.htm" "Mozilla/5.0 (Windows; U; Windows NT 5.1; en-US; rv:1.8.1.20) Gecko/20081217 Firefox/2.0.0.20"
194.44.142.8 - - [08/Apr/2009:07:31:25 -0400] "GET /eliza/Eliza.html HTTP/1.0" 200 5488 "http://www.chayden.net/" "Mozilla/4.0 (compatible; MSIE 7.0; Windows NT 5.1; .NET CLR 2.0.50727; .NET CLR 3.0.04506.648; .NET CLR 3.5.21022)"
194.44.142.8 - - [08/Apr/2009:07:31:30 -0400] "GET /eliza/Eliza/Eliza.class HTTP/1.0" 200 2434 "-" "Mozilla/4.0 (Windows XP 5.1) Java/1.6.0_11"
194.44.142.8 - - [08/Apr/2009:07:31:31 -0400] "GET /eliza/Eliza/ElizaMain.class HTTP/1.0" 200 9260 "-" "Mozilla/4.0 (Windows XP 5.1) Java/1.6.0_11"
41.222.40.46 - - [08/Apr/2009:07:31:05 -0400] "GET /Asterisk/SeUpAsteriskAtHome_files/image024.jpg HTTP/1.1" 200 31330 "http://www.chayden.net/Asterisk/SeUpAsteriskAtHome.htm" "Mozilla/5.0 (Windows; U; Windows NT 5.1; en-US; rv:1.8.1.20) Gecko/20081217 Firefox/2.0.0.20"
41.222.40.46 - - [08/Apr/2009:07:30:39 -0400] "GET /Asterisk/SeUpAsteriskAtHome_files/image015.jpg HTTP/1.1" 200 47335 "http://www.chayden.net/Asterisk/SeUpAsteriskAtHome.htm" "Mozilla/5.0 (Windows; U; Windows NT 5.1; en-US; rv:1.8.1.20) Gecko/20081217 Firefox/2.0.0.20"
194.44.142.8 - - [08/Apr/2009:07:31:32 -0400] "GET /eliza/Eliza/DecompList.class HTTP/1.0" 200 877 "-" "Mozilla/4.0 (Windows XP 5.1) Java/1.6.0_11"
194.44.142.8 - - [08/Apr/2009:07:31:33 -0400] "GET /eliza/Eliza/KeyList.class HTTP/1.0" 200 1722 "-" "Mozilla/4.0 (Windows XP 5.1) Java/1.6.0_11"
194.44.142.8 - - [08/Apr/2009:07:31:33 -0400] "GET /eliza/Eliza/SynList.class HTTP/1.0" 200 2103 "-" "Mozilla/4.0 (Windows XP 5.1) Java/1.6.0_11"
194.44.142.8 - - [08/Apr/2009:07:31:33 -0400] "GET /eliza/Eliza/WordList.class HTTP/1.0" 200 1243 "-" "Mozilla/4.0 (Windows XP 5.1) Java/1.6.0_11"
194.44.142.8 - - [08/Apr/2009:07:31:34 -0400] "GET /eliza/Eliza/PrePostList.class HTTP/1.0" 200 1674 "-" "Mozilla/4.0 (Windows XP 5.1) Java/1.6.0_11"
194.44.142.8 - - [08/Apr/2009:07:31:34 -0400] "GET /eliza/Eliza/KeyStack.class HTTP/1.0" 200 1507 "-" "Mozilla/4.0 (Windows XP 5.1) Java/1.6.0_11"
41.222.40.46 - - [08/Apr/2009:07:31:10 -0400] "GET /Asterisk/SeUpAsteriskAtHome_files/image026.jpg HTTP/1.1" 200 37910 "http://www.chayden.net/Asterisk/SeUpAsteriskAtHome.htm" "Mozilla/5.0 (Windows; U; Windows NT 5.1; en-US; rv:1.8.1.20) Gecko/20081217 Firefox/2.0.0.20"
41.222.40.46 - - [08/Apr/2009:07:31:39 -0400] "GET /Asterisk/SeUpAsteriskAtHome_files/image035.jpg HTTP/1.1" 200 2759 "http://www.chayden.net/Asterisk/SeUpAsteriskAtHome.htm" "Mozilla/5.0 (Windows; U; Windows NT 5.1; en-US; rv:1.8.1.20) Gecko/20081217 Firefox/2.0.0.20"
194.44.142.8 - - [08/Apr/2009:07:31:39 -0400] "GET /eliza/Eliza/Key.class HTTP/1.0" 200 1702 "-" "Mozilla/4.0 (Windows XP 5.1) Java/1.6.0_11"
194.44.142.8 - - [08/Apr/2009:07:31:40 -0400] "GET /eliza/Eliza/Mem.class HTTP/1.0" 200 850 "-" "Mozilla/4.0 (Windows XP 5.1) Java/1.6.0_11"
194.44.142.8 - - [08/Apr/2009:07:31:41 -0400] "GET /eliza/script HTTP/1.0" 200 12267 "-" "Mozilla/4.0 (Windows XP 5.1) Java/1.6.0_11"
194.44.142.8 - - [08/Apr/2009:07:31:41 -0400] "GET /eliza/Eliza/EString.class HTTP/1.0" 200 3849 "-" "Mozilla/4.0 (Windows XP 5.1) Java/1.6.0_11"
194.44.142.8 - - [08/Apr/2009:07:31:41 -0400] "GET /eliza/Eliza/PrePost.class HTTP/1.0" 200 1073 "-" "Mozilla/4.0 (Windows XP 5.1) Java/1.6.0_11"
194.44.142.8 - - [08/Apr/2009:07:31:42 -0400] "GET /eliza/Eliza/ReasembList.class HTTP/1.0" 200 1102 "-" "Mozilla/4.0 (Windows XP 5.1) Java/1.6.0_11"
194.44.142.8 - - [08/Apr/2009:07:31:42 -0400] "GET /eliza/Eliza/Decomp.class HTTP/1.0" 200 1727 "-" "Mozilla/4.0 (Windows XP 5.1) Java/1.6.0_11"
41.222.40.46 - - [08/Apr/2009:07:31:35 -0400] "GET /Asterisk/SeUpAsteriskAtHome_files/image033.jpg HTTP/1.1" 200 30788 "http://www.chayden.net/Asterisk/SeUpAsteriskAtHome.htm" "Mozilla/5.0 (Windows; U; Windows NT 5.1; en-US; rv:1.8.1.20) Gecko/20081217 Firefox/2.0.0.20"
41.222.40.46 - - [08/Apr/2009:07:31:25 -0400] "GET /Asterisk/SeUpAsteriskAtHome_files/image029.jpg HTTP/1.1" 200 43404 "http://www.chayden.net/Asterisk/SeUpAsteriskAtHome.htm" "Mozilla/5.0 (Windows; U; Windows NT 5.1; en-US; rv:1.8.1.20) Gecko/20081217 Firefox/2.0.0.20"
41.222.40.46 - - [08/Apr/2009:07:31:55 -0400] "GET /Asterisk/SeUpAsteriskAtHome_files/image039.jpg HTTP/1.1" 200 1921 "http://www.chayden.net/Asterisk/SeUpAsteriskAtHome.htm" "Mozilla/5.0 (Windows; U; Windows NT 5.1; en-US; rv:1.8.1.20) Gecko/20081217 Firefox/2.0.0.20"
41.222.40.46 - - [08/Apr/2009:07:31:30 -0400] "GET /Asterisk/SeUpAsteriskAtHome_files/image031.jpg HTTP/1.1" 200 30259 "http://www.chayden.net/Asterisk/SeUpAsteriskAtHome.htm" "Mozilla/5.0 (Windows; U; Windows NT 5.1; en-US; rv:1.8.1.20) Gecko/20081217 Firefox/2.0.0.20"
41.222.40.46 - - [08/Apr/2009:07:32:08 -0400] "GET /Asterisk/SeUpAsteriskAtHome_files/image044.jpg HTTP/1.1" 200 6079 "http://www.chayden.net/Asterisk/SeUpAsteriskAtHome.htm" "Mozilla/5.0 (Windows; U; Windows NT 5.1; en-US; rv:1.8.1.20) Gecko/20081217 Firefox/2.0.0.20"
41.222.40.46 - - [08/Apr/2009:07:32:01 -0400] "GET /Asterisk/SeUpAsteriskAtHome_files/image041.jpg HTTP/1.1" 200 26765 "http://www.chayden.net/Asterisk/SeUpAsteriskAtHome.htm" "Mozilla/5.0 (Windows; U; Windows NT 5.1; en-US; rv:1.8.1.20) Gecko/20081217 Firefox/2.0.0.20"
41.222.40.46 - - [08/Apr/2009:07:32:02 -0400] "GET /Asterisk/SeUpAsteriskAtHome_files/image037.jpg HTTP/1.1" 200 42221 "http://www.chayden.net/Asterisk/SeUpAsteriskAtHome.htm" "Mozilla/5.0 (Windows; U; Windows NT 5.1; en-US; rv:1.8.1.20) Gecko/20081217 Firefox/2.0.0.20"
72.193.170.175 - - [08/Apr/2009:07:33:24 -0400] "HEAD /favicon.ico HTTP/1.1" 404 - "-" "Mozilla/5.0 (Windows; U; Windows NT 5.1; en-US; rv:1.9.0.8) Gecko/2009032609 Firefox/3.0.8"
41.222.40.46 - - [08/Apr/2009:07:32:17 -0400] "GET /Asterisk/SeUpAsteriskAtHome_files/image043.jpg HTTP/1.1" 200 22658 "http://www.chayden.net/Asterisk/SeUpAsteriskAtHome.htm" "Mozilla/5.0 (Windows; U; Windows NT 5.1; en-US; rv:1.8.1.20) Gecko/20081217 Firefox/2.0.0.20"
41.222.40.46 - - [08/Apr/2009:07:33:39 -0400] "GET /favicon.ico HTTP/1.1" 404 292 "-" "Mozilla/5.0 (Windows; U; Windows NT 5.1; en-US; rv:1.8.1.20) Gecko/20081217 Firefox/2.0.0.20"
41.222.40.46 - - [08/Apr/2009:07:33:39 -0400] "GET /favicon.ico HTTP/1.1" 404 292 "-" "Mozilla/5.0 (Windows; U; Windows NT 5.1; en-US; rv:1.8.1.20) Gecko/20081217 Firefox/2.0.0.20"
72.84.190.194 - - [08/Apr/2009:07:34:12 -0400] "GET /Asterisk/favicon.ico HTTP/1.1" 404 297 "-" "Mozilla/4.0 (compatible; GoogleToolbar 5.0.2124.6042; Windows XP 5.1; MSIE 7.0.5730.11)"
72.84.190.194 - - [08/Apr/2009:07:34:12 -0400] "GET /Asterisk/favicon.gif HTTP/1.1" 404 297 "-" "Mozilla/4.0 (compatible; GoogleToolbar 5.0.2124.6042; Windows XP 5.1; MSIE 7.0.5730.11)"
67.84.138.117 - - [08/Apr/2009:07:37:07 -0400] "GET /Runs/Adidas/favicon.ico HTTP/1.1" 404 304 "-" "Mozilla/4.0 (compatible; GoogleToolbar 5.0.2124.6042; Windows 6.0; MSIE 7.0.6001.18000)"
67.84.138.117 - - [08/Apr/2009:07:37:07 -0400] "GET /Runs/Adidas/favicon.gif HTTP/1.1" 404 304 "-" "Mozilla/4.0 (compatible; GoogleToolbar 5.0.2124.6042; Windows 6.0; MSIE 7.0.6001.18000)"
77.118.15.158 - - [08/Apr/2009:07:40:36 -0400] "GET /Runs/Adidas/tree.jpg HTTP/1.1" 200 976780 "http://www.worldofcherie.blogspot.com/" "Mozilla/4.0 (compatible; MSIE 7.0; Windows NT 6.0; GTB5; SLCC1; .NET CLR 2.0.50727; Media Center PC 5.0; .NET CLR 3.0.04506)"
125.17.149.155 - - [08/Apr/2009:07:42:00 -0400] "GET /favicon.ico HTTP/1.1" 404 292 "-" "Mozilla/5.0 (Windows; U; Windows NT 5.1; en-US; rv:1.9.0.8) Gecko/2009032609 Firefox/3.0.8"
125.17.149.155 - - [08/Apr/2009:07:42:01 -0400] "GET /favicon.ico HTTP/1.1" 404 292 "-" "Mozilla/5.0 (Windows; U; Windows NT 5.1; en-US; rv:1.9.0.8) Gecko/2009032609 Firefox/3.0.8"
74.6.22.155 - - [08/Apr/2009:07:42:31 -0400] "GET /eliza/Eliza.html HTTP/1.0" 200 5488 "-" "Mozilla/5.0 (compatible; Yahoo! Slurp/3.0; http://help.yahoo.com/help/us/ysearch/slurp)"
72.193.170.175 - - [08/Apr/2009:07:43:24 -0400] "HEAD /favicon.ico HTTP/1.1" 404 - "-" "Mozilla/5.0 (Windows; U; Windows NT 5.1; en-US; rv:1.9.0.8) Gecko/2009032609 Firefox/3.0.8"
74.6.18.249 - - [08/Apr/2009:07:45:59 -0400] "GET /Catskills/DoubletopBigIndian-4-2006/ HTTP/1.0" 200 8751 "-" "Mozilla/5.0 (compatible; Yahoo! Slurp/3.0; http://help.yahoo.com/help/us/ysearch/slurp)"
65.199.191.168 - - [08/Apr/2009:07:47:01 -0400] "GET /Catskills/Catskills.html HTTP/1.0" 200 7380 "http://www.google.com/search?source=ig&hl=en&rlz=&=&q=popular+hikes+catskills&btnG=Google+Search&aq=f&oq=" "Mozilla/5.0 (Windows; U; Windows NT 5.1; en-US; rv:1.9.0.8) Gecko/2009032609 Firefox/3.0.8"
65.199.191.168 - - [08/Apr/2009:07:47:01 -0400] "GET /includes/hikes.css HTTP/1.0" 200 306 "http://www.chayden.net/Catskills/Catskills.html" "Mozilla/5.0 (Windows; U; Windows NT 5.1; en-US; rv:1.9.0.8) Gecko/2009032609 Firefox/3.0.8"
65.199.191.168 - - [08/Apr/2009:07:47:01 -0400] "GET /Catskills/Peaks.gif HTTP/1.0" 200 230219 "http://www.chayden.net/Catskills/Catskills.html" "Mozilla/5.0 (Windows; U; Windows NT 5.1; en-US; rv:1.9.0.8) Gecko/2009032609 Firefox/3.0.8"
65.199.191.168 - - [08/Apr/2009:07:47:03 -0400] "GET /favicon.ico HTTP/1.0" 404 292 "-" "Mozilla/5.0 (Windows; U; Windows NT 5.1; en-US; rv:1.9.0.8) Gecko/2009032609 Firefox/3.0.8"
195.141.83.103 - - [08/Apr/2009:07:47:17 -0400] "GET /Runs/Adidas/tree.jpg HTTP/1.1" 200 976780 "http://www.worldofcherie.blogspot.com/" "Mozilla/4.0 (compatible; MSIE 7.0; Windows NT 5.2; .NET CLR 1.1.4322; .NET CLR 2.0.50727; .NET CLR 3.0.4506.2152; .NET CLR 3.5.30729)"
195.141.83.103 - - [08/Apr/2009:07:47:18 -0400] "GET /Runs/Adidas/tree.jpg HTTP/1.1" 200 976780 "http://images.google.ch/imgres?imgurl=http://www.chayden.net/Runs/Adidas/tree.jpg&imgrefurl=http://www.worldofcherie.blogspot.com/&usg=__5Aqja_p8bGP49zufYZmBj9L4A8E=&h=2958&w=2310&sz=954&hl=de&start=44&um=1&tbnid=EjYRzJyORJ_a6M:&tbnh=150&tbnw=117&prev=/images%3Fq%3Dpeeing%2Bchild%26ndsp%3D20%26hl%3Dde%26sa%3DN%26start%3D40%26um%3D1" "Mozilla/4.0 (compatible; MSIE 7.0; Windows NT 5.2; .NET CLR 1.1.4322; .NET CLR 2.0.50727; .NET CLR 3.0.4506.2152; .NET CLR 3.5.30729)"
195.141.83.103 - - [08/Apr/2009:07:47:34 -0400] "GET /favicon.ico HTTP/1.1" 404 292 "-" "Mozilla/4.0 (compatible; MSIE 7.0; Windows NT 5.2; .NET CLR 1.1.4322; .NET CLR 2.0.50727; .NET CLR 3.0.4506.2152; .NET CLR 3.5.30729)"
65.199.191.168 - - [08/Apr/2009:07:48:32 -0400] "GET /Catskills/Notes/AircraftCrashes.html HTTP/1.0" 200 25661 "http://www.chayden.net/Catskills/Catskills.html" "Mozilla/5.0 (Windows; U; Windows NT 5.1; en-US; rv:1.9.0.8) Gecko/2009032609 Firefox/3.0.8"
65.199.191.168 - - [08/Apr/2009:07:48:33 -0400] "GET /Catskills/Notes/4254_400.jpg HTTP/1.0" 200 21802 "http://www.chayden.net/Catskills/Notes/AircraftCrashes.html" "Mozilla/5.0 (Windows; U; Windows NT 5.1; en-US; rv:1.9.0.8) Gecko/2009032609 Firefox/3.0.8"
65.199.191.168 - - [08/Apr/2009:07:48:33 -0400] "GET /Catskills/Notes/southmtn1.jpg HTTP/1.0" 200 15721 "http://www.chayden.net/Catskills/Notes/AircraftCrashes.html" "Mozilla/5.0 (Windows; U; Windows NT 5.1; en-US; rv:1.9.0.8) Gecko/2009032609 Firefox/3.0.8"
