24.8.17.181 - - [17/Apr/2009:07:40:27 -0400] "GET /Asterisk/SeUpAsteriskAtHome_files/image046.jpg HTTP/1.1" 304 - "http://www.chayden.net/Asterisk/SeUpAsteriskAtHome.htm" "Mozilla/4.0 (compatible; MSIE 7.0; Windows NT 5.1)"
65.55.217.53 - - [17/Apr/2009:07:40:44 -0400] "GET /robots.txt HTTP/1.1" 404 291 "-" "msnbot-media/1.1 (+http://search.msn.com/msnbot.htm)"
65.55.217.53 - - [17/Apr/2009:07:40:44 -0400] "GET /Snapshots/May00-2-18.jpg HTTP/1.1" 200 34451 "-" "msnbot-media/1.1 (+http://search.msn.com/msnbot.htm)"
72.84.190.194 - - [17/Apr/2009:07:41:09 -0400] "GET /Asterisk/favicon.ico HTTP/1.1" 404 297 "-" "Mozilla/4.0 (compatible; GoogleToolbar 5.0.2124.6042; Windows XP 5.1; MSIE 7.0.5730.11)"
72.84.190.194 - - [17/Apr/2009:07:41:09 -0400] "GET /Asterisk/favicon.gif HTTP/1.1" 404 297 "-" "Mozilla/4.0 (compatible; GoogleToolbar 5.0.2124.6042; Windows XP 5.1; MSIE 7.0.5730.11)"
208.78.63.168 - - [17/Apr/2009:07:41:10 -0400] "GET /favicon.ico HTTP/1.1" 404 292 "-" "Mozilla/4.0 (compatible; MSIE 7.0; Windows NT 6.0; SLCC1; .NET CLR 2.0.50727; Media Center PC 5.0; .NET CLR 3.0.04506; InfoPath.2)"
65.55.220.216 - - [17/Apr/2009:07:41:37 -0400] "GET /robots.txt HTTP/1.1" 404 287 "-" "msnbot-media/1.1 (+http://search.msn.com/msnbot.htm)"
65.55.220.216 - - [17/Apr/2009:07:41:37 -0400] "GET /Stubai2006/pics/map2.gif HTTP/1.1" 200 257466 "-" "msnbot-media/1.1 (+http://search.msn.com/msnbot.htm)"
208.78.63.168 - - [17/Apr/2009:07:41:58 -0400] "GET /Asterisk/SeUpAsteriskAtHome_files/image001.gif HTTP/1.1" 200 2324 "http://www.chayden.net/Asterisk/SeUpAsteriskAtHome.htm" "Mozilla/4.0 (compatible; MSIE 7.0; Windows NT 6.0; SLCC1; .NET CLR 2.0.50727; Media Center PC 5.0; .NET CLR 3.0.04506; InfoPath.2)"
208.78.63.168 - - [17/Apr/2009:07:42:09 -0400] "GET /Asterisk/SeUpAsteriskAtHome_files/image001.gif HTTP/1.1" 200 2324 "-" "Mozilla/4.0 (compatible; MSIE 7.0; Windows NT 6.0; SLCC1; .NET CLR 2.0.50727; Media Center PC 5.0; .NET CLR 3.0.04506; InfoPath.2)"
208.78.63.168 - - [17/Apr/2009:07:42:25 -0400] "GET /Asterisk/SeUpAsteriskAtHome_files/image003.jpg HTTP/1.1" 200 5132 "http://www.chayden.net/Asterisk/SeUpAsteriskAtHome.htm" "Mozilla/4.0 (compatible; MSIE 7.0; Windows NT 6.0; SLCC1; .NET CLR 2.0.50727; Media Center PC 5.0; .NET CLR 3.0.04506; InfoPath.2)"
71.155.228.223 - - [17/Apr/2009:07:42:29 -0400] "GET /Asterisk/favicon.ico HTTP/1.1" 404 301 "-" "Mozilla/4.0 (compatible; GoogleToolbar 5.0.2124.6042; Windows 6.0; MSIE 7.0.6000.16830)"
71.155.228.223 - - [17/Apr/2009:07:42:29 -0400] "GET /Asterisk/favicon.gif HTTP/1.1" 404 301 "-" "Mozilla/4.0 (compatible; GoogleToolbar 5.0.2124.6042; Windows 6.0; MSIE 7.0.6000.16830)"
208.78.63.168 - - [17/Apr/2009:07:42:30 -0400] "GET /Asterisk/SeUpAsteriskAtHome_files/image002.png HTTP/1.1" 200 8522 "-" "Mozilla/4.0 (compatible; MSIE 7.0; Windows NT 6.0; SLCC1; .NET CLR 2.0.50727; Media Center PC 5.0; .NET CLR 3.0.04506; InfoPath.2)"
144.138.154.210 - - [17/Apr/2009:07:42:32 -0400] "GET /eliza/Eliza.html HTTP/1.1" 200 5488 "http://www.google.com/search?hl=en&q=eliza&btnG=Google+Search&aq=f&oq=eliza" "Mozilla/5.0 (Windows; U; Windows NT 6.0; en-US; rv:1.9.0.5) Gecko/2008120122 Firefox/3.0.5"
24.151.39.93 - - [17/Apr/2009:07:42:32 -0400] "GET /Asterisk/favicon.ico HTTP/1.1" 404 297 "-" "Mozilla/4.0 (compatible; GoogleToolbar 5.0.2124.6042; Windows XP 5.1; MSIE 7.0.5730.11)"
24.151.39.93 - - [17/Apr/2009:07:42:32 -0400] "GET /Asterisk/favicon.gif HTTP/1.1" 404 297 "-" "Mozilla/4.0 (compatible; GoogleToolbar 5.0.2124.6042; Windows XP 5.1; MSIE 7.0.5730.11)"
144.138.154.210 - - [17/Apr/2009:07:42:40 -0400] "GET /eliza/Eliza/Eliza.class HTTP/1.1" 200 2434 "-" "Mozilla/4.0 (Windows Vista 6.0) Java/1.6.0_06"
144.138.154.210 - - [17/Apr/2009:07:42:44 -0400] "GET /icons/back.gif HTTP/1.1" 200 216 "http://www.chayden.net/eliza/Eliza.html" "Mozilla/5.0 (Windows; U; Windows NT 6.0; en-US; rv:1.9.0.5) Gecko/2008120122 Firefox/3.0.5"
144.138.154.210 - - [17/Apr/2009:07:42:51 -0400] "GET /favicon.ico HTTP/1.1" 404 292 "-" "Mozilla/5.0 (Windows; U; Windows NT 6.0; en-US; rv:1.9.0.5) Gecko/2008120122 Firefox/3.0.5"
66.235.124.76 - - [17/Apr/2009:07:42:57 -0400] "GET /Sierra94/pic/s94-1-18.jpg HTTP/1.0" 200 76380 "-" "Mozilla/5.0 (compatible; Ask Jeeves/Teoma; +http://about.ask.com/en/docs/about/webmasters.shtml)"
208.78.63.168 - - [17/Apr/2009:07:43:20 -0400] "GET /Asterisk/SeUpAsteriskAtHome_files/image004.gif HTTP/1.1" 200 6404 "-" "Mozilla/4.0 (compatible; MSIE 7.0; Windows NT 6.0; SLCC1; .NET CLR 2.0.50727; Media Center PC 5.0; .NET CLR 3.0.04506; InfoPath.2)"
208.78.63.168 - - [17/Apr/2009:07:43:30 -0400] "GET /Asterisk/SeUpAsteriskAtHome_files/image005.gif HTTP/1.1" 200 4365 "-" "Mozilla/4.0 (compatible; MSIE 7.0; Windows NT 6.0; SLCC1; .NET CLR 2.0.50727; Media Center PC 5.0; .NET CLR 3.0.04506; InfoPath.2)"
65.40.115.30 - - [17/Apr/2009:07:43:34 -0400] "HEAD /favicon.ico HTTP/1.1" 404 - "-" "Mozilla/5.0 (Windows; U; Windows NT 5.1; en-US; rv:1.9.0.8) Gecko/2009032609 Firefox/3.0.8"
208.78.63.168 - - [17/Apr/2009:07:43:56 -0400] "GET /Asterisk/SeUpAsteriskAtHome_files/image006.gif HTTP/1.1" 200 33832 "-" "Mozilla/4.0 (compatible; MSIE 7.0; Windows NT 6.0; SLCC1; .NET CLR 2.0.50727; Media Center PC 5.0; .NET CLR 3.0.04506; InfoPath.2)"
90.209.33.21 - - [17/Apr/2009:07:45:18 -0400] "GET /Sierra96/pic/s96-1-24.jpg HTTP/1.1" 200 84342 "http://www.chayden.net/Sierra96/Sierra96.html" "Mozilla/4.0 (compatible; MSIE 7.0; Windows NT 5.1; Sky Broadband; .NET CLR 1.1.4322; .NET CLR 2.0.50727; .NET CLR 3.0.4506.2152; .NET CLR 3.5.30729)"
90.209.33.21 - - [17/Apr/2009:07:45:18 -0400] "GET /Sierra96/pic/Sierra96-M1.JPG HTTP/1.1" 206 279262 "http://www.chayden.net/Sierra96/Sierra96.html" "Mozilla/4.0 (compatible; MSIE 7.0; Windows NT 5.1; Sky Broadband; .NET CLR 1.1.4322; .NET CLR 2.0.50727; .NET CLR 3.0.4506.2152; .NET CLR 3.5.30729)"
90.209.33.21 - - [17/Apr/2009:07:45:19 -0400] "GET /Sierra96/pic/s96-2-07.jpg HTTP/1.1" 200 62311 "http://www.chayden.net/Sierra96/Sierra96.html" "Mozilla/4.0 (compatible; MSIE 7.0; Windows NT 5.1; Sky Broadband; .NET CLR 1.1.4322; .NET CLR 2.0.50727; .NET CLR 3.0.4506.2152; .NET CLR 3.5.30729)"
90.209.33.21 - - [17/Apr/2009:07:45:20 -0400] "GET /Sierra96/pic/s96-2-10.jpg HTTP/1.1" 200 94101 "http://www.chayden.net/Sierra96/Sierra96.html" "Mozilla/4.0 (compatible; MSIE 7.0; Windows NT 5.1; Sky Broadband; .NET CLR 1.1.4322; .NET CLR 2.0.50727; .NET CLR 3.0.4506.2152; .NET CLR 3.5.30729)"
90.209.33.21 - - [17/Apr/2009:07:45:21 -0400] "GET /Sierra96/pic/s96-2-16.jpg HTTP/1.1" 200 65272 "http://www.chayden.net/Sierra96/Sierra96.html" "Mozilla/4.0 (compatible; MSIE 7.0; Windows NT 5.1; Sky Broadband; .NET CLR 1.1.4322; .NET CLR 2.0.50727; .NET CLR 3.0.4506.2152; .NET CLR 3.5.30729)"
90.209.33.21 - - [17/Apr/2009:07:45:21 -0400] "GET /Sierra96/pic/s96-2-08.jpg HTTP/1.1" 200 80565 "http://www.chayden.net/Sierra96/Sierra96.html" "Mozilla/4.0 (compatible; MSIE 7.0; Windows NT 5.1; Sky Broadband; .NET CLR 1.1.4322; .NET CLR 2.0.50727; .NET CLR 3.0.4506.2152; .NET CLR 3.5.30729)"
90.209.33.21 - - [17/Apr/2009:07:45:22 -0400] "GET /Sierra96/pic/s96-2-18.jpg HTTP/1.1" 200 97664 "http://www.chayden.net/Sierra96/Sierra96.html" "Mozilla/4.0 (compatible; MSIE 7.0; Windows NT 5.1; Sky Broadband; .NET CLR 1.1.4322; .NET CLR 2.0.50727; .NET CLR 3.0.4506.2152; .NET CLR 3.5.30729)"
90.209.33.21 - - [17/Apr/2009:07:45:23 -0400] "GET /Sierra96/pic/s96-2-19.jpg HTTP/1.1" 200 94204 "http://www.chayden.net/Sierra96/Sierra96.html" "Mozilla/4.0 (compatible; MSIE 7.0; Windows NT 5.1; Sky Broadband; .NET CLR 1.1.4322; .NET CLR 2.0.50727; .NET CLR 3.0.4506.2152; .NET CLR 3.5.30729)"
90.209.33.21 - - [17/Apr/2009:07:45:23 -0400] "GET /Sierra96/pic/s96-2-21.jpg HTTP/1.1" 200 86664 "http://www.chayden.net/Sierra96/Sierra96.html" "Mozilla/4.0 (compatible; MSIE 7.0; Windows NT 5.1; Sky Broadband; .NET CLR 1.1.4322; .NET CLR 2.0.50727; .NET CLR 3.0.4506.2152; .NET CLR 3.5.30729)"
90.209.33.21 - - [17/Apr/2009:07:45:24 -0400] "GET /Sierra96/pic/s96-2-25.jpg HTTP/1.1" 200 109270 "http://www.chayden.net/Sierra96/Sierra96.html" "Mozilla/4.0 (compatible; MSIE 7.0; Windows NT 5.1; Sky Broadband; .NET CLR 1.1.4322; .NET CLR 2.0.50727; .NET CLR 3.0.4506.2152; .NET CLR 3.5.30729)"
90.209.33.21 - - [17/Apr/2009:07:45:25 -0400] "GET /Sierra96/pic/s96-2-26.jpg HTTP/1.1" 200 80652 "http://www.chayden.net/Sierra96/Sierra96.html" "Mozilla/4.0 (compatible; MSIE 7.0; Windows NT 5.1; Sky Broadband; .NET CLR 1.1.4322; .NET CLR 2.0.50727; .NET CLR 3.0.4506.2152; .NET CLR 3.5.30729)"
208.78.63.168 - - [17/Apr/2009:07:45:26 -0400] "GET /Asterisk/SeUpAsteriskAtHome_files/image007.gif HTTP/1.1" 200 5284 "-" "Mozilla/4.0 (compatible; MSIE 7.0; Windows NT 6.0; SLCC1; .NET CLR 2.0.50727; Media Center PC 5.0; .NET CLR 3.0.04506; InfoPath.2)"
90.209.33.21 - - [17/Apr/2009:07:45:26 -0400] "GET /Sierra96/pic/s96-2-33.jpg HTTP/1.1" 200 107815 "http://www.chayden.net/Sierra96/Sierra96.html" "Mozilla/4.0 (compatible; MSIE 7.0; Windows NT 5.1; Sky Broadband; .NET CLR 1.1.4322; .NET CLR 2.0.50727; .NET CLR 3.0.4506.2152; .NET CLR 3.5.30729)"
90.209.33.21 - - [17/Apr/2009:07:45:26 -0400] "GET /Sierra96/pic/s96-2-35.jpg HTTP/1.1" 200 77394 "http://www.chayden.net/Sierra96/Sierra96.html" "Mozilla/4.0 (compatible; MSIE 7.0; Windows NT 5.1; Sky Broadband; .NET CLR 1.1.4322; .NET CLR 2.0.50727; .NET CLR 3.0.4506.2152; .NET CLR 3.5.30729)"
208.78.63.168 - - [17/Apr/2009:07:45:49 -0400] "GET /Asterisk/SeUpAsteriskAtHome_files/image008.png HTTP/1.1" 200 9707 "-" "Mozilla/4.0 (compatible; MSIE 7.0; Windows NT 6.0; SLCC1; .NET CLR 2.0.50727; Media Center PC 5.0; .NET CLR 3.0.04506; InfoPath.2)"
208.78.63.168 - - [17/Apr/2009:07:46:17 -0400] "GET /Asterisk/SeUpAsteriskAtHome_files/image010.png HTTP/1.1" 200 8528 "-" "Mozilla/4.0 (compatible; MSIE 7.0; Windows NT 6.0; SLCC1; .NET CLR 2.0.50727; Media Center PC 5.0; .NET CLR 3.0.04506; InfoPath.2)"
144.138.154.210 - - [17/Apr/2009:07:46:27 -0400] "GET /eliza/Eliza/ElizaMain.class HTTP/1.1" 200 9260 "-" "Mozilla/4.0 (Windows Vista 6.0) Java/1.6.0_06"
144.138.154.210 - - [17/Apr/2009:07:46:30 -0400] "GET /eliza/Eliza/DecompList.class HTTP/1.1" 200 877 "-" "Mozilla/4.0 (Windows Vista 6.0) Java/1.6.0_06"
144.138.154.210 - - [17/Apr/2009:07:46:31 -0400] "GET /eliza/Eliza/KeyList.class HTTP/1.1" 200 1722 "-" "Mozilla/4.0 (Windows Vista 6.0) Java/1.6.0_06"
144.138.154.210 - - [17/Apr/2009:07:46:33 -0400] "GET /eliza/Eliza/SynList.class HTTP/1.1" 200 2103 "-" "Mozilla/4.0 (Windows Vista 6.0) Java/1.6.0_06"
144.138.154.210 - - [17/Apr/2009:07:46:36 -0400] "GET /eliza/Eliza/WordList.class HTTP/1.1" 200 1243 "-" "Mozilla/4.0 (Windows Vista 6.0) Java/1.6.0_06"
144.138.154.210 - - [17/Apr/2009:07:46:39 -0400] "GET /eliza/Eliza/PrePostList.class HTTP/1.1" 200 1674 "-" "Mozilla/4.0 (Windows Vista 6.0) Java/1.6.0_06"
144.138.154.210 - - [17/Apr/2009:07:46:41 -0400] "GET /eliza/Eliza/KeyStack.class HTTP/1.1" 200 1507 "-" "Mozilla/4.0 (Windows Vista 6.0) Java/1.6.0_06"
144.138.154.210 - - [17/Apr/2009:07:46:42 -0400] "GET /eliza/Eliza/Key.class HTTP/1.1" 200 1702 "-" "Mozilla/4.0 (Windows Vista 6.0) Java/1.6.0_06"
144.138.154.210 - - [17/Apr/2009:07:46:43 -0400] "GET /eliza/Eliza/Mem.class HTTP/1.1" 200 850 "-" "Mozilla/4.0 (Windows Vista 6.0) Java/1.6.0_06"
144.138.154.210 - - [17/Apr/2009:07:46:46 -0400] "GET /eliza/script HTTP/1.1" 200 12267 "-" "Mozilla/4.0 (Windows Vista 6.0) Java/1.6.0_06"
144.138.154.210 - - [17/Apr/2009:07:46:48 -0400] "GET /eliza/Eliza/EString.class HTTP/1.1" 200 3849 "-" "Mozilla/4.0 (Windows Vista 6.0) Java/1.6.0_06"
144.138.154.210 - - [17/Apr/2009:07:46:49 -0400] "GET /eliza/Eliza/PrePost.class HTTP/1.1" 200 1073 "-" "Mozilla/4.0 (Windows Vista 6.0) Java/1.6.0_06"
144.138.154.210 - - [17/Apr/2009:07:46:50 -0400] "GET /eliza/Eliza/ReasembList.class HTTP/1.1" 200 1102 "-" "Mozilla/4.0 (Windows Vista 6.0) Java/1.6.0_06"
144.138.154.210 - - [17/Apr/2009:07:46:51 -0400] "GET /eliza/Eliza/Decomp.class HTTP/1.1" 200 1727 "-" "Mozilla/4.0 (Windows Vista 6.0) Java/1.6.0_06"
65.40.115.30 - - [17/Apr/2009:07:47:00 -0400] "HEAD /favicon.ico HTTP/1.1" 404 - "-" "Mozilla/5.0 (Windows; U; Windows NT 5.1; en-US; rv:1.9.0.8) Gecko/2009032609 Firefox/3.0.8"
208.78.63.168 - - [17/Apr/2009:07:46:51 -0400] "GET /Asterisk/SeUpAsteriskAtHome_files/image012.png HTTP/1.1" 200 13317 "-" "Mozilla/4.0 (compatible; MSIE 7.0; Windows NT 6.0; SLCC1; .NET CLR 2.0.50727; Media Center PC 5.0; .NET CLR 3.0.04506; InfoPath.2)"
208.78.63.168 - - [17/Apr/2009:07:41:10 -0400] "GET /Asterisk/SeUpAsteriskAtHome.htm HTTP/1.1" 200 178181 "http://www.google.ca/search?hl=en&q=asterisk+%2B+sip+%2B+pbx&btnG=Google+Search&meta=&aq=o&oq=" "Mozilla/4.0 (compatible; MSIE 7.0; Windows NT 6.0; SLCC1; .NET CLR 2.0.50727; Media Center PC 5.0; .NET CLR 3.0.04506; InfoPath.2)"
208.78.63.168 - - [17/Apr/2009:07:47:08 -0400] "GET /Asterisk/SeUpAsteriskAtHome_files/image014.png HTTP/1.1" 200 29314 "-" "Mozilla/4.0 (compatible; MSIE 7.0; Windows NT 6.0; SLCC1; .NET CLR 2.0.50727; Media Center PC 5.0; .NET CLR 3.0.04506; InfoPath.2)"
208.78.63.168 - - [17/Apr/2009:07:47:30 -0400] "GET /Asterisk/SeUpAsteriskAtHome_files/image016.png HTTP/1.1" 200 25414 "-" "Mozilla/4.0 (compatible; MSIE 7.0; Windows NT 6.0; SLCC1; .NET CLR 2.0.50727; Media Center PC 5.0; .NET CLR 3.0.04506; InfoPath.2)"
144.214.20.136 - - [17/Apr/2009:07:47:46 -0400] "GET /eliza/Eliza.html HTTP/1.1" 200 5488 "-" "Mozilla/4.0 (compatible; MSIE 6.0; Windows NT 5.1; SV1; .NET CLR 1.1.4322; .NET CLR 2.0.50727; .NET CLR 3.0.04506.648; .NET CLR 3.5.21022)"
208.78.63.168 - - [17/Apr/2009:07:47:40 -0400] "GET /Asterisk/SeUpAsteriskAtHome_files/image018.png HTTP/1.1" 200 19123 "-" "Mozilla/4.0 (compatible; MSIE 7.0; Windows NT 6.0; SLCC1; .NET CLR 2.0.50727; Media Center PC 5.0; .NET CLR 3.0.04506; InfoPath.2)"
144.214.20.136 - - [17/Apr/2009:07:47:50 -0400] "GET /icons/back.gif HTTP/1.1" 200 216 "http://chayden.net/eliza/Eliza.html" "Mozilla/4.0 (compatible; MSIE 6.0; Windows NT 5.1; SV1; .NET CLR 1.1.4322; .NET CLR 2.0.50727; .NET CLR 3.0.04506.648; .NET CLR 3.5.21022)"
144.214.20.136 - - [17/Apr/2009:07:47:51 -0400] "GET /eliza/Eliza/Eliza.class HTTP/1.1" 200 2434 "-" "Mozilla/4.0 (Windows XP 5.1) Java/1.6.0_07"
144.214.20.136 - - [17/Apr/2009:07:47:51 -0400] "GET /eliza/Eliza/ElizaMain.class HTTP/1.1" 200 9260 "-" "Mozilla/4.0 (Windows XP 5.1) Java/1.6.0_07"
144.214.20.136 - - [17/Apr/2009:07:47:52 -0400] "GET /eliza/Eliza/DecompList.class HTTP/1.1" 200 877 "-" "Mozilla/4.0 (Windows XP 5.1) Java/1.6.0_07"
144.214.20.136 - - [17/Apr/2009:07:47:53 -0400] "GET /eliza/Eliza/KeyList.class HTTP/1.1" 200 1722 "-" "Mozilla/4.0 (Windows XP 5.1) Java/1.6.0_07"
144.214.20.136 - - [17/Apr/2009:07:47:53 -0400] "GET /eliza/Eliza/SynList.class HTTP/1.1" 200 2103 "-" "Mozilla/4.0 (Windows XP 5.1) Java/1.6.0_07"
144.214.20.136 - - [17/Apr/2009:07:47:54 -0400] "GET /eliza/Eliza/WordList.class HTTP/1.1" 200 1243 "-" "Mozilla/4.0 (Windows XP 5.1) Java/1.6.0_07"
144.214.20.136 - - [17/Apr/2009:07:47:55 -0400] "GET /eliza/Eliza/PrePostList.class HTTP/1.1" 200 1674 "-" "Mozilla/4.0 (Windows XP 5.1) Java/1.6.0_07"
144.214.20.136 - - [17/Apr/2009:07:47:55 -0400] "GET /eliza/Eliza/KeyStack.class HTTP/1.1" 200 1507 "-" "Mozilla/4.0 (Windows XP 5.1) Java/1.6.0_07"
144.214.20.136 - - [17/Apr/2009:07:47:56 -0400] "GET /eliza/Eliza/Key.class HTTP/1.1" 200 1702 "-" "Mozilla/4.0 (Windows XP 5.1) Java/1.6.0_07"
144.214.20.136 - - [17/Apr/2009:07:47:56 -0400] "GET /eliza/Eliza/Mem.class HTTP/1.1" 200 850 "-" "Mozilla/4.0 (Windows XP 5.1) Java/1.6.0_07"
144.214.20.136 - - [17/Apr/2009:07:47:57 -0400] "GET /eliza/script HTTP/1.1" 200 12267 "-" "Mozilla/4.0 (Windows XP 5.1) Java/1.6.0_07"
144.214.20.136 - - [17/Apr/2009:07:47:58 -0400] "GET /eliza/Eliza/EString.class HTTP/1.1" 200 3849 "-" "Mozilla/4.0 (Windows XP 5.1) Java/1.6.0_07"
144.214.20.136 - - [17/Apr/2009:07:47:59 -0400] "GET /eliza/Eliza/PrePost.class HTTP/1.1" 200 1073 "-" "Mozilla/4.0 (Windows XP 5.1) Java/1.6.0_07"
144.214.20.136 - - [17/Apr/2009:07:47:59 -0400] "GET /eliza/Eliza/ReasembList.class HTTP/1.1" 200 1102 "-" "Mozilla/4.0 (Windows XP 5.1) Java/1.6.0_07"
144.214.20.136 - - [17/Apr/2009:07:48:00 -0400] "GET /eliza/Eliza/Decomp.class HTTP/1.1" 200 1727 "-" "Mozilla/4.0 (Windows XP 5.1) Java/1.6.0_07"
208.78.63.168 - - [17/Apr/2009:07:48:20 -0400] "GET /Asterisk/SeUpAsteriskAtHome_files/image021.png HTTP/1.1" 200 18492 "-" "Mozilla/4.0 (compatible; MSIE 7.0; Windows NT 6.0; SLCC1; .NET CLR 2.0.50727; Media Center PC 5.0; .NET CLR 3.0.04506; InfoPath.2)"
74.6.8.116 - - [17/Apr/2009:07:49:26 -0400] "GET /eliza/Eliza/ReasembList.java HTTP/1.0" 200 594 "-" "Mozilla/5.0 (compatible; Yahoo! Slurp/3.0; http://help.yahoo.com/help/us/ysearch/slurp)"
24.151.39.93 - - [17/Apr/2009:07:49:35 -0400] "GET /Asterisk/favicon.ico HTTP/1.1" 404 297 "-" "Mozilla/4.0 (compatible; GoogleToolbar 5.0.2124.6042; Windows XP 5.1; MSIE 7.0.5730.11)"
24.151.39.93 - - [17/Apr/2009:07:49:35 -0400] "GET /Asterisk/favicon.gif HTTP/1.1" 404 297 "-" "Mozilla/4.0 (compatible; GoogleToolbar 5.0.2124.6042; Windows XP 5.1; MSIE 7.0.5730.11)"
65.55.108.143 - - [17/Apr/2009:07:49:38 -0400] "GET /robots.txt HTTP/1.1" 404 287 "-" "msnbot-media/1.1 (+http://search.msn.com/msnbot.htm)"
65.55.108.143 - - [17/Apr/2009:07:49:38 -0400] "GET /Stubai2006/pics/p7041305.jpg HTTP/1.1" 200 20978 "-" "msnbot-media/1.1 (+http://search.msn.com/msnbot.htm)"
208.78.63.168 - - [17/Apr/2009:07:49:54 -0400] "GET /Asterisk/SeUpAsteriskAtHome_files/image027.jpg HTTP/1.1" 200 8509 "-" "Mozilla/4.0 (compatible; MSIE 7.0; Windows NT 6.0; SLCC1; .NET CLR 2.0.50727; Media Center PC 5.0; .NET CLR 3.0.04506; InfoPath.2)"
208.78.63.168 - - [17/Apr/2009:07:47:41 -0400] "GET /Asterisk/SeUpAsteriskAtHome_files/image020.gif HTTP/1.1" 200 49946 "-" "Mozilla/4.0 (compatible; MSIE 7.0; Windows NT 6.0; SLCC1; .NET CLR 2.0.50727; Media Center PC 5.0; .NET CLR 3.0.04506; InfoPath.2)"
65.55.108.143 - - [17/Apr/2009:07:49:58 -0400] "GET /Stubai2006/pics/p6291230.jpg HTTP/1.1" 200 30983 "-" "msnbot-media/1.1 (+http://search.msn.com/msnbot.htm)"
74.6.8.116 - - [17/Apr/2009:07:51:04 -0400] "GET /mybook/firmware/ HTTP/1.0" 200 705 "-" "Mozilla/5.0 (compatible; Yahoo! Slurp/3.0; http://help.yahoo.com/help/us/ysearch/slurp)"
208.78.63.168 - - [17/Apr/2009:07:50:24 -0400] "GET /Asterisk/SeUpAsteriskAtHome_files/image028.jpg HTTP/1.1" 200 139428 "-" "Mozilla/4.0 (compatible; MSIE 7.0; Windows NT 6.0; SLCC1; .NET CLR 2.0.50727; Media Center PC 5.0; .NET CLR 3.0.04506; InfoPath.2)"
208.78.63.168 - - [17/Apr/2009:07:50:42 -0400] "GET /Asterisk/SeUpAsteriskAtHome_files/image030.jpg HTTP/1.1" 200 77949 "-" "Mozilla/4.0 (compatible; MSIE 7.0; Windows NT 6.0; SLCC1; .NET CLR 2.0.50727; Media Center PC 5.0; .NET CLR 3.0.04506; InfoPath.2)"
144.214.20.136 - - [17/Apr/2009:07:52:36 -0400] "GET /eliza/script HTTP/1.1" 200 12267 "-" "Mozilla/4.0 (Windows XP 5.1) Java/1.6.0_07"
65.40.115.30 - - [17/Apr/2009:07:53:33 -0400] "HEAD /favicon.ico HTTP/1.1" 404 - "-" "Mozilla/5.0 (Windows; U; Windows NT 5.1; en-US; rv:1.9.0.8) Gecko/2009032609 Firefox/3.0.8"
72.84.190.194 - - [17/Apr/2009:07:54:14 -0400] "GET /Asterisk/favicon.ico HTTP/1.1" 404 297 "-" "Mozilla/4.0 (compatible; GoogleToolbar 5.0.2124.6042; Windows XP 5.1; MSIE 7.0.5730.11)"
72.84.190.194 - - [17/Apr/2009:07:54:14 -0400] "GET /Asterisk/favicon.gif HTTP/1.1" 404 297 "-" "Mozilla/4.0 (compatible; GoogleToolbar 5.0.2124.6042; Windows XP 5.1; MSIE 7.0.5730.11)"
65.40.115.30 - - [17/Apr/2009:07:57:03 -0400] "HEAD /favicon.ico HTTP/1.1" 404 - "-" "Mozilla/5.0 (Windows; U; Windows NT 5.1; en-US; rv:1.9.0.8) Gecko/2009032609 Firefox/3.0.8"
79.113.132.64 - - [17/Apr/2009:07:58:23 -0400] "GET /SanGabriels/SanGabriels.html HTTP/1.1" 200 28779 "http://images.google.ro/imgres?imgurl=http://www.chayden.net/SanGabriels/pic/TwinPeaks76-01.jpg&imgrefurl=http://www.chayden.net/SanGabriels/SanGabriels.html&usg=__taZQLH53bsT68Rn_McHoDHf1IJs=&h=387&w=450&sz=50&hl=ro&start=139&tbnid=4dZuB_R_3t2kcM:&tbnh=109&tbnw=127&prev=/images%3Fq%3Dtwin%2Bpeaks%26gbv%3D2%26ndsp%3D20%26hl%3Dro%26sa%3DN%26start%3D120" "Mozilla/5.0 (Windows; U; Windows NT 5.1; ro; rv:1.9.0.8) Gecko/2009032609 Firefox/3.0.8"
79.113.132.64 - - [17/Apr/2009:07:58:23 -0400] "GET /includes/hikes.css HTTP/1.1" 200 306 "http://www.chayden.net/SanGabriels/SanGabriels.html" "Mozilla/5.0 (Windows; U; Windows NT 5.1; ro; rv:1.9.0.8) Gecko/2009032609 Firefox/3.0.8"
79.113.132.64 - - [17/Apr/2009:07:58:23 -0400] "GET /SanGabriels/pic/Williamson79-01.jpg HTTP/1.1" 200 60839 "http://www.chayden.net/SanGabriels/SanGabriels.html" "Mozilla/5.0 (Windows; U; Windows NT 5.1; ro; rv:1.9.0.8) Gecko/2009032609 Firefox/3.0.8"
79.113.132.64 - - [17/Apr/2009:07:58:23 -0400] "GET /SanGabriels/pic/Williamson79-07.jpg HTTP/1.1" 200 95217 "http://www.chayden.net/SanGabriels/SanGabriels.html" "Mozilla/5.0 (Windows; U; Windows NT 5.1; ro; rv:1.9.0.8) Gecko/2009032609 Firefox/3.0.8"
79.113.132.64 - - [17/Apr/2009:07:58:23 -0400] "GET /SanGabriels/pic/Williamson79-03.jpg HTTP/1.1" 200 94161 "http://www.chayden.net/SanGabriels/SanGabriels.html" "Mozilla/5.0 (Windows; U; Windows NT 5.1; ro; rv:1.9.0.8) Gecko/2009032609 Firefox/3.0.8"
79.113.132.64 - - [17/Apr/2009:07:58:23 -0400] "GET /SanGabriels/pic/Williamson79-06.jpg HTTP/1.1" 200 95897 "http://www.chayden.net/SanGabriels/SanGabriels.html" "Mozilla/5.0 (Windows; U; Windows NT 5.1; ro; rv:1.9.0.8) Gecko/2009032609 Firefox/3.0.8"
79.113.132.64 - - [17/Apr/2009:07:58:23 -0400] "GET /SanGabriels/pic/Williamson79--08.jpg HTTP/1.1" 200 93805 "http://www.chayden.net/SanGabriels/SanGabriels.html" "Mozilla/5.0 (Windows; U; Windows NT 5.1; ro; rv:1.9.0.8) Gecko/2009032609 Firefox/3.0.8"
79.113.132.64 - - [17/Apr/2009:07:58:24 -0400] "GET /SanGabriels/pic/Strawberry78-08.jpg HTTP/1.1" 200 79679 "http://www.chayden.net/SanGabriels/SanGabriels.html" "Mozilla/5.0 (Windows; U; Windows NT 5.1; ro; rv:1.9.0.8) Gecko/2009032609 Firefox/3.0.8"
79.113.132.64 - - [17/Apr/2009:07:58:24 -0400] "GET /SanGabriels/pic/TwinPeaks76-01.jpg HTTP/1.1" 200 50829 "http://images.google.ro/imgres?imgurl=http://www.chayden.net/SanGabriels/pic/TwinPeaks76-01.jpg&imgrefurl=http://www.chayden.net/SanGabriels/SanGabriels.html&usg=__taZQLH53bsT68Rn_McHoDHf1IJs=&h=387&w=450&sz=50&hl=ro&start=139&tbnid=4dZuB_R_3t2kcM:&tbnh=109&tbnw=127&prev=/images%3Fq%3Dtwin%2Bpeaks%26gbv%3D2%26ndsp%3D20%26hl%3Dro%26sa%3DN%26start%3D120" "Mozilla/5.0 (Windows; U; Windows NT 5.1; ro; rv:1.9.0.8) Gecko/2009032609 Firefox/3.0.8"
79.113.132.64 - - [17/Apr/2009:07:58:28 -0400] "GET /SanGabriels/pic/Williamson79-01.jpg HTTP/1.1" 206 46693 "http://www.chayden.net/SanGabriels/SanGabriels.html" "Mozilla/5.0 (Windows; U; Windows NT 5.1; ro; rv:1.9.0.8) Gecko/2009032609 Firefox/3.0.8"
79.113.132.64 - - [17/Apr/2009:07:58:28 -0400] "GET /SanGabriels/pic/Williamson79-06.jpg HTTP/1.1" 206 81752 "http://www.chayden.net/SanGabriels/SanGabriels.html" "Mozilla/5.0 (Windows; U; Windows NT 5.1; ro; rv:1.9.0.8) Gecko/2009032609 Firefox/3.0.8"
79.113.132.64 - - [17/Apr/2009:07:58:28 -0400] "GET /SanGabriels/pic/Williamson79-03.jpg HTTP/1.1" 206 80016 "http://www.chayden.net/SanGabriels/SanGabriels.html" "Mozilla/5.0 (Windows; U; Windows NT 5.1; ro; rv:1.9.0.8) Gecko/2009032609 Firefox/3.0.8"
79.113.132.64 - - [17/Apr/2009:07:58:28 -0400] "GET /SanGabriels/pic/Strawberry78-08.jpg HTTP/1.1" 200 79679 "http://www.chayden.net/SanGabriels/SanGabriels.html" "Mozilla/5.0 (Windows; U; Windows NT 5.1; ro; rv:1.9.0.8) Gecko/2009032609 Firefox/3.0.8"
79.113.132.64 - - [17/Apr/2009:07:58:28 -0400] "GET /SanGabriels/pic/Williamson79-07.jpg HTTP/1.1" 206 81072 "http://www.chayden.net/SanGabriels/SanGabriels.html" "Mozilla/5.0 (Windows; U; Windows NT 5.1; ro; rv:1.9.0.8) Gecko/2009032609 Firefox/3.0.8"
79.113.132.64 - - [17/Apr/2009:07:58:28 -0400] "GET /SanGabriels/pic/Williamson79--08.jpg HTTP/1.1" 206 89740 "http://www.chayden.net/SanGabriels/SanGabriels.html" "Mozilla/5.0 (Windows; U; Windows NT 5.1; ro; rv:1.9.0.8) Gecko/2009032609 Firefox/3.0.8"
79.113.132.64 - - [17/Apr/2009:07:58:29 -0400] "GET /SanGabriels/pic/Strawberry78-13.jpg HTTP/1.1" 200 73093 "http://www.chayden.net/SanGabriels/SanGabriels.html" "Mozilla/5.0 (Windows; U; Windows NT 5.1; ro; rv:1.9.0.8) Gecko/2009032609 Firefox/3.0.8"
79.113.132.64 - - [17/Apr/2009:07:58:29 -0400] "GET /SanGabriels/pic/FishFalls78-01.jpg HTTP/1.1" 200 55316 "http://www.chayden.net/SanGabriels/SanGabriels.html" "Mozilla/5.0 (Windows; U; Windows NT 5.1; ro; rv:1.9.0.8) Gecko/2009032609 Firefox/3.0.8"
79.113.132.64 - - [17/Apr/2009:07:58:29 -0400] "GET /SanGabriels/pic/FishFalls78-11.jpg HTTP/1.1" 200 50764 "http://www.chayden.net/SanGabriels/SanGabriels.html" "Mozilla/5.0 (Windows; U; Windows NT 5.1; ro; rv:1.9.0.8) Gecko/2009032609 Firefox/3.0.8"
79.113.132.64 - - [17/Apr/2009:07:58:30 -0400] "GET /SanGabriels/pic/Gleason78-10.jpg HTTP/1.1" 200 62236 "http://www.chayden.net/SanGabriels/SanGabriels.html" "Mozilla/5.0 (Windows; U; Windows NT 5.1; ro; rv:1.9.0.8) Gecko/2009032609 Firefox/3.0.8"
79.113.132.64 - - [17/Apr/2009:07:58:29 -0400] "GET /SanGabriels/pic/Strawberry78-14.jpg HTTP/1.1" 200 81961 "http://www.chayden.net/SanGabriels/SanGabriels.html" "Mozilla/5.0 (Windows; U; Windows NT 5.1; ro; rv:1.9.0.8) Gecko/2009032609 Firefox/3.0.8"
79.113.132.64 - - [17/Apr/2009:07:58:30 -0400] "GET /SanGabriels/pic/Gleason78-15.jpg HTTP/1.1" 200 70804 "http://www.chayden.net/SanGabriels/SanGabriels.html" "Mozilla/5.0 (Windows; U; Windows NT 5.1; ro; rv:1.9.0.8) Gecko/2009032609 Firefox/3.0.8"
79.113.132.64 - - [17/Apr/2009:07:58:30 -0400] "GET /SanGabriels/pic/MtLowe77-02.jpg HTTP/1.1" 200 23530 "http://www.chayden.net/SanGabriels/SanGabriels.html" "Mozilla/5.0 (Windows; U; Windows NT 5.1; ro; rv:1.9.0.8) Gecko/2009032609 Firefox/3.0.8"
79.113.132.64 - - [17/Apr/2009:07:58:31 -0400] "GET /SanGabriels/pic/SanGorgonio77-17.jpg HTTP/1.1" 200 27312 "http://www.chayden.net/SanGabriels/SanGabriels.html" "Mozilla/5.0 (Windows; U; Windows NT 5.1; ro; rv:1.9.0.8) Gecko/2009032609 Firefox/3.0.8"
79.113.132.64 - - [17/Apr/2009:07:58:31 -0400] "GET /SanGabriels/pic/SanGorgonio77-08.jpg HTTP/1.1" 200 39152 "http://www.chayden.net/SanGabriels/SanGabriels.html" "Mozilla/5.0 (Windows; U; Windows NT 5.1; ro; rv:1.9.0.8) Gecko/2009032609 Firefox/3.0.8"
79.113.132.64 - - [17/Apr/2009:07:58:31 -0400] "GET /SanGabriels/pic/MtLowe77-09.jpg HTTP/1.1" 200 45494 "http://www.chayden.net/SanGabriels/SanGabriels.html" "Mozilla/5.0 (Windows; U; Windows NT 5.1; ro; rv:1.9.0.8) Gecko/2009032609 Firefox/3.0.8"
79.113.132.64 - - [17/Apr/2009:07:58:31 -0400] "GET /SanGabriels/pic/WhiteWater76-12.jpg HTTP/1.1" 200 55445 "http://www.chayden.net/SanGabriels/SanGabriels.html" "Mozilla/5.0 (Windows; U; Windows NT 5.1; ro; rv:1.9.0.8) Gecko/2009032609 Firefox/3.0.8"
79.113.132.64 - - [17/Apr/2009:07:58:31 -0400] "GET /SanGabriels/pic/WhiteWater76-07.jpg HTTP/1.1" 200 76506 "http://www.chayden.net/SanGabriels/SanGabriels.html" "Mozilla/5.0 (Windows; U; Windows NT 5.1; ro; rv:1.9.0.8) Gecko/2009032609 Firefox/3.0.8"
79.113.132.64 - - [17/Apr/2009:07:58:31 -0400] "GET /SanGabriels/pic/WhiteWater76-06.jpg HTTP/1.1" 200 60522 "http://www.chayden.net/SanGabriels/SanGabriels.html" "Mozilla/5.0 (Windows; U; Windows NT 5.1; ro; rv:1.9.0.8) Gecko/2009032609 Firefox/3.0.8"
79.113.132.64 - - [17/Apr/2009:07:58:31 -0400] "GET /SanGabriels/pic/TwinPeaks76-05.jpg HTTP/1.1" 200 54264 "http://www.chayden.net/SanGabriels/SanGabriels.html" "Mozilla/5.0 (Windows; U; Windows NT 5.1; ro; rv:1.9.0.8) Gecko/2009032609 Firefox/3.0.8"
79.113.132.64 - - [17/Apr/2009:07:58:32 -0400] "GET /SanGabriels/pic/TwinPeaks77-12.jpg HTTP/1.1" 200 71059 "http://www.chayden.net/SanGabriels/SanGabriels.html" "Mozilla/5.0 (Windows; U; Windows NT 5.1; ro; rv:1.9.0.8) Gecko/2009032609 Firefox/3.0.8"
79.113.132.64 - - [17/Apr/2009:07:58:32 -0400] "GET /SanGabriels/pic/TwinPleks76-06.jpg HTTP/1.1" 200 61547 "http://www.chayden.net/SanGabriels/SanGabriels.html" "Mozilla/5.0 (Windows; U; Windows NT 5.1; ro; rv:1.9.0.8) Gecko/2009032609 Firefox/3.0.8"
79.113.132.64 - - [17/Apr/2009:07:58:32 -0400] "GET /SanGabriels/pic/Allison76-02.jpg HTTP/1.1" 200 50399 "http://www.chayden.net/SanGabriels/SanGabriels.html" "Mozilla/5.0 (Windows; U; Windows NT 5.1; ro; rv:1.9.0.8) Gecko/2009032609 Firefox/3.0.8"
79.113.132.64 - - [17/Apr/2009:07:58:32 -0400] "GET /SanGabriels/pic/Allison76-08.jpg HTTP/1.1" 200 68521 "http://www.chayden.net/SanGabriels/SanGabriels.html" "Mozilla/5.0 (Windows; U; Windows NT 5.1; ro; rv:1.9.0.8) Gecko/2009032609 Firefox/3.0.8"
79.113.132.64 - - [17/Apr/2009:07:58:33 -0400] "GET /icons/back.gif HTTP/1.1" 200 216 "http://www.chayden.net/SanGabriels/SanGabriels.html" "Mozilla/5.0 (Windows; U; Windows NT 5.1; ro; rv:1.9.0.8) Gecko/2009032609 Firefox/3.0.8"
79.113.132.64 - - [17/Apr/2009:07:58:32 -0400] "GET /SanGabriels/pic/Allison76-09.jpg HTTP/1.1" 200 67358 "http://www.chayden.net/SanGabriels/SanGabriels.html" "Mozilla/5.0 (Windows; U; Windows NT 5.1; ro; rv:1.9.0.8) Gecko/2009032609 Firefox/3.0.8"
79.113.132.64 - - [17/Apr/2009:07:58:33 -0400] "GET /SanGabriels/pic/Allison76-11.jpg HTTP/1.1" 200 63856 "http://www.chayden.net/SanGabriels/SanGabriels.html" "Mozilla/5.0 (Windows; U; Windows NT 5.1; ro; rv:1.9.0.8) Gecko/2009032609 Firefox/3.0.8"
66.235.124.76 - - [17/Apr/2009:07:58:57 -0400] "GET /Software/CV-Newark-Et.jpg HTTP/1.0" 200 2613 "-" "Mozilla/5.0 (compatible; Ask Jeeves/Teoma; +http://about.ask.com/en/docs/about/webmasters.shtml)"
174.129.136.25 - - [17/Apr/2009:08:00:22 -0400] "GET /robots.txt HTTP/1.0" 404 287 "-" "SimilarPages/Nutch-1.0-dev (SimilarPages Nutch Crawler; http://www.similarpages.com; info@similarpages.com)"
174.129.136.25 - - [17/Apr/2009:08:00:22 -0400] "GET /Work/Work.html HTTP/1.0" 200 4260 "-" "SimilarPages/Nutch-1.0-dev (SimilarPages Nutch Crawler; http://www.similarpages.com; info@similarpages.com)"
65.55.217.57 - - [17/Apr/2009:08:01:44 -0400] "GET /robots.txt HTTP/1.1" 404 291 "-" "msnbot-media/1.1 (+http://search.msn.com/msnbot.htm)"
65.55.217.57 - - [17/Apr/2009:08:01:44 -0400] "GET /Runs/Holmdel/Middletown.jpg HTTP/1.1" 200 104955 "-" "msnbot-media/1.1 (+http://search.msn.com/msnbot.htm)"
174.129.136.25 - - [17/Apr/2009:08:01:47 -0400] "GET /Misc/DrivingToWork.html HTTP/1.0" 200 7123 "-" "SimilarPages/Nutch-1.0-dev (SimilarPages Nutch Crawler; http://www.similarpages.com; info@similarpages.com)"
122.167.25.219 - - [17/Apr/2009:08:03:02 -0400] "GET /Asterisk/SeUpAsteriskAtHome_files/image001.gif HTTP/1.1" 200 2324 "http://www.chayden.net/Asterisk/SeUpAsteriskAtHome.htm" "Mozilla/5.0 (Windows; U; Windows NT 5.1; en-US; rv:1.9.0.2) Gecko/2008091620 Firefox/3.0.2"
122.167.25.219 - - [17/Apr/2009:08:03:02 -0400] "GET /Asterisk/SeUpAsteriskAtHome_files/image003.jpg HTTP/1.1" 200 5132 "http://www.chayden.net/Asterisk/SeUpAsteriskAtHome.htm" "Mozilla/5.0 (Windows; U; Windows NT 5.1; en-US; rv:1.9.0.2) Gecko/2008091620 Firefox/3.0.2"
122.167.25.219 - - [17/Apr/2009:08:03:02 -0400] "GET /Asterisk/SeUpAsteriskAtHome_files/image005.gif HTTP/1.1" 200 4365 "http://www.chayden.net/Asterisk/SeUpAsteriskAtHome.htm" "Mozilla/5.0 (Windows; U; Windows NT 5.1; en-US; rv:1.9.0.2) Gecko/2008091620 Firefox/3.0.2"
122.167.25.219 - - [17/Apr/2009:08:03:02 -0400] "GET /Asterisk/SeUpAsteriskAtHome_files/image004.gif HTTP/1.1" 200 6404 "http://www.chayden.net/Asterisk/SeUpAsteriskAtHome.htm" "Mozilla/5.0 (Windows; U; Windows NT 5.1; en-US; rv:1.9.0.2) Gecko/2008091620 Firefox/3.0.2"
122.167.25.219 - - [17/Apr/2009:08:03:02 -0400] "GET /Asterisk/SeUpAsteriskAtHome_files/image007.gif HTTP/1.1" 200 5284 "http://www.chayden.net/Asterisk/SeUpAsteriskAtHome.htm" "Mozilla/5.0 (Windows; U; Windows NT 5.1; en-US; rv:1.9.0.2) Gecko/2008091620 Firefox/3.0.2"
122.167.25.219 - - [17/Apr/2009:08:03:00 -0400] "GET /Asterisk/SeUpAsteriskAtHome.htm HTTP/1.1" 200 178181 "http://www.google.co.in/search?q=ipaddress+of+asterisk+server&ie=utf-8&oe=utf-8&aq=t&rls=org.mozilla:en-US:official&client=firefox-a" "Mozilla/5.0 (Windows; U; Windows NT 5.1; en-US; rv:1.9.0.2) Gecko/2008091620 Firefox/3.0.2"
122.167.25.219 - - [17/Apr/2009:08:03:03 -0400] "GET /Asterisk/SeUpAsteriskAtHome_files/image035.jpg HTTP/1.1" 200 2759 "http://www.chayden.net/Asterisk/SeUpAsteriskAtHome.htm" "Mozilla/5.0 (Windows; U; Windows NT 5.1; en-US; rv:1.9.0.2) Gecko/2008091620 Firefox/3.0.2"
122.167.25.219 - - [17/Apr/2009:08:03:02 -0400] "GET /Asterisk/SeUpAsteriskAtHome_files/image006.gif HTTP/1.1" 200 33832 "http://www.chayden.net/Asterisk/SeUpAsteriskAtHome.htm" "Mozilla/5.0 (Windows; U; Windows NT 5.1; en-US; rv:1.9.0.2) Gecko/2008091620 Firefox/3.0.2"
122.167.25.219 - - [17/Apr/2009:08:03:03 -0400] "GET /Asterisk/SeUpAsteriskAtHome_files/image009.jpg HTTP/1.1" 200 14238 "http://www.chayden.net/Asterisk/SeUpAsteriskAtHome.htm" "Mozilla/5.0 (Windows; U; Windows NT 5.1; en-US; rv:1.9.0.2) Gecko/2008091620 Firefox/3.0.2"
122.167.25.219 - - [17/Apr/2009:08:03:03 -0400] "GET /Asterisk/SeUpAsteriskAtHome_files/image031.jpg HTTP/1.1" 200 30259 "http://www.chayden.net/Asterisk/SeUpAsteriskAtHome.htm" "Mozilla/5.0 (Windows; U; Windows NT 5.1; en-US; rv:1.9.0.2) Gecko/2008091620 Firefox/3.0.2"
122.167.25.219 - - [17/Apr/2009:08:03:03 -0400] "GET /Asterisk/SeUpAsteriskAtHome_files/image020.gif HTTP/1.1" 200 49946 "http://www.chayden.net/Asterisk/SeUpAsteriskAtHome.htm" "Mozilla/5.0 (Windows; U; Windows NT 5.1; en-US; rv:1.9.0.2) Gecko/2008091620 Firefox/3.0.2"
122.167.25.219 - - [17/Apr/2009:08:03:04 -0400] "GET /Asterisk/SeUpAsteriskAtHome_files/image011.jpg HTTP/1.1" 200 13078 "http://www.chayden.net/Asterisk/SeUpAsteriskAtHome.htm" "Mozilla/5.0 (Windows; U; Windows NT 5.1; en-US; rv:1.9.0.2) Gecko/2008091620 Firefox/3.0.2"
122.167.25.219 - - [17/Apr/2009:08:03:03 -0400] "GET /Asterisk/SeUpAsteriskAtHome_files/image029.jpg HTTP/1.1" 200 43404 "http://www.chayden.net/Asterisk/SeUpAsteriskAtHome.htm" "Mozilla/5.0 (Windows; U; Windows NT 5.1; en-US; rv:1.9.0.2) Gecko/2008091620 Firefox/3.0.2"
122.167.25.219 - - [17/Apr/2009:08:03:03 -0400] "GET /Asterisk/SeUpAsteriskAtHome_files/image037.jpg HTTP/1.1" 200 42221 "http://www.chayden.net/Asterisk/SeUpAsteriskAtHome.htm" "Mozilla/5.0 (Windows; U; Windows NT 5.1; en-US; rv:1.9.0.2) Gecko/2008091620 Firefox/3.0.2"
122.167.25.219 - - [17/Apr/2009:08:03:03 -0400] "GET /Asterisk/SeUpAsteriskAtHome_files/image033.jpg HTTP/1.1" 200 30788 "http://www.chayden.net/Asterisk/SeUpAsteriskAtHome.htm" "Mozilla/5.0 (Windows; U; Windows NT 5.1; en-US; rv:1.9.0.2) Gecko/2008091620 Firefox/3.0.2"
122.167.25.219 - - [17/Apr/2009:08:03:04 -0400] "GET /Asterisk/SeUpAsteriskAtHome_files/image013.jpg HTTP/1.1" 200 21296 "http://www.chayden.net/Asterisk/SeUpAsteriskAtHome.htm" "Mozilla/5.0 (Windows; U; Windows NT 5.1; en-US; rv:1.9.0.2) Gecko/2008091620 Firefox/3.0.2"
122.167.25.219 - - [17/Apr/2009:08:03:06 -0400] "GET /Asterisk/SeUpAsteriskAtHome_files/image027.jpg HTTP/1.1" 200 8509 "http://www.chayden.net/Asterisk/SeUpAsteriskAtHome.htm" "Mozilla/5.0 (Windows; U; Windows NT 5.1; en-US; rv:1.9.0.2) Gecko/2008091620 Firefox/3.0.2"
122.167.25.219 - - [17/Apr/2009:08:03:05 -0400] "GET /Asterisk/SeUpAsteriskAtHome_files/image017.jpg HTTP/1.1" 200 30515 "http://www.chayden.net/Asterisk/SeUpAsteriskAtHome.htm" "Mozilla/5.0 (Windows; U; Windows NT 5.1; en-US; rv:1.9.0.2) Gecko/2008091620 Firefox/3.0.2"
122.167.25.219 - - [17/Apr/2009:08:03:05 -0400] "GET /Asterisk/SeUpAsteriskAtHome_files/image015.jpg HTTP/1.1" 200 47335 "http://www.chayden.net/Asterisk/SeUpAsteriskAtHome.htm" "Mozilla/5.0 (Windows; U; Windows NT 5.1; en-US; rv:1.9.0.2) Gecko/2008091620 Firefox/3.0.2"
122.167.25.219 - - [17/Apr/2009:08:03:06 -0400] "GET /Asterisk/SeUpAsteriskAtHome_files/image039.jpg HTTP/1.1" 200 1921 "http://www.chayden.net/Asterisk/SeUpAsteriskAtHome.htm" "Mozilla/5.0 (Windows; U; Windows NT 5.1; en-US; rv:1.9.0.2) Gecko/2008091620 Firefox/3.0.2"
122.167.25.219 - - [17/Apr/2009:08:03:05 -0400] "GET /Asterisk/SeUpAsteriskAtHome_files/image024.jpg HTTP/1.1" 200 31330 "http://www.chayden.net/Asterisk/SeUpAsteriskAtHome.htm" "Mozilla/5.0 (Windows; U; Windows NT 5.1; en-US; rv:1.9.0.2) Gecko/2008091620 Firefox/3.0.2"
122.167.25.219 - - [17/Apr/2009:08:03:05 -0400] "GET /Asterisk/SeUpAsteriskAtHome_files/image019.jpg HTTP/1.1" 200 39902 "http://www.chayden.net/Asterisk/SeUpAsteriskAtHome.htm" "Mozilla/5.0 (Windows; U; Windows NT 5.1; en-US; rv:1.9.0.2) Gecko/2008091620 Firefox/3.0.2"
122.167.25.219 - - [17/Apr/2009:08:03:05 -0400] "GET /Asterisk/SeUpAsteriskAtHome_files/image022.jpg HTTP/1.1" 200 34633 "http://www.chayden.net/Asterisk/SeUpAsteriskAtHome.htm" "Mozilla/5.0 (Windows; U; Windows NT 5.1; en-US; rv:1.9.0.2) Gecko/2008091620 Firefox/3.0.2"
122.167.25.219 - - [17/Apr/2009:08:03:05 -0400] "GET /Asterisk/SeUpAsteriskAtHome_files/image026.jpg HTTP/1.1" 200 37910 "http://www.chayden.net/Asterisk/SeUpAsteriskAtHome.htm" "Mozilla/5.0 (Windows; U; Windows NT 5.1; en-US; rv:1.9.0.2) Gecko/2008091620 Firefox/3.0.2"
122.167.25.219 - - [17/Apr/2009:08:03:07 -0400] "GET /Asterisk/SeUpAsteriskAtHome_files/image044.jpg HTTP/1.1" 200 6079 "http://www.chayden.net/Asterisk/SeUpAsteriskAtHome.htm" "Mozilla/5.0 (Windows; U; Windows NT 5.1; en-US; rv:1.9.0.2) Gecko/2008091620 Firefox/3.0.2"
122.167.25.219 - - [17/Apr/2009:08:03:07 -0400] "GET /Asterisk/SeUpAsteriskAtHome_files/image041.jpg HTTP/1.1" 200 26765 "http://www.chayden.net/Asterisk/SeUpAsteriskAtHome.htm" "Mozilla/5.0 (Windows; U; Windows NT 5.1; en-US; rv:1.9.0.2) Gecko/2008091620 Firefox/3.0.2"
122.167.25.219 - - [17/Apr/2009:08:03:07 -0400] "GET /Asterisk/SeUpAsteriskAtHome_files/image043.jpg HTTP/1.1" 200 22658 "http://www.chayden.net/Asterisk/SeUpAsteriskAtHome.htm" "Mozilla/5.0 (Windows; U; Windows NT 5.1; en-US; rv:1.9.0.2) Gecko/2008091620 Firefox/3.0.2"
83.167.86.2 - - [17/Apr/2009:08:03:08 -0400] "GET /Asterisk/SeUpAsteriskAtHome_files/image001.gif HTTP/1.0" 200 2324 "http://www.chayden.net/Asterisk/SeUpAsteriskAtHome.htm" "Mozilla/5.0 (X11; U; Linux i686; ru; rv:1.9.0.7) Gecko/2009030422 Ubuntu/8.04 (hardy) Firefox/3.0.7"
83.167.86.2 - - [17/Apr/2009:08:03:08 -0400] "GET /Asterisk/SeUpAsteriskAtHome_files/image003.jpg HTTP/1.0" 200 5132 "http://www.chayden.net/Asterisk/SeUpAsteriskAtHome.htm" "Mozilla/5.0 (X11; U; Linux i686; ru; rv:1.9.0.7) Gecko/2009030422 Ubuntu/8.04 (hardy) Firefox/3.0.7"
83.167.86.2 - - [17/Apr/2009:08:03:08 -0400] "GET /Asterisk/SeUpAsteriskAtHome_files/image004.gif HTTP/1.0" 200 6404 "http://www.chayden.net/Asterisk/SeUpAsteriskAtHome.htm" "Mozilla/5.0 (X11; U; Linux i686; ru; rv:1.9.0.7) Gecko/2009030422 Ubuntu/8.04 (hardy) Firefox/3.0.7"
83.167.86.2 - - [17/Apr/2009:08:03:08 -0400] "GET /Asterisk/SeUpAsteriskAtHome_files/image007.gif HTTP/1.0" 200 5284 "http://www.chayden.net/Asterisk/SeUpAsteriskAtHome.htm" "Mozilla/5.0 (X11; U; Linux i686; ru; rv:1.9.0.7) Gecko/2009030422 Ubuntu/8.04 (hardy) Firefox/3.0.7"
83.167.86.2 - - [17/Apr/2009:08:03:08 -0400] "GET /Asterisk/SeUpAsteriskAtHome_files/image005.gif HTTP/1.0" 200 4365 "http://www.chayden.net/Asterisk/SeUpAsteriskAtHome.htm" "Mozilla/5.0 (X11; U; Linux i686; ru; rv:1.9.0.7) Gecko/2009030422 Ubuntu/8.04 (hardy) Firefox/3.0.7"
122.167.25.219 - - [17/Apr/2009:08:03:07 -0400] "GET /Asterisk/SeUpAsteriskAtHome_files/image046.jpg HTTP/1.1" 200 35168 "http://www.chayden.net/Asterisk/SeUpAsteriskAtHome.htm" "Mozilla/5.0 (Windows; U; Windows NT 5.1; en-US; rv:1.9.0.2) Gecko/2008091620 Firefox/3.0.2"
83.167.86.2 - - [17/Apr/2009:08:03:09 -0400] "GET /Asterisk/SeUpAsteriskAtHome_files/image009.jpg HTTP/1.0" 200 14238 "http://www.chayden.net/Asterisk/SeUpAsteriskAtHome.htm" "Mozilla/5.0 (X11; U; Linux i686; ru; rv:1.9.0.7) Gecko/2009030422 Ubuntu/8.04 (hardy) Firefox/3.0.7"
122.167.25.219 - - [17/Apr/2009:08:03:09 -0400] "GET /favicon.ico HTTP/1.1" 404 292 "-" "Mozilla/5.0 (Windows; U; Windows NT 5.1; en-US; rv:1.9.0.2) Gecko/2008091620 Firefox/3.0.2"
83.167.86.2 - - [17/Apr/2009:08:03:07 -0400] "GET /Asterisk/SeUpAsteriskAtHome.htm HTTP/1.0" 200 178181 "http://www.google.ru/search?q=asterisk+ip+pbx&hl=ru&lr=&client=firefox-a&rls=com.ubuntu:ru:unofficial&newwindow=1&start=10&sa=N" "Mozilla/5.0 (X11; U; Linux i686; ru; rv:1.9.0.7) Gecko/2009030422 Ubuntu/8.04 (hardy) Firefox/3.0.7"
83.167.86.2 - - [17/Apr/2009:08:03:10 -0400] "GET /Asterisk/SeUpAsteriskAtHome_files/image011.jpg HTTP/1.0" 200 13078 "http://www.chayden.net/Asterisk/SeUpAsteriskAtHome.htm" "Mozilla/5.0 (X11; U; Linux i686; ru; rv:1.9.0.7) Gecko/2009030422 Ubuntu/8.04 (hardy) Firefox/3.0.7"
83.167.86.2 - - [17/Apr/2009:08:03:10 -0400] "GET /Asterisk/SeUpAsteriskAtHome_files/image013.jpg HTTP/1.0" 200 21296 "http://www.chayden.net/Asterisk/SeUpAsteriskAtHome.htm" "Mozilla/5.0 (X11; U; Linux i686; ru; rv:1.9.0.7) Gecko/2009030422 Ubuntu/8.04 (hardy) Firefox/3.0.7"
83.167.86.2 - - [17/Apr/2009:08:03:10 -0400] "GET /Asterisk/SeUpAsteriskAtHome_files/image015.jpg HTTP/1.0" 200 47335 "http://www.chayden.net/Asterisk/SeUpAsteriskAtHome.htm" "Mozilla/5.0 (X11; U; Linux i686; ru; rv:1.9.0.7) Gecko/2009030422 Ubuntu/8.04 (hardy) Firefox/3.0.7"
83.167.86.2 - - [17/Apr/2009:08:03:08 -0400] "GET /Asterisk/SeUpAsteriskAtHome_files/image006.gif HTTP/1.0" 200 33832 "http://www.chayden.net/Asterisk/SeUpAsteriskAtHome.htm" "Mozilla/5.0 (X11; U; Linux i686; ru; rv:1.9.0.7) Gecko/2009030422 Ubuntu/8.04 (hardy) Firefox/3.0.7"
83.167.86.2 - - [17/Apr/2009:08:03:11 -0400] "GET /Asterisk/SeUpAsteriskAtHome_files/image017.jpg HTTP/1.0" 200 30515 "http://www.chayden.net/Asterisk/SeUpAsteriskAtHome.htm" "Mozilla/5.0 (X11; U; Linux i686; ru; rv:1.9.0.7) Gecko/2009030422 Ubuntu/8.04 (hardy) Firefox/3.0.7"
83.167.86.2 - - [17/Apr/2009:08:03:12 -0400] "GET /Asterisk/SeUpAsteriskAtHome_files/image019.jpg HTTP/1.0" 200 39902 "http://www.chayden.net/Asterisk/SeUpAsteriskAtHome.htm" "Mozilla/5.0 (X11; U; Linux i686; ru; rv:1.9.0.7) Gecko/2009030422 Ubuntu/8.04 (hardy) Firefox/3.0.7"
122.167.25.219 - - [17/Apr/2009:08:03:12 -0400] "GET /favicon.ico HTTP/1.1" 404 292 "-" "Mozilla/5.0 (Windows; U; Windows NT 5.1; en-US; rv:1.9.0.2) Gecko/2008091620 Firefox/3.0.2"
83.167.86.2 - - [17/Apr/2009:08:03:12 -0400] "GET /Asterisk/SeUpAsteriskAtHome_files/image020.gif HTTP/1.0" 200 49946 "http://www.chayden.net/Asterisk/SeUpAsteriskAtHome.htm" "Mozilla/5.0 (X11; U; Linux i686; ru; rv:1.9.0.7) Gecko/2009030422 Ubuntu/8.04 (hardy) Firefox/3.0.7"
83.167.86.2 - - [17/Apr/2009:08:03:16 -0400] "GET /Asterisk/SeUpAsteriskAtHome_files/image022.jpg HTTP/1.0" 200 34633 "http://www.chayden.net/Asterisk/SeUpAsteriskAtHome.htm" "Mozilla/5.0 (X11; U; Linux i686; ru; rv:1.9.0.7) Gecko/2009030422 Ubuntu/8.04 (hardy) Firefox/3.0.7"
83.167.86.2 - - [17/Apr/2009:08:03:16 -0400] "GET /Asterisk/SeUpAsteriskAtHome_files/image026.jpg HTTP/1.0" 200 37910 "http://www.chayden.net/Asterisk/SeUpAsteriskAtHome.htm" "Mozilla/5.0 (X11; U; Linux i686; ru; rv:1.9.0.7) Gecko/2009030422 Ubuntu/8.04 (hardy) Firefox/3.0.7"
83.167.86.2 - - [17/Apr/2009:08:03:16 -0400] "GET /Asterisk/SeUpAsteriskAtHome_files/image024.jpg HTTP/1.0" 200 31330 "http://www.chayden.net/Asterisk/SeUpAsteriskAtHome.htm" "Mozilla/5.0 (X11; U; Linux i686; ru; rv:1.9.0.7) Gecko/2009030422 Ubuntu/8.04 (hardy) Firefox/3.0.7"
83.167.86.2 - - [17/Apr/2009:08:03:19 -0400] "GET /Asterisk/SeUpAsteriskAtHome_files/image027.jpg HTTP/1.0" 200 8509 "http://www.chayden.net/Asterisk/SeUpAsteriskAtHome.htm" "Mozilla/5.0 (X11; U; Linux i686; ru; rv:1.9.0.7) Gecko/2009030422 Ubuntu/8.04 (hardy) Firefox/3.0.7"
83.167.86.2 - - [17/Apr/2009:08:03:21 -0400] "GET /Asterisk/SeUpAsteriskAtHome_files/image035.jpg HTTP/1.0" 200 2759 "http://www.chayden.net/Asterisk/SeUpAsteriskAtHome.htm" "Mozilla/5.0 (X11; U; Linux i686; ru; rv:1.9.0.7) Gecko/2009030422 Ubuntu/8.04 (hardy) Firefox/3.0.7"
83.167.86.2 - - [17/Apr/2009:08:03:21 -0400] "GET /Asterisk/SeUpAsteriskAtHome_files/image031.jpg HTTP/1.0" 200 30259 "http://www.chayden.net/Asterisk/SeUpAsteriskAtHome.htm" "Mozilla/5.0 (X11; U; Linux i686; ru; rv:1.9.0.7) Gecko/2009030422 Ubuntu/8.04 (hardy) Firefox/3.0.7"
83.167.86.2 - - [17/Apr/2009:08:03:21 -0400] "GET /Asterisk/SeUpAsteriskAtHome_files/image033.jpg HTTP/1.0" 200 30788 "http://www.chayden.net/Asterisk/SeUpAsteriskAtHome.htm" "Mozilla/5.0 (X11; U; Linux i686; ru; rv:1.9.0.7) Gecko/2009030422 Ubuntu/8.04 (hardy) Firefox/3.0.7"
83.167.86.2 - - [17/Apr/2009:08:03:22 -0400] "GET /Asterisk/SeUpAsteriskAtHome_files/image039.jpg HTTP/1.0" 200 1921 "http://www.chayden.net/Asterisk/SeUpAsteriskAtHome.htm" "Mozilla/5.0 (X11; U; Linux i686; ru; rv:1.9.0.7) Gecko/2009030422 Ubuntu/8.04 (hardy) Firefox/3.0.7"
83.167.86.2 - - [17/Apr/2009:08:03:21 -0400] "GET /Asterisk/SeUpAsteriskAtHome_files/image029.jpg HTTP/1.0" 200 43404 "http://www.chayden.net/Asterisk/SeUpAsteriskAtHome.htm" "Mozilla/5.0 (X11; U; Linux i686; ru; rv:1.9.0.7) Gecko/2009030422 Ubuntu/8.04 (hardy) Firefox/3.0.7"
83.167.86.2 - - [17/Apr/2009:08:03:22 -0400] "GET /Asterisk/SeUpAsteriskAtHome_files/image041.jpg HTTP/1.0" 200 26765 "http://www.chayden.net/Asterisk/SeUpAsteriskAtHome.htm" "Mozilla/5.0 (X11; U; Linux i686; ru; rv:1.9.0.7) Gecko/2009030422 Ubuntu/8.04 (hardy) Firefox/3.0.7"
83.167.86.2 - - [17/Apr/2009:08:03:23 -0400] "GET /Asterisk/SeUpAsteriskAtHome_files/image043.jpg HTTP/1.0" 200 22658 "http://www.chayden.net/Asterisk/SeUpAsteriskAtHome.htm" "Mozilla/5.0 (X11; U; Linux i686; ru; rv:1.9.0.7) Gecko/2009030422 Ubuntu/8.04 (hardy) Firefox/3.0.7"
83.167.86.2 - - [17/Apr/2009:08:03:21 -0400] "GET /Asterisk/SeUpAsteriskAtHome_files/image037.jpg HTTP/1.0" 200 42221 "http://www.chayden.net/Asterisk/SeUpAsteriskAtHome.htm" "Mozilla/5.0 (X11; U; Linux i686; ru; rv:1.9.0.7) Gecko/2009030422 Ubuntu/8.04 (hardy) Firefox/3.0.7"
83.167.86.2 - - [17/Apr/2009:08:03:24 -0400] "GET /Asterisk/SeUpAsteriskAtHome_files/image044.jpg HTTP/1.0" 200 6079 "http://www.chayden.net/Asterisk/SeUpAsteriskAtHome.htm" "Mozilla/5.0 (X11; U; Linux i686; ru; rv:1.9.0.7) Gecko/2009030422 Ubuntu/8.04 (hardy) Firefox/3.0.7"
83.167.86.2 - - [17/Apr/2009:08:03:26 -0400] "GET /Asterisk/SeUpAsteriskAtHome_files/image046.jpg HTTP/1.0" 200 35168 "http://www.chayden.net/Asterisk/SeUpAsteriskAtHome.htm" "Mozilla/5.0 (X11; U; Linux i686; ru; rv:1.9.0.7) Gecko/2009030422 Ubuntu/8.04 (hardy) Firefox/3.0.7"
83.167.86.2 - - [17/Apr/2009:08:03:28 -0400] "GET /favicon.ico HTTP/1.0" 404 292 "-" "Mozilla/5.0 (X11; U; Linux i686; ru; rv:1.9.0.7) Gecko/2009030422 Ubuntu/8.04 (hardy) Firefox/3.0.7"
65.40.115.30 - - [17/Apr/2009:08:03:36 -0400] "HEAD /favicon.ico HTTP/1.1" 404 - "-" "Mozilla/5.0 (Windows; U; Windows NT 5.1; en-US; rv:1.9.0.8) Gecko/2009032609 Firefox/3.0.8"
83.167.86.2 - - [17/Apr/2009:08:04:47 -0400] "GET /favicon.ico HTTP/1.0" 404 292 "-" "Mozilla/5.0 (X11; U; Linux i686; ru; rv:1.9.0.7) Gecko/2009030422 Ubuntu/8.04 (hardy) Firefox/3.0.7"
64.255.180.55 - - [17/Apr/2009:08:04:57 -0400] "GET /Catskills/SamsPoint2006/ HTTP/1.1" 200 18559 "-" "Opera/9.60 (J2ME/MIDP; Opera Mini/4.2.13216/724; U; en) Presto/2.2.0"
64.255.180.55 - - [17/Apr/2009:08:04:57 -0400] "GET /Catskills/SamsPoint2006/map2.gif HTTP/1.1" 200 81730 "http://www.chayden.net/Catskills/SamsPoint2006/" "Opera/9.60 (J2ME/MIDP; Opera Mini/4.2.13216/724; U; en) Presto/2.2.0"
64.255.180.55 - - [17/Apr/2009:08:04:57 -0400] "GET /Catskills/SamsPoint2006/map1.gif HTTP/1.1" 200 61522 "http://www.chayden.net/Catskills/SamsPoint2006/" "Opera/9.60 (J2ME/MIDP; Opera Mini/4.2.13216/724; U; en) Presto/2.2.0"
64.255.180.55 - - [17/Apr/2009:08:04:57 -0400] "GET /Catskills/SamsPoint2006/P7301309.JPG HTTP/1.1" 200 15445 "http://www.chayden.net/Catskills/SamsPoint2006/" "Opera/9.60 (J2ME/MIDP; Opera Mini/4.2.13216/724; U; en) Presto/2.2.0"
64.255.180.55 - - [17/Apr/2009:08:04:57 -0400] "GET /Catskills/SamsPoint2006/P8191439.JPG HTTP/1.1" 200 10479 "http://www.chayden.net/Catskills/SamsPoint2006/" "Opera/9.60 (J2ME/MIDP; Opera Mini/4.2.13216/724; U; en) Presto/2.2.0"
64.255.180.55 - - [17/Apr/2009:08:04:57 -0400] "GET /Catskills/SamsPoint2006/P8191446.JPG HTTP/1.1" 200 12645 "http://www.chayden.net/Catskills/SamsPoint2006/" "Opera/9.60 (J2ME/MIDP; Opera Mini/4.2.13216/724; U; en) Presto/2.2.0"
64.255.180.55 - - [17/Apr/2009:08:04:57 -0400] "GET /Catskills/SamsPoint2006/P7300205.JPG HTTP/1.1" 200 24539 "http://www.chayden.net/Catskills/SamsPoint2006/" "Opera/9.60 (J2ME/MIDP; Opera Mini/4.2.13216/724; U; en) Presto/2.2.0"
64.255.180.55 - - [17/Apr/2009:08:04:57 -0400] "GET /Catskills/SamsPoint2006/P7300207.JPG HTTP/1.1" 200 22706 "http://www.chayden.net/Catskills/SamsPoint2006/" "Opera/9.60 (J2ME/MIDP; Opera Mini/4.2.13216/724; U; en) Presto/2.2.0"
64.255.180.55 - - [17/Apr/2009:08:04:57 -0400] "GET /Catskills/SamsPoint2006/P7301306.JPG HTTP/1.1" 200 25836 "http://www.chayden.net/Catskills/SamsPoint2006/" "Opera/9.60 (J2ME/MIDP; Opera Mini/4.2.13216/724; U; en) Presto/2.2.0"
64.255.180.55 - - [17/Apr/2009:08:04:57 -0400] "GET /Catskills/SamsPoint2006/P7301321.JPG HTTP/1.1" 200 16684 "http://www.chayden.net/Catskills/SamsPoint2006/" "Opera/9.60 (J2ME/MIDP; Opera Mini/4.2.13216/724; U; en) Presto/2.2.0"
64.255.180.55 - - [17/Apr/2009:08:04:57 -0400] "GET /Catskills/SamsPoint2006/P7301330.JPG HTTP/1.1" 200 27118 "http://www.chayden.net/Catskills/SamsPoint2006/" "Opera/9.60 (J2ME/MIDP; Opera Mini/4.2.13216/724; U; en) Presto/2.2.0"
64.255.180.55 - - [17/Apr/2009:08:04:57 -0400] "GET /Catskills/SamsPoint2006/P7301341.JPG HTTP/1.1" 200 13517 "http://www.chayden.net/Catskills/SamsPoint2006/" "Opera/9.60 (J2ME/MIDP; Opera Mini/4.2.13216/724; U; en) Presto/2.2.0"
64.255.180.55 - - [17/Apr/2009:08:04:57 -0400] "GET /Catskills/SamsPoint2006/P8191422.JPG HTTP/1.1" 200 13759 "http://www.chayden.net/Catskills/SamsPoint2006/" "Opera/9.60 (J2ME/MIDP; Opera Mini/4.2.13216/724; U; en) Presto/2.2.0"
64.255.180.55 - - [17/Apr/2009:08:04:57 -0400] "GET /Catskills/SamsPoint2006/P8191415.JPG HTTP/1.1" 200 19049 "http://www.chayden.net/Catskills/SamsPoint2006/" "Opera/9.60 (J2ME/MIDP; Opera Mini/4.2.13216/724; U; en) Presto/2.2.0"
