124.125.110.253 - - [17/Apr/2009:05:00:39 -0400] "GET /Asterisk/SeUpAsteriskAtHome_files/image007.gif HTTP/1.1" 200 5284 "-" "Mozilla/4.0 (compatible; MSIE 7.0; Windows NT 5.1; Mozilla/4.0 (compatible; MSIE 6.0; Windows NT 5.1; SV1) ; .NET CLR 2.0.50727; .NET CLR 3.0.04506.648; .NET CLR 3.5.21022)"
124.125.110.253 - - [17/Apr/2009:05:00:39 -0400] "GET /Asterisk/SeUpAsteriskAtHome_files/image006.gif HTTP/1.1" 200 33832 "-" "Mozilla/4.0 (compatible; MSIE 7.0; Windows NT 5.1; Mozilla/4.0 (compatible; MSIE 6.0; Windows NT 5.1; SV1) ; .NET CLR 2.0.50727; .NET CLR 3.0.04506.648; .NET CLR 3.5.21022)"
124.125.110.253 - - [17/Apr/2009:05:00:40 -0400] "GET /Asterisk/SeUpAsteriskAtHome_files/image009.jpg HTTP/1.1" 200 14238 "-" "Mozilla/4.0 (compatible; MSIE 7.0; Windows NT 5.1; Mozilla/4.0 (compatible; MSIE 6.0; Windows NT 5.1; SV1) ; .NET CLR 2.0.50727; .NET CLR 3.0.04506.648; .NET CLR 3.5.21022)"
124.125.110.253 - - [17/Apr/2009:05:00:41 -0400] "GET /Asterisk/SeUpAsteriskAtHome_files/image011.jpg HTTP/1.1" 200 13078 "-" "Mozilla/4.0 (compatible; MSIE 7.0; Windows NT 5.1; Mozilla/4.0 (compatible; MSIE 6.0; Windows NT 5.1; SV1) ; .NET CLR 2.0.50727; .NET CLR 3.0.04506.648; .NET CLR 3.5.21022)"
124.125.110.253 - - [17/Apr/2009:05:00:42 -0400] "GET /Asterisk/SeUpAsteriskAtHome_files/image013.jpg HTTP/1.1" 200 21296 "-" "Mozilla/4.0 (compatible; MSIE 7.0; Windows NT 5.1; Mozilla/4.0 (compatible; MSIE 6.0; Windows NT 5.1; SV1) ; .NET CLR 2.0.50727; .NET CLR 3.0.04506.648; .NET CLR 3.5.21022)"
124.125.110.253 - - [17/Apr/2009:05:00:42 -0400] "GET /Asterisk/SeUpAsteriskAtHome_files/image015.jpg HTTP/1.1" 200 47335 "-" "Mozilla/4.0 (compatible; MSIE 7.0; Windows NT 5.1; Mozilla/4.0 (compatible; MSIE 6.0; Windows NT 5.1; SV1) ; .NET CLR 2.0.50727; .NET CLR 3.0.04506.648; .NET CLR 3.5.21022)"
124.125.110.253 - - [17/Apr/2009:05:00:43 -0400] "GET /Asterisk/SeUpAsteriskAtHome_files/image017.jpg HTTP/1.1" 200 30515 "-" "Mozilla/4.0 (compatible; MSIE 7.0; Windows NT 5.1; Mozilla/4.0 (compatible; MSIE 6.0; Windows NT 5.1; SV1) ; .NET CLR 2.0.50727; .NET CLR 3.0.04506.648; .NET CLR 3.5.21022)"
124.125.110.253 - - [17/Apr/2009:05:00:45 -0400] "GET /Asterisk/SeUpAsteriskAtHome_files/image019.jpg HTTP/1.1" 200 39902 "-" "Mozilla/4.0 (compatible; MSIE 7.0; Windows NT 5.1; Mozilla/4.0 (compatible; MSIE 6.0; Windows NT 5.1; SV1) ; .NET CLR 2.0.50727; .NET CLR 3.0.04506.648; .NET CLR 3.5.21022)"
124.125.110.253 - - [17/Apr/2009:05:00:46 -0400] "GET /Asterisk/SeUpAsteriskAtHome_files/image020.gif HTTP/1.1" 200 49946 "-" "Mozilla/4.0 (compatible; MSIE 7.0; Windows NT 5.1; Mozilla/4.0 (compatible; MSIE 6.0; Windows NT 5.1; SV1) ; .NET CLR 2.0.50727; .NET CLR 3.0.04506.648; .NET CLR 3.5.21022)"
124.125.110.253 - - [17/Apr/2009:05:00:47 -0400] "GET /Asterisk/SeUpAsteriskAtHome_files/image022.jpg HTTP/1.1" 200 34633 "-" "Mozilla/4.0 (compatible; MSIE 7.0; Windows NT 5.1; Mozilla/4.0 (compatible; MSIE 6.0; Windows NT 5.1; SV1) ; .NET CLR 2.0.50727; .NET CLR 3.0.04506.648; .NET CLR 3.5.21022)"
124.125.110.253 - - [17/Apr/2009:05:00:48 -0400] "GET /Asterisk/SeUpAsteriskAtHome_files/image024.jpg HTTP/1.1" 200 31330 "-" "Mozilla/4.0 (compatible; MSIE 7.0; Windows NT 5.1; Mozilla/4.0 (compatible; MSIE 6.0; Windows NT 5.1; SV1) ; .NET CLR 2.0.50727; .NET CLR 3.0.04506.648; .NET CLR 3.5.21022)"
124.125.110.253 - - [17/Apr/2009:05:00:49 -0400] "GET /Asterisk/SeUpAsteriskAtHome_files/image027.jpg HTTP/1.1" 200 8509 "-" "Mozilla/4.0 (compatible; MSIE 7.0; Windows NT 5.1; Mozilla/4.0 (compatible; MSIE 6.0; Windows NT 5.1; SV1) ; .NET CLR 2.0.50727; .NET CLR 3.0.04506.648; .NET CLR 3.5.21022)"
124.125.110.253 - - [17/Apr/2009:05:00:48 -0400] "GET /Asterisk/SeUpAsteriskAtHome_files/image026.jpg HTTP/1.1" 200 37910 "-" "Mozilla/4.0 (compatible; MSIE 7.0; Windows NT 5.1; Mozilla/4.0 (compatible; MSIE 6.0; Windows NT 5.1; SV1) ; .NET CLR 2.0.50727; .NET CLR 3.0.04506.648; .NET CLR 3.5.21022)"
124.125.110.253 - - [17/Apr/2009:05:00:51 -0400] "GET /Asterisk/SeUpAsteriskAtHome_files/image031.jpg HTTP/1.1" 200 30259 "-" "Mozilla/4.0 (compatible; MSIE 7.0; Windows NT 5.1; Mozilla/4.0 (compatible; MSIE 6.0; Windows NT 5.1; SV1) ; .NET CLR 2.0.50727; .NET CLR 3.0.04506.648; .NET CLR 3.5.21022)"
124.125.110.253 - - [17/Apr/2009:05:00:51 -0400] "GET /Asterisk/SeUpAsteriskAtHome_files/image029.jpg HTTP/1.1" 200 43404 "-" "Mozilla/4.0 (compatible; MSIE 7.0; Windows NT 5.1; Mozilla/4.0 (compatible; MSIE 6.0; Windows NT 5.1; SV1) ; .NET CLR 2.0.50727; .NET CLR 3.0.04506.648; .NET CLR 3.5.21022)"
124.125.110.253 - - [17/Apr/2009:05:00:52 -0400] "GET /Asterisk/SeUpAsteriskAtHome_files/image035.jpg HTTP/1.1" 200 2759 "-" "Mozilla/4.0 (compatible; MSIE 7.0; Windows NT 5.1; Mozilla/4.0 (compatible; MSIE 6.0; Windows NT 5.1; SV1) ; .NET CLR 2.0.50727; .NET CLR 3.0.04506.648; .NET CLR 3.5.21022)"
124.125.110.253 - - [17/Apr/2009:05:00:52 -0400] "GET /Asterisk/SeUpAsteriskAtHome_files/image033.jpg HTTP/1.1" 200 30788 "-" "Mozilla/4.0 (compatible; MSIE 7.0; Windows NT 5.1; Mozilla/4.0 (compatible; MSIE 6.0; Windows NT 5.1; SV1) ; .NET CLR 2.0.50727; .NET CLR 3.0.04506.648; .NET CLR 3.5.21022)"
124.125.110.253 - - [17/Apr/2009:05:00:54 -0400] "GET /Asterisk/SeUpAsteriskAtHome_files/image039.jpg HTTP/1.1" 200 1921 "-" "Mozilla/4.0 (compatible; MSIE 7.0; Windows NT 5.1; Mozilla/4.0 (compatible; MSIE 6.0; Windows NT 5.1; SV1) ; .NET CLR 2.0.50727; .NET CLR 3.0.04506.648; .NET CLR 3.5.21022)"
124.125.110.253 - - [17/Apr/2009:05:00:53 -0400] "GET /Asterisk/SeUpAsteriskAtHome_files/image037.jpg HTTP/1.1" 200 42221 "-" "Mozilla/4.0 (compatible; MSIE 7.0; Windows NT 5.1; Mozilla/4.0 (compatible; MSIE 6.0; Windows NT 5.1; SV1) ; .NET CLR 2.0.50727; .NET CLR 3.0.04506.648; .NET CLR 3.5.21022)"
124.125.110.253 - - [17/Apr/2009:05:00:55 -0400] "GET /Asterisk/SeUpAsteriskAtHome_files/image041.jpg HTTP/1.1" 200 26765 "-" "Mozilla/4.0 (compatible; MSIE 7.0; Windows NT 5.1; Mozilla/4.0 (compatible; MSIE 6.0; Windows NT 5.1; SV1) ; .NET CLR 2.0.50727; .NET CLR 3.0.04506.648; .NET CLR 3.5.21022)"
124.125.110.253 - - [17/Apr/2009:05:00:55 -0400] "GET /Asterisk/SeUpAsteriskAtHome_files/image043.jpg HTTP/1.1" 200 22658 "-" "Mozilla/4.0 (compatible; MSIE 7.0; Windows NT 5.1; Mozilla/4.0 (compatible; MSIE 6.0; Windows NT 5.1; SV1) ; .NET CLR 2.0.50727; .NET CLR 3.0.04506.648; .NET CLR 3.5.21022)"
124.125.110.253 - - [17/Apr/2009:05:00:56 -0400] "GET /Asterisk/SeUpAsteriskAtHome_files/image044.jpg HTTP/1.1" 200 6079 "-" "Mozilla/4.0 (compatible; MSIE 7.0; Windows NT 5.1; Mozilla/4.0 (compatible; MSIE 6.0; Windows NT 5.1; SV1) ; .NET CLR 2.0.50727; .NET CLR 3.0.04506.648; .NET CLR 3.5.21022)"
124.125.110.253 - - [17/Apr/2009:05:00:57 -0400] "GET /Asterisk/SeUpAsteriskAtHome_files/image046.jpg HTTP/1.1" 200 35168 "-" "Mozilla/4.0 (compatible; MSIE 7.0; Windows NT 5.1; Mozilla/4.0 (compatible; MSIE 6.0; Windows NT 5.1; SV1) ; .NET CLR 2.0.50727; .NET CLR 3.0.04506.648; .NET CLR 3.5.21022)"
124.125.110.253 - - [17/Apr/2009:05:00:59 -0400] "GET /favicon.ico HTTP/1.1" 404 292 "-" "Mozilla/4.0 (compatible; MSIE 7.0; Windows NT 5.1; Mozilla/4.0 (compatible; MSIE 6.0; Windows NT 5.1; SV1) ; .NET CLR 2.0.50727; .NET CLR 3.0.04506.648; .NET CLR 3.5.21022)"
65.40.115.30 - - [17/Apr/2009:05:03:33 -0400] "HEAD /favicon.ico HTTP/1.1" 404 - "-" "Mozilla/5.0 (Windows; U; Windows NT 5.1; en-US; rv:1.9.0.8) Gecko/2009032609 Firefox/3.0.8"
83.222.194.92 - - [17/Apr/2009:05:04:47 -0400] "GET /Asterisk/SeUpAsteriskAtHome_files/image039.jpg HTTP/1.0" 200 1921 "http://www.chayden.net/Asterisk/SeUpAsteriskAtHome.htm" "Mozilla/5.0 (Windows; U; Windows NT 5.1; ru; rv:1.9.0.8) Gecko/2009032609 MRA 5.4 (build 02647) Firefox/3.0.8"
83.222.194.92 - - [17/Apr/2009:05:04:47 -0400] "GET /Asterisk/SeUpAsteriskAtHome_files/image019.jpg HTTP/1.0" 200 39902 "http://www.chayden.net/Asterisk/SeUpAsteriskAtHome.htm" "Mozilla/5.0 (Windows; U; Windows NT 5.1; ru; rv:1.9.0.8) Gecko/2009032609 MRA 5.4 (build 02647) Firefox/3.0.8"
83.222.194.92 - - [17/Apr/2009:05:06:36 -0400] "GET /favicon.ico HTTP/1.0" 404 292 "-" "Mozilla/5.0 (Windows; U; Windows NT 5.1; ru; rv:1.9.0.8) Gecko/2009032609 MRA 5.4 (build 02647) Firefox/3.0.8"
65.40.115.30 - - [17/Apr/2009:05:07:00 -0400] "HEAD /favicon.ico HTTP/1.1" 404 - "-" "Mozilla/5.0 (Windows; U; Windows NT 5.1; en-US; rv:1.9.0.8) Gecko/2009032609 Firefox/3.0.8"
81.52.143.16 - - [17/Apr/2009:05:10:42 -0400] "GET /eliza/instructions.txt HTTP/1.1" 200 15342 "-" "Mozilla/5.0 (Windows; U; Windows NT 5.1; fr; rv:1.8.1) VoilaBot BETA 1.2 (support.voilabot@orange-ftgroup.com)"
69.126.52.254 - - [17/Apr/2009:05:11:23 -0400] "GET /Catskills/Catskills.html HTTP/1.1" 200 7380 "http://www.google.com/search?hl=en&ei=r0foSZWANJastgflicnUBQ&sa=X&oi=spell&resnum=0&ct=result&cd=1&q=canister+coordinates+Halcott+mt+ny&spell=1" "Mozilla/4.0 (compatible; MSIE 6.0; Windows NT 5.1; SV1; AT&T CSM6.0; FunWebProducts; .NET CLR 1.0.3705; .NET CLR 1.1.4322; Media Center PC 4.0; .NET CLR 2.0.50727; SpamBlockerUtility 4.8.4; .NET CLR 3.0.04506.30)"
69.126.52.254 - - [17/Apr/2009:05:11:23 -0400] "GET /includes/hikes.css HTTP/1.1" 200 306 "http://www.chayden.net/Catskills/Catskills.html" "Mozilla/4.0 (compatible; MSIE 6.0; Windows NT 5.1; SV1; AT&T CSM6.0; FunWebProducts; .NET CLR 1.0.3705; .NET CLR 1.1.4322; Media Center PC 4.0; .NET CLR 2.0.50727; SpamBlockerUtility 4.8.4; .NET CLR 3.0.04506.30)"
69.126.52.254 - - [17/Apr/2009:05:11:23 -0400] "GET /Catskills/Peaks.gif HTTP/1.1" 200 230219 "http://www.chayden.net/Catskills/Catskills.html" "Mozilla/4.0 (compatible; MSIE 6.0; Windows NT 5.1; SV1; AT&T CSM6.0; FunWebProducts; .NET CLR 1.0.3705; .NET CLR 1.1.4322; Media Center PC 4.0; .NET CLR 2.0.50727; SpamBlockerUtility 4.8.4; .NET CLR 3.0.04506.30)"
69.126.52.254 - - [17/Apr/2009:05:11:28 -0400] "GET /favicon.ico HTTP/1.1" 404 292 "-" "-"
75.43.207.108 - - [17/Apr/2009:05:11:50 -0400] "GET /Index.html HTTP/1.1" 404 291 "http://www.chayden.net/Sierra98/Sierra98.html" "Mozilla/4.0 (compatible; MSIE 7.0; Windows NT 5.1; GTB5; .NET CLR 1.0.3705; .NET CLR 1.1.4322; Media Center PC 4.0; .NET CLR 2.0.50727)"
69.126.52.254 - - [17/Apr/2009:05:12:29 -0400] "GET /Catskills/NorthDomeSherrill2005/index.html HTTP/1.1" 200 9594 "http://www.chayden.net/Catskills/Catskills.html" "Mozilla/4.0 (compatible; MSIE 6.0; Windows NT 5.1; SV1; AT&T CSM6.0; FunWebProducts; .NET CLR 1.0.3705; .NET CLR 1.1.4322; Media Center PC 4.0; .NET CLR 2.0.50727; SpamBlockerUtility 4.8.4; .NET CLR 3.0.04506.30)"
69.126.52.254 - - [17/Apr/2009:05:12:29 -0400] "GET /Catskills/NorthDomeSherrill2005/P6040014.jpg HTTP/1.1" 200 23951 "http://www.chayden.net/Catskills/NorthDomeSherrill2005/index.html" "Mozilla/4.0 (compatible; MSIE 6.0; Windows NT 5.1; SV1; AT&T CSM6.0; FunWebProducts; .NET CLR 1.0.3705; .NET CLR 1.1.4322; Media Center PC 4.0; .NET CLR 2.0.50727; SpamBlockerUtility 4.8.4; .NET CLR 3.0.04506.30)"
69.126.52.254 - - [17/Apr/2009:05:12:29 -0400] "GET /Catskills/NorthDomeSherrill2005/P6040004.jpg HTTP/1.1" 200 24397 "http://www.chayden.net/Catskills/NorthDomeSherrill2005/index.html" "Mozilla/4.0 (compatible; MSIE 6.0; Windows NT 5.1; SV1; AT&T CSM6.0; FunWebProducts; .NET CLR 1.0.3705; .NET CLR 1.1.4322; Media Center PC 4.0; .NET CLR 2.0.50727; SpamBlockerUtility 4.8.4; .NET CLR 3.0.04506.30)"
69.126.52.254 - - [17/Apr/2009:05:12:29 -0400] "GET /Catskills/NorthDomeSherrill2005/P6040021.jpg HTTP/1.1" 200 25018 "http://www.chayden.net/Catskills/NorthDomeSherrill2005/index.html" "Mozilla/4.0 (compatible; MSIE 6.0; Windows NT 5.1; SV1; AT&T CSM6.0; FunWebProducts; .NET CLR 1.0.3705; .NET CLR 1.1.4322; Media Center PC 4.0; .NET CLR 2.0.50727; SpamBlockerUtility 4.8.4; .NET CLR 3.0.04506.30)"
69.126.52.254 - - [17/Apr/2009:05:12:29 -0400] "GET /Catskills/NorthDomeSherrill2005/P6040037.jpg HTTP/1.1" 200 20202 "http://www.chayden.net/Catskills/NorthDomeSherrill2005/index.html" "Mozilla/4.0 (compatible; MSIE 6.0; Windows NT 5.1; SV1; AT&T CSM6.0; FunWebProducts; .NET CLR 1.0.3705; .NET CLR 1.1.4322; Media Center PC 4.0; .NET CLR 2.0.50727; SpamBlockerUtility 4.8.4; .NET CLR 3.0.04506.30)"
69.126.52.254 - - [17/Apr/2009:05:12:29 -0400] "GET /Catskills/NorthDomeSherrill2005/NorthDomeSherrill.gif HTTP/1.1" 200 165518 "http://www.chayden.net/Catskills/NorthDomeSherrill2005/index.html" "Mozilla/4.0 (compatible; MSIE 6.0; Windows NT 5.1; SV1; AT&T CSM6.0; FunWebProducts; .NET CLR 1.0.3705; .NET CLR 1.1.4322; Media Center PC 4.0; .NET CLR 2.0.50727; SpamBlockerUtility 4.8.4; .NET CLR 3.0.04506.30)"
75.43.207.108 - - [17/Apr/2009:05:13:20 -0400] "GET /Sierra89/Sierra89.html HTTP/1.1" 200 2483 "http://www.chayden.net/HikingMisc/Hikes.html" "Mozilla/4.0 (compatible; MSIE 7.0; Windows NT 5.1; GTB5; .NET CLR 1.0.3705; .NET CLR 1.1.4322; Media Center PC 4.0; .NET CLR 2.0.50727)"
75.43.207.108 - - [17/Apr/2009:05:13:21 -0400] "GET /Sierra89/pic/Sierra89-M1.gif HTTP/1.1" 200 394801 "http://www.chayden.net/Sierra89/Sierra89.html" "Mozilla/4.0 (compatible; MSIE 7.0; Windows NT 5.1; GTB5; .NET CLR 1.0.3705; .NET CLR 1.1.4322; Media Center PC 4.0; .NET CLR 2.0.50727)"
75.43.207.108 - - [17/Apr/2009:05:13:21 -0400] "GET /Sierra89/pic/Sierra89-M2.gif HTTP/1.1" 200 380805 "http://www.chayden.net/Sierra89/Sierra89.html" "Mozilla/4.0 (compatible; MSIE 7.0; Windows NT 5.1; GTB5; .NET CLR 1.0.3705; .NET CLR 1.1.4322; Media Center PC 4.0; .NET CLR 2.0.50727)"
65.40.115.30 - - [17/Apr/2009:05:13:34 -0400] "HEAD /favicon.ico HTTP/1.1" 404 - "-" "Mozilla/5.0 (Windows; U; Windows NT 5.1; en-US; rv:1.9.0.8) Gecko/2009032609 Firefox/3.0.8"
118.208.231.151 - - [17/Apr/2009:05:13:42 -0400] "GET /favicon.ico HTTP/1.1" 404 288 "-" "Mozilla/4.0 (compatible; MSIE 7.0; Windows NT 6.0; Mozilla/4.0 (compatible; MSIE 6.0; Windows NT 5.1; SV1) ; SLCC1; .NET CLR 2.0.50727; Media Center PC 5.0; InfoPath.2; FDM; .NET CLR 3.5.21022; OfficeLiveConnector.1.3; OfficeLivePatch.0.0; .NET CLR 3.5.30729; .NET CLR 3.0.30618)"
118.208.231.151 - - [17/Apr/2009:05:13:42 -0400] "GET /CVistaTutorial/CVisTutorial.html HTTP/1.1" 200 8668 "http://search.live.com/results.aspx?q=CVISTA&src=IE-SearchBox" "Mozilla/4.0 (compatible; MSIE 7.0; Windows NT 6.0; Mozilla/4.0 (compatible; MSIE 6.0; Windows NT 5.1; SV1) ; SLCC1; .NET CLR 2.0.50727; Media Center PC 5.0; InfoPath.2; FDM; .NET CLR 3.5.21022; OfficeLiveConnector.1.3; OfficeLivePatch.0.0; .NET CLR 3.5.30729; .NET CLR 3.0.30618)"
118.208.231.151 - - [17/Apr/2009:05:13:42 -0400] "GET /CVistaTutorial/USGS-Overview.jpg HTTP/1.1" 200 58415 "http://chayden.net/CVistaTutorial/CVisTutorial.html" "Mozilla/4.0 (compatible; MSIE 7.0; Windows NT 6.0; Mozilla/4.0 (compatible; MSIE 6.0; Windows NT 5.1; SV1) ; SLCC1; .NET CLR 2.0.50727; Media Center PC 5.0; InfoPath.2; FDM; .NET CLR 3.5.21022; OfficeLiveConnector.1.3; OfficeLivePatch.0.0; .NET CLR 3.5.30729; .NET CLR 3.0.30618)"
118.208.231.151 - - [17/Apr/2009:05:13:43 -0400] "GET /CVistaTutorial/USGS-Hudson.jpg HTTP/1.1" 200 61568 "http://chayden.net/CVistaTutorial/CVisTutorial.html" "Mozilla/4.0 (compatible; MSIE 7.0; Windows NT 6.0; Mozilla/4.0 (compatible; MSIE 6.0; Windows NT 5.1; SV1) ; SLCC1; .NET CLR 2.0.50727; Media Center PC 5.0; InfoPath.2; FDM; .NET CLR 3.5.21022; OfficeLiveConnector.1.3; OfficeLivePatch.0.0; .NET CLR 3.5.30729; .NET CLR 3.0.30618)"
118.208.231.151 - - [17/Apr/2009:05:13:45 -0400] "GET /CVistaTutorial/CV-Newark-E.jpg HTTP/1.1" 200 57430 "http://chayden.net/CVistaTutorial/CVisTutorial.html" "Mozilla/4.0 (compatible; MSIE 7.0; Windows NT 6.0; Mozilla/4.0 (compatible; MSIE 6.0; Windows NT 5.1; SV1) ; SLCC1; .NET CLR 2.0.50727; Media Center PC 5.0; InfoPath.2; FDM; .NET CLR 3.5.21022; OfficeLiveConnector.1.3; OfficeLivePatch.0.0; .NET CLR 3.5.30729; .NET CLR 3.0.30618)"
118.208.231.151 - - [17/Apr/2009:05:13:46 -0400] "GET /CVistaTutorial/CV-NewYork-W.jpg HTTP/1.1" 200 49343 "http://chayden.net/CVistaTutorial/CVisTutorial.html" "Mozilla/4.0 (compatible; MSIE 7.0; Windows NT 6.0; Mozilla/4.0 (compatible; MSIE 6.0; Windows NT 5.1; SV1) ; SLCC1; .NET CLR 2.0.50727; Media Center PC 5.0; InfoPath.2; FDM; .NET CLR 3.5.21022; OfficeLiveConnector.1.3; OfficeLivePatch.0.0; .NET CLR 3.5.30729; .NET CLR 3.0.30618)"
118.208.231.151 - - [17/Apr/2009:05:13:47 -0400] "GET /CVistaTutorial/VP-Newark-E52.jpg HTTP/1.1" 200 74923 "http://chayden.net/CVistaTutorial/CVisTutorial.html" "Mozilla/4.0 (compatible; MSIE 7.0; Windows NT 6.0; Mozilla/4.0 (compatible; MSIE 6.0; Windows NT 5.1; SV1) ; SLCC1; .NET CLR 2.0.50727; Media Center PC 5.0; InfoPath.2; FDM; .NET CLR 3.5.21022; OfficeLiveConnector.1.3; OfficeLivePatch.0.0; .NET CLR 3.5.30729; .NET CLR 3.0.30618)"
118.208.231.151 - - [17/Apr/2009:05:13:48 -0400] "GET /CVistaTutorial/VP-NewYork02-W.jpg HTTP/1.1" 200 68046 "http://chayden.net/CVistaTutorial/CVisTutorial.html" "Mozilla/4.0 (compatible; MSIE 7.0; Windows NT 6.0; Mozilla/4.0 (compatible; MSIE 6.0; Windows NT 5.1; SV1) ; SLCC1; .NET CLR 2.0.50727; Media Center PC 5.0; InfoPath.2; FDM; .NET CLR 3.5.21022; OfficeLiveConnector.1.3; OfficeLivePatch.0.0; .NET CLR 3.5.30729; .NET CLR 3.0.30618)"
118.208.231.151 - - [17/Apr/2009:05:13:50 -0400] "GET /CVistaTutorial/VP-Large-51.jpg HTTP/1.1" 200 73605 "http://chayden.net/CVistaTutorial/CVisTutorial.html" "Mozilla/4.0 (compatible; MSIE 7.0; Windows NT 6.0; Mozilla/4.0 (compatible; MSIE 6.0; Windows NT 5.1; SV1) ; SLCC1; .NET CLR 2.0.50727; Media Center PC 5.0; InfoPath.2; FDM; .NET CLR 3.5.21022; OfficeLiveConnector.1.3; OfficeLivePatch.0.0; .NET CLR 3.5.30729; .NET CLR 3.0.30618)"
118.208.231.151 - - [17/Apr/2009:05:13:50 -0400] "GET /CVistaTutorial/VP-Large-Zoom.jpg HTTP/1.1" 200 74774 "http://chayden.net/CVistaTutorial/CVisTutorial.html" "Mozilla/4.0 (compatible; MSIE 7.0; Windows NT 6.0; Mozilla/4.0 (compatible; MSIE 6.0; Windows NT 5.1; SV1) ; SLCC1; .NET CLR 2.0.50727; Media Center PC 5.0; InfoPath.2; FDM; .NET CLR 3.5.21022; OfficeLiveConnector.1.3; OfficeLivePatch.0.0; .NET CLR 3.5.30729; .NET CLR 3.0.30618)"
118.208.231.151 - - [17/Apr/2009:05:13:53 -0400] "GET /CVistaTutorial/Image.jpg HTTP/1.1" 200 67032 "http://chayden.net/CVistaTutorial/CVisTutorial.html" "Mozilla/4.0 (compatible; MSIE 7.0; Windows NT 6.0; Mozilla/4.0 (compatible; MSIE 6.0; Windows NT 5.1; SV1) ; SLCC1; .NET CLR 2.0.50727; Media Center PC 5.0; InfoPath.2; FDM; .NET CLR 3.5.21022; OfficeLiveConnector.1.3; OfficeLivePatch.0.0; .NET CLR 3.5.30729; .NET CLR 3.0.30618)"
118.208.231.151 - - [17/Apr/2009:05:13:53 -0400] "GET /CVistaTutorial/CV-Newark-E3.jpg HTTP/1.1" 200 52036 "http://chayden.net/CVistaTutorial/CVisTutorial.html" "Mozilla/4.0 (compatible; MSIE 7.0; Windows NT 6.0; Mozilla/4.0 (compatible; MSIE 6.0; Windows NT 5.1; SV1) ; SLCC1; .NET CLR 2.0.50727; Media Center PC 5.0; InfoPath.2; FDM; .NET CLR 3.5.21022; OfficeLiveConnector.1.3; OfficeLivePatch.0.0; .NET CLR 3.5.30729; .NET CLR 3.0.30618)"
118.208.231.151 - - [17/Apr/2009:05:13:55 -0400] "GET /icons/back.gif HTTP/1.1" 200 216 "http://chayden.net/CVistaTutorial/CVisTutorial.html" "Mozilla/4.0 (compatible; MSIE 7.0; Windows NT 6.0; Mozilla/4.0 (compatible; MSIE 6.0; Windows NT 5.1; SV1) ; SLCC1; .NET CLR 2.0.50727; Media Center PC 5.0; InfoPath.2; FDM; .NET CLR 3.5.21022; OfficeLiveConnector.1.3; OfficeLivePatch.0.0; .NET CLR 3.5.30729; .NET CLR 3.0.30618)"
92.242.136.135 - - [17/Apr/2009:05:15:19 -0400] "GET /Sierra89/Sierra89.html HTTP/1.0" 200 2483 "-" "-"
75.43.207.108 - - [17/Apr/2009:05:15:51 -0400] "GET /Sierra77/Sierra77.html HTTP/1.1" 200 14026 "http://www.chayden.net/HikingMisc/Hikes.html" "Mozilla/4.0 (compatible; MSIE 7.0; Windows NT 5.1; GTB5; .NET CLR 1.0.3705; .NET CLR 1.1.4322; Media Center PC 4.0; .NET CLR 2.0.50727)"
75.43.207.108 - - [17/Apr/2009:05:15:51 -0400] "GET /Sierra77/pic/s77-1-12.jpg HTTP/1.1" 200 35529 "http://www.chayden.net/Sierra77/Sierra77.html" "Mozilla/4.0 (compatible; MSIE 7.0; Windows NT 5.1; GTB5; .NET CLR 1.0.3705; .NET CLR 1.1.4322; Media Center PC 4.0; .NET CLR 2.0.50727)"
75.43.207.108 - - [17/Apr/2009:05:15:51 -0400] "GET /Sierra77/pic/Sierra77-M1.gif HTTP/1.1" 200 242322 "http://www.chayden.net/Sierra77/Sierra77.html" "Mozilla/4.0 (compatible; MSIE 7.0; Windows NT 5.1; GTB5; .NET CLR 1.0.3705; .NET CLR 1.1.4322; Media Center PC 4.0; .NET CLR 2.0.50727)"
75.43.207.108 - - [17/Apr/2009:05:15:52 -0400] "GET /Sierra77/pic/s77-1-15.jpg HTTP/1.1" 200 47879 "http://www.chayden.net/Sierra77/Sierra77.html" "Mozilla/4.0 (compatible; MSIE 7.0; Windows NT 5.1; GTB5; .NET CLR 1.0.3705; .NET CLR 1.1.4322; Media Center PC 4.0; .NET CLR 2.0.50727)"
75.43.207.108 - - [17/Apr/2009:05:15:53 -0400] "GET /Sierra77/pic/s77-1-19.jpg HTTP/1.1" 200 54998 "http://www.chayden.net/Sierra77/Sierra77.html" "Mozilla/4.0 (compatible; MSIE 7.0; Windows NT 5.1; GTB5; .NET CLR 1.0.3705; .NET CLR 1.1.4322; Media Center PC 4.0; .NET CLR 2.0.50727)"
75.43.207.108 - - [17/Apr/2009:05:15:53 -0400] "GET /Sierra77/pic/Sierra77-M2.gif HTTP/1.1" 200 187657 "http://www.chayden.net/Sierra77/Sierra77.html" "Mozilla/4.0 (compatible; MSIE 7.0; Windows NT 5.1; GTB5; .NET CLR 1.0.3705; .NET CLR 1.1.4322; Media Center PC 4.0; .NET CLR 2.0.50727)"
75.43.207.108 - - [17/Apr/2009:05:15:53 -0400] "GET /Sierra77/pic/s77-2-04.jpg HTTP/1.1" 200 48313 "http://www.chayden.net/Sierra77/Sierra77.html" "Mozilla/4.0 (compatible; MSIE 7.0; Windows NT 5.1; GTB5; .NET CLR 1.0.3705; .NET CLR 1.1.4322; Media Center PC 4.0; .NET CLR 2.0.50727)"
75.43.207.108 - - [17/Apr/2009:05:15:54 -0400] "GET /Sierra77/pic/s77-2-05.jpg HTTP/1.1" 200 39876 "http://www.chayden.net/Sierra77/Sierra77.html" "Mozilla/4.0 (compatible; MSIE 7.0; Windows NT 5.1; GTB5; .NET CLR 1.0.3705; .NET CLR 1.1.4322; Media Center PC 4.0; .NET CLR 2.0.50727)"
75.43.207.108 - - [17/Apr/2009:05:15:54 -0400] "GET /Sierra77/pic/s77-2-06.jpg HTTP/1.1" 200 24195 "http://www.chayden.net/Sierra77/Sierra77.html" "Mozilla/4.0 (compatible; MSIE 7.0; Windows NT 5.1; GTB5; .NET CLR 1.0.3705; .NET CLR 1.1.4322; Media Center PC 4.0; .NET CLR 2.0.50727)"
75.43.207.108 - - [17/Apr/2009:05:15:55 -0400] "GET /Sierra77/pic/s77-2-07.jpg HTTP/1.1" 200 52727 "http://www.chayden.net/Sierra77/Sierra77.html" "Mozilla/4.0 (compatible; MSIE 7.0; Windows NT 5.1; GTB5; .NET CLR 1.0.3705; .NET CLR 1.1.4322; Media Center PC 4.0; .NET CLR 2.0.50727)"
75.43.207.108 - - [17/Apr/2009:05:15:55 -0400] "GET /Sierra77/pic/s77-2-09.jpg HTTP/1.1" 200 45256 "http://www.chayden.net/Sierra77/Sierra77.html" "Mozilla/4.0 (compatible; MSIE 7.0; Windows NT 5.1; GTB5; .NET CLR 1.0.3705; .NET CLR 1.1.4322; Media Center PC 4.0; .NET CLR 2.0.50727)"
75.43.207.108 - - [17/Apr/2009:05:15:56 -0400] "GET /Sierra77/pic/s77-2-10.jpg HTTP/1.1" 200 35205 "http://www.chayden.net/Sierra77/Sierra77.html" "Mozilla/4.0 (compatible; MSIE 7.0; Windows NT 5.1; GTB5; .NET CLR 1.0.3705; .NET CLR 1.1.4322; Media Center PC 4.0; .NET CLR 2.0.50727)"
75.43.207.108 - - [17/Apr/2009:05:15:56 -0400] "GET /Sierra77/pic/s77-2-13.jpg HTTP/1.1" 200 48753 "http://www.chayden.net/Sierra77/Sierra77.html" "Mozilla/4.0 (compatible; MSIE 7.0; Windows NT 5.1; GTB5; .NET CLR 1.0.3705; .NET CLR 1.1.4322; Media Center PC 4.0; .NET CLR 2.0.50727)"
75.43.207.108 - - [17/Apr/2009:05:15:56 -0400] "GET /Sierra77/pic/s77-2-20.jpg HTTP/1.1" 200 51023 "http://www.chayden.net/Sierra77/Sierra77.html" "Mozilla/4.0 (compatible; MSIE 7.0; Windows NT 5.1; GTB5; .NET CLR 1.0.3705; .NET CLR 1.1.4322; Media Center PC 4.0; .NET CLR 2.0.50727)"
78.150.184.68 - - [17/Apr/2009:05:16:26 -0400] "GET /Runs/Adidas/tree.jpg HTTP/1.1" 200 976780 "http://worldofcherie.blogspot.com/" "Mozilla/5.0 (Windows; U; Windows NT 6.0; en-GB; rv:1.9.0.8) Gecko/2009032609 Firefox/3.0.8"
87.167.77.118 - - [17/Apr/2009:05:16:33 -0400] "GET /eliza/Eliza.html HTTP/1.1" 200 5488 "http://jerz.setonhill.edu/if/canon/eliza.htm" "Mozilla/4.0 (compatible; MSIE 7.0; Windows NT 6.0; GTB5; SLCC1; .NET CLR 2.0.50727; Media Center PC 5.0; .NET CLR 3.5.30729; .NET CLR 3.0.30618; InfoPath.2)"
87.167.77.118 - - [17/Apr/2009:05:16:34 -0400] "GET /icons/back.gif HTTP/1.1" 200 216 "http://www.chayden.net/eliza/Eliza.html" "Mozilla/4.0 (compatible; MSIE 7.0; Windows NT 6.0; GTB5; SLCC1; .NET CLR 2.0.50727; Media Center PC 5.0; .NET CLR 3.5.30729; .NET CLR 3.0.30618; InfoPath.2)"
87.167.77.118 - - [17/Apr/2009:05:16:34 -0400] "GET /eliza/Eliza/Eliza.class HTTP/1.1" 200 2434 "-" "Mozilla/4.0 (Windows Vista 6.0) Java/1.6.0_13"
87.167.77.118 - - [17/Apr/2009:05:16:35 -0400] "GET /eliza/Eliza/ElizaMain.class HTTP/1.1" 200 9260 "-" "Mozilla/4.0 (Windows Vista 6.0) Java/1.6.0_13"
87.167.77.118 - - [17/Apr/2009:05:16:35 -0400] "GET /eliza/Eliza/DecompList.class HTTP/1.1" 200 877 "-" "Mozilla/4.0 (Windows Vista 6.0) Java/1.6.0_13"
87.167.77.118 - - [17/Apr/2009:05:16:36 -0400] "GET /favicon.ico HTTP/1.1" 404 292 "-" "Mozilla/4.0 (compatible; MSIE 7.0; Windows NT 6.0; GTB5; SLCC1; .NET CLR 2.0.50727; Media Center PC 5.0; .NET CLR 3.5.30729; .NET CLR 3.0.30618; InfoPath.2)"
87.167.77.118 - - [17/Apr/2009:05:16:37 -0400] "GET /eliza/Eliza/KeyList.class HTTP/1.1" 200 1722 "-" "Mozilla/4.0 (Windows Vista 6.0) Java/1.6.0_13"
87.167.77.118 - - [17/Apr/2009:05:16:37 -0400] "GET /eliza/Eliza/SynList.class HTTP/1.1" 200 2103 "-" "Mozilla/4.0 (Windows Vista 6.0) Java/1.6.0_13"
87.167.77.118 - - [17/Apr/2009:05:16:37 -0400] "GET /eliza/Eliza/WordList.class HTTP/1.1" 200 1243 "-" "Mozilla/4.0 (Windows Vista 6.0) Java/1.6.0_13"
87.167.77.118 - - [17/Apr/2009:05:16:38 -0400] "GET /eliza/Eliza/PrePostList.class HTTP/1.1" 200 1674 "-" "Mozilla/4.0 (Windows Vista 6.0) Java/1.6.0_13"
87.167.77.118 - - [17/Apr/2009:05:16:38 -0400] "GET /eliza/Eliza/KeyStack.class HTTP/1.1" 200 1507 "-" "Mozilla/4.0 (Windows Vista 6.0) Java/1.6.0_13"
87.167.77.118 - - [17/Apr/2009:05:16:39 -0400] "GET /eliza/Eliza/Key.class HTTP/1.1" 200 1702 "-" "Mozilla/4.0 (Windows Vista 6.0) Java/1.6.0_13"
87.167.77.118 - - [17/Apr/2009:05:16:39 -0400] "GET /eliza/Eliza/Mem.class HTTP/1.1" 200 850 "-" "Mozilla/4.0 (Windows Vista 6.0) Java/1.6.0_13"
87.167.77.118 - - [17/Apr/2009:05:16:39 -0400] "GET /eliza/script HTTP/1.1" 200 12267 "-" "Mozilla/4.0 (Windows Vista 6.0) Java/1.6.0_13"
87.167.77.118 - - [17/Apr/2009:05:16:40 -0400] "GET /eliza/Eliza/EString.class HTTP/1.1" 200 3849 "-" "Mozilla/4.0 (Windows Vista 6.0) Java/1.6.0_13"
87.167.77.118 - - [17/Apr/2009:05:16:41 -0400] "GET /eliza/Eliza/PrePost.class HTTP/1.1" 200 1073 "-" "Mozilla/4.0 (Windows Vista 6.0) Java/1.6.0_13"
87.167.77.118 - - [17/Apr/2009:05:16:41 -0400] "GET /eliza/Eliza/ReasembList.class HTTP/1.1" 200 1102 "-" "Mozilla/4.0 (Windows Vista 6.0) Java/1.6.0_13"
87.167.77.118 - - [17/Apr/2009:05:16:41 -0400] "GET /eliza/Eliza/Decomp.class HTTP/1.1" 200 1727 "-" "Mozilla/4.0 (Windows Vista 6.0) Java/1.6.0_13"
65.40.115.30 - - [17/Apr/2009:05:17:00 -0400] "HEAD /favicon.ico HTTP/1.1" 404 - "-" "Mozilla/5.0 (Windows; U; Windows NT 5.1; en-US; rv:1.9.0.8) Gecko/2009032609 Firefox/3.0.8"
66.235.124.76 - - [17/Apr/2009:05:17:03 -0400] "GET /robots.txt HTTP/1.0" 404 291 "-" "Mozilla/5.0 (compatible; Ask Jeeves/Teoma; +http://about.ask.com/en/docs/about/webmasters.shtml)"
66.235.124.76 - - [17/Apr/2009:05:17:03 -0400] "GET /Sierra94/pic/s94-1-14.jpg HTTP/1.0" 200 76040 "-" "Mozilla/5.0 (compatible; Ask Jeeves/Teoma; +http://about.ask.com/en/docs/about/webmasters.shtml)"
89.217.141.28 - - [17/Apr/2009:05:18:02 -0400] "GET /Runs/Adidas/index.htm HTTP/1.1" 200 2459 "http://images.google.com/imgres?imgurl=http://www.chayden.net/Runs/Adidas/changing.jpg&imgrefurl=http://www.chayden.net/Runs/Adidas/index.htm&usg=__ieqVLJoWpowfs7Z7sxsPOqT_mK8=&h=899&w=1369&sz=168&hl=fr&start=16&um=1&tbnid=1xKEeENDbUd8bM:&tbnh=99&tbnw=150&prev=/images%3Fq%3Dadidas%2Bads%26hl%3Dfr%26lr%3D%26rlz%3D1B2GGFB_enCH211CH212%26sa%3DN%26um%3D1" "Mozilla/5.0 (Windows; U; Windows NT 5.1; fr; rv:1.9.0.8) Gecko/2009032609 Firefox/3.0.8"
89.217.141.28 - - [17/Apr/2009:05:18:02 -0400] "GET /Runs/Adidas/vaseline800.jpg HTTP/1.1" 200 61165 "http://www.chayden.net/Runs/Adidas/index.htm" "Mozilla/5.0 (Windows; U; Windows NT 5.1; fr; rv:1.9.0.8) Gecko/2009032609 Firefox/3.0.8"
89.217.141.28 - - [17/Apr/2009:05:18:02 -0400] "GET /Runs/Adidas/tree-800.jpg HTTP/1.1" 200 76203 "http://www.chayden.net/Runs/Adidas/index.htm" "Mozilla/5.0 (Windows; U; Windows NT 5.1; fr; rv:1.9.0.8) Gecko/2009032609 Firefox/3.0.8"
89.217.141.28 - - [17/Apr/2009:05:18:02 -0400] "GET /Runs/Adidas/tape-800.jpg HTTP/1.1" 200 114686 "http://www.chayden.net/Runs/Adidas/index.htm" "Mozilla/5.0 (Windows; U; Windows NT 5.1; fr; rv:1.9.0.8) Gecko/2009032609 Firefox/3.0.8"
89.217.141.28 - - [17/Apr/2009:05:18:02 -0400] "GET /Runs/Adidas/dr-office-800.jpg HTTP/1.1" 200 105355 "http://www.chayden.net/Runs/Adidas/index.htm" "Mozilla/5.0 (Windows; U; Windows NT 5.1; fr; rv:1.9.0.8) Gecko/2009032609 Firefox/3.0.8"
89.217.141.28 - - [17/Apr/2009:05:18:02 -0400] "GET /Runs/Adidas/changing-800.jpg HTTP/1.1" 200 118677 "http://www.chayden.net/Runs/Adidas/index.htm" "Mozilla/5.0 (Windows; U; Windows NT 5.1; fr; rv:1.9.0.8) Gecko/2009032609 Firefox/3.0.8"
89.217.141.28 - - [17/Apr/2009:05:18:02 -0400] "GET /Runs/Adidas/baby-800.jpg HTTP/1.1" 200 127856 "http://www.chayden.net/Runs/Adidas/index.htm" "Mozilla/5.0 (Windows; U; Windows NT 5.1; fr; rv:1.9.0.8) Gecko/2009032609 Firefox/3.0.8"
89.217.141.28 - - [17/Apr/2009:05:18:03 -0400] "GET /Runs/Adidas/snot-rocket-800.jpg HTTP/1.1" 200 63993 "http://www.chayden.net/Runs/Adidas/index.htm" "Mozilla/5.0 (Windows; U; Windows NT 5.1; fr; rv:1.9.0.8) Gecko/2009032609 Firefox/3.0.8"
89.217.141.28 - - [17/Apr/2009:05:18:04 -0400] "GET /Runs/Adidas/cable-car-800.JPG HTTP/1.1" 200 60723 "http://www.chayden.net/Runs/Adidas/index.htm" "Mozilla/5.0 (Windows; U; Windows NT 5.1; fr; rv:1.9.0.8) Gecko/2009032609 Firefox/3.0.8"
89.217.141.28 - - [17/Apr/2009:05:18:04 -0400] "GET /Runs/Adidas/park-800.jpg HTTP/1.1" 200 52610 "http://www.chayden.net/Runs/Adidas/index.htm" "Mozilla/5.0 (Windows; U; Windows NT 5.1; fr; rv:1.9.0.8) Gecko/2009032609 Firefox/3.0.8"
89.217.141.28 - - [17/Apr/2009:05:18:04 -0400] "GET /Runs/Adidas/bank-800.jpg HTTP/1.1" 200 99716 "http://www.chayden.net/Runs/Adidas/index.htm" "Mozilla/5.0 (Windows; U; Windows NT 5.1; fr; rv:1.9.0.8) Gecko/2009032609 Firefox/3.0.8"
89.217.141.28 - - [17/Apr/2009:05:18:03 -0400] "GET /Runs/Adidas/river-800.jpg HTTP/1.1" 200 144245 "http://www.chayden.net/Runs/Adidas/index.htm" "Mozilla/5.0 (Windows; U; Windows NT 5.1; fr; rv:1.9.0.8) Gecko/2009032609 Firefox/3.0.8"
87.167.77.118 - - [17/Apr/2009:05:18:41 -0400] "GET /eliza/instructions.txt HTTP/1.1" 200 15342 "http://www.chayden.net/eliza/Eliza.html" "Mozilla/4.0 (compatible; MSIE 7.0; Windows NT 6.0; GTB5; SLCC1; .NET CLR 2.0.50727; Media Center PC 5.0; .NET CLR 3.5.30729; .NET CLR 3.0.30618; InfoPath.2)"
89.217.141.28 - - [17/Apr/2009:05:18:45 -0400] "GET /Runs/Adidas/changing.jpg HTTP/1.1" 200 171244 "http://www.chayden.net/Runs/Adidas/index.htm" "Mozilla/5.0 (Windows; U; Windows NT 5.1; fr; rv:1.9.0.8) Gecko/2009032609 Firefox/3.0.8"
89.217.141.28 - - [17/Apr/2009:05:18:59 -0400] "GET /Runs/Adidas/tape.jpg HTTP/1.1" 200 157042 "http://www.chayden.net/Runs/Adidas/index.htm" "Mozilla/5.0 (Windows; U; Windows NT 5.1; fr; rv:1.9.0.8) Gecko/2009032609 Firefox/3.0.8"
87.167.77.118 - - [17/Apr/2009:05:19:05 -0400] "GET /eliza/script HTTP/1.1" 200 12267 "-" "Mozilla/4.0 (Windows Vista 6.0) Java/1.6.0_13"
87.167.77.118 - - [17/Apr/2009:05:19:12 -0400] "GET /eliza/Eliza.zip HTTP/1.1" 200 23196 "http://www.chayden.net/eliza/Eliza.html" "Mozilla/4.0 (compatible; MSIE 7.0; Windows NT 6.0; GTB5; SLCC1; .NET CLR 2.0.50727; Media Center PC 5.0; .NET CLR 3.5.30729; .NET CLR 3.0.30618; InfoPath.2)"
89.217.141.28 - - [17/Apr/2009:05:19:19 -0400] "GET /Runs/Adidas/vaseline.jpg HTTP/1.1" 200 881475 "http://www.chayden.net/Runs/Adidas/index.htm" "Mozilla/5.0 (Windows; U; Windows NT 5.1; fr; rv:1.9.0.8) Gecko/2009032609 Firefox/3.0.8"
89.217.141.28 - - [17/Apr/2009:05:20:33 -0400] "GET /Runs/Adidas/dr-office.jpg HTTP/1.1" 200 142420 "http://www.chayden.net/Runs/Adidas/index.htm" "Mozilla/5.0 (Windows; U; Windows NT 5.1; fr; rv:1.9.0.8) Gecko/2009032609 Firefox/3.0.8"
66.235.124.76 - - [17/Apr/2009:05:20:56 -0400] "GET /Runs/Adidas/cable-car.jpg HTTP/1.0" 200 858571 "-" "Mozilla/5.0 (compatible; Ask Jeeves/Teoma; +http://about.ask.com/en/docs/about/webmasters.shtml)"
74.6.8.116 - - [17/Apr/2009:05:20:59 -0400] "GET /Sierra90/?C=N;O=D HTTP/1.0" 200 1166 "-" "Mozilla/5.0 (compatible; Yahoo! Slurp/3.0; http://help.yahoo.com/help/us/ysearch/slurp)"
75.43.207.108 - - [17/Apr/2009:05:22:47 -0400] "GET /Index.html HTTP/1.1" 404 291 "http://www.chayden.net/Sierra77/Sierra77.html" "Mozilla/4.0 (compatible; MSIE 7.0; Windows NT 5.1; GTB5; .NET CLR 1.0.3705; .NET CLR 1.1.4322; Media Center PC 4.0; .NET CLR 2.0.50727)"
75.43.207.108 - - [17/Apr/2009:05:23:03 -0400] "GET /Sierra00/Sierra00.html HTTP/1.1" 200 58639 "http://www.chayden.net/HikingMisc/Hikes.html" "Mozilla/4.0 (compatible; MSIE 7.0; Windows NT 5.1; GTB5; .NET CLR 1.0.3705; .NET CLR 1.1.4322; Media Center PC 4.0; .NET CLR 2.0.50727)"
75.43.207.108 - - [17/Apr/2009:05:23:03 -0400] "GET /Sierra00/pic/background.jpg HTTP/1.1" 200 12882 "http://www.chayden.net/Sierra00/Sierra00.html" "Mozilla/4.0 (compatible; MSIE 7.0; Windows NT 5.1; GTB5; .NET CLR 1.0.3705; .NET CLR 1.1.4322; Media Center PC 4.0; .NET CLR 2.0.50727)"
75.43.207.108 - - [17/Apr/2009:05:23:03 -0400] "GET /Sierra00/pic/s00-1-00.jpg HTTP/1.1" 200 37279 "http://www.chayden.net/Sierra00/Sierra00.html" "Mozilla/4.0 (compatible; MSIE 7.0; Windows NT 5.1; GTB5; .NET CLR 1.0.3705; .NET CLR 1.1.4322; Media Center PC 4.0; .NET CLR 2.0.50727)"
75.43.207.108 - - [17/Apr/2009:05:23:03 -0400] "GET /Sierra00/pic/Sierra00-M0.gif HTTP/1.1" 200 462077 "http://www.chayden.net/Sierra00/Sierra00.html" "Mozilla/4.0 (compatible; MSIE 7.0; Windows NT 5.1; GTB5; .NET CLR 1.0.3705; .NET CLR 1.1.4322; Media Center PC 4.0; .NET CLR 2.0.50727)"
75.43.207.108 - - [17/Apr/2009:05:23:04 -0400] "GET /Sierra00/pic/Sierra00-M1.gif HTTP/1.1" 200 308702 "http://www.chayden.net/Sierra00/Sierra00.html" "Mozilla/4.0 (compatible; MSIE 7.0; Windows NT 5.1; GTB5; .NET CLR 1.0.3705; .NET CLR 1.1.4322; Media Center PC 4.0; .NET CLR 2.0.50727)"
75.43.207.108 - - [17/Apr/2009:05:23:05 -0400] "GET /Sierra00/pic/s00-1-01.jpg HTTP/1.1" 200 48234 "http://www.chayden.net/Sierra00/Sierra00.html" "Mozilla/4.0 (compatible; MSIE 7.0; Windows NT 5.1; GTB5; .NET CLR 1.0.3705; .NET CLR 1.1.4322; Media Center PC 4.0; .NET CLR 2.0.50727)"
75.43.207.108 - - [17/Apr/2009:05:23:06 -0400] "GET /Sierra00/pic/s00-1-06.jpg HTTP/1.1" 200 45874 "http://www.chayden.net/Sierra00/Sierra00.html" "Mozilla/4.0 (compatible; MSIE 7.0; Windows NT 5.1; GTB5; .NET CLR 1.0.3705; .NET CLR 1.1.4322; Media Center PC 4.0; .NET CLR 2.0.50727)"
75.43.207.108 - - [17/Apr/2009:05:23:07 -0400] "GET /Sierra00/pic/s00-1-07.jpg HTTP/1.1" 200 38966 "http://www.chayden.net/Sierra00/Sierra00.html" "Mozilla/4.0 (compatible; MSIE 7.0; Windows NT 5.1; GTB5; .NET CLR 1.0.3705; .NET CLR 1.1.4322; Media Center PC 4.0; .NET CLR 2.0.50727)"
75.43.207.108 - - [17/Apr/2009:05:23:07 -0400] "GET /Sierra00/pic/s00-1-11.jpg HTTP/1.1" 200 54022 "http://www.chayden.net/Sierra00/Sierra00.html" "Mozilla/4.0 (compatible; MSIE 7.0; Windows NT 5.1; GTB5; .NET CLR 1.0.3705; .NET CLR 1.1.4322; Media Center PC 4.0; .NET CLR 2.0.50727)"
75.43.207.108 - - [17/Apr/2009:05:23:07 -0400] "GET /Sierra00/pic/s00-1-13.jpg HTTP/1.1" 200 40860 "http://www.chayden.net/Sierra00/Sierra00.html" "Mozilla/4.0 (compatible; MSIE 7.0; Windows NT 5.1; GTB5; .NET CLR 1.0.3705; .NET CLR 1.1.4322; Media Center PC 4.0; .NET CLR 2.0.50727)"
75.43.207.108 - - [17/Apr/2009:05:23:08 -0400] "GET /Sierra00/pic/s00-1-17.jpg HTTP/1.1" 200 45475 "http://www.chayden.net/Sierra00/Sierra00.html" "Mozilla/4.0 (compatible; MSIE 7.0; Windows NT 5.1; GTB5; .NET CLR 1.0.3705; .NET CLR 1.1.4322; Media Center PC 4.0; .NET CLR 2.0.50727)"
75.43.207.108 - - [17/Apr/2009:05:23:08 -0400] "GET /Sierra00/pic/s00-1-14.jpg HTTP/1.1" 200 71457 "http://www.chayden.net/Sierra00/Sierra00.html" "Mozilla/4.0 (compatible; MSIE 7.0; Windows NT 5.1; GTB5; .NET CLR 1.0.3705; .NET CLR 1.1.4322; Media Center PC 4.0; .NET CLR 2.0.50727)"
75.43.207.108 - - [17/Apr/2009:05:23:09 -0400] "GET /Sierra00/pic/s00-1-23.jpg HTTP/1.1" 200 38829 "http://www.chayden.net/Sierra00/Sierra00.html" "Mozilla/4.0 (compatible; MSIE 7.0; Windows NT 5.1; GTB5; .NET CLR 1.0.3705; .NET CLR 1.1.4322; Media Center PC 4.0; .NET CLR 2.0.50727)"
75.43.207.108 - - [17/Apr/2009:05:23:09 -0400] "GET /Sierra00/pic/Sierra00-M2.gif HTTP/1.1" 200 242224 "http://www.chayden.net/Sierra00/Sierra00.html" "Mozilla/4.0 (compatible; MSIE 7.0; Windows NT 5.1; GTB5; .NET CLR 1.0.3705; .NET CLR 1.1.4322; Media Center PC 4.0; .NET CLR 2.0.50727)"
75.43.207.108 - - [17/Apr/2009:05:23:09 -0400] "GET /Sierra00/pic/s00-2-00.jpg HTTP/1.1" 200 40763 "http://www.chayden.net/Sierra00/Sierra00.html" "Mozilla/4.0 (compatible; MSIE 7.0; Windows NT 5.1; GTB5; .NET CLR 1.0.3705; .NET CLR 1.1.4322; Media Center PC 4.0; .NET CLR 2.0.50727)"
75.43.207.108 - - [17/Apr/2009:05:23:10 -0400] "GET /Sierra00/pic/s00-2-02.jpg HTTP/1.1" 200 33657 "http://www.chayden.net/Sierra00/Sierra00.html" "Mozilla/4.0 (compatible; MSIE 7.0; Windows NT 5.1; GTB5; .NET CLR 1.0.3705; .NET CLR 1.1.4322; Media Center PC 4.0; .NET CLR 2.0.50727)"
75.43.207.108 - - [17/Apr/2009:05:23:10 -0400] "GET /Sierra00/pic/s00-2-06.jpg HTTP/1.1" 200 37773 "http://www.chayden.net/Sierra00/Sierra00.html" "Mozilla/4.0 (compatible; MSIE 7.0; Windows NT 5.1; GTB5; .NET CLR 1.0.3705; .NET CLR 1.1.4322; Media Center PC 4.0; .NET CLR 2.0.50727)"
75.43.207.108 - - [17/Apr/2009:05:23:11 -0400] "GET /Sierra00/pic/s00-2-09.jpg HTTP/1.1" 200 51092 "http://www.chayden.net/Sierra00/Sierra00.html" "Mozilla/4.0 (compatible; MSIE 7.0; Windows NT 5.1; GTB5; .NET CLR 1.0.3705; .NET CLR 1.1.4322; Media Center PC 4.0; .NET CLR 2.0.50727)"
75.43.207.108 - - [17/Apr/2009:05:23:11 -0400] "GET /Sierra00/pic/s00-2-10.jpg HTTP/1.1" 200 31841 "http://www.chayden.net/Sierra00/Sierra00.html" "Mozilla/4.0 (compatible; MSIE 7.0; Windows NT 5.1; GTB5; .NET CLR 1.0.3705; .NET CLR 1.1.4322; Media Center PC 4.0; .NET CLR 2.0.50727)"
75.43.207.108 - - [17/Apr/2009:05:23:11 -0400] "GET /Sierra00/pic/s00-2-18.jpg HTTP/1.1" 200 47183 "http://www.chayden.net/Sierra00/Sierra00.html" "Mozilla/4.0 (compatible; MSIE 7.0; Windows NT 5.1; GTB5; .NET CLR 1.0.3705; .NET CLR 1.1.4322; Media Center PC 4.0; .NET CLR 2.0.50727)"
75.43.207.108 - - [17/Apr/2009:05:23:11 -0400] "GET /Sierra00/pic/s00-2-19.jpg HTTP/1.1" 200 47548 "http://www.chayden.net/Sierra00/Sierra00.html" "Mozilla/4.0 (compatible; MSIE 7.0; Windows NT 5.1; GTB5; .NET CLR 1.0.3705; .NET CLR 1.1.4322; Media Center PC 4.0; .NET CLR 2.0.50727)"
75.43.207.108 - - [17/Apr/2009:05:23:12 -0400] "GET /Sierra00/pic/s00-3-00.jpg HTTP/1.1" 200 41304 "http://www.chayden.net/Sierra00/Sierra00.html" "Mozilla/4.0 (compatible; MSIE 7.0; Windows NT 5.1; GTB5; .NET CLR 1.0.3705; .NET CLR 1.1.4322; Media Center PC 4.0; .NET CLR 2.0.50727)"
75.43.207.108 - - [17/Apr/2009:05:23:12 -0400] "GET /Sierra00/pic/Sierra00-M3.gif HTTP/1.1" 200 145172 "http://www.chayden.net/Sierra00/Sierra00.html" "Mozilla/4.0 (compatible; MSIE 7.0; Windows NT 5.1; GTB5; .NET CLR 1.0.3705; .NET CLR 1.1.4322; Media Center PC 4.0; .NET CLR 2.0.50727)"
75.43.207.108 - - [17/Apr/2009:05:23:13 -0400] "GET /Sierra00/pic/s00-3-01.jpg HTTP/1.1" 200 50850 "http://www.chayden.net/Sierra00/Sierra00.html" "Mozilla/4.0 (compatible; MSIE 7.0; Windows NT 5.1; GTB5; .NET CLR 1.0.3705; .NET CLR 1.1.4322; Media Center PC 4.0; .NET CLR 2.0.50727)"
75.43.207.108 - - [17/Apr/2009:05:23:13 -0400] "GET /Sierra00/pic/s00-3-03.jpg HTTP/1.1" 200 40024 "http://www.chayden.net/Sierra00/Sierra00.html" "Mozilla/4.0 (compatible; MSIE 7.0; Windows NT 5.1; GTB5; .NET CLR 1.0.3705; .NET CLR 1.1.4322; Media Center PC 4.0; .NET CLR 2.0.50727)"
75.43.207.108 - - [17/Apr/2009:05:23:14 -0400] "GET /Sierra00/pic/s00-3-06.jpg HTTP/1.1" 200 35047 "http://www.chayden.net/Sierra00/Sierra00.html" "Mozilla/4.0 (compatible; MSIE 7.0; Windows NT 5.1; GTB5; .NET CLR 1.0.3705; .NET CLR 1.1.4322; Media Center PC 4.0; .NET CLR 2.0.50727)"
75.43.207.108 - - [17/Apr/2009:05:23:14 -0400] "GET /Sierra00/pic/s00-3-10.jpg HTTP/1.1" 200 57425 "http://www.chayden.net/Sierra00/Sierra00.html" "Mozilla/4.0 (compatible; MSIE 7.0; Windows NT 5.1; GTB5; .NET CLR 1.0.3705; .NET CLR 1.1.4322; Media Center PC 4.0; .NET CLR 2.0.50727)"
75.43.207.108 - - [17/Apr/2009:05:23:14 -0400] "GET /Sierra00/pic/s00-3-11.jpg HTTP/1.1" 200 47496 "http://www.chayden.net/Sierra00/Sierra00.html" "Mozilla/4.0 (compatible; MSIE 7.0; Windows NT 5.1; GTB5; .NET CLR 1.0.3705; .NET CLR 1.1.4322; Media Center PC 4.0; .NET CLR 2.0.50727)"
75.43.207.108 - - [17/Apr/2009:05:23:14 -0400] "GET /Sierra00/pic/s00-3-17.jpg HTTP/1.1" 200 48948 "http://www.chayden.net/Sierra00/Sierra00.html" "Mozilla/4.0 (compatible; MSIE 7.0; Windows NT 5.1; GTB5; .NET CLR 1.0.3705; .NET CLR 1.1.4322; Media Center PC 4.0; .NET CLR 2.0.50727)"
75.43.207.108 - - [17/Apr/2009:05:23:15 -0400] "GET /Sierra00/pic/Sierra00-M4.gif HTTP/1.1" 200 169594 "http://www.chayden.net/Sierra00/Sierra00.html" "Mozilla/4.0 (compatible; MSIE 7.0; Windows NT 5.1; GTB5; .NET CLR 1.0.3705; .NET CLR 1.1.4322; Media Center PC 4.0; .NET CLR 2.0.50727)"
75.43.207.108 - - [17/Apr/2009:05:23:15 -0400] "GET /Sierra00/pic/s00-3-25.jpg HTTP/1.1" 200 42577 "http://www.chayden.net/Sierra00/Sierra00.html" "Mozilla/4.0 (compatible; MSIE 7.0; Windows NT 5.1; GTB5; .NET CLR 1.0.3705; .NET CLR 1.1.4322; Media Center PC 4.0; .NET CLR 2.0.50727)"
75.43.207.108 - - [17/Apr/2009:05:23:16 -0400] "GET /Sierra00/pic/s00-4-09.jpg HTTP/1.1" 200 36552 "http://www.chayden.net/Sierra00/Sierra00.html" "Mozilla/4.0 (compatible; MSIE 7.0; Windows NT 5.1; GTB5; .NET CLR 1.0.3705; .NET CLR 1.1.4322; Media Center PC 4.0; .NET CLR 2.0.50727)"
75.43.207.108 - - [17/Apr/2009:05:23:16 -0400] "GET /Sierra00/pic/s00-4-11.jpg HTTP/1.1" 200 39233 "http://www.chayden.net/Sierra00/Sierra00.html" "Mozilla/4.0 (compatible; MSIE 7.0; Windows NT 5.1; GTB5; .NET CLR 1.0.3705; .NET CLR 1.1.4322; Media Center PC 4.0; .NET CLR 2.0.50727)"
75.43.207.108 - - [17/Apr/2009:05:23:17 -0400] "GET /Sierra00/pic/pano1.jpg HTTP/1.1" 200 29139 "http://www.chayden.net/Sierra00/Sierra00.html" "Mozilla/4.0 (compatible; MSIE 7.0; Windows NT 5.1; GTB5; .NET CLR 1.0.3705; .NET CLR 1.1.4322; Media Center PC 4.0; .NET CLR 2.0.50727)"
75.43.207.108 - - [17/Apr/2009:05:23:17 -0400] "GET /Sierra00/pic/s00-5-06.jpg HTTP/1.1" 200 41891 "http://www.chayden.net/Sierra00/Sierra00.html" "Mozilla/4.0 (compatible; MSIE 7.0; Windows NT 5.1; GTB5; .NET CLR 1.0.3705; .NET CLR 1.1.4322; Media Center PC 4.0; .NET CLR 2.0.50727)"
75.43.207.108 - - [17/Apr/2009:05:23:17 -0400] "GET /Sierra00/pic/s00-5-07.jpg HTTP/1.1" 200 34339 "http://www.chayden.net/Sierra00/Sierra00.html" "Mozilla/4.0 (compatible; MSIE 7.0; Windows NT 5.1; GTB5; .NET CLR 1.0.3705; .NET CLR 1.1.4322; Media Center PC 4.0; .NET CLR 2.0.50727)"
75.43.207.108 - - [17/Apr/2009:05:23:17 -0400] "GET /Sierra00/pic/ArrowPanoSmall.jpg HTTP/1.1" 200 34134 "http://www.chayden.net/Sierra00/Sierra00.html" "Mozilla/4.0 (compatible; MSIE 7.0; Windows NT 5.1; GTB5; .NET CLR 1.0.3705; .NET CLR 1.1.4322; Media Center PC 4.0; .NET CLR 2.0.50727)"
75.43.207.108 - - [17/Apr/2009:05:23:18 -0400] "GET /Sierra00/pic/s00-5-08.jpg HTTP/1.1" 200 47175 "http://www.chayden.net/Sierra00/Sierra00.html" "Mozilla/4.0 (compatible; MSIE 7.0; Windows NT 5.1; GTB5; .NET CLR 1.0.3705; .NET CLR 1.1.4322; Media Center PC 4.0; .NET CLR 2.0.50727)"
75.43.207.108 - - [17/Apr/2009:05:23:18 -0400] "GET /Sierra00/pic/Sierra00-M5.gif HTTP/1.1" 200 106177 "http://www.chayden.net/Sierra00/Sierra00.html" "Mozilla/4.0 (compatible; MSIE 7.0; Windows NT 5.1; GTB5; .NET CLR 1.0.3705; .NET CLR 1.1.4322; Media Center PC 4.0; .NET CLR 2.0.50727)"
75.43.207.108 - - [17/Apr/2009:05:23:19 -0400] "GET /Sierra00/pic/s00-5-10.jpg HTTP/1.1" 200 36954 "http://www.chayden.net/Sierra00/Sierra00.html" "Mozilla/4.0 (compatible; MSIE 7.0; Windows NT 5.1; GTB5; .NET CLR 1.0.3705; .NET CLR 1.1.4322; Media Center PC 4.0; .NET CLR 2.0.50727)"
87.167.77.118 - - [17/Apr/2009:05:23:19 -0400] "GET /eliza/Eliza.html HTTP/1.1" 304 - "http://jerz.setonhill.edu/if/canon/eliza.htm" "Mozilla/4.0 (compatible; MSIE 7.0; Windows NT 6.0; GTB5; SLCC1; .NET CLR 2.0.50727; Media Center PC 5.0; .NET CLR 3.5.30729; .NET CLR 3.0.30618; InfoPath.2)"
75.43.207.108 - - [17/Apr/2009:05:23:19 -0400] "GET /Sierra00/pic/s00-5-15.jpg HTTP/1.1" 200 47715 "http://www.chayden.net/Sierra00/Sierra00.html" "Mozilla/4.0 (compatible; MSIE 7.0; Windows NT 5.1; GTB5; .NET CLR 1.0.3705; .NET CLR 1.1.4322; Media Center PC 4.0; .NET CLR 2.0.50727)"
75.43.207.108 - - [17/Apr/2009:05:23:19 -0400] "GET /Sierra00/pic/s00-5-25.jpg HTTP/1.1" 200 41163 "http://www.chayden.net/Sierra00/Sierra00.html" "Mozilla/4.0 (compatible; MSIE 7.0; Windows NT 5.1; GTB5; .NET CLR 1.0.3705; .NET CLR 1.1.4322; Media Center PC 4.0; .NET CLR 2.0.50727)"
87.167.77.118 - - [17/Apr/2009:05:23:20 -0400] "GET /icons/back.gif HTTP/1.1" 304 - "http://www.chayden.net/eliza/Eliza.html" "Mozilla/4.0 (compatible; MSIE 7.0; Windows NT 6.0; GTB5; SLCC1; .NET CLR 2.0.50727; Media Center PC 5.0; .NET CLR 3.5.30729; .NET CLR 3.0.30618; InfoPath.2)"
75.43.207.108 - - [17/Apr/2009:05:23:20 -0400] "GET /Sierra00/pic/s00-6-02.jpg HTTP/1.1" 200 38175 "http://www.chayden.net/Sierra00/Sierra00.html" "Mozilla/4.0 (compatible; MSIE 7.0; Windows NT 5.1; GTB5; .NET CLR 1.0.3705; .NET CLR 1.1.4322; Media Center PC 4.0; .NET CLR 2.0.50727)"
87.167.77.118 - - [17/Apr/2009:05:23:20 -0400] "GET /eliza/script HTTP/1.1" 200 12267 "-" "Mozilla/4.0 (Windows Vista 6.0) Java/1.6.0_13"
75.43.207.108 - - [17/Apr/2009:05:23:20 -0400] "GET /Sierra00/pic/s00-6-09.jpg HTTP/1.1" 200 43540 "http://www.chayden.net/Sierra00/Sierra00.html" "Mozilla/4.0 (compatible; MSIE 7.0; Windows NT 5.1; GTB5; .NET CLR 1.0.3705; .NET CLR 1.1.4322; Media Center PC 4.0; .NET CLR 2.0.50727)"
65.40.115.30 - - [17/Apr/2009:05:23:33 -0400] "HEAD /favicon.ico HTTP/1.1" 404 - "-" "Mozilla/5.0 (Windows; U; Windows NT 5.1; en-US; rv:1.9.0.8) Gecko/2009032609 Firefox/3.0.8"
65.40.115.30 - - [17/Apr/2009:05:27:00 -0400] "HEAD /favicon.ico HTTP/1.1" 404 - "-" "Mozilla/5.0 (Windows; U; Windows NT 5.1; en-US; rv:1.9.0.8) Gecko/2009032609 Firefox/3.0.8"
75.43.207.108 - - [17/Apr/2009:05:30:43 -0400] "GET /Sierra02/bg.jpg HTTP/1.1" 200 9171 "http://www.chayden.net/Sierra02/Sierra02.html" "Mozilla/4.0 (compatible; MSIE 7.0; Windows NT 5.1; GTB5; .NET CLR 1.0.3705; .NET CLR 1.1.4322; Media Center PC 4.0; .NET CLR 2.0.50727)"
75.43.207.108 - - [17/Apr/2009:05:30:42 -0400] "GET /Sierra02/Sierra02.html HTTP/1.1" 200 68517 "http://www.chayden.net/HikingMisc/Hikes.html" "Mozilla/4.0 (compatible; MSIE 7.0; Windows NT 5.1; GTB5; .NET CLR 1.0.3705; .NET CLR 1.1.4322; Media Center PC 4.0; .NET CLR 2.0.50727)"
75.43.207.108 - - [17/Apr/2009:05:30:43 -0400] "GET /Sierra02/pic/Sierra02-01-16.jpg HTTP/1.1" 200 27912 "http://www.chayden.net/Sierra02/Sierra02.html" "Mozilla/4.0 (compatible; MSIE 7.0; Windows NT 5.1; GTB5; .NET CLR 1.0.3705; .NET CLR 1.1.4322; Media Center PC 4.0; .NET CLR 2.0.50727)"
75.43.207.108 - - [17/Apr/2009:05:30:43 -0400] "GET /Sierra02/pic/Map1.gif HTTP/1.1" 200 247531 "http://www.chayden.net/Sierra02/Sierra02.html" "Mozilla/4.0 (compatible; MSIE 7.0; Windows NT 5.1; GTB5; .NET CLR 1.0.3705; .NET CLR 1.1.4322; Media Center PC 4.0; .NET CLR 2.0.50727)"
75.43.207.108 - - [17/Apr/2009:05:30:45 -0400] "GET /Sierra02/pic/Sierra02-01-19.jpg HTTP/1.1" 200 44914 "http://www.chayden.net/Sierra02/Sierra02.html" "Mozilla/4.0 (compatible; MSIE 7.0; Windows NT 5.1; GTB5; .NET CLR 1.0.3705; .NET CLR 1.1.4322; Media Center PC 4.0; .NET CLR 2.0.50727)"
75.43.207.108 - - [17/Apr/2009:05:30:44 -0400] "GET /Sierra02/pic/Map2.gif HTTP/1.1" 200 220275 "http://www.chayden.net/Sierra02/Sierra02.html" "Mozilla/4.0 (compatible; MSIE 7.0; Windows NT 5.1; GTB5; .NET CLR 1.0.3705; .NET CLR 1.1.4322; Media Center PC 4.0; .NET CLR 2.0.50727)"
75.43.207.108 - - [17/Apr/2009:05:30:46 -0400] "GET /Sierra02/pic/Sierra02-02-00.jpg HTTP/1.1" 200 20953 "http://www.chayden.net/Sierra02/Sierra02.html" "Mozilla/4.0 (compatible; MSIE 7.0; Windows NT 5.1; GTB5; .NET CLR 1.0.3705; .NET CLR 1.1.4322; Media Center PC 4.0; .NET CLR 2.0.50727)"
75.43.207.108 - - [17/Apr/2009:05:30:46 -0400] "GET /Sierra02/pic/Sierra02-02-04.jpg HTTP/1.1" 200 25927 "http://www.chayden.net/Sierra02/Sierra02.html" "Mozilla/4.0 (compatible; MSIE 7.0; Windows NT 5.1; GTB5; .NET CLR 1.0.3705; .NET CLR 1.1.4322; Media Center PC 4.0; .NET CLR 2.0.50727)"
75.43.207.108 - - [17/Apr/2009:05:30:47 -0400] "GET /Sierra02/pic/Sierra02-02-09.jpg HTTP/1.1" 200 36084 "http://www.chayden.net/Sierra02/Sierra02.html" "Mozilla/4.0 (compatible; MSIE 7.0; Windows NT 5.1; GTB5; .NET CLR 1.0.3705; .NET CLR 1.1.4322; Media Center PC 4.0; .NET CLR 2.0.50727)"
75.43.207.108 - - [17/Apr/2009:05:30:47 -0400] "GET /Sierra02/pic/Sierra02-02-14.jpg HTTP/1.1" 200 27630 "http://www.chayden.net/Sierra02/Sierra02.html" "Mozilla/4.0 (compatible; MSIE 7.0; Windows NT 5.1; GTB5; .NET CLR 1.0.3705; .NET CLR 1.1.4322; Media Center PC 4.0; .NET CLR 2.0.50727)"
75.43.207.108 - - [17/Apr/2009:05:30:47 -0400] "GET /Sierra02/pic/Sierra02-02-16.jpg HTTP/1.1" 200 24376 "http://www.chayden.net/Sierra02/Sierra02.html" "Mozilla/4.0 (compatible; MSIE 7.0; Windows NT 5.1; GTB5; .NET CLR 1.0.3705; .NET CLR 1.1.4322; Media Center PC 4.0; .NET CLR 2.0.50727)"
75.43.207.108 - - [17/Apr/2009:05:30:48 -0400] "GET /Sierra02/pic/Map3.gif HTTP/1.1" 200 59137 "http://www.chayden.net/Sierra02/Sierra02.html" "Mozilla/4.0 (compatible; MSIE 7.0; Windows NT 5.1; GTB5; .NET CLR 1.0.3705; .NET CLR 1.1.4322; Media Center PC 4.0; .NET CLR 2.0.50727)"
75.43.207.108 - - [17/Apr/2009:05:30:48 -0400] "GET /Sierra02/pic/Sierra02-02-21.jpg HTTP/1.1" 200 33167 "http://www.chayden.net/Sierra02/Sierra02.html" "Mozilla/4.0 (compatible; MSIE 7.0; Windows NT 5.1; GTB5; .NET CLR 1.0.3705; .NET CLR 1.1.4322; Media Center PC 4.0; .NET CLR 2.0.50727)"
