65.5.188.11 - - [05/Apr/2009:10:34:03 -0400] "GET /Asterisk/SeUpAsteriskAtHome.htm HTTP/1.1" 200 178181 "http://www.google.com/search?q=voip+pbx&btnG=Search&hl=en&sa=2" "Mozilla/5.0 (Windows; U; Windows NT 5.1; en-US; rv:1.9.0.8) Gecko/2009032609 Firefox/3.0.8 (.NET CLR 3.5.30729)"
65.5.188.11 - - [05/Apr/2009:10:34:04 -0400] "GET /Asterisk/SeUpAsteriskAtHome_files/image031.jpg HTTP/1.1" 200 30259 "http://www.chayden.net/Asterisk/SeUpAsteriskAtHome.htm" "Mozilla/5.0 (Windows; U; Windows NT 5.1; en-US; rv:1.9.0.8) Gecko/2009032609 Firefox/3.0.8 (.NET CLR 3.5.30729)"
65.5.188.11 - - [05/Apr/2009:10:34:03 -0400] "GET /Asterisk/SeUpAsteriskAtHome_files/image015.jpg HTTP/1.1" 200 47335 "http://www.chayden.net/Asterisk/SeUpAsteriskAtHome.htm" "Mozilla/5.0 (Windows; U; Windows NT 5.1; en-US; rv:1.9.0.8) Gecko/2009032609 Firefox/3.0.8 (.NET CLR 3.5.30729)"
65.5.188.11 - - [05/Apr/2009:10:34:04 -0400] "GET /Asterisk/SeUpAsteriskAtHome_files/image037.jpg HTTP/1.1" 200 42221 "http://www.chayden.net/Asterisk/SeUpAsteriskAtHome.htm" "Mozilla/5.0 (Windows; U; Windows NT 5.1; en-US; rv:1.9.0.8) Gecko/2009032609 Firefox/3.0.8 (.NET CLR 3.5.30729)"
65.5.188.11 - - [05/Apr/2009:10:34:08 -0400] "GET /favicon.ico HTTP/1.1" 404 292 "-" "Mozilla/5.0 (Windows; U; Windows NT 5.1; en-US; rv:1.9.0.8) Gecko/2009032609 Firefox/3.0.8 (.NET CLR 3.5.30729)"
65.5.188.11 - - [05/Apr/2009:10:34:11 -0400] "GET /favicon.ico HTTP/1.1" 404 292 "-" "Mozilla/5.0 (Windows; U; Windows NT 5.1; en-US; rv:1.9.0.8) Gecko/2009032609 Firefox/3.0.8 (.NET CLR 3.5.30729)"
69.231.132.188 - - [05/Apr/2009:10:35:21 -0400] "GET /Asterisk/favicon.ico HTTP/1.1" 404 297 "-" "Mozilla/4.0 (compatible; GoogleToolbar 5.0.2124.6042; Windows 6.0; MSIE 7.0.6001.18000)"
69.231.132.188 - - [05/Apr/2009:10:35:21 -0400] "GET /Asterisk/favicon.gif HTTP/1.1" 404 297 "-" "Mozilla/4.0 (compatible; GoogleToolbar 5.0.2124.6042; Windows 6.0; MSIE 7.0.6001.18000)"
98.217.160.73 - - [05/Apr/2009:10:35:24 -0400] "GET /Runs/Adidas/tree.jpg HTTP/1.1" 200 976780 "http://www.worldofcherie.blogspot.com/" "Mozilla/5.0 (Windows; U; Windows NT 6.0; en-US; rv:1.9.0.8) Gecko/2009032609 Firefox/3.0.8 (.NET CLR 3.5.30729)"
77.120.56.18 - - [05/Apr/2009:10:37:06 -0400] "GET /Asterisk/favicon.ico HTTP/1.1" 404 301 "-" "Mozilla/4.0 (compatible; GoogleToolbar 5.0.2124.6042; Windows 6.0; MSIE 7.0.6001.18000)"
77.120.56.18 - - [05/Apr/2009:10:37:07 -0400] "GET /Asterisk/favicon.gif HTTP/1.1" 404 301 "-" "Mozilla/4.0 (compatible; GoogleToolbar 5.0.2124.6042; Windows 6.0; MSIE 7.0.6001.18000)"
59.92.245.71 - - [05/Apr/2009:10:37:15 -0400] "GET /Asterisk/SeUpAsteriskAtHome_files/image001.gif HTTP/1.1" 200 2324 "http://www.chayden.net/Asterisk/SeUpAsteriskAtHome.htm" "Mozilla/5.0 (Windows; U; Windows NT 5.1; en-GB; rv:1.9.0.4) Gecko/2008102920 Firefox/3.0.4 (.NET CLR 3.5.30729)"
59.92.245.71 - - [05/Apr/2009:10:37:16 -0400] "GET /Asterisk/SeUpAsteriskAtHome_files/image003.jpg HTTP/1.1" 200 5132 "http://www.chayden.net/Asterisk/SeUpAsteriskAtHome.htm" "Mozilla/5.0 (Windows; U; Windows NT 5.1; en-GB; rv:1.9.0.4) Gecko/2008102920 Firefox/3.0.4 (.NET CLR 3.5.30729)"
59.92.245.71 - - [05/Apr/2009:10:37:16 -0400] "GET /Asterisk/SeUpAsteriskAtHome_files/image004.gif HTTP/1.1" 200 6404 "http://www.chayden.net/Asterisk/SeUpAsteriskAtHome.htm" "Mozilla/5.0 (Windows; U; Windows NT 5.1; en-GB; rv:1.9.0.4) Gecko/2008102920 Firefox/3.0.4 (.NET CLR 3.5.30729)"
59.92.245.71 - - [05/Apr/2009:10:37:16 -0400] "GET /Asterisk/SeUpAsteriskAtHome_files/image005.gif HTTP/1.1" 200 4365 "http://www.chayden.net/Asterisk/SeUpAsteriskAtHome.htm" "Mozilla/5.0 (Windows; U; Windows NT 5.1; en-GB; rv:1.9.0.4) Gecko/2008102920 Firefox/3.0.4 (.NET CLR 3.5.30729)"
59.92.245.71 - - [05/Apr/2009:10:37:16 -0400] "GET /Asterisk/SeUpAsteriskAtHome_files/image007.gif HTTP/1.1" 200 5284 "http://www.chayden.net/Asterisk/SeUpAsteriskAtHome.htm" "Mozilla/5.0 (Windows; U; Windows NT 5.1; en-GB; rv:1.9.0.4) Gecko/2008102920 Firefox/3.0.4 (.NET CLR 3.5.30729)"
59.92.245.71 - - [05/Apr/2009:10:37:17 -0400] "GET /Asterisk/SeUpAsteriskAtHome_files/image011.jpg HTTP/1.1" 200 13078 "http://www.chayden.net/Asterisk/SeUpAsteriskAtHome.htm" "Mozilla/5.0 (Windows; U; Windows NT 5.1; en-GB; rv:1.9.0.4) Gecko/2008102920 Firefox/3.0.4 (.NET CLR 3.5.30729)"
59.92.245.71 - - [05/Apr/2009:10:37:17 -0400] "GET /Asterisk/SeUpAsteriskAtHome_files/image009.jpg HTTP/1.1" 200 14238 "http://www.chayden.net/Asterisk/SeUpAsteriskAtHome.htm" "Mozilla/5.0 (Windows; U; Windows NT 5.1; en-GB; rv:1.9.0.4) Gecko/2008102920 Firefox/3.0.4 (.NET CLR 3.5.30729)"
59.92.245.71 - - [05/Apr/2009:10:37:16 -0400] "GET /Asterisk/SeUpAsteriskAtHome_files/image006.gif HTTP/1.1" 200 33832 "http://www.chayden.net/Asterisk/SeUpAsteriskAtHome.htm" "Mozilla/5.0 (Windows; U; Windows NT 5.1; en-GB; rv:1.9.0.4) Gecko/2008102920 Firefox/3.0.4 (.NET CLR 3.5.30729)"
59.92.245.71 - - [05/Apr/2009:10:37:17 -0400] "GET /Asterisk/SeUpAsteriskAtHome_files/image013.jpg HTTP/1.1" 200 21296 "http://www.chayden.net/Asterisk/SeUpAsteriskAtHome.htm" "Mozilla/5.0 (Windows; U; Windows NT 5.1; en-GB; rv:1.9.0.4) Gecko/2008102920 Firefox/3.0.4 (.NET CLR 3.5.30729)"
59.92.245.71 - - [05/Apr/2009:10:37:17 -0400] "GET /Asterisk/SeUpAsteriskAtHome_files/image017.jpg HTTP/1.1" 200 30515 "http://www.chayden.net/Asterisk/SeUpAsteriskAtHome.htm" "Mozilla/5.0 (Windows; U; Windows NT 5.1; en-GB; rv:1.9.0.4) Gecko/2008102920 Firefox/3.0.4 (.NET CLR 3.5.30729)"
59.92.245.71 - - [05/Apr/2009:10:37:17 -0400] "GET /Asterisk/SeUpAsteriskAtHome_files/image019.jpg HTTP/1.1" 200 39902 "http://www.chayden.net/Asterisk/SeUpAsteriskAtHome.htm" "Mozilla/5.0 (Windows; U; Windows NT 5.1; en-GB; rv:1.9.0.4) Gecko/2008102920 Firefox/3.0.4 (.NET CLR 3.5.30729)"
59.92.245.71 - - [05/Apr/2009:10:37:17 -0400] "GET /Asterisk/SeUpAsteriskAtHome_files/image020.gif HTTP/1.1" 200 49946 "http://www.chayden.net/Asterisk/SeUpAsteriskAtHome.htm" "Mozilla/5.0 (Windows; U; Windows NT 5.1; en-GB; rv:1.9.0.4) Gecko/2008102920 Firefox/3.0.4 (.NET CLR 3.5.30729)"
59.92.245.71 - - [05/Apr/2009:10:37:17 -0400] "GET /Asterisk/SeUpAsteriskAtHome_files/image022.jpg HTTP/1.1" 200 34633 "http://www.chayden.net/Asterisk/SeUpAsteriskAtHome.htm" "Mozilla/5.0 (Windows; U; Windows NT 5.1; en-GB; rv:1.9.0.4) Gecko/2008102920 Firefox/3.0.4 (.NET CLR 3.5.30729)"
59.92.245.71 - - [05/Apr/2009:10:37:21 -0400] "GET /Asterisk/SeUpAsteriskAtHome_files/image027.jpg HTTP/1.1" 200 8509 "http://www.chayden.net/Asterisk/SeUpAsteriskAtHome.htm" "Mozilla/5.0 (Windows; U; Windows NT 5.1; en-GB; rv:1.9.0.4) Gecko/2008102920 Firefox/3.0.4 (.NET CLR 3.5.30729)"
59.92.245.71 - - [05/Apr/2009:10:37:18 -0400] "GET /Asterisk/SeUpAsteriskAtHome_files/image024.jpg HTTP/1.1" 200 31330 "http://www.chayden.net/Asterisk/SeUpAsteriskAtHome.htm" "Mozilla/5.0 (Windows; U; Windows NT 5.1; en-GB; rv:1.9.0.4) Gecko/2008102920 Firefox/3.0.4 (.NET CLR 3.5.30729)"
59.92.245.71 - - [05/Apr/2009:10:37:22 -0400] "GET /Asterisk/SeUpAsteriskAtHome_files/image035.jpg HTTP/1.1" 200 2759 "http://www.chayden.net/Asterisk/SeUpAsteriskAtHome.htm" "Mozilla/5.0 (Windows; U; Windows NT 5.1; en-GB; rv:1.9.0.4) Gecko/2008102920 Firefox/3.0.4 (.NET CLR 3.5.30729)"
59.92.245.71 - - [05/Apr/2009:10:37:22 -0400] "GET /Asterisk/SeUpAsteriskAtHome_files/image039.jpg HTTP/1.1" 200 1921 "http://www.chayden.net/Asterisk/SeUpAsteriskAtHome.htm" "Mozilla/5.0 (Windows; U; Windows NT 5.1; en-GB; rv:1.9.0.4) Gecko/2008102920 Firefox/3.0.4 (.NET CLR 3.5.30729)"
59.92.245.71 - - [05/Apr/2009:10:37:17 -0400] "GET /Asterisk/SeUpAsteriskAtHome_files/image015.jpg HTTP/1.1" 200 47335 "http://www.chayden.net/Asterisk/SeUpAsteriskAtHome.htm" "Mozilla/5.0 (Windows; U; Windows NT 5.1; en-GB; rv:1.9.0.4) Gecko/2008102920 Firefox/3.0.4 (.NET CLR 3.5.30729)"
59.92.245.71 - - [05/Apr/2009:10:37:22 -0400] "GET /Asterisk/SeUpAsteriskAtHome_files/image044.jpg HTTP/1.1" 200 6079 "http://www.chayden.net/Asterisk/SeUpAsteriskAtHome.htm" "Mozilla/5.0 (Windows; U; Windows NT 5.1; en-GB; rv:1.9.0.4) Gecko/2008102920 Firefox/3.0.4 (.NET CLR 3.5.30729)"
59.92.245.71 - - [05/Apr/2009:10:37:18 -0400] "GET /Asterisk/SeUpAsteriskAtHome_files/image026.jpg HTTP/1.1" 200 37910 "http://www.chayden.net/Asterisk/SeUpAsteriskAtHome.htm" "Mozilla/5.0 (Windows; U; Windows NT 5.1; en-GB; rv:1.9.0.4) Gecko/2008102920 Firefox/3.0.4 (.NET CLR 3.5.30729)"
59.92.245.71 - - [05/Apr/2009:10:37:21 -0400] "GET /Asterisk/SeUpAsteriskAtHome_files/image031.jpg HTTP/1.1" 200 30259 "http://www.chayden.net/Asterisk/SeUpAsteriskAtHome.htm" "Mozilla/5.0 (Windows; U; Windows NT 5.1; en-GB; rv:1.9.0.4) Gecko/2008102920 Firefox/3.0.4 (.NET CLR 3.5.30729)"
59.92.245.71 - - [05/Apr/2009:10:37:22 -0400] "GET /Asterisk/SeUpAsteriskAtHome_files/image033.jpg HTTP/1.1" 200 30788 "http://www.chayden.net/Asterisk/SeUpAsteriskAtHome.htm" "Mozilla/5.0 (Windows; U; Windows NT 5.1; en-GB; rv:1.9.0.4) Gecko/2008102920 Firefox/3.0.4 (.NET CLR 3.5.30729)"
59.92.245.71 - - [05/Apr/2009:10:37:22 -0400] "GET /Asterisk/SeUpAsteriskAtHome_files/image041.jpg HTTP/1.1" 200 26765 "http://www.chayden.net/Asterisk/SeUpAsteriskAtHome.htm" "Mozilla/5.0 (Windows; U; Windows NT 5.1; en-GB; rv:1.9.0.4) Gecko/2008102920 Firefox/3.0.4 (.NET CLR 3.5.30729)"
59.92.245.71 - - [05/Apr/2009:10:37:22 -0400] "GET /Asterisk/SeUpAsteriskAtHome_files/image043.jpg HTTP/1.1" 200 22658 "http://www.chayden.net/Asterisk/SeUpAsteriskAtHome.htm" "Mozilla/5.0 (Windows; U; Windows NT 5.1; en-GB; rv:1.9.0.4) Gecko/2008102920 Firefox/3.0.4 (.NET CLR 3.5.30729)"
59.92.245.71 - - [05/Apr/2009:10:37:21 -0400] "GET /Asterisk/SeUpAsteriskAtHome_files/image029.jpg HTTP/1.1" 200 43404 "http://www.chayden.net/Asterisk/SeUpAsteriskAtHome.htm" "Mozilla/5.0 (Windows; U; Windows NT 5.1; en-GB; rv:1.9.0.4) Gecko/2008102920 Firefox/3.0.4 (.NET CLR 3.5.30729)"
59.92.245.71 - - [05/Apr/2009:10:37:22 -0400] "GET /Asterisk/SeUpAsteriskAtHome_files/image037.jpg HTTP/1.1" 200 42221 "http://www.chayden.net/Asterisk/SeUpAsteriskAtHome.htm" "Mozilla/5.0 (Windows; U; Windows NT 5.1; en-GB; rv:1.9.0.4) Gecko/2008102920 Firefox/3.0.4 (.NET CLR 3.5.30729)"
59.92.245.71 - - [05/Apr/2009:10:37:11 -0400] "GET /Asterisk/SeUpAsteriskAtHome.htm HTTP/1.1" 200 178181 "http://www.google.com/search?q=IP+PBX&ie=utf-8&oe=utf-8&aq=t&rls=org.mozilla:en-GB:official&client=firefox-a" "Mozilla/5.0 (Windows; U; Windows NT 5.1; en-GB; rv:1.9.0.4) Gecko/2008102920 Firefox/3.0.4 (.NET CLR 3.5.30729)"
59.92.245.71 - - [05/Apr/2009:10:37:23 -0400] "GET /Asterisk/SeUpAsteriskAtHome_files/image046.jpg HTTP/1.1" 200 35168 "http://www.chayden.net/Asterisk/SeUpAsteriskAtHome.htm" "Mozilla/5.0 (Windows; U; Windows NT 5.1; en-GB; rv:1.9.0.4) Gecko/2008102920 Firefox/3.0.4 (.NET CLR 3.5.30729)"
59.92.245.71 - - [05/Apr/2009:10:37:30 -0400] "GET /favicon.ico HTTP/1.1" 404 292 "-" "Mozilla/5.0 (Windows; U; Windows NT 5.1; en-GB; rv:1.9.0.4) Gecko/2008102920 Firefox/3.0.4 (.NET CLR 3.5.30729)"
59.92.245.71 - - [05/Apr/2009:10:37:34 -0400] "GET /favicon.ico HTTP/1.1" 404 292 "-" "Mozilla/5.0 (Windows; U; Windows NT 5.1; en-GB; rv:1.9.0.4) Gecko/2008102920 Firefox/3.0.4 (.NET CLR 3.5.30729)"
76.186.3.241 - - [05/Apr/2009:10:37:48 -0400] "GET /Asterisk/favicon.ico HTTP/1.1" 404 301 "-" "Mozilla/4.0 (compatible; GoogleToolbar 5.0.2124.6042; Windows 6.0; MSIE 7.0.6001.18000)"
76.186.3.241 - - [05/Apr/2009:10:37:48 -0400] "GET /Asterisk/favicon.gif HTTP/1.1" 404 301 "-" "Mozilla/4.0 (compatible; GoogleToolbar 5.0.2124.6042; Windows 6.0; MSIE 7.0.6001.18000)"
98.21.219.73 - - [05/Apr/2009:10:37:56 -0400] "GET /Asterisk/favicon.ico HTTP/1.1" 404 301 "-" "Mozilla/4.0 (compatible; GoogleToolbar 5.0.2124.6042; Windows 6.0; MSIE 7.0.6001.18000)"
98.21.219.73 - - [05/Apr/2009:10:37:57 -0400] "GET /Asterisk/favicon.gif HTTP/1.1" 404 301 "-" "Mozilla/4.0 (compatible; GoogleToolbar 5.0.2124.6042; Windows 6.0; MSIE 7.0.6001.18000)"
67.195.37.160 - - [05/Apr/2009:10:40:04 -0400] "GET /robots.txt HTTP/1.0" 404 291 "-" "Mozilla/5.0 (compatible; Yahoo! Slurp; http://help.yahoo.com/help/us/ysearch/slurp)"
67.195.37.160 - - [05/Apr/2009:10:40:04 -0400] "GET / HTTP/1.0" 200 21908 "-" "Mozilla/5.0 (compatible; Yahoo! Slurp; http://help.yahoo.com/help/us/ysearch/slurp)"
66.249.71.183 - - [05/Apr/2009:10:40:30 -0400] "GET /Iron/pic/iron97-03.jpg HTTP/1.1" 304 - "-" "Googlebot-Image/1.0"
74.6.18.245 - - [05/Apr/2009:10:41:33 -0400] "GET /robots.txt HTTP/1.0" 404 291 "-" "Mozilla/5.0 (compatible; Yahoo! Slurp; http://help.yahoo.com/help/us/ysearch/slurp)"
74.6.18.245 - - [05/Apr/2009:10:41:34 -0400] "GET /Catskills/Notes/Catskill%20Coordinates_files/oledata.mso HTTP/1.0" 404 335 "-" "Mozilla/5.0 (compatible; Yahoo! Slurp/3.0; http://help.yahoo.com/help/us/ysearch/slurp)"
77.120.56.18 - - [05/Apr/2009:10:41:42 -0400] "GET /Asterisk/favicon.ico HTTP/1.1" 404 301 "-" "Mozilla/4.0 (compatible; GoogleToolbar 5.0.2124.6042; Windows 6.0; MSIE 7.0.6001.18000)"
77.120.56.18 - - [05/Apr/2009:10:41:42 -0400] "GET /Asterisk/favicon.gif HTTP/1.1" 404 301 "-" "Mozilla/4.0 (compatible; GoogleToolbar 5.0.2124.6042; Windows 6.0; MSIE 7.0.6001.18000)"
67.195.37.155 - - [05/Apr/2009:10:41:47 -0400] "GET /Runs/Navesink/NavesinkRuns.html HTTP/1.0" 200 19069 "-" "Mozilla/5.0 (compatible; Yahoo! Slurp/3.0; http://help.yahoo.com/help/us/ysearch/slurp)"
67.195.37.160 - - [05/Apr/2009:10:41:53 -0400] "GET /Snapshots/BenGrad.html HTTP/1.0" 200 2163 "-" "Mozilla/5.0 (compatible; Yahoo! Slurp; http://help.yahoo.com/help/us/ysearch/slurp)"
67.195.37.160 - - [05/Apr/2009:10:42:03 -0400] "GET /Dogs/Dogs.html HTTP/1.0" 200 2118 "-" "Mozilla/5.0 (compatible; Yahoo! Slurp; http://help.yahoo.com/help/us/ysearch/slurp)"
67.195.37.160 - - [05/Apr/2009:10:42:13 -0400] "GET /Family/Family.html HTTP/1.0" 200 1974 "-" "Mozilla/5.0 (compatible; Yahoo! Slurp; http://help.yahoo.com/help/us/ysearch/slurp)"
67.195.37.160 - - [05/Apr/2009:10:42:33 -0400] "GET /Misc/DrivingToWork.html HTTP/1.0" 200 7123 "-" "Mozilla/5.0 (compatible; Yahoo! Slurp; http://help.yahoo.com/help/us/ysearch/slurp)"
67.195.37.160 - - [05/Apr/2009:10:42:43 -0400] "GET /Runs/FairHaven/FairHavenRuns.html HTTP/1.0" 200 3410 "-" "Mozilla/5.0 (compatible; Yahoo! Slurp; http://help.yahoo.com/help/us/ysearch/slurp)"
69.17.7.34 - - [05/Apr/2009:10:42:46 -0400] "GET /eliza/Eliza.html HTTP/1.1" 200 5488 "-" "Mozilla/5.0 (X11; U; Linux i686; en-US; rv:1.9.0.8) Gecko/2009032811 Iceweasel/3.0.7 (Debian-3.0.7-1)"
69.17.7.34 - - [05/Apr/2009:10:42:49 -0400] "GET /icons/back.gif HTTP/1.1" 200 216 "http://www.chayden.net/eliza/Eliza.html" "Mozilla/5.0 (X11; U; Linux i686; en-US; rv:1.9.0.8) Gecko/2009032811 Iceweasel/3.0.7 (Debian-3.0.7-1)"
69.17.7.34 - - [05/Apr/2009:10:42:59 -0400] "GET /favicon.ico HTTP/1.1" 404 292 "-" "Mozilla/5.0 (X11; U; Linux i686; en-US; rv:1.9.0.8) Gecko/2009032811 Iceweasel/3.0.7 (Debian-3.0.7-1)"
67.195.37.160 - - [05/Apr/2009:10:43:03 -0400] "GET /Software/Software.html HTTP/1.0" 200 5882 "-" "Mozilla/5.0 (compatible; Yahoo! Slurp; http://help.yahoo.com/help/us/ysearch/slurp)"
69.17.7.34 - - [05/Apr/2009:10:43:04 -0400] "GET /favicon.ico HTTP/1.1" 404 292 "-" "Mozilla/5.0 (X11; U; Linux i686; en-US; rv:1.9.0.8) Gecko/2009032811 Iceweasel/3.0.7 (Debian-3.0.7-1)"
67.195.37.160 - - [05/Apr/2009:10:43:13 -0400] "GET /Runs/MurrayHill/MurrayHillsRuns.html HTTP/1.0" 200 2543 "-" "Mozilla/5.0 (compatible; Yahoo! Slurp; http://help.yahoo.com/help/us/ysearch/slurp)"
67.195.37.160 - - [05/Apr/2009:10:43:23 -0400] "GET /Stubai2007/Stubai.html HTTP/1.0" 200 44337 "-" "Mozilla/5.0 (compatible; Yahoo! Slurp; http://help.yahoo.com/help/us/ysearch/slurp)"
41.232.104.244 - - [05/Apr/2009:10:43:24 -0400] "GET /Asterisk/favicon.ico HTTP/1.1" 404 301 "-" "Mozilla/4.0 (compatible; GoogleToolbar 5.0.2124.6042; Windows 6.0; MSIE 8.0.6001.18241)"
41.232.104.244 - - [05/Apr/2009:10:43:25 -0400] "GET /Asterisk/favicon.gif HTTP/1.1" 404 301 "-" "Mozilla/4.0 (compatible; GoogleToolbar 5.0.2124.6042; Windows 6.0; MSIE 8.0.6001.18241)"
41.232.104.244 - - [05/Apr/2009:10:43:26 -0400] "GET /Asterisk/favicon.ico HTTP/1.1" 404 301 "-" "Mozilla/4.0 (compatible; GoogleToolbar 5.0.2124.6042; Windows 6.0; MSIE 8.0.6001.18241)"
41.232.104.244 - - [05/Apr/2009:10:43:27 -0400] "GET /Asterisk/favicon.gif HTTP/1.1" 404 301 "-" "Mozilla/4.0 (compatible; GoogleToolbar 5.0.2124.6042; Windows 6.0; MSIE 8.0.6001.18241)"
67.195.37.160 - - [05/Apr/2009:10:43:33 -0400] "GET /Work/Work.html HTTP/1.0" 200 4260 "-" "Mozilla/5.0 (compatible; Yahoo! Slurp; http://help.yahoo.com/help/us/ysearch/slurp)"
67.195.37.160 - - [05/Apr/2009:10:43:53 -0400] "GET /PhillyMarathon99/PhillyMarathon99.html HTTP/1.0" 200 3719 "-" "Mozilla/5.0 (compatible; Yahoo! Slurp; http://help.yahoo.com/help/us/ysearch/slurp)"
41.232.104.244 - - [05/Apr/2009:10:43:59 -0400] "GET /Asterisk/favicon.ico HTTP/1.1" 404 301 "-" "Mozilla/4.0 (compatible; GoogleToolbar 5.0.2124.6042; Windows 6.0; MSIE 8.0.6001.18241)"
41.232.104.244 - - [05/Apr/2009:10:44:00 -0400] "GET /Asterisk/favicon.gif HTTP/1.1" 404 301 "-" "Mozilla/4.0 (compatible; GoogleToolbar 5.0.2124.6042; Windows 6.0; MSIE 8.0.6001.18241)"
212.14.233.130 - - [05/Apr/2009:10:44:25 -0400] "GET /Asterisk/favicon.ico HTTP/1.1" 404 301 "-" "Mozilla/4.0 (compatible; GoogleToolbar 5.0.2124.6042; Windows XP 5.1; MSIE 7.0.5730.13)"
212.14.233.130 - - [05/Apr/2009:10:44:26 -0400] "GET /Asterisk/favicon.gif HTTP/1.1" 404 301 "-" "Mozilla/4.0 (compatible; GoogleToolbar 5.0.2124.6042; Windows XP 5.1; MSIE 7.0.5730.13)"
67.195.37.160 - - [05/Apr/2009:10:44:26 -0400] "GET /Panorama/Panorama.html HTTP/1.0" 200 5414 "-" "Mozilla/5.0 (compatible; Yahoo! Slurp; http://help.yahoo.com/help/us/ysearch/slurp)"
212.14.233.130 - - [05/Apr/2009:10:44:32 -0400] "GET /Asterisk/favicon.ico HTTP/1.1" 404 301 "-" "Mozilla/4.0 (compatible; GoogleToolbar 5.0.2124.6042; Windows XP 5.1; MSIE 7.0.5730.13)"
212.14.233.130 - - [05/Apr/2009:10:44:33 -0400] "GET /Asterisk/favicon.gif HTTP/1.1" 404 301 "-" "Mozilla/4.0 (compatible; GoogleToolbar 5.0.2124.6042; Windows XP 5.1; MSIE 7.0.5730.13)"
67.195.37.160 - - [05/Apr/2009:10:44:36 -0400] "GET /Snapshots/Snap2.html HTTP/1.0" 200 1668 "-" "Mozilla/5.0 (compatible; Yahoo! Slurp; http://help.yahoo.com/help/us/ysearch/slurp)"
212.14.233.130 - - [05/Apr/2009:10:44:37 -0400] "GET /Asterisk/favicon.ico HTTP/1.1" 404 301 "-" "Mozilla/4.0 (compatible; GoogleToolbar 5.0.2124.6042; Windows XP 5.1; MSIE 7.0.5730.13)"
212.14.233.130 - - [05/Apr/2009:10:44:38 -0400] "GET /Asterisk/favicon.gif HTTP/1.1" 404 301 "-" "Mozilla/4.0 (compatible; GoogleToolbar 5.0.2124.6042; Windows XP 5.1; MSIE 7.0.5730.13)"
212.14.233.130 - - [05/Apr/2009:10:45:58 -0400] "GET /Asterisk/favicon.ico HTTP/1.1" 404 301 "-" "Mozilla/4.0 (compatible; GoogleToolbar 5.0.2124.6042; Windows XP 5.1; MSIE 7.0.5730.13)"
212.14.233.130 - - [05/Apr/2009:10:45:58 -0400] "GET /Asterisk/favicon.gif HTTP/1.1" 404 301 "-" "Mozilla/4.0 (compatible; GoogleToolbar 5.0.2124.6042; Windows XP 5.1; MSIE 7.0.5730.13)"
212.14.233.130 - - [05/Apr/2009:10:46:56 -0400] "GET /Asterisk/favicon.ico HTTP/1.1" 404 301 "-" "Mozilla/4.0 (compatible; GoogleToolbar 5.0.2124.6042; Windows XP 5.1; MSIE 7.0.5730.13)"
212.14.233.130 - - [05/Apr/2009:10:46:56 -0400] "GET /Asterisk/favicon.gif HTTP/1.1" 404 301 "-" "Mozilla/4.0 (compatible; GoogleToolbar 5.0.2124.6042; Windows XP 5.1; MSIE 7.0.5730.13)"
66.249.71.183 - - [05/Apr/2009:10:48:06 -0400] "GET /Runs/Holmdel/Track.jpg HTTP/1.1" 304 - "-" "Googlebot-Image/1.0"
201.240.113.143 - - [05/Apr/2009:10:49:08 -0400] "GET /eliza/Eliza.html HTTP/1.1" 200 5488 "http://www.inteligenciaartificial.cl/chatbots.htm" "Mozilla/5.0 (Windows; U; Windows NT 5.1; es-ES; rv:1.9.0.8) Gecko/2009032609 Firefox/3.0.8"
74.6.18.245 - - [05/Apr/2009:10:49:09 -0400] "GET /Catskills/EagleBigIndianFir07/ HTTP/1.0" 200 10919 "-" "Mozilla/5.0 (compatible; Yahoo! Slurp/3.0; http://help.yahoo.com/help/us/ysearch/slurp)"
201.240.113.143 - - [05/Apr/2009:10:49:11 -0400] "GET /eliza/Eliza/Eliza.class HTTP/1.1" 200 2434 "-" "Mozilla/4.0 (Windows XP 5.1) Java/1.6.0_11"
201.240.113.143 - - [05/Apr/2009:10:49:13 -0400] "GET /eliza/Eliza/ElizaMain.class HTTP/1.1" 200 9260 "-" "Mozilla/4.0 (Windows XP 5.1) Java/1.6.0_11"
201.240.113.143 - - [05/Apr/2009:10:49:14 -0400] "GET /icons/back.gif HTTP/1.1" 200 216 "http://chayden.net/eliza/Eliza.html" "Mozilla/5.0 (Windows; U; Windows NT 5.1; es-ES; rv:1.9.0.8) Gecko/2009032609 Firefox/3.0.8"
201.240.113.143 - - [05/Apr/2009:10:49:14 -0400] "GET /eliza/Eliza/DecompList.class HTTP/1.1" 200 877 "-" "Mozilla/4.0 (Windows XP 5.1) Java/1.6.0_11"
201.240.113.143 - - [05/Apr/2009:10:49:16 -0400] "GET /eliza/Eliza/KeyList.class HTTP/1.1" 200 1722 "-" "Mozilla/4.0 (Windows XP 5.1) Java/1.6.0_11"
201.240.113.143 - - [05/Apr/2009:10:49:17 -0400] "GET /eliza/Eliza/SynList.class HTTP/1.1" 200 2103 "-" "Mozilla/4.0 (Windows XP 5.1) Java/1.6.0_11"
201.240.113.143 - - [05/Apr/2009:10:49:18 -0400] "GET /eliza/Eliza/WordList.class HTTP/1.1" 200 1243 "-" "Mozilla/4.0 (Windows XP 5.1) Java/1.6.0_11"
201.240.113.143 - - [05/Apr/2009:10:49:19 -0400] "GET /favicon.ico HTTP/1.1" 404 288 "-" "Mozilla/5.0 (Windows; U; Windows NT 5.1; es-ES; rv:1.9.0.8) Gecko/2009032609 Firefox/3.0.8"
201.240.113.143 - - [05/Apr/2009:10:49:19 -0400] "GET /eliza/Eliza/PrePostList.class HTTP/1.1" 200 1674 "-" "Mozilla/4.0 (Windows XP 5.1) Java/1.6.0_11"
201.240.113.143 - - [05/Apr/2009:10:49:20 -0400] "GET /eliza/Eliza/KeyStack.class HTTP/1.1" 200 1507 "-" "Mozilla/4.0 (Windows XP 5.1) Java/1.6.0_11"
201.240.113.143 - - [05/Apr/2009:10:49:22 -0400] "GET /eliza/Eliza/Key.class HTTP/1.1" 200 1702 "-" "Mozilla/4.0 (Windows XP 5.1) Java/1.6.0_11"
201.240.113.143 - - [05/Apr/2009:10:49:23 -0400] "GET /favicon.ico HTTP/1.1" 404 288 "-" "Mozilla/5.0 (Windows; U; Windows NT 5.1; es-ES; rv:1.9.0.8) Gecko/2009032609 Firefox/3.0.8"
65.184.113.102 - - [05/Apr/2009:10:49:26 -0400] "GET /chayden/favicon.ico HTTP/1.1" 404 296 "-" "Mozilla/4.0 (compatible; GoogleToolbar 5.0.2124.4372; Windows 6.0; MSIE 7.0.6001.18000)"
201.240.113.143 - - [05/Apr/2009:10:49:26 -0400] "GET /eliza/Eliza/Mem.class HTTP/1.1" 200 850 "-" "Mozilla/4.0 (Windows XP 5.1) Java/1.6.0_11"
65.184.113.102 - - [05/Apr/2009:10:49:26 -0400] "GET /chayden/favicon.gif HTTP/1.1" 404 296 "-" "Mozilla/4.0 (compatible; GoogleToolbar 5.0.2124.4372; Windows 6.0; MSIE 7.0.6001.18000)"
201.240.113.143 - - [05/Apr/2009:10:49:32 -0400] "GET /eliza/script HTTP/1.1" 200 12267 "-" "Mozilla/4.0 (Windows XP 5.1) Java/1.6.0_11"
201.240.113.143 - - [05/Apr/2009:10:49:39 -0400] "GET /eliza/Eliza/EString.class HTTP/1.1" 200 3849 "-" "Mozilla/4.0 (Windows XP 5.1) Java/1.6.0_11"
201.240.113.143 - - [05/Apr/2009:10:49:43 -0400] "GET /eliza/Eliza/PrePost.class HTTP/1.1" 200 1073 "-" "Mozilla/4.0 (Windows XP 5.1) Java/1.6.0_11"
201.240.113.143 - - [05/Apr/2009:10:49:48 -0400] "GET /eliza/Eliza/ReasembList.class HTTP/1.1" 200 1102 "-" "Mozilla/4.0 (Windows XP 5.1) Java/1.6.0_11"
201.240.113.143 - - [05/Apr/2009:10:49:51 -0400] "GET /eliza/Eliza/Decomp.class HTTP/1.1" 200 1727 "-" "Mozilla/4.0 (Windows XP 5.1) Java/1.6.0_11"
79.161.20.58 - - [05/Apr/2009:10:52:29 -0400] "GET /Catskills/Notes/AircraftCrashes.html HTTP/1.1" 200 25661 "-" "Java/1.5.0_12"
74.6.18.245 - - [05/Apr/2009:10:54:34 -0400] "GET /Catskills/GrahamPanther2005/index.html HTTP/1.0" 200 7324 "-" "Mozilla/5.0 (compatible; Yahoo! Slurp/3.0; http://help.yahoo.com/help/us/ysearch/slurp)"
212.14.233.130 - - [05/Apr/2009:10:54:37 -0400] "GET /Asterisk/favicon.ico HTTP/1.1" 404 301 "-" "Mozilla/4.0 (compatible; GoogleToolbar 5.0.2124.6042; Windows XP 5.1; MSIE 7.0.5730.13)"
212.14.233.130 - - [05/Apr/2009:10:54:37 -0400] "GET /Asterisk/favicon.ico HTTP/1.1" 404 301 "-" "Mozilla/4.0 (compatible; GoogleToolbar 5.0.2124.6042; Windows XP 5.1; MSIE 7.0.5730.13)"
212.14.233.130 - - [05/Apr/2009:10:54:37 -0400] "GET /Asterisk/favicon.gif HTTP/1.1" 404 301 "-" "Mozilla/4.0 (compatible; GoogleToolbar 5.0.2124.6042; Windows XP 5.1; MSIE 7.0.5730.13)"
212.14.233.130 - - [05/Apr/2009:10:54:37 -0400] "GET /Asterisk/favicon.ico HTTP/1.1" 404 301 "-" "Mozilla/4.0 (compatible; GoogleToolbar 5.0.2124.6042; Windows XP 5.1; MSIE 7.0.5730.13)"
212.14.233.130 - - [05/Apr/2009:10:54:37 -0400] "GET /Asterisk/favicon.gif HTTP/1.1" 404 301 "-" "Mozilla/4.0 (compatible; GoogleToolbar 5.0.2124.6042; Windows XP 5.1; MSIE 7.0.5730.13)"
212.14.233.130 - - [05/Apr/2009:10:54:38 -0400] "GET /Asterisk/favicon.gif HTTP/1.1" 404 301 "-" "Mozilla/4.0 (compatible; GoogleToolbar 5.0.2124.6042; Windows XP 5.1; MSIE 7.0.5730.13)"
41.232.104.244 - - [05/Apr/2009:10:55:38 -0400] "GET /Asterisk/favicon.ico HTTP/1.1" 404 301 "-" "Mozilla/4.0 (compatible; GoogleToolbar 5.0.2124.6042; Windows 6.0; MSIE 8.0.6001.18241)"
41.232.104.244 - - [05/Apr/2009:10:55:38 -0400] "GET /Asterisk/favicon.gif HTTP/1.1" 404 301 "-" "Mozilla/4.0 (compatible; GoogleToolbar 5.0.2124.6042; Windows 6.0; MSIE 8.0.6001.18241)"
67.195.37.160 - - [05/Apr/2009:10:56:01 -0400] "GET /eliza/Eliza/PrePostList.java HTTP/1.0" 200 1586 "-" "Mozilla/5.0 (compatible; Yahoo! Slurp; http://help.yahoo.com/help/us/ysearch/slurp)"
84.169.188.95 - - [05/Apr/2009:10:57:00 -0400] "GET /eliza/Eliza.html HTTP/1.1" 200 5488 "http://en.wikipedia.org/wiki/ELIZA" "Mozilla/5.0 (X11; U; Linux i686; de; rv:1.9.0.7) Gecko/2009030814 Iceweasel/3.0.7 (Debian-3.0.7-1)"
84.169.188.95 - - [05/Apr/2009:10:57:01 -0400] "GET /icons/back.gif HTTP/1.1" 200 216 "http://www.chayden.net/eliza/Eliza.html" "Mozilla/5.0 (X11; U; Linux i686; de; rv:1.9.0.7) Gecko/2009030814 Iceweasel/3.0.7 (Debian-3.0.7-1)"
84.169.188.95 - - [05/Apr/2009:10:57:02 -0400] "GET /eliza/Eliza/Eliza.class HTTP/1.1" 200 2434 "-" "Mozilla/4.0 (Linux 2.6.26-1-686) Java/1.6.0_12"
84.169.188.95 - - [05/Apr/2009:10:57:04 -0400] "GET /eliza/Eliza/ElizaMain.class HTTP/1.1" 200 9260 "-" "Mozilla/4.0 (Linux 2.6.26-1-686) Java/1.6.0_12"
84.169.188.95 - - [05/Apr/2009:10:57:13 -0400] "GET /eliza/Eliza/DecompList.class HTTP/1.1" 200 877 "-" "Mozilla/4.0 (Linux 2.6.26-1-686) Java/1.6.0_12"
84.169.188.95 - - [05/Apr/2009:10:57:13 -0400] "GET /favicon.ico HTTP/1.1" 404 292 "-" "Mozilla/5.0 (X11; U; Linux i686; de; rv:1.9.0.7) Gecko/2009030814 Iceweasel/3.0.7 (Debian-3.0.7-1)"
84.169.188.95 - - [05/Apr/2009:10:57:14 -0400] "GET /eliza/Eliza/KeyList.class HTTP/1.1" 200 1722 "-" "Mozilla/4.0 (Linux 2.6.26-1-686) Java/1.6.0_12"
84.169.188.95 - - [05/Apr/2009:10:57:14 -0400] "GET /favicon.ico HTTP/1.1" 404 292 "-" "Mozilla/5.0 (X11; U; Linux i686; de; rv:1.9.0.7) Gecko/2009030814 Iceweasel/3.0.7 (Debian-3.0.7-1)"
84.169.188.95 - - [05/Apr/2009:10:57:14 -0400] "GET /eliza/Eliza/SynList.class HTTP/1.1" 200 2103 "-" "Mozilla/4.0 (Linux 2.6.26-1-686) Java/1.6.0_12"
84.169.188.95 - - [05/Apr/2009:10:57:14 -0400] "GET /eliza/Eliza/WordList.class HTTP/1.1" 200 1243 "-" "Mozilla/4.0 (Linux 2.6.26-1-686) Java/1.6.0_12"
84.169.188.95 - - [05/Apr/2009:10:57:15 -0400] "GET /eliza/Eliza/PrePostList.class HTTP/1.1" 200 1674 "-" "Mozilla/4.0 (Linux 2.6.26-1-686) Java/1.6.0_12"
84.169.188.95 - - [05/Apr/2009:10:57:16 -0400] "GET /eliza/Eliza/KeyStack.class HTTP/1.1" 200 1507 "-" "Mozilla/4.0 (Linux 2.6.26-1-686) Java/1.6.0_12"
84.169.188.95 - - [05/Apr/2009:10:57:17 -0400] "GET /eliza/Eliza/Key.class HTTP/1.1" 200 1702 "-" "Mozilla/4.0 (Linux 2.6.26-1-686) Java/1.6.0_12"
84.169.188.95 - - [05/Apr/2009:10:57:17 -0400] "GET /favicon.ico HTTP/1.1" 404 292 "-" "Mozilla/5.0 (X11; U; Linux i686; de; rv:1.9.0.7) Gecko/2009030814 Iceweasel/3.0.7 (Debian-3.0.7-1)"
84.169.188.95 - - [05/Apr/2009:10:57:17 -0400] "GET /eliza/Eliza/Mem.class HTTP/1.1" 200 850 "-" "Mozilla/4.0 (Linux 2.6.26-1-686) Java/1.6.0_12"
84.169.188.95 - - [05/Apr/2009:10:57:18 -0400] "GET /eliza/script HTTP/1.1" 200 12267 "-" "Mozilla/4.0 (Linux 2.6.26-1-686) Java/1.6.0_12"
84.169.188.95 - - [05/Apr/2009:10:57:19 -0400] "GET /eliza/Eliza/EString.class HTTP/1.1" 200 3849 "-" "Mozilla/4.0 (Linux 2.6.26-1-686) Java/1.6.0_12"
84.169.188.95 - - [05/Apr/2009:10:57:19 -0400] "GET /eliza/Eliza/PrePost.class HTTP/1.1" 200 1073 "-" "Mozilla/4.0 (Linux 2.6.26-1-686) Java/1.6.0_12"
84.169.188.95 - - [05/Apr/2009:10:57:20 -0400] "GET /eliza/Eliza/ReasembList.class HTTP/1.1" 200 1102 "-" "Mozilla/4.0 (Linux 2.6.26-1-686) Java/1.6.0_12"
84.169.188.95 - - [05/Apr/2009:10:57:20 -0400] "GET /eliza/Eliza/Decomp.class HTTP/1.1" 200 1727 "-" "Mozilla/4.0 (Linux 2.6.26-1-686) Java/1.6.0_12"
62.0.86.131 - - [05/Apr/2009:11:01:31 -0400] "GET /Asterisk/favicon.ico HTTP/1.1" 404 301 "-" "Mozilla/4.0 (compatible; GoogleToolbar 5.0.2124.6042; Windows XP 5.1; MSIE 7.0.5730.13)"
212.199.118.19 - - [05/Apr/2009:11:01:31 -0400] "GET /Asterisk/favicon.gif HTTP/1.1" 404 301 "-" "Mozilla/4.0 (compatible; GoogleToolbar 5.0.2124.6042; Windows XP 5.1; MSIE 7.0.5730.13)"
66.235.124.21 - - [05/Apr/2009:11:01:37 -0400] "GET / HTTP/1.1" 200 21908 "-" "Mozilla/5.0 (compatible; Ask Jeeves/Teoma; +http://about.ask.com/en/docs/about/webmasters.shtml)"
92.106.68.188 - - [05/Apr/2009:11:02:26 -0400] "GET /Runs/Adidas/tree.jpg HTTP/1.1" 200 976780 "http://worldofcherie.blogspot.com/2008/09/runners-yeah-were-different.html" "Mozilla/5.0 (Windows; U; Windows NT 6.0; de; rv:1.9.0.8) Gecko/2009032609 Firefox/3.0.8"
92.106.68.188 - - [05/Apr/2009:11:02:28 -0400] "GET /Runs/Adidas/tree.jpg HTTP/1.1" 206 928484 "http://images.google.ch/imgres?imgurl=http://www.chayden.net/Runs/Adidas/tree.jpg&imgrefurl=http://worldofcherie.blogspot.com/2008/09/runners-yeah-were-different.html&usg=__MVleDZn5SCe5-K-ZvvuOgHptkhM=&h=2958&w=2310&sz=954&hl=de&start=128&tbnid=EjYRzJyORJ_a6M:&tbnh=150&tbnw=117&prev=/images%3Fq%3Dpeeing%26gbv%3D2%26ndsp%3D21%26hl%3Dde%26sa%3DN%26start%3D126" "Mozilla/5.0 (Windows; U; Windows NT 6.0; de; rv:1.9.0.8) Gecko/2009032609 Firefox/3.0.8"
78.51.81.57 - - [05/Apr/2009:11:04:09 -0400] "GET /Asterisk/SeUpAsteriskAtHome_files/image001.gif HTTP/1.1" 200 2324 "http://www.chayden.net/Asterisk/SeUpAsteriskAtHome.htm" "Mozilla/5.0 (Windows; U; Windows NT 5.1; en-US; rv:1.9.0.8) Gecko/2009032609 Firefox/3.0.8 (.NET CLR 3.5.30729)"
78.51.81.57 - - [05/Apr/2009:11:04:09 -0400] "GET /Asterisk/SeUpAsteriskAtHome_files/image003.jpg HTTP/1.1" 200 5132 "http://www.chayden.net/Asterisk/SeUpAsteriskAtHome.htm" "Mozilla/5.0 (Windows; U; Windows NT 5.1; en-US; rv:1.9.0.8) Gecko/2009032609 Firefox/3.0.8 (.NET CLR 3.5.30729)"
78.51.81.57 - - [05/Apr/2009:11:04:09 -0400] "GET /Asterisk/SeUpAsteriskAtHome_files/image004.gif HTTP/1.1" 200 6404 "http://www.chayden.net/Asterisk/SeUpAsteriskAtHome.htm" "Mozilla/5.0 (Windows; U; Windows NT 5.1; en-US; rv:1.9.0.8) Gecko/2009032609 Firefox/3.0.8 (.NET CLR 3.5.30729)"
78.51.81.57 - - [05/Apr/2009:11:04:07 -0400] "GET /Asterisk/SeUpAsteriskAtHome.htm HTTP/1.1" 200 178181 "-" "Mozilla/5.0 (Windows; U; Windows NT 5.1; en-US; rv:1.9.0.8) Gecko/2009032609 Firefox/3.0.8 (.NET CLR 3.5.30729)"
78.51.81.57 - - [05/Apr/2009:11:04:09 -0400] "GET /Asterisk/SeUpAsteriskAtHome_files/image005.gif HTTP/1.1" 200 4365 "http://www.chayden.net/Asterisk/SeUpAsteriskAtHome.htm" "Mozilla/5.0 (Windows; U; Windows NT 5.1; en-US; rv:1.9.0.8) Gecko/2009032609 Firefox/3.0.8 (.NET CLR 3.5.30729)"
78.51.81.57 - - [05/Apr/2009:11:04:09 -0400] "GET /Asterisk/SeUpAsteriskAtHome_files/image007.gif HTTP/1.1" 200 5284 "http://www.chayden.net/Asterisk/SeUpAsteriskAtHome.htm" "Mozilla/5.0 (Windows; U; Windows NT 5.1; en-US; rv:1.9.0.8) Gecko/2009032609 Firefox/3.0.8 (.NET CLR 3.5.30729)"
78.51.81.57 - - [05/Apr/2009:11:04:09 -0400] "GET /Asterisk/SeUpAsteriskAtHome_files/image009.jpg HTTP/1.1" 200 14238 "http://www.chayden.net/Asterisk/SeUpAsteriskAtHome.htm" "Mozilla/5.0 (Windows; U; Windows NT 5.1; en-US; rv:1.9.0.8) Gecko/2009032609 Firefox/3.0.8 (.NET CLR 3.5.30729)"
78.51.81.57 - - [05/Apr/2009:11:04:09 -0400] "GET /Asterisk/SeUpAsteriskAtHome_files/image011.jpg HTTP/1.1" 200 13078 "http://www.chayden.net/Asterisk/SeUpAsteriskAtHome.htm" "Mozilla/5.0 (Windows; U; Windows NT 5.1; en-US; rv:1.9.0.8) Gecko/2009032609 Firefox/3.0.8 (.NET CLR 3.5.30729)"
78.51.81.57 - - [05/Apr/2009:11:04:09 -0400] "GET /Asterisk/SeUpAsteriskAtHome_files/image006.gif HTTP/1.1" 200 33832 "http://www.chayden.net/Asterisk/SeUpAsteriskAtHome.htm" "Mozilla/5.0 (Windows; U; Windows NT 5.1; en-US; rv:1.9.0.8) Gecko/2009032609 Firefox/3.0.8 (.NET CLR 3.5.30729)"
78.51.81.57 - - [05/Apr/2009:11:04:09 -0400] "GET /Asterisk/SeUpAsteriskAtHome_files/image013.jpg HTTP/1.1" 200 21296 "http://www.chayden.net/Asterisk/SeUpAsteriskAtHome.htm" "Mozilla/5.0 (Windows; U; Windows NT 5.1; en-US; rv:1.9.0.8) Gecko/2009032609 Firefox/3.0.8 (.NET CLR 3.5.30729)"
78.51.81.57 - - [05/Apr/2009:11:04:10 -0400] "GET /Asterisk/SeUpAsteriskAtHome_files/image027.jpg HTTP/1.1" 200 8509 "http://www.chayden.net/Asterisk/SeUpAsteriskAtHome.htm" "Mozilla/5.0 (Windows; U; Windows NT 5.1; en-US; rv:1.9.0.8) Gecko/2009032609 Firefox/3.0.8 (.NET CLR 3.5.30729)"
78.51.81.57 - - [05/Apr/2009:11:04:09 -0400] "GET /Asterisk/SeUpAsteriskAtHome_files/image017.jpg HTTP/1.1" 200 30515 "http://www.chayden.net/Asterisk/SeUpAsteriskAtHome.htm" "Mozilla/5.0 (Windows; U; Windows NT 5.1; en-US; rv:1.9.0.8) Gecko/2009032609 Firefox/3.0.8 (.NET CLR 3.5.30729)"
78.51.81.57 - - [05/Apr/2009:11:04:09 -0400] "GET /Asterisk/SeUpAsteriskAtHome_files/image019.jpg HTTP/1.1" 200 39902 "http://www.chayden.net/Asterisk/SeUpAsteriskAtHome.htm" "Mozilla/5.0 (Windows; U; Windows NT 5.1; en-US; rv:1.9.0.8) Gecko/2009032609 Firefox/3.0.8 (.NET CLR 3.5.30729)"
78.51.81.57 - - [05/Apr/2009:11:04:09 -0400] "GET /Asterisk/SeUpAsteriskAtHome_files/image015.jpg HTTP/1.1" 200 47335 "http://www.chayden.net/Asterisk/SeUpAsteriskAtHome.htm" "Mozilla/5.0 (Windows; U; Windows NT 5.1; en-US; rv:1.9.0.8) Gecko/2009032609 Firefox/3.0.8 (.NET CLR 3.5.30729)"
78.51.81.57 - - [05/Apr/2009:11:04:10 -0400] "GET /Asterisk/SeUpAsteriskAtHome_files/image020.gif HTTP/1.1" 200 49946 "http://www.chayden.net/Asterisk/SeUpAsteriskAtHome.htm" "Mozilla/5.0 (Windows; U; Windows NT 5.1; en-US; rv:1.9.0.8) Gecko/2009032609 Firefox/3.0.8 (.NET CLR 3.5.30729)"
78.51.81.57 - - [05/Apr/2009:11:04:10 -0400] "GET /Asterisk/SeUpAsteriskAtHome_files/image035.jpg HTTP/1.1" 200 2759 "http://www.chayden.net/Asterisk/SeUpAsteriskAtHome.htm" "Mozilla/5.0 (Windows; U; Windows NT 5.1; en-US; rv:1.9.0.8) Gecko/2009032609 Firefox/3.0.8 (.NET CLR 3.5.30729)"
78.51.81.57 - - [05/Apr/2009:11:04:10 -0400] "GET /Asterisk/SeUpAsteriskAtHome_files/image024.jpg HTTP/1.1" 200 31330 "http://www.chayden.net/Asterisk/SeUpAsteriskAtHome.htm" "Mozilla/5.0 (Windows; U; Windows NT 5.1; en-US; rv:1.9.0.8) Gecko/2009032609 Firefox/3.0.8 (.NET CLR 3.5.30729)"
78.51.81.57 - - [05/Apr/2009:11:04:11 -0400] "GET /Asterisk/SeUpAsteriskAtHome_files/image039.jpg HTTP/1.1" 200 1921 "http://www.chayden.net/Asterisk/SeUpAsteriskAtHome.htm" "Mozilla/5.0 (Windows; U; Windows NT 5.1; en-US; rv:1.9.0.8) Gecko/2009032609 Firefox/3.0.8 (.NET CLR 3.5.30729)"
78.51.81.57 - - [05/Apr/2009:11:04:10 -0400] "GET /Asterisk/SeUpAsteriskAtHome_files/image022.jpg HTTP/1.1" 200 34633 "http://www.chayden.net/Asterisk/SeUpAsteriskAtHome.htm" "Mozilla/5.0 (Windows; U; Windows NT 5.1; en-US; rv:1.9.0.8) Gecko/2009032609 Firefox/3.0.8 (.NET CLR 3.5.30729)"
78.51.81.57 - - [05/Apr/2009:11:04:10 -0400] "GET /Asterisk/SeUpAsteriskAtHome_files/image026.jpg HTTP/1.1" 200 37910 "http://www.chayden.net/Asterisk/SeUpAsteriskAtHome.htm" "Mozilla/5.0 (Windows; U; Windows NT 5.1; en-US; rv:1.9.0.8) Gecko/2009032609 Firefox/3.0.8 (.NET CLR 3.5.30729)"
78.51.81.57 - - [05/Apr/2009:11:04:10 -0400] "GET /Asterisk/SeUpAsteriskAtHome_files/image029.jpg HTTP/1.1" 200 43404 "http://www.chayden.net/Asterisk/SeUpAsteriskAtHome.htm" "Mozilla/5.0 (Windows; U; Windows NT 5.1; en-US; rv:1.9.0.8) Gecko/2009032609 Firefox/3.0.8 (.NET CLR 3.5.30729)"
78.51.81.57 - - [05/Apr/2009:11:04:11 -0400] "GET /Asterisk/SeUpAsteriskAtHome_files/image044.jpg HTTP/1.1" 200 6079 "http://www.chayden.net/Asterisk/SeUpAsteriskAtHome.htm" "Mozilla/5.0 (Windows; U; Windows NT 5.1; en-US; rv:1.9.0.8) Gecko/2009032609 Firefox/3.0.8 (.NET CLR 3.5.30729)"
78.51.81.57 - - [05/Apr/2009:11:04:10 -0400] "GET /Asterisk/SeUpAsteriskAtHome_files/image031.jpg HTTP/1.1" 200 30259 "http://www.chayden.net/Asterisk/SeUpAsteriskAtHome.htm" "Mozilla/5.0 (Windows; U; Windows NT 5.1; en-US; rv:1.9.0.8) Gecko/2009032609 Firefox/3.0.8 (.NET CLR 3.5.30729)"
78.51.81.57 - - [05/Apr/2009:11:04:10 -0400] "GET /Asterisk/SeUpAsteriskAtHome_files/image033.jpg HTTP/1.1" 200 30788 "http://www.chayden.net/Asterisk/SeUpAsteriskAtHome.htm" "Mozilla/5.0 (Windows; U; Windows NT 5.1; en-US; rv:1.9.0.8) Gecko/2009032609 Firefox/3.0.8 (.NET CLR 3.5.30729)"
78.51.81.57 - - [05/Apr/2009:11:04:11 -0400] "GET /Asterisk/SeUpAsteriskAtHome_files/image041.jpg HTTP/1.1" 200 26765 "http://www.chayden.net/Asterisk/SeUpAsteriskAtHome.htm" "Mozilla/5.0 (Windows; U; Windows NT 5.1; en-US; rv:1.9.0.8) Gecko/2009032609 Firefox/3.0.8 (.NET CLR 3.5.30729)"
78.51.81.57 - - [05/Apr/2009:11:04:11 -0400] "GET /Asterisk/SeUpAsteriskAtHome_files/image037.jpg HTTP/1.1" 200 42221 "http://www.chayden.net/Asterisk/SeUpAsteriskAtHome.htm" "Mozilla/5.0 (Windows; U; Windows NT 5.1; en-US; rv:1.9.0.8) Gecko/2009032609 Firefox/3.0.8 (.NET CLR 3.5.30729)"
78.51.81.57 - - [05/Apr/2009:11:04:11 -0400] "GET /Asterisk/SeUpAsteriskAtHome_files/image043.jpg HTTP/1.1" 200 22658 "http://www.chayden.net/Asterisk/SeUpAsteriskAtHome.htm" "Mozilla/5.0 (Windows; U; Windows NT 5.1; en-US; rv:1.9.0.8) Gecko/2009032609 Firefox/3.0.8 (.NET CLR 3.5.30729)"
78.51.81.57 - - [05/Apr/2009:11:04:11 -0400] "GET /Asterisk/SeUpAsteriskAtHome_files/image046.jpg HTTP/1.1" 200 35168 "http://www.chayden.net/Asterisk/SeUpAsteriskAtHome.htm" "Mozilla/5.0 (Windows; U; Windows NT 5.1; en-US; rv:1.9.0.8) Gecko/2009032609 Firefox/3.0.8 (.NET CLR 3.5.30729)"
78.51.81.57 - - [05/Apr/2009:11:04:12 -0400] "GET /favicon.ico HTTP/1.1" 404 292 "-" "Mozilla/5.0 (Windows; U; Windows NT 5.1; en-US; rv:1.9.0.8) Gecko/2009032609 Firefox/3.0.8 (.NET CLR 3.5.30729)"
78.51.81.57 - - [05/Apr/2009:11:04:15 -0400] "GET /favicon.ico HTTP/1.1" 404 292 "-" "Mozilla/5.0 (Windows; U; Windows NT 5.1; en-US; rv:1.9.0.8) Gecko/2009032609 Firefox/3.0.8 (.NET CLR 3.5.30729)"
74.6.18.245 - - [05/Apr/2009:11:05:54 -0400] "GET /Catskills/WindhamHighPeak2007/ HTTP/1.0" 200 9210 "-" "Mozilla/5.0 (compatible; Yahoo! Slurp/3.0; http://help.yahoo.com/help/us/ysearch/slurp)"
72.193.170.175 - - [05/Apr/2009:11:07:14 -0400] "HEAD /favicon.ico HTTP/1.1" 404 - "-" "Mozilla/5.0 (Windows; U; Windows NT 5.1; en-US; rv:1.9.0.8) Gecko/2009032609 Firefox/3.0.8"
76.206.248.92 - - [05/Apr/2009:11:07:27 -0400] "GET /Allison98/Allison.html HTTP/1.1" 200 14069 "http://www.google.com/search?sourceid=navclient&ie=UTF-8&rlz=1T4GPEA_enUS295US297&q=allison+mine" "Mozilla/4.0 (compatible; MSIE 8.0; Windows NT 5.1; Trident/4.0; GTB5; .NET CLR 1.1.4322; InfoPath.1; .NET CLR 2.0.50727)"
76.206.248.92 - - [05/Apr/2009:11:07:28 -0400] "GET /includes/hikes.css HTTP/1.1" 200 306 "http://www.chayden.net/Allison98/Allison.html" "Mozilla/4.0 (compatible; MSIE 8.0; Windows NT 5.1; Trident/4.0; GTB5; .NET CLR 1.1.4322; InfoPath.1; .NET CLR 2.0.50727)"
59.96.43.0 - - [05/Apr/2009:11:07:28 -0400] "GET /eliza/Eliza.html HTTP/1.1" 200 5488 "http://en.wikipedia.org/wiki/ELIZA" "Mozilla/5.0 (Windows; U; Windows NT 6.0; en-US; rv:1.9.0.1) Gecko/2008070208 Firefox/3.0.1 (.NET CLR 3.5.30729)"
76.206.248.92 - - [05/Apr/2009:11:07:28 -0400] "GET /Allison98/allison-back.gif HTTP/1.1" 200 19766 "http://www.chayden.net/Allison98/Allison.html" "Mozilla/4.0 (compatible; MSIE 8.0; Windows NT 5.1; Trident/4.0; GTB5; .NET CLR 1.1.4322; InfoPath.1; .NET CLR 2.0.50727)"
76.206.248.92 - - [05/Apr/2009:11:07:28 -0400] "GET /Allison98/pic/mar01-007.jpg HTTP/1.1" 200 32158 "http://www.chayden.net/Allison98/Allison.html" "Mozilla/4.0 (compatible; MSIE 8.0; Windows NT 5.1; Trident/4.0; GTB5; .NET CLR 1.1.4322; InfoPath.1; .NET CLR 2.0.50727)"
76.206.248.92 - - [05/Apr/2009:11:07:28 -0400] "GET /Allison98/pic/mar01-011.jpg HTTP/1.1" 200 26187 "http://www.chayden.net/Allison98/Allison.html" "Mozilla/4.0 (compatible; MSIE 8.0; Windows NT 5.1; Trident/4.0; GTB5; .NET CLR 1.1.4322; InfoPath.1; .NET CLR 2.0.50727)"
76.206.248.92 - - [05/Apr/2009:11:07:28 -0400] "GET /Allison98/pic/mar01-014.jpg HTTP/1.1" 200 24327 "http://www.chayden.net/Allison98/Allison.html" "Mozilla/4.0 (compatible; MSIE 8.0; Windows NT 5.1; Trident/4.0; GTB5; .NET CLR 1.1.4322; InfoPath.1; .NET CLR 2.0.50727)"
76.206.248.92 - - [05/Apr/2009:11:07:28 -0400] "GET /Allison98/pic/mar01-025.jpg HTTP/1.1" 200 39237 "http://www.chayden.net/Allison98/Allison.html" "Mozilla/4.0 (compatible; MSIE 8.0; Windows NT 5.1; Trident/4.0; GTB5; .NET CLR 1.1.4322; InfoPath.1; .NET CLR 2.0.50727)"
76.206.248.92 - - [05/Apr/2009:11:07:28 -0400] "GET /Allison98/pic/mar01-012.jpg HTTP/1.1" 200 52496 "http://www.chayden.net/Allison98/Allison.html" "Mozilla/4.0 (compatible; MSIE 8.0; Windows NT 5.1; Trident/4.0; GTB5; .NET CLR 1.1.4322; InfoPath.1; .NET CLR 2.0.50727)"
76.206.248.92 - - [05/Apr/2009:11:07:28 -0400] "GET /Allison98/pic/mar01-016.jpg HTTP/1.1" 200 32818 "http://www.chayden.net/Allison98/Allison.html" "Mozilla/4.0 (compatible; MSIE 8.0; Windows NT 5.1; Trident/4.0; GTB5; .NET CLR 1.1.4322; InfoPath.1; .NET CLR 2.0.50727)"
76.206.248.92 - - [05/Apr/2009:11:07:28 -0400] "GET /Allison98/pic/mar01-021.jpg HTTP/1.1" 200 33358 "http://www.chayden.net/Allison98/Allison.html" "Mozilla/4.0 (compatible; MSIE 8.0; Windows NT 5.1; Trident/4.0; GTB5; .NET CLR 1.1.4322; InfoPath.1; .NET CLR 2.0.50727)"
76.206.248.92 - - [05/Apr/2009:11:07:28 -0400] "GET /Allison98/pic/mar01-017.jpg HTTP/1.1" 200 35069 "http://www.chayden.net/Allison98/Allison.html" "Mozilla/4.0 (compatible; MSIE 8.0; Windows NT 5.1; Trident/4.0; GTB5; .NET CLR 1.1.4322; InfoPath.1; .NET CLR 2.0.50727)"
76.206.248.92 - - [05/Apr/2009:11:07:28 -0400] "GET /Allison98/pic/mar01-029.jpg HTTP/1.1" 200 37969 "http://www.chayden.net/Allison98/Allison.html" "Mozilla/4.0 (compatible; MSIE 8.0; Windows NT 5.1; Trident/4.0; GTB5; .NET CLR 1.1.4322; InfoPath.1; .NET CLR 2.0.50727)"
76.206.248.92 - - [05/Apr/2009:11:07:28 -0400] "GET /Allison98/pic/mar01-019.jpg HTTP/1.1" 200 18506 "http://www.chayden.net/Allison98/Allison.html" "Mozilla/4.0 (compatible; MSIE 8.0; Windows NT 5.1; Trident/4.0; GTB5; .NET CLR 1.1.4322; InfoPath.1; .NET CLR 2.0.50727)"
76.206.248.92 - - [05/Apr/2009:11:07:28 -0400] "GET /Allison98/pic/mar01-018.jpg HTTP/1.1" 200 64692 "http://www.chayden.net/Allison98/Allison.html" "Mozilla/4.0 (compatible; MSIE 8.0; Windows NT 5.1; Trident/4.0; GTB5; .NET CLR 1.1.4322; InfoPath.1; .NET CLR 2.0.50727)"
76.206.248.92 - - [05/Apr/2009:11:07:29 -0400] "GET /icons/back.gif HTTP/1.1" 200 216 "http://www.chayden.net/Allison98/Allison.html" "Mozilla/4.0 (compatible; MSIE 8.0; Windows NT 5.1; Trident/4.0; GTB5; .NET CLR 1.1.4322; InfoPath.1; .NET CLR 2.0.50727)"
76.206.248.92 - - [05/Apr/2009:11:07:29 -0400] "GET /favicon.ico HTTP/1.1" 404 292 "-" "Mozilla/4.0 (compatible; MSIE 8.0; Windows NT 5.1; Trident/4.0; GTB5; .NET CLR 1.1.4322; InfoPath.1; .NET CLR 2.0.50727)"
59.96.43.0 - - [05/Apr/2009:11:07:32 -0400] "GET /icons/back.gif HTTP/1.1" 200 216 "http://www.chayden.net/eliza/Eliza.html" "Mozilla/5.0 (Windows; U; Windows NT 6.0; en-US; rv:1.9.0.1) Gecko/2008070208 Firefox/3.0.1 (.NET CLR 3.5.30729)"
59.96.43.0 - - [05/Apr/2009:11:07:34 -0400] "GET /eliza/Eliza/Eliza.class HTTP/1.1" 200 2434 "-" "Mozilla/4.0 (Windows Vista 6.0) Java/1.6.0_13"
59.96.43.0 - - [05/Apr/2009:11:07:35 -0400] "GET /eliza/Eliza/ElizaMain.class HTTP/1.1" 200 9260 "-" "Mozilla/4.0 (Windows Vista 6.0) Java/1.6.0_13"
59.96.43.0 - - [05/Apr/2009:11:07:37 -0400] "GET /eliza/Eliza/DecompList.class HTTP/1.1" 200 877 "-" "Mozilla/4.0 (Windows Vista 6.0) Java/1.6.0_13"
59.96.43.0 - - [05/Apr/2009:11:07:37 -0400] "GET /eliza/Eliza/KeyList.class HTTP/1.1" 200 1722 "-" "Mozilla/4.0 (Windows Vista 6.0) Java/1.6.0_13"
59.96.43.0 - - [05/Apr/2009:11:07:37 -0400] "GET /favicon.ico HTTP/1.1" 404 292 "-" "Mozilla/5.0 (Windows; U; Windows NT 6.0; en-US; rv:1.9.0.1) Gecko/2008070208 Firefox/3.0.1 (.NET CLR 3.5.30729)"
59.96.43.0 - - [05/Apr/2009:11:07:38 -0400] "GET /eliza/Eliza/SynList.class HTTP/1.1" 200 2103 "-" "Mozilla/4.0 (Windows Vista 6.0) Java/1.6.0_13"
59.96.43.0 - - [05/Apr/2009:11:07:39 -0400] "GET /eliza/Eliza/WordList.class HTTP/1.1" 200 1243 "-" "Mozilla/4.0 (Windows Vista 6.0) Java/1.6.0_13"
59.96.43.0 - - [05/Apr/2009:11:07:40 -0400] "GET /eliza/Eliza/PrePostList.class HTTP/1.1" 200 1674 "-" "Mozilla/4.0 (Windows Vista 6.0) Java/1.6.0_13"
59.96.43.0 - - [05/Apr/2009:11:07:40 -0400] "GET /eliza/Eliza/KeyStack.class HTTP/1.1" 200 1507 "-" "Mozilla/4.0 (Windows Vista 6.0) Java/1.6.0_13"
212.14.233.130 - - [05/Apr/2009:11:08:24 -0400] "GET /Asterisk/favicon.ico HTTP/1.1" 404 301 "-" "Mozilla/4.0 (compatible; GoogleToolbar 5.0.2124.6042; Windows XP 5.1; MSIE 7.0.5730.13)"
212.14.233.130 - - [05/Apr/2009:11:08:24 -0400] "GET /Asterisk/favicon.gif HTTP/1.1" 404 301 "-" "Mozilla/4.0 (compatible; GoogleToolbar 5.0.2124.6042; Windows XP 5.1; MSIE 7.0.5730.13)"
212.14.233.130 - - [05/Apr/2009:11:08:24 -0400] "GET /Asterisk/favicon.ico HTTP/1.1" 404 301 "-" "Mozilla/4.0 (compatible; GoogleToolbar 5.0.2124.6042; Windows XP 5.1; MSIE 7.0.5730.13)"
212.14.233.130 - - [05/Apr/2009:11:08:25 -0400] "GET /Asterisk/favicon.gif HTTP/1.1" 404 301 "-" "Mozilla/4.0 (compatible; GoogleToolbar 5.0.2124.6042; Windows XP 5.1; MSIE 7.0.5730.13)"
78.32.232.45 - - [05/Apr/2009:11:08:47 -0400] "GET /Asterisk/SeUpAsteriskAtHome_files/image001.gif HTTP/1.1" 200 2324 "http://www.chayden.net/Asterisk/SeUpAsteriskAtHome.htm" "Mozilla/5.0 (Windows; U; Windows NT 6.0; en-US) AppleWebKit/525.19 (KHTML, like Gecko) Chrome/1.0.154.48 Safari/525.19"
78.32.232.45 - - [05/Apr/2009:11:08:47 -0400] "GET /Asterisk/SeUpAsteriskAtHome_files/image004.gif HTTP/1.1" 200 6404 "http://www.chayden.net/Asterisk/SeUpAsteriskAtHome.htm" "Mozilla/5.0 (Windows; U; Windows NT 6.0; en-US) AppleWebKit/525.19 (KHTML, like Gecko) Chrome/1.0.154.48 Safari/525.19"
78.32.232.45 - - [05/Apr/2009:11:08:47 -0400] "GET /Asterisk/SeUpAsteriskAtHome_files/image003.jpg HTTP/1.1" 200 5132 "http://www.chayden.net/Asterisk/SeUpAsteriskAtHome.htm" "Mozilla/5.0 (Windows; U; Windows NT 6.0; en-US) AppleWebKit/525.19 (KHTML, like Gecko) Chrome/1.0.154.48 Safari/525.19"
78.32.232.45 - - [05/Apr/2009:11:08:47 -0400] "GET /Asterisk/SeUpAsteriskAtHome_files/image005.gif HTTP/1.1" 200 4365 "http://www.chayden.net/Asterisk/SeUpAsteriskAtHome.htm" "Mozilla/5.0 (Windows; U; Windows NT 6.0; en-US) AppleWebKit/525.19 (KHTML, like Gecko) Chrome/1.0.154.48 Safari/525.19"
78.32.232.45 - - [05/Apr/2009:11:08:48 -0400] "GET /Asterisk/SeUpAsteriskAtHome_files/image007.gif HTTP/1.1" 200 5284 "http://www.chayden.net/Asterisk/SeUpAsteriskAtHome.htm" "Mozilla/5.0 (Windows; U; Windows NT 6.0; en-US) AppleWebKit/525.19 (KHTML, like Gecko) Chrome/1.0.154.48 Safari/525.19"
78.32.232.45 - - [05/Apr/2009:11:08:46 -0400] "GET /Asterisk/SeUpAsteriskAtHome.htm HTTP/1.1" 200 178181 "http://www.google.co.uk/search?hl=en&q=ip-pbx&btnG=Search&meta=" "Mozilla/5.0 (Windows; U; Windows NT 6.0; en-US) AppleWebKit/525.19 (KHTML, like Gecko) Chrome/1.0.154.48 Safari/525.19"
78.32.232.45 - - [05/Apr/2009:11:08:47 -0400] "GET /Asterisk/SeUpAsteriskAtHome_files/image006.gif HTTP/1.1" 200 33832 "http://www.chayden.net/Asterisk/SeUpAsteriskAtHome.htm" "Mozilla/5.0 (Windows; U; Windows NT 6.0; en-US) AppleWebKit/525.19 (KHTML, like Gecko) Chrome/1.0.154.48 Safari/525.19"
78.32.232.45 - - [05/Apr/2009:11:08:48 -0400] "GET /Asterisk/SeUpAsteriskAtHome_files/image009.jpg HTTP/1.1" 200 14238 "http://www.chayden.net/Asterisk/SeUpAsteriskAtHome.htm" "Mozilla/5.0 (Windows; U; Windows NT 6.0; en-US) AppleWebKit/525.19 (KHTML, like Gecko) Chrome/1.0.154.48 Safari/525.19"
78.32.232.45 - - [05/Apr/2009:11:08:48 -0400] "GET /Asterisk/SeUpAsteriskAtHome_files/image011.jpg HTTP/1.1" 200 13078 "http://www.chayden.net/Asterisk/SeUpAsteriskAtHome.htm" "Mozilla/5.0 (Windows; U; Windows NT 6.0; en-US) AppleWebKit/525.19 (KHTML, like Gecko) Chrome/1.0.154.48 Safari/525.19"
78.32.232.45 - - [05/Apr/2009:11:08:48 -0400] "GET /Asterisk/SeUpAsteriskAtHome_files/image013.jpg HTTP/1.1" 200 21296 "http://www.chayden.net/Asterisk/SeUpAsteriskAtHome.htm" "Mozilla/5.0 (Windows; U; Windows NT 6.0; en-US) AppleWebKit/525.19 (KHTML, like Gecko) Chrome/1.0.154.48 Safari/525.19"
78.32.232.45 - - [05/Apr/2009:11:08:49 -0400] "GET /Asterisk/SeUpAsteriskAtHome_files/image015.jpg HTTP/1.1" 200 47335 "http://www.chayden.net/Asterisk/SeUpAsteriskAtHome.htm" "Mozilla/5.0 (Windows; U; Windows NT 6.0; en-US) AppleWebKit/525.19 (KHTML, like Gecko) Chrome/1.0.154.48 Safari/525.19"
78.32.232.45 - - [05/Apr/2009:11:08:49 -0400] "GET /Asterisk/SeUpAsteriskAtHome_files/image017.jpg HTTP/1.1" 200 30515 "http://www.chayden.net/Asterisk/SeUpAsteriskAtHome.htm" "Mozilla/5.0 (Windows; U; Windows NT 6.0; en-US) AppleWebKit/525.19 (KHTML, like Gecko) Chrome/1.0.154.48 Safari/525.19"
78.32.232.45 - - [05/Apr/2009:11:08:49 -0400] "GET /Asterisk/SeUpAsteriskAtHome_files/image019.jpg HTTP/1.1" 200 39902 "http://www.chayden.net/Asterisk/SeUpAsteriskAtHome.htm" "Mozilla/5.0 (Windows; U; Windows NT 6.0; en-US) AppleWebKit/525.19 (KHTML, like Gecko) Chrome/1.0.154.48 Safari/525.19"
78.32.232.45 - - [05/Apr/2009:11:08:49 -0400] "GET /Asterisk/SeUpAsteriskAtHome_files/image024.jpg HTTP/1.1" 200 31330 "http://www.chayden.net/Asterisk/SeUpAsteriskAtHome.htm" "Mozilla/5.0 (Windows; U; Windows NT 6.0; en-US) AppleWebKit/525.19 (KHTML, like Gecko) Chrome/1.0.154.48 Safari/525.19"
78.32.232.45 - - [05/Apr/2009:11:08:50 -0400] "GET /Asterisk/SeUpAsteriskAtHome_files/image027.jpg HTTP/1.1" 200 8509 "http://www.chayden.net/Asterisk/SeUpAsteriskAtHome.htm" "Mozilla/5.0 (Windows; U; Windows NT 6.0; en-US) AppleWebKit/525.19 (KHTML, like Gecko) Chrome/1.0.154.48 Safari/525.19"
