219.159.104.132 - - [18/Apr/2009:06:09:59 -0400] "GET /eliza/Eliza.html HTTP/1.1" 200 5488 "-" "Mozilla/4.0 (compatible; MSIE 6.0; Windows NT 5.1; SV1; .NET CLR 2.0.50727; .NET CLR 3.0.04506.648; .NET CLR 3.5.21022)"
219.159.104.132 - - [18/Apr/2009:06:10:00 -0400] "GET /eliza/Eliza/Eliza.class HTTP/1.1" 200 2434 "-" "Mozilla/4.0 (compatible; MSIE 6.0; Win32)"
219.159.104.132 - - [18/Apr/2009:06:10:00 -0400] "GET /icons/back.gif HTTP/1.1" 200 216 "http://www.chayden.net/eliza/Eliza.html" "Mozilla/4.0 (compatible; MSIE 6.0; Windows NT 5.1; SV1; .NET CLR 2.0.50727; .NET CLR 3.0.04506.648; .NET CLR 3.5.21022)"
219.159.104.132 - - [18/Apr/2009:06:10:01 -0400] "GET /eliza/Eliza/ElizaMain.class HTTP/1.1" 200 9260 "-" "Mozilla/4.0 (compatible; MSIE 6.0; Win32)"
219.159.104.132 - - [18/Apr/2009:06:10:03 -0400] "GET /eliza/Eliza/ElizaBeanInfo.class HTTP/1.1" 404 312 "-" "Mozilla/4.0 (compatible; MSIE 6.0; Win32)"
219.159.104.132 - - [18/Apr/2009:06:10:05 -0400] "GET /eliza/Eliza/KeyList.class HTTP/1.1" 200 1722 "-" "Mozilla/4.0 (compatible; MSIE 6.0; Win32)"
219.159.104.132 - - [18/Apr/2009:06:10:06 -0400] "GET /eliza/Eliza/SynList.class HTTP/1.1" 200 2103 "-" "Mozilla/4.0 (compatible; MSIE 6.0; Win32)"
219.159.104.132 - - [18/Apr/2009:06:10:07 -0400] "GET /eliza/Eliza/PrePostList.class HTTP/1.1" 200 1674 "-" "Mozilla/4.0 (compatible; MSIE 6.0; Win32)"
219.159.104.132 - - [18/Apr/2009:06:10:11 -0400] "GET /eliza/Eliza/WordList.class HTTP/1.1" 200 1243 "-" "Mozilla/4.0 (compatible; MSIE 6.0; Win32)"
219.159.104.132 - - [18/Apr/2009:06:10:15 -0400] "GET /eliza/Eliza/KeyStack.class HTTP/1.1" 200 1507 "-" "Mozilla/4.0 (compatible; MSIE 6.0; Win32)"
219.159.104.132 - - [18/Apr/2009:06:10:19 -0400] "GET /eliza/Eliza/Mem.class HTTP/1.1" 200 850 "-" "Mozilla/4.0 (compatible; MSIE 6.0; Win32)"
219.159.104.132 - - [18/Apr/2009:06:10:21 -0400] "GET /eliza/Eliza/Key.class HTTP/1.1" 200 1702 "-" "Mozilla/4.0 (compatible; MSIE 6.0; Win32)"
75.62.7.168 - - [18/Apr/2009:06:10:16 -0400] "GET /Runs/Adidas/tree.jpg HTTP/1.1" 200 976780 "http://worldofcherie.blogspot.com/2008/09/runners-yeah-were-different.html" "Mozilla/5.0 (Windows; U; Windows NT 5.1; en-US; rv:1.9.0.8) Gecko/2009032609 Firefox/3.0.8"
219.159.104.132 - - [18/Apr/2009:06:10:27 -0400] "GET /eliza/script HTTP/1.1" 200 12267 "-" "Mozilla/4.0 (compatible; MSIE 6.0; Win32)"
219.159.104.132 - - [18/Apr/2009:06:10:31 -0400] "GET /favicon.ico HTTP/1.1" 404 292 "-" "Mozilla/4.0 (compatible; MSIE 6.0; Windows NT 5.1; SV1; .NET CLR 2.0.50727; .NET CLR 3.0.04506.648; .NET CLR 3.5.21022)"
219.159.104.132 - - [18/Apr/2009:06:10:31 -0400] "GET /eliza/Eliza/EString.class HTTP/1.1" 200 3849 "-" "Mozilla/4.0 (compatible; MSIE 6.0; Win32)"
219.159.104.132 - - [18/Apr/2009:06:10:32 -0400] "GET /eliza/Eliza/ReasembList.class HTTP/1.1" 200 1102 "-" "Mozilla/4.0 (compatible; MSIE 6.0; Win32)"
219.159.104.132 - - [18/Apr/2009:06:10:34 -0400] "GET /eliza/Eliza/DecompList.class HTTP/1.1" 200 877 "-" "Mozilla/4.0 (compatible; MSIE 6.0; Win32)"
219.159.104.132 - - [18/Apr/2009:06:10:35 -0400] "GET /eliza/Eliza/PrePost.class HTTP/1.1" 200 1073 "-" "Mozilla/4.0 (compatible; MSIE 6.0; Win32)"
219.159.104.132 - - [18/Apr/2009:06:10:34 -0400] "GET /Index.shtml HTTP/1.1" 200 16619 "http://www.chayden.net/eliza/Eliza.html" "Mozilla/5.0 (Windows; U; Windows NT 5.1; en-US) AppleWebKit/525.19 (KHTML, like Gecko) Chrome/1.0.154.53 Safari/525.19"
219.159.104.132 - - [18/Apr/2009:06:10:36 -0400] "GET /images/border1.gif HTTP/1.1" 200 982 "http://www.chayden.net/Index.shtml" "Mozilla/5.0 (Windows; U; Windows NT 5.1; en-US) AppleWebKit/525.19 (KHTML, like Gecko) Chrome/1.0.154.53 Safari/525.19"
219.159.104.132 - - [18/Apr/2009:06:10:36 -0400] "GET /images/cch1.gif HTTP/1.1" 200 7300 "http://www.chayden.net/Index.shtml" "Mozilla/5.0 (Windows; U; Windows NT 5.1; en-US) AppleWebKit/525.19 (KHTML, like Gecko) Chrome/1.0.154.53 Safari/525.19"
219.159.104.132 - - [18/Apr/2009:06:10:36 -0400] "GET /images/bar1.gif HTTP/1.1" 200 1463 "http://www.chayden.net/Index.shtml" "Mozilla/5.0 (Windows; U; Windows NT 5.1; en-US) AppleWebKit/525.19 (KHTML, like Gecko) Chrome/1.0.154.53 Safari/525.19"
219.159.104.132 - - [18/Apr/2009:06:10:36 -0400] "GET /images/TigerEye/bullet.gif HTTP/1.1" 200 943 "http://www.chayden.net/Index.shtml" "Mozilla/5.0 (Windows; U; Windows NT 5.1; en-US) AppleWebKit/525.19 (KHTML, like Gecko) Chrome/1.0.154.53 Safari/525.19"
219.159.104.132 - - [18/Apr/2009:06:10:36 -0400] "GET /images/cch.jpg HTTP/1.1" 200 10095 "http://www.chayden.net/Index.shtml" "Mozilla/5.0 (Windows; U; Windows NT 5.1; en-US) AppleWebKit/525.19 (KHTML, like Gecko) Chrome/1.0.154.53 Safari/525.19"
219.159.104.132 - - [18/Apr/2009:06:10:36 -0400] "GET /eliza/Eliza/Decomp.class HTTP/1.1" 200 1727 "-" "Mozilla/4.0 (compatible; MSIE 6.0; Win32)"
219.159.104.132 - - [18/Apr/2009:06:10:37 -0400] "GET /Sierra97/pic/s97-icon.jpg HTTP/1.1" 200 1848 "http://www.chayden.net/Index.shtml" "Mozilla/5.0 (Windows; U; Windows NT 5.1; en-US) AppleWebKit/525.19 (KHTML, like Gecko) Chrome/1.0.154.53 Safari/525.19"
219.159.104.132 - - [18/Apr/2009:06:10:38 -0400] "GET /images/picosmall.gif HTTP/1.1" 200 2527 "http://www.chayden.net/Index.shtml" "Mozilla/5.0 (Windows; U; Windows NT 5.1; en-US) AppleWebKit/525.19 (KHTML, like Gecko) Chrome/1.0.154.53 Safari/525.19"
124.82.85.4 - - [18/Apr/2009:06:10:56 -0400] "GET /favicon.ico HTTP/1.1" 404 292 "-" "Mozilla/5.0 (Windows; U; Windows NT 5.1; en-US; rv:1.8.1.20) Gecko/20081217 Firefox/2.0.0.20"
219.159.104.132 - - [18/Apr/2009:06:12:31 -0400] "GET /Software/Software.html HTTP/1.1" 200 5882 "http://www.chayden.net/Index.shtml" "Mozilla/5.0 (Windows; U; Windows NT 5.1; en-US) AppleWebKit/525.19 (KHTML, like Gecko) Chrome/1.0.154.53 Safari/525.19"
219.159.104.132 - - [18/Apr/2009:06:12:33 -0400] "GET /Software/CV-Newark-Et.jpg HTTP/1.1" 200 2613 "http://www.chayden.net/Software/Software.html" "Mozilla/5.0 (Windows; U; Windows NT 5.1; en-US) AppleWebKit/525.19 (KHTML, like Gecko) Chrome/1.0.154.53 Safari/525.19"
219.159.104.132 - - [18/Apr/2009:06:13:42 -0400] "GET /Software/notepad.zip HTTP/1.1" 200 73411 "http://www.chayden.net/Software/Software.html" "Mozilla/5.0 (Windows; U; Windows NT 5.1; en-US) AppleWebKit/525.19 (KHTML, like Gecko) Chrome/1.0.154.53 Safari/525.19"
219.159.104.132 - - [18/Apr/2009:06:14:01 -0400] "GET /Index.shtml HTTP/1.1" 200 16619 "-" "Mozilla/4.0 (compatible; MSIE 6.0; Windows NT 5.1; SV1; .NET CLR 2.0.50727; .NET CLR 3.0.04506.648; .NET CLR 3.5.21022)"
219.159.104.132 - - [18/Apr/2009:06:14:02 -0400] "GET /images/border1.gif HTTP/1.1" 200 982 "http://www.chayden.net/Index.shtml" "Mozilla/4.0 (compatible; MSIE 6.0; Windows NT 5.1; SV1; .NET CLR 2.0.50727; .NET CLR 3.0.04506.648; .NET CLR 3.5.21022)"
219.159.104.132 - - [18/Apr/2009:06:14:03 -0400] "GET /images/cch1.gif HTTP/1.1" 200 7300 "http://www.chayden.net/Index.shtml" "Mozilla/4.0 (compatible; MSIE 6.0; Windows NT 5.1; SV1; .NET CLR 2.0.50727; .NET CLR 3.0.04506.648; .NET CLR 3.5.21022)"
219.159.104.132 - - [18/Apr/2009:06:14:04 -0400] "GET /images/cch.jpg HTTP/1.1" 200 10095 "http://www.chayden.net/Index.shtml" "Mozilla/4.0 (compatible; MSIE 6.0; Windows NT 5.1; SV1; .NET CLR 2.0.50727; .NET CLR 3.0.04506.648; .NET CLR 3.5.21022)"
219.159.104.132 - - [18/Apr/2009:06:14:05 -0400] "GET /images/bar1.gif HTTP/1.1" 200 1463 "http://www.chayden.net/Index.shtml" "Mozilla/4.0 (compatible; MSIE 6.0; Windows NT 5.1; SV1; .NET CLR 2.0.50727; .NET CLR 3.0.04506.648; .NET CLR 3.5.21022)"
219.159.104.132 - - [18/Apr/2009:06:14:06 -0400] "GET /images/TigerEye/bullet.gif HTTP/1.1" 200 943 "http://www.chayden.net/Index.shtml" "Mozilla/4.0 (compatible; MSIE 6.0; Windows NT 5.1; SV1; .NET CLR 2.0.50727; .NET CLR 3.0.04506.648; .NET CLR 3.5.21022)"
219.159.104.132 - - [18/Apr/2009:06:14:06 -0400] "GET /Sierra97/pic/s97-icon.jpg HTTP/1.1" 200 1848 "http://www.chayden.net/Index.shtml" "Mozilla/4.0 (compatible; MSIE 6.0; Windows NT 5.1; SV1; .NET CLR 2.0.50727; .NET CLR 3.0.04506.648; .NET CLR 3.5.21022)"
219.159.104.132 - - [18/Apr/2009:06:14:07 -0400] "GET /images/picosmall.gif HTTP/1.1" 200 2527 "http://www.chayden.net/Index.shtml" "Mozilla/4.0 (compatible; MSIE 6.0; Windows NT 5.1; SV1; .NET CLR 2.0.50727; .NET CLR 3.0.04506.648; .NET CLR 3.5.21022)"
124.82.85.4 - - [18/Apr/2009:06:14:09 -0400] "GET /favicon.ico HTTP/1.1" 404 292 "-" "Mozilla/5.0 (Windows; U; Windows NT 5.1; en-US; rv:1.8.1.20) Gecko/20081217 Firefox/2.0.0.20"
219.159.104.132 - - [18/Apr/2009:06:14:10 -0400] "GET /favicon.ico HTTP/1.1" 404 292 "-" "Mozilla/4.0 (compatible; MSIE 6.0; Windows NT 5.1; SV1; .NET CLR 2.0.50727; .NET CLR 3.0.04506.648; .NET CLR 3.5.21022)"
219.159.104.132 - - [18/Apr/2009:06:14:41 -0400] "GET /eliza/script HTTP/1.1" 200 12267 "-" "Mozilla/4.0 (compatible; MSIE 6.0; Win32)"
219.159.104.132 - - [18/Apr/2009:06:14:51 -0400] "GET /eliza/Eliza.zip HTTP/1.1" 200 23196 "http://www.chayden.net/eliza/Eliza.html" "Mozilla/4.0 (compatible; MSIE 6.0; Windows NT 5.1; SV1; .NET CLR 2.0.50727; .NET CLR 3.0.04506.648; .NET CLR 3.5.21022)"
219.159.104.132 - - [18/Apr/2009:06:14:58 -0400] "GET /eliza/instructions.txt HTTP/1.1" 200 15342 "http://www.chayden.net/eliza/Eliza.html" "Mozilla/4.0 (compatible; MSIE 6.0; Windows NT 5.1; SV1; .NET CLR 2.0.50727; .NET CLR 3.0.04506.648; .NET CLR 3.5.21022)"
219.159.104.132 - - [18/Apr/2009:06:15:57 -0400] "GET /eliza/Eliza.html HTTP/1.1" 304 - "-" "Mozilla/4.0 (compatible; MSIE 6.0; Windows NT 5.1; SV1; .NET CLR 2.0.50727; .NET CLR 3.0.04506.648; .NET CLR 3.5.21022)"
219.159.104.132 - - [18/Apr/2009:06:15:58 -0400] "GET /icons/back.gif HTTP/1.1" 304 - "http://www.chayden.net/eliza/Eliza.html" "Mozilla/4.0 (compatible; MSIE 6.0; Windows NT 5.1; SV1; .NET CLR 2.0.50727; .NET CLR 3.0.04506.648; .NET CLR 3.5.21022)"
219.159.104.132 - - [18/Apr/2009:06:15:58 -0400] "GET /eliza/script HTTP/1.1" 200 12267 "-" "Mozilla/4.0 (compatible; MSIE 6.0; Win32)"
219.159.104.132 - - [18/Apr/2009:06:16:07 -0400] "GET /eliza/Eliza/Eliza.java HTTP/1.1" 200 1869 "http://www.chayden.net/eliza/Eliza.html" "Mozilla/4.0 (compatible; MSIE 6.0; Windows NT 5.1; SV1; .NET CLR 2.0.50727; .NET CLR 3.0.04506.648; .NET CLR 3.5.21022)"
219.159.104.132 - - [18/Apr/2009:06:16:14 -0400] "GET /eliza/Eliza/Eliza$COMClassObject.class HTTP/1.1" 404 319 "-" "Mozilla/4.0 (compatible; MSIE 6.0; Win32)"
74.6.8.116 - - [18/Apr/2009:06:16:20 -0400] "GET /eliza/Eliza/Eliza.java HTTP/1.0" 200 1869 "-" "Mozilla/5.0 (compatible; Yahoo! Slurp/3.0; http://help.yahoo.com/help/us/ysearch/slurp)"
66.249.71.238 - - [18/Apr/2009:06:16:34 -0400] "GET /Sierra94/pic/s94-4-14.jpg HTTP/1.1" 304 - "-" "Googlebot-Image/1.0"
112.110.96.86 - - [18/Apr/2009:06:15:03 -0400] "GET /Runs/Adidas/tree.jpg HTTP/1.1" 200 976780 "http://savitabhabhi.com/fanclub/showthread.php?tid=9192&page=20" "Mozilla/5.0 (SymbianOS/9.1; U; en-us) AppleWebKit/413 (KHTML, like Gecko) Safari/413"
65.55.105.142 - - [18/Apr/2009:06:17:21 -0400] "GET /robots.txt HTTP/1.1" 404 291 "-" "msnbot/1.0 (+http://search.msn.com/msnbot.htm)"
65.55.105.142 - - [18/Apr/2009:06:17:21 -0400] "GET /Runs/Adidas/index.htm HTTP/1.1" 200 2459 "-" "msnbot/1.0 (+http://search.msn.com/msnbot.htm)"
65.40.115.30 - - [18/Apr/2009:06:17:52 -0400] "HEAD /favicon.ico HTTP/1.1" 404 - "-" "Mozilla/5.0 (Windows; U; Windows NT 5.1; en-US; rv:1.9.0.8) Gecko/2009032609 Firefox/3.0.8"
124.82.85.4 - - [18/Apr/2009:06:18:44 -0400] "GET /favicon.ico HTTP/1.1" 404 292 "-" "Mozilla/5.0 (Windows; U; Windows NT 5.1; en-US; rv:1.8.1.20) Gecko/20081217 Firefox/2.0.0.20"
65.55.217.43 - - [18/Apr/2009:06:19:11 -0400] "GET /robots.txt HTTP/1.1" 404 287 "-" "msnbot-media/1.1 (+http://search.msn.com/msnbot.htm)"
65.55.217.43 - - [18/Apr/2009:06:19:11 -0400] "GET /chayden/SanGabriels/SanGabriels.shtml HTTP/1.1" 404 314 "-" "msnbot-media/1.1 (+http://search.msn.com/msnbot.htm)"
66.249.71.238 - - [18/Apr/2009:06:19:37 -0400] "GET /Silver/pic/Silver99-3-18.jpg HTTP/1.1" 304 - "-" "Googlebot-Image/1.0"
212.39.107.53 - - [18/Apr/2009:06:21:25 -0400] "GET /Asterisk/SeUpAsteriskAtHome_files/image001.gif HTTP/1.1" 200 2324 "http://www.chayden.net/Asterisk/SeUpAsteriskAtHome.htm" "Mozilla/5.0 (Windows; U; Windows NT 5.1; en-GB; rv:1.9.0.8) Gecko/2009032609 Firefox/3.0.8"
212.39.107.53 - - [18/Apr/2009:06:21:26 -0400] "GET /Asterisk/SeUpAsteriskAtHome_files/image003.jpg HTTP/1.1" 200 5132 "http://www.chayden.net/Asterisk/SeUpAsteriskAtHome.htm" "Mozilla/5.0 (Windows; U; Windows NT 5.1; en-GB; rv:1.9.0.8) Gecko/2009032609 Firefox/3.0.8"
212.39.107.53 - - [18/Apr/2009:06:21:26 -0400] "GET /Asterisk/SeUpAsteriskAtHome_files/image004.gif HTTP/1.1" 200 6404 "http://www.chayden.net/Asterisk/SeUpAsteriskAtHome.htm" "Mozilla/5.0 (Windows; U; Windows NT 5.1; en-GB; rv:1.9.0.8) Gecko/2009032609 Firefox/3.0.8"
193.252.149.16 - - [18/Apr/2009:06:21:28 -0400] "GET /Sierra02/pic/ HTTP/1.1" 200 6492 "-" "Mozilla/5.0 (Windows; U; Windows NT 5.1; fr; rv:1.8.1) VoilaBot BETA 1.2 (support.voilabot@orange-ftgroup.com)"
212.39.107.53 - - [18/Apr/2009:06:21:28 -0400] "GET /Asterisk/SeUpAsteriskAtHome_files/image005.gif HTTP/1.1" 200 4365 "http://www.chayden.net/Asterisk/SeUpAsteriskAtHome.htm" "Mozilla/5.0 (Windows; U; Windows NT 5.1; en-GB; rv:1.9.0.8) Gecko/2009032609 Firefox/3.0.8"
212.39.107.53 - - [18/Apr/2009:06:21:28 -0400] "GET /Asterisk/SeUpAsteriskAtHome_files/image007.gif HTTP/1.1" 200 5284 "http://www.chayden.net/Asterisk/SeUpAsteriskAtHome.htm" "Mozilla/5.0 (Windows; U; Windows NT 5.1; en-GB; rv:1.9.0.8) Gecko/2009032609 Firefox/3.0.8"
212.39.107.53 - - [18/Apr/2009:06:21:21 -0400] "GET /Asterisk/SeUpAsteriskAtHome.htm HTTP/1.1" 200 178181 "http://www.google.ba/search?hl=bs&q=ip+pbx&btnG=Google+pretraga&meta=" "Mozilla/5.0 (Windows; U; Windows NT 5.1; en-GB; rv:1.9.0.8) Gecko/2009032609 Firefox/3.0.8"
212.39.107.53 - - [18/Apr/2009:06:21:37 -0400] "GET /Asterisk/SeUpAsteriskAtHome_files/image027.jpg HTTP/1.1" 200 8509 "http://www.chayden.net/Asterisk/SeUpAsteriskAtHome.htm" "Mozilla/5.0 (Windows; U; Windows NT 5.1; en-GB; rv:1.9.0.8) Gecko/2009032609 Firefox/3.0.8"
124.82.85.4 - - [18/Apr/2009:06:21:43 -0400] "GET /favicon.ico HTTP/1.1" 404 292 "-" "Mozilla/5.0 (Windows; U; Windows NT 5.1; en-US; rv:1.8.1.20) Gecko/20081217 Firefox/2.0.0.20"
81.103.197.185 - - [18/Apr/2009:06:21:44 -0400] "GET /includes/hikes.css HTTP/1.1" 200 306 "http://www.chayden.net/Sierra97/Sierra97.html" "Mozilla/4.0 (compatible; MSIE 7.0; Windows NT 5.1; FunWebProducts; GTB5; .NET CLR 1.1.4322; .NET CLR 2.0.50727; Zango 10.3.75.0)"
81.103.197.185 - - [18/Apr/2009:06:21:44 -0400] "GET /Sierra97/Sierra97.html HTTP/1.1" 200 67566 "http://images.google.co.uk/imgres?imgurl=http://www.chayden.net/Sierra97/pic/s97-4-10.jpg&imgrefurl=http://www.chayden.net/Sierra97/Sierra97.html&usg=__Hozy9xrHXWlfT__IjZZMeF7zH0U=&h=328&w=600&sz=68&hl=en&start=15&um=1&tbnid=UFI42QbJaBsHWM:&tbnh=74&tbnw=135&prev=/images%3Fq%3Dscary%2Bridges%26hl%3Den%26um%3D1" "Mozilla/4.0 (compatible; MSIE 7.0; Windows NT 5.1; FunWebProducts; GTB5; .NET CLR 1.1.4322; .NET CLR 2.0.50727; Zango 10.3.75.0)"
81.103.197.185 - - [18/Apr/2009:06:21:44 -0400] "GET /Sierra97/clouds-back.gif HTTP/1.1" 200 19634 "http://www.chayden.net/Sierra97/Sierra97.html" "Mozilla/4.0 (compatible; MSIE 7.0; Windows NT 5.1; FunWebProducts; GTB5; .NET CLR 1.1.4322; .NET CLR 2.0.50727; Zango 10.3.75.0)"
81.103.197.185 - - [18/Apr/2009:06:21:45 -0400] "GET /Sierra97/pic/Sierra97-M1.gif HTTP/1.1" 200 128545 "http://www.chayden.net/Sierra97/Sierra97.html" "Mozilla/4.0 (compatible; MSIE 7.0; Windows NT 5.1; FunWebProducts; GTB5; .NET CLR 1.1.4322; .NET CLR 2.0.50727; Zango 10.3.75.0)"
81.103.197.185 - - [18/Apr/2009:06:21:45 -0400] "GET /Sierra97/pic/s97-4-10.jpg HTTP/1.1" 200 69611 "http://images.google.co.uk/imgres?imgurl=http://www.chayden.net/Sierra97/pic/s97-4-10.jpg&imgrefurl=http://www.chayden.net/Sierra97/Sierra97.html&usg=__Hozy9xrHXWlfT__IjZZMeF7zH0U=&h=328&w=600&sz=68&hl=en&start=15&um=1&tbnid=UFI42QbJaBsHWM:&tbnh=74&tbnw=135&prev=/images%3Fq%3Dscary%2Bridges%26hl%3Den%26um%3D1" "Mozilla/4.0 (compatible; MSIE 7.0; Windows NT 5.1; FunWebProducts; GTB5; .NET CLR 1.1.4322; .NET CLR 2.0.50727; Zango 10.3.75.0)"
81.103.197.185 - - [18/Apr/2009:06:21:46 -0400] "GET /favicon.ico HTTP/1.1" 404 292 "-" "Mozilla/4.0 (compatible; MSIE 7.0; Windows NT 5.1; FunWebProducts; GTB5; .NET CLR 1.1.4322; .NET CLR 2.0.50727; Zango 10.3.75.0)"
212.39.107.53 - - [18/Apr/2009:06:21:32 -0400] "GET /Asterisk/SeUpAsteriskAtHome_files/image009.jpg HTTP/1.1" 200 14238 "http://www.chayden.net/Asterisk/SeUpAsteriskAtHome.htm" "Mozilla/5.0 (Windows; U; Windows NT 5.1; en-GB; rv:1.9.0.8) Gecko/2009032609 Firefox/3.0.8"
81.103.197.185 - - [18/Apr/2009:06:21:52 -0400] "GET /Sierra97/pic/Sierra97-M1.gif HTTP/1.1" 200 128545 "http://www.chayden.net/Sierra97/Sierra97.html" "Mozilla/4.0 (compatible; MSIE 7.0; Windows NT 5.1; FunWebProducts; GTB5; .NET CLR 1.1.4322; .NET CLR 2.0.50727; Zango 10.3.75.0)"
81.103.197.185 - - [18/Apr/2009:06:21:52 -0400] "GET /Sierra97/pic/Sierra97-M2.gif HTTP/1.1" 200 267384 "http://www.chayden.net/Sierra97/Sierra97.html" "Mozilla/4.0 (compatible; MSIE 7.0; Windows NT 5.1; FunWebProducts; GTB5; .NET CLR 1.1.4322; .NET CLR 2.0.50727; Zango 10.3.75.0)"
212.39.107.53 - - [18/Apr/2009:06:21:43 -0400] "GET /Asterisk/SeUpAsteriskAtHome_files/image011.jpg HTTP/1.1" 200 13078 "http://www.chayden.net/Asterisk/SeUpAsteriskAtHome.htm" "Mozilla/5.0 (Windows; U; Windows NT 5.1; en-GB; rv:1.9.0.8) Gecko/2009032609 Firefox/3.0.8"
81.103.197.185 - - [18/Apr/2009:06:21:57 -0400] "GET /Sierra97/pic/Sierra97-M1.gif HTTP/1.1" 206 54341 "http://www.chayden.net/Sierra97/Sierra97.html" "Mozilla/4.0 (compatible; MSIE 7.0; Windows NT 5.1; FunWebProducts; GTB5; .NET CLR 1.1.4322; .NET CLR 2.0.50727; Zango 10.3.75.0)"
81.103.197.185 - - [18/Apr/2009:06:21:57 -0400] "GET /Sierra97/pic/Sierra97-M2.gif HTTP/1.1" 206 222380 "http://www.chayden.net/Sierra97/Sierra97.html" "Mozilla/4.0 (compatible; MSIE 7.0; Windows NT 5.1; FunWebProducts; GTB5; .NET CLR 1.1.4322; .NET CLR 2.0.50727; Zango 10.3.75.0)"
81.103.197.185 - - [18/Apr/2009:06:21:58 -0400] "GET /Sierra97/pic/Sierra97-M3.gif HTTP/1.1" 200 118163 "http://www.chayden.net/Sierra97/Sierra97.html" "Mozilla/4.0 (compatible; MSIE 7.0; Windows NT 5.1; FunWebProducts; GTB5; .NET CLR 1.1.4322; .NET CLR 2.0.50727; Zango 10.3.75.0)"
212.39.107.53 - - [18/Apr/2009:06:22:12 -0400] "GET /Asterisk/SeUpAsteriskAtHome_files/image035.jpg HTTP/1.1" 200 2759 "http://www.chayden.net/Asterisk/SeUpAsteriskAtHome.htm" "Mozilla/5.0 (Windows; U; Windows NT 5.1; en-GB; rv:1.9.0.8) Gecko/2009032609 Firefox/3.0.8"
212.39.107.53 - - [18/Apr/2009:06:21:28 -0400] "GET /Asterisk/SeUpAsteriskAtHome_files/image006.gif HTTP/1.1" 200 33832 "http://www.chayden.net/Asterisk/SeUpAsteriskAtHome.htm" "Mozilla/5.0 (Windows; U; Windows NT 5.1; en-GB; rv:1.9.0.8) Gecko/2009032609 Firefox/3.0.8"
212.39.107.53 - - [18/Apr/2009:06:22:29 -0400] "GET /Asterisk/SeUpAsteriskAtHome_files/image039.jpg HTTP/1.1" 200 1921 "http://www.chayden.net/Asterisk/SeUpAsteriskAtHome.htm" "Mozilla/5.0 (Windows; U; Windows NT 5.1; en-GB; rv:1.9.0.8) Gecko/2009032609 Firefox/3.0.8"
212.39.107.53 - - [18/Apr/2009:06:21:47 -0400] "GET /Asterisk/SeUpAsteriskAtHome_files/image013.jpg HTTP/1.1" 200 21296 "http://www.chayden.net/Asterisk/SeUpAsteriskAtHome.htm" "Mozilla/5.0 (Windows; U; Windows NT 5.1; en-GB; rv:1.9.0.8) Gecko/2009032609 Firefox/3.0.8"
124.82.85.4 - - [18/Apr/2009:06:22:39 -0400] "GET /favicon.ico HTTP/1.1" 404 292 "-" "Mozilla/5.0 (Windows; U; Windows NT 5.1; en-US; rv:1.8.1.20) Gecko/20081217 Firefox/2.0.0.20"
84.167.73.80 - - [18/Apr/2009:06:22:40 -0400] "GET /Index.shtml HTTP/1.1" 200 16619 "http://www.chayden.net/eliza/Eliza.html" "Mozilla/5.0 (Macintosh; U; Intel Mac OS X 10.5; de; rv:1.9.0.5) Gecko/2008120121 Firefox/3.0.5"
84.167.73.80 - - [18/Apr/2009:06:22:41 -0400] "GET /images/border1.gif HTTP/1.1" 200 982 "http://www.chayden.net/Index.shtml" "Mozilla/5.0 (Macintosh; U; Intel Mac OS X 10.5; de; rv:1.9.0.5) Gecko/2008120121 Firefox/3.0.5"
84.167.73.80 - - [18/Apr/2009:06:22:41 -0400] "GET /images/cch1.gif HTTP/1.1" 200 7300 "http://www.chayden.net/Index.shtml" "Mozilla/5.0 (Macintosh; U; Intel Mac OS X 10.5; de; rv:1.9.0.5) Gecko/2008120121 Firefox/3.0.5"
84.167.73.80 - - [18/Apr/2009:06:22:41 -0400] "GET /images/bar1.gif HTTP/1.1" 200 1463 "http://www.chayden.net/Index.shtml" "Mozilla/5.0 (Macintosh; U; Intel Mac OS X 10.5; de; rv:1.9.0.5) Gecko/2008120121 Firefox/3.0.5"
84.167.73.80 - - [18/Apr/2009:06:22:41 -0400] "GET /images/TigerEye/bullet.gif HTTP/1.1" 200 943 "http://www.chayden.net/Index.shtml" "Mozilla/5.0 (Macintosh; U; Intel Mac OS X 10.5; de; rv:1.9.0.5) Gecko/2008120121 Firefox/3.0.5"
84.167.73.80 - - [18/Apr/2009:06:22:41 -0400] "GET /images/cch.jpg HTTP/1.1" 200 10095 "http://www.chayden.net/Index.shtml" "Mozilla/5.0 (Macintosh; U; Intel Mac OS X 10.5; de; rv:1.9.0.5) Gecko/2008120121 Firefox/3.0.5"
84.167.73.80 - - [18/Apr/2009:06:22:41 -0400] "GET /Sierra97/pic/s97-icon.jpg HTTP/1.1" 200 1848 "http://www.chayden.net/Index.shtml" "Mozilla/5.0 (Macintosh; U; Intel Mac OS X 10.5; de; rv:1.9.0.5) Gecko/2008120121 Firefox/3.0.5"
84.167.73.80 - - [18/Apr/2009:06:22:41 -0400] "GET /images/picosmall.gif HTTP/1.1" 200 2527 "http://www.chayden.net/Index.shtml" "Mozilla/5.0 (Macintosh; U; Intel Mac OS X 10.5; de; rv:1.9.0.5) Gecko/2008120121 Firefox/3.0.5"
72.30.65.28 - - [18/Apr/2009:06:22:43 -0400] "GET /Catskills/TPO/?C=S;O=A HTTP/1.0" 200 1540 "-" "Mozilla/5.0 (compatible; Yahoo! Slurp/3.0; http://help.yahoo.com/help/us/ysearch/slurp)"
212.39.107.53 - - [18/Apr/2009:06:21:52 -0400] "GET /Asterisk/SeUpAsteriskAtHome_files/image019.jpg HTTP/1.1" 200 39902 "http://www.chayden.net/Asterisk/SeUpAsteriskAtHome.htm" "Mozilla/5.0 (Windows; U; Windows NT 5.1; en-GB; rv:1.9.0.8) Gecko/2009032609 Firefox/3.0.8"
212.39.107.53 - - [18/Apr/2009:06:21:40 -0400] "GET /Asterisk/SeUpAsteriskAtHome_files/image029.jpg HTTP/1.1" 200 43404 "http://www.chayden.net/Asterisk/SeUpAsteriskAtHome.htm" "Mozilla/5.0 (Windows; U; Windows NT 5.1; en-GB; rv:1.9.0.8) Gecko/2009032609 Firefox/3.0.8"
212.39.107.53 - - [18/Apr/2009:06:22:55 -0400] "GET /Asterisk/SeUpAsteriskAtHome_files/image044.jpg HTTP/1.1" 200 6079 "http://www.chayden.net/Asterisk/SeUpAsteriskAtHome.htm" "Mozilla/5.0 (Windows; U; Windows NT 5.1; en-GB; rv:1.9.0.8) Gecko/2009032609 Firefox/3.0.8"
212.39.107.53 - - [18/Apr/2009:06:21:48 -0400] "GET /Asterisk/SeUpAsteriskAtHome_files/image017.jpg HTTP/1.1" 200 30515 "http://www.chayden.net/Asterisk/SeUpAsteriskAtHome.htm" "Mozilla/5.0 (Windows; U; Windows NT 5.1; en-GB; rv:1.9.0.8) Gecko/2009032609 Firefox/3.0.8"
212.39.107.53 - - [18/Apr/2009:06:22:01 -0400] "GET /Asterisk/SeUpAsteriskAtHome_files/image024.jpg HTTP/1.1" 200 31330 "http://www.chayden.net/Asterisk/SeUpAsteriskAtHome.htm" "Mozilla/5.0 (Windows; U; Windows NT 5.1; en-GB; rv:1.9.0.8) Gecko/2009032609 Firefox/3.0.8"
212.39.107.53 - - [18/Apr/2009:06:21:56 -0400] "GET /Asterisk/SeUpAsteriskAtHome_files/image020.gif HTTP/1.1" 200 49946 "http://www.chayden.net/Asterisk/SeUpAsteriskAtHome.htm" "Mozilla/5.0 (Windows; U; Windows NT 5.1; en-GB; rv:1.9.0.8) Gecko/2009032609 Firefox/3.0.8"
212.39.107.53 - - [18/Apr/2009:06:21:57 -0400] "GET /Asterisk/SeUpAsteriskAtHome_files/image022.jpg HTTP/1.1" 200 34633 "http://www.chayden.net/Asterisk/SeUpAsteriskAtHome.htm" "Mozilla/5.0 (Windows; U; Windows NT 5.1; en-GB; rv:1.9.0.8) Gecko/2009032609 Firefox/3.0.8"
212.39.107.53 - - [18/Apr/2009:06:22:06 -0400] "GET /Asterisk/SeUpAsteriskAtHome_files/image026.jpg HTTP/1.1" 200 37910 "http://www.chayden.net/Asterisk/SeUpAsteriskAtHome.htm" "Mozilla/5.0 (Windows; U; Windows NT 5.1; en-GB; rv:1.9.0.8) Gecko/2009032609 Firefox/3.0.8"
84.75.101.118 - - [18/Apr/2009:06:23:32 -0400] "GET /Asterisk/favicon.ico HTTP/1.1" 404 301 "-" "Mozilla/4.0 (compatible; GoogleToolbar 5.0.2124.6042; Windows XP 5.1; MSIE 7.0.5730.13)"
84.75.101.118 - - [18/Apr/2009:06:23:33 -0400] "GET /Asterisk/favicon.gif HTTP/1.1" 404 301 "-" "Mozilla/4.0 (compatible; GoogleToolbar 5.0.2124.6042; Windows XP 5.1; MSIE 7.0.5730.13)"
212.39.107.53 - - [18/Apr/2009:06:22:08 -0400] "GET /Asterisk/SeUpAsteriskAtHome_files/image033.jpg HTTP/1.1" 200 30788 "http://www.chayden.net/Asterisk/SeUpAsteriskAtHome.htm" "Mozilla/5.0 (Windows; U; Windows NT 5.1; en-GB; rv:1.9.0.8) Gecko/2009032609 Firefox/3.0.8"
212.39.107.53 - - [18/Apr/2009:06:22:45 -0400] "GET /Asterisk/SeUpAsteriskAtHome_files/image043.jpg HTTP/1.1" 200 22658 "http://www.chayden.net/Asterisk/SeUpAsteriskAtHome.htm" "Mozilla/5.0 (Windows; U; Windows NT 5.1; en-GB; rv:1.9.0.8) Gecko/2009032609 Firefox/3.0.8"
84.167.73.80 - - [18/Apr/2009:06:23:52 -0400] "GET /eliza/script HTTP/1.1" 200 12267 "-" "Mozilla/4.0 (Mac OS X 10.5.6) Java/1.5.0_13"
212.39.107.53 - - [18/Apr/2009:06:21:47 -0400] "GET /Asterisk/SeUpAsteriskAtHome_files/image015.jpg HTTP/1.1" 200 47335 "http://www.chayden.net/Asterisk/SeUpAsteriskAtHome.htm" "Mozilla/5.0 (Windows; U; Windows NT 5.1; en-GB; rv:1.9.0.8) Gecko/2009032609 Firefox/3.0.8"
212.39.107.53 - - [18/Apr/2009:06:22:39 -0400] "GET /Asterisk/SeUpAsteriskAtHome_files/image041.jpg HTTP/1.1" 200 26765 "http://www.chayden.net/Asterisk/SeUpAsteriskAtHome.htm" "Mozilla/5.0 (Windows; U; Windows NT 5.1; en-GB; rv:1.9.0.8) Gecko/2009032609 Firefox/3.0.8"
212.39.107.53 - - [18/Apr/2009:06:22:58 -0400] "GET /Asterisk/SeUpAsteriskAtHome_files/image046.jpg HTTP/1.1" 200 35168 "http://www.chayden.net/Asterisk/SeUpAsteriskAtHome.htm" "Mozilla/5.0 (Windows; U; Windows NT 5.1; en-GB; rv:1.9.0.8) Gecko/2009032609 Firefox/3.0.8"
212.39.107.53 - - [18/Apr/2009:06:22:07 -0400] "GET /Asterisk/SeUpAsteriskAtHome_files/image031.jpg HTTP/1.1" 200 30259 "http://www.chayden.net/Asterisk/SeUpAsteriskAtHome.htm" "Mozilla/5.0 (Windows; U; Windows NT 5.1; en-GB; rv:1.9.0.8) Gecko/2009032609 Firefox/3.0.8"
212.39.107.53 - - [18/Apr/2009:06:22:23 -0400] "GET /Asterisk/SeUpAsteriskAtHome_files/image037.jpg HTTP/1.1" 200 42221 "http://www.chayden.net/Asterisk/SeUpAsteriskAtHome.htm" "Mozilla/5.0 (Windows; U; Windows NT 5.1; en-GB; rv:1.9.0.8) Gecko/2009032609 Firefox/3.0.8"
212.39.107.53 - - [18/Apr/2009:06:24:25 -0400] "GET /favicon.ico HTTP/1.1" 404 292 "-" "Mozilla/5.0 (Windows; U; Windows NT 5.1; en-GB; rv:1.9.0.8) Gecko/2009032609 Firefox/3.0.8"
212.39.107.53 - - [18/Apr/2009:06:24:28 -0400] "GET /favicon.ico HTTP/1.1" 404 292 "-" "Mozilla/5.0 (Windows; U; Windows NT 5.1; en-GB; rv:1.9.0.8) Gecko/2009032609 Firefox/3.0.8"
81.103.197.185 - - [18/Apr/2009:06:27:40 -0400] "GET /Sierra97/pic/Sierra97-M2.gif HTTP/1.1" 206 73771 "http://www.chayden.net/Sierra97/Sierra97.html" "Mozilla/4.0 (compatible; MSIE 7.0; Windows NT 5.1; FunWebProducts; GTB5; .NET CLR 1.1.4322; .NET CLR 2.0.50727; Zango 10.3.75.0)"
81.103.197.185 - - [18/Apr/2009:06:27:40 -0400] "GET /Sierra97/pic/Sierra97-M3.gif HTTP/1.1" 200 118163 "http://www.chayden.net/Sierra97/Sierra97.html" "Mozilla/4.0 (compatible; MSIE 7.0; Windows NT 5.1; FunWebProducts; GTB5; .NET CLR 1.1.4322; .NET CLR 2.0.50727; Zango 10.3.75.0)"
81.103.197.185 - - [18/Apr/2009:06:27:41 -0400] "GET /Sierra97/pic/s97-1-25.jpg HTTP/1.1" 200 45176 "http://www.chayden.net/Sierra97/Sierra97.html" "Mozilla/4.0 (compatible; MSIE 7.0; Windows NT 5.1; FunWebProducts; GTB5; .NET CLR 1.1.4322; .NET CLR 2.0.50727; Zango 10.3.75.0)"
81.103.197.185 - - [18/Apr/2009:06:27:41 -0400] "GET /Sierra97/pic/s97-1-23.jpg HTTP/1.1" 200 44567 "http://www.chayden.net/Sierra97/Sierra97.html" "Mozilla/4.0 (compatible; MSIE 7.0; Windows NT 5.1; FunWebProducts; GTB5; .NET CLR 1.1.4322; .NET CLR 2.0.50727; Zango 10.3.75.0)"
65.40.115.30 - - [18/Apr/2009:06:27:53 -0400] "HEAD /favicon.ico HTTP/1.1" 404 - "-" "Mozilla/5.0 (Windows; U; Windows NT 5.1; en-US; rv:1.9.0.8) Gecko/2009032609 Firefox/3.0.8"
124.82.85.4 - - [18/Apr/2009:06:28:24 -0400] "GET /favicon.ico HTTP/1.1" 404 292 "-" "Mozilla/5.0 (Windows; U; Windows NT 5.1; en-US; rv:1.8.1.20) Gecko/20081217 Firefox/2.0.0.20"
69.125.115.136 - - [18/Apr/2009:06:35:26 -0400] "GET /Catskills/favicon.ico HTTP/1.1" 404 298 "-" "Mozilla/4.0 (compatible; GoogleToolbar 5.0.2124.6042; Windows 6.0; MSIE 7.0.6001.18000)"
69.125.115.136 - - [18/Apr/2009:06:35:26 -0400] "GET /Catskills/favicon.gif HTTP/1.1" 404 298 "-" "Mozilla/4.0 (compatible; GoogleToolbar 5.0.2124.6042; Windows 6.0; MSIE 7.0.6001.18000)"
65.55.106.170 - - [18/Apr/2009:06:35:28 -0400] "GET /robots.txt HTTP/1.1" 404 287 "-" "msnbot/2.0b (+http://search.msn.com/msnbot.htm)"
72.30.65.28 - - [18/Apr/2009:06:36:46 -0400] "GET /Catskills/?S=D HTTP/1.0" 200 5930 "-" "Mozilla/5.0 (compatible; Yahoo! Slurp/3.0; http://help.yahoo.com/help/us/ysearch/slurp)"
80.56.160.185 - - [18/Apr/2009:06:37:10 -0400] "GET /Asterisk/favicon.ico HTTP/1.1" 404 297 "-" "Mozilla/4.0 (compatible; GoogleToolbar 5.0.2124.6042; Windows 6.0; MSIE 7.0.6001.18000)"
80.56.160.185 - - [18/Apr/2009:06:37:10 -0400] "GET /Asterisk/favicon.gif HTTP/1.1" 404 297 "-" "Mozilla/4.0 (compatible; GoogleToolbar 5.0.2124.6042; Windows 6.0; MSIE 7.0.6001.18000)"
65.55.217.53 - - [18/Apr/2009:06:37:12 -0400] "GET /robots.txt HTTP/1.1" 404 291 "-" "msnbot-media/1.1 (+http://search.msn.com/msnbot.htm)"
65.55.217.53 - - [18/Apr/2009:06:37:12 -0400] "GET /Runs/FairHaven/NavesinkLoop.jpg HTTP/1.1" 200 224373 "-" "msnbot-media/1.1 (+http://search.msn.com/msnbot.htm)"
65.40.115.30 - - [18/Apr/2009:06:37:52 -0400] "HEAD /favicon.ico HTTP/1.1" 404 - "-" "Mozilla/5.0 (Windows; U; Windows NT 5.1; en-US; rv:1.9.0.8) Gecko/2009032609 Firefox/3.0.8"
212.152.2.51 - - [18/Apr/2009:06:38:24 -0400] "GET /Runs/Adidas/index.htm HTTP/1.1" 200 2459 "http://images.google.ch/imgres?imgurl=http://www.chayden.net/Runs/Adidas/cable-car.jpg&imgrefurl=http://www.chayden.net/Runs/Adidas/index.htm&usg=__AUThGovzM_JaXmeocCGsMON7_9w=&h=2978&w=2335&sz=839&hl=de&start=16&um=1&tbnid=Vje05rZHM0tm3M:&tbnh=150&tbnw=118&prev=/images%3Fq%3Dadidas%2Brunning%26imgsz%3Dhuge%26hl%3Dde%26sa%3DG%26um%3D1" "Mozilla/5.0 (Windows; U; Windows NT 5.1; de; rv:1.9.0.8) Gecko/2009032609 Firefox/3.0.8"
212.152.2.51 - - [18/Apr/2009:06:38:24 -0400] "GET /Runs/Adidas/vaseline800.jpg HTTP/1.1" 200 61165 "http://www.chayden.net/Runs/Adidas/index.htm" "Mozilla/5.0 (Windows; U; Windows NT 5.1; de; rv:1.9.0.8) Gecko/2009032609 Firefox/3.0.8"
212.152.2.51 - - [18/Apr/2009:06:38:24 -0400] "GET /Runs/Adidas/tree-800.jpg HTTP/1.1" 200 76203 "http://www.chayden.net/Runs/Adidas/index.htm" "Mozilla/5.0 (Windows; U; Windows NT 5.1; de; rv:1.9.0.8) Gecko/2009032609 Firefox/3.0.8"
212.152.2.51 - - [18/Apr/2009:06:38:24 -0400] "GET /Runs/Adidas/tape-800.jpg HTTP/1.1" 200 114686 "http://www.chayden.net/Runs/Adidas/index.htm" "Mozilla/5.0 (Windows; U; Windows NT 5.1; de; rv:1.9.0.8) Gecko/2009032609 Firefox/3.0.8"
212.152.2.51 - - [18/Apr/2009:06:38:24 -0400] "GET /Runs/Adidas/changing-800.jpg HTTP/1.1" 200 118677 "http://www.chayden.net/Runs/Adidas/index.htm" "Mozilla/5.0 (Windows; U; Windows NT 5.1; de; rv:1.9.0.8) Gecko/2009032609 Firefox/3.0.8"
212.152.2.51 - - [18/Apr/2009:06:38:24 -0400] "GET /Runs/Adidas/baby-800.jpg HTTP/1.1" 200 127856 "http://www.chayden.net/Runs/Adidas/index.htm" "Mozilla/5.0 (Windows; U; Windows NT 5.1; de; rv:1.9.0.8) Gecko/2009032609 Firefox/3.0.8"
212.152.2.51 - - [18/Apr/2009:06:38:24 -0400] "GET /Runs/Adidas/dr-office-800.jpg HTTP/1.1" 200 105355 "http://www.chayden.net/Runs/Adidas/index.htm" "Mozilla/5.0 (Windows; U; Windows NT 5.1; de; rv:1.9.0.8) Gecko/2009032609 Firefox/3.0.8"
212.152.2.51 - - [18/Apr/2009:06:38:25 -0400] "GET /Runs/Adidas/snot-rocket-800.jpg HTTP/1.1" 200 63993 "http://www.chayden.net/Runs/Adidas/index.htm" "Mozilla/5.0 (Windows; U; Windows NT 5.1; de; rv:1.9.0.8) Gecko/2009032609 Firefox/3.0.8"
212.152.2.51 - - [18/Apr/2009:06:38:25 -0400] "GET /Runs/Adidas/park-800.jpg HTTP/1.1" 200 52610 "http://www.chayden.net/Runs/Adidas/index.htm" "Mozilla/5.0 (Windows; U; Windows NT 5.1; de; rv:1.9.0.8) Gecko/2009032609 Firefox/3.0.8"
212.152.2.51 - - [18/Apr/2009:06:38:25 -0400] "GET /Runs/Adidas/cable-car-800.JPG HTTP/1.1" 200 60723 "http://www.chayden.net/Runs/Adidas/index.htm" "Mozilla/5.0 (Windows; U; Windows NT 5.1; de; rv:1.9.0.8) Gecko/2009032609 Firefox/3.0.8"
212.152.2.51 - - [18/Apr/2009:06:38:25 -0400] "GET /Runs/Adidas/bank-800.jpg HTTP/1.1" 200 99716 "http://www.chayden.net/Runs/Adidas/index.htm" "Mozilla/5.0 (Windows; U; Windows NT 5.1; de; rv:1.9.0.8) Gecko/2009032609 Firefox/3.0.8"
212.152.2.51 - - [18/Apr/2009:06:38:25 -0400] "GET /Runs/Adidas/river-800.jpg HTTP/1.1" 200 144245 "http://www.chayden.net/Runs/Adidas/index.htm" "Mozilla/5.0 (Windows; U; Windows NT 5.1; de; rv:1.9.0.8) Gecko/2009032609 Firefox/3.0.8"
125.160.70.174 - - [18/Apr/2009:06:46:02 -0400] "GET /Runs/Adidas/tree.jpg HTTP/1.1" 200 976780 "http://worldofcherie.blogspot.com/" "Mozilla/5.0 (Windows; U; Windows NT 5.1; id; rv:1.9.0.8) Gecko/2009032609 Firefox/3.0.8"
72.30.65.28 - - [18/Apr/2009:06:46:44 -0400] "GET /eliza/Eliza/ElizaApp.java HTTP/1.0" 200 1210 "-" "Mozilla/5.0 (compatible; Yahoo! Slurp/3.0; http://help.yahoo.com/help/us/ysearch/slurp)"
125.160.70.174 - - [18/Apr/2009:06:46:38 -0400] "GET /Runs/Adidas/tree.jpg HTTP/1.1" 200 976780 "http://worldofcherie.blogspot.com/" "Mozilla/5.0 (Windows; U; Windows NT 5.1; id; rv:1.9.0.8) Gecko/2009032609 Firefox/3.0.8"
123.121.199.6 - - [18/Apr/2009:06:46:54 -0400] "GET /eliza/favicon.ico HTTP/1.1" 404 294 "-" "Mozilla/4.0 (compatible; GoogleToolbar 5.0.2124.6042; Windows XP 5.1; MSIE 7.0.5730.11)"
123.121.199.6 - - [18/Apr/2009:06:46:55 -0400] "GET /eliza/favicon.gif HTTP/1.1" 404 294 "-" "Mozilla/4.0 (compatible; GoogleToolbar 5.0.2124.6042; Windows XP 5.1; MSIE 7.0.5730.11)"
65.40.115.30 - - [18/Apr/2009:06:47:52 -0400] "HEAD /favicon.ico HTTP/1.1" 404 - "-" "Mozilla/5.0 (Windows; U; Windows NT 5.1; en-US; rv:1.9.0.8) Gecko/2009032609 Firefox/3.0.8"
125.160.70.174 - - [18/Apr/2009:06:47:10 -0400] "GET /Runs/Adidas/tree.jpg HTTP/1.1" 200 976780 "http://worldofcherie.blogspot.com/" "Mozilla/5.0 (Windows; U; Windows NT 5.1; id; rv:1.9.0.8) Gecko/2009032609 Firefox/3.0.8"
69.125.115.136 - - [18/Apr/2009:06:48:37 -0400] "GET /Catskills/favicon.ico HTTP/1.1" 404 298 "-" "Mozilla/4.0 (compatible; GoogleToolbar 5.0.2124.6042; Windows 6.0; MSIE 7.0.6001.18000)"
69.125.115.136 - - [18/Apr/2009:06:48:37 -0400] "GET /Catskills/favicon.gif HTTP/1.1" 404 298 "-" "Mozilla/4.0 (compatible; GoogleToolbar 5.0.2124.6042; Windows 6.0; MSIE 7.0.6001.18000)"
117.96.125.115 - - [18/Apr/2009:06:46:56 -0400] "GET /Runs/Adidas/tree.jpg HTTP/1.1" 200 976780 "http://savitabhabhi.com/fanclub/showthread.php?tid=9192&page=20" "Mozilla/4.0 (compatible; MSIE 6.0; Windows NT 5.1; SV1; .NET CLR 2.0.50727)"
217.17.240.15 - - [18/Apr/2009:06:50:35 -0400] "GET /Runs/Adidas/baby.jpg HTTP/1.1" 200 185918 "http://princes8kelsey.info/" "Mozilla/5.0 (Windows; U; Windows NT 6.0; en-US) AppleWebKit/528.16 (KHTML, like Gecko) Version/4.0 Safari/528.16"
24.80.72.60 - - [18/Apr/2009:06:50:38 -0400] "GET /Asterisk/favicon.ico HTTP/1.1" 404 301 "-" "Mozilla/4.0 (compatible; GoogleToolbar 5.0.2124.6042; Windows XP 5.1; MSIE 7.0.5730.13)"
24.80.72.60 - - [18/Apr/2009:06:50:38 -0400] "GET /Asterisk/favicon.gif HTTP/1.1" 404 301 "-" "Mozilla/4.0 (compatible; GoogleToolbar 5.0.2124.6042; Windows XP 5.1; MSIE 7.0.5730.13)"
121.98.144.12 - - [18/Apr/2009:06:51:33 -0400] "GET /Asterisk/SeUpAsteriskAtHome_files/image001.gif HTTP/1.1" 200 2324 "http://www.chayden.net/Asterisk/SeUpAsteriskAtHome.htm" "Mozilla/5.0 (Macintosh; U; Intel Mac OS X 10_5_6; en-us) AppleWebKit/525.27.1 (KHTML, like Gecko) Version/3.2.1 Safari/525.27.1"
121.98.144.12 - - [18/Apr/2009:06:51:33 -0400] "GET /Asterisk/SeUpAsteriskAtHome_files/image003.jpg HTTP/1.1" 200 5132 "http://www.chayden.net/Asterisk/SeUpAsteriskAtHome.htm" "Mozilla/5.0 (Macintosh; U; Intel Mac OS X 10_5_6; en-us) AppleWebKit/525.27.1 (KHTML, like Gecko) Version/3.2.1 Safari/525.27.1"
121.98.144.12 - - [18/Apr/2009:06:51:33 -0400] "GET /Asterisk/SeUpAsteriskAtHome_files/image005.gif HTTP/1.1" 200 4365 "http://www.chayden.net/Asterisk/SeUpAsteriskAtHome.htm" "Mozilla/5.0 (Macintosh; U; Intel Mac OS X 10_5_6; en-us) AppleWebKit/525.27.1 (KHTML, like Gecko) Version/3.2.1 Safari/525.27.1"
121.98.144.12 - - [18/Apr/2009:06:51:33 -0400] "GET /Asterisk/SeUpAsteriskAtHome_files/image004.gif HTTP/1.1" 200 6404 "http://www.chayden.net/Asterisk/SeUpAsteriskAtHome.htm" "Mozilla/5.0 (Macintosh; U; Intel Mac OS X 10_5_6; en-us) AppleWebKit/525.27.1 (KHTML, like Gecko) Version/3.2.1 Safari/525.27.1"
121.98.144.12 - - [18/Apr/2009:06:51:31 -0400] "GET /Asterisk/SeUpAsteriskAtHome.htm HTTP/1.1" 200 178181 "http://www.google.co.nz/search?hl=en&q=ip+pbx&btnG=Google+Search&meta=&aq=f&oq=" "Mozilla/5.0 (Macintosh; U; Intel Mac OS X 10_5_6; en-us) AppleWebKit/525.27.1 (KHTML, like Gecko) Version/3.2.1 Safari/525.27.1"
121.98.144.12 - - [18/Apr/2009:06:51:33 -0400] "GET /Asterisk/SeUpAsteriskAtHome_files/image007.gif HTTP/1.1" 200 5284 "http://www.chayden.net/Asterisk/SeUpAsteriskAtHome.htm" "Mozilla/5.0 (Macintosh; U; Intel Mac OS X 10_5_6; en-us) AppleWebKit/525.27.1 (KHTML, like Gecko) Version/3.2.1 Safari/525.27.1"
121.98.144.12 - - [18/Apr/2009:06:51:33 -0400] "GET /Asterisk/SeUpAsteriskAtHome_files/image013.jpg HTTP/1.1" 200 21296 "http://www.chayden.net/Asterisk/SeUpAsteriskAtHome.htm" "Mozilla/5.0 (Macintosh; U; Intel Mac OS X 10_5_6; en-us) AppleWebKit/525.27.1 (KHTML, like Gecko) Version/3.2.1 Safari/525.27.1"
121.98.144.12 - - [18/Apr/2009:06:51:33 -0400] "GET /Asterisk/SeUpAsteriskAtHome_files/image011.jpg HTTP/1.1" 200 13078 "http://www.chayden.net/Asterisk/SeUpAsteriskAtHome.htm" "Mozilla/5.0 (Macintosh; U; Intel Mac OS X 10_5_6; en-us) AppleWebKit/525.27.1 (KHTML, like Gecko) Version/3.2.1 Safari/525.27.1"
121.98.144.12 - - [18/Apr/2009:06:51:33 -0400] "GET /Asterisk/SeUpAsteriskAtHome_files/image006.gif HTTP/1.1" 200 33832 "http://www.chayden.net/Asterisk/SeUpAsteriskAtHome.htm" "Mozilla/5.0 (Macintosh; U; Intel Mac OS X 10_5_6; en-us) AppleWebKit/525.27.1 (KHTML, like Gecko) Version/3.2.1 Safari/525.27.1"
121.98.144.12 - - [18/Apr/2009:06:51:34 -0400] "GET /Asterisk/SeUpAsteriskAtHome_files/image009.jpg HTTP/1.1" 200 14238 "http://www.chayden.net/Asterisk/SeUpAsteriskAtHome.htm" "Mozilla/5.0 (Macintosh; U; Intel Mac OS X 10_5_6; en-us) AppleWebKit/525.27.1 (KHTML, like Gecko) Version/3.2.1 Safari/525.27.1"
121.98.144.12 - - [18/Apr/2009:06:51:35 -0400] "GET /Asterisk/SeUpAsteriskAtHome_files/image027.jpg HTTP/1.1" 200 8509 "http://www.chayden.net/Asterisk/SeUpAsteriskAtHome.htm" "Mozilla/5.0 (Macintosh; U; Intel Mac OS X 10_5_6; en-us) AppleWebKit/525.27.1 (KHTML, like Gecko) Version/3.2.1 Safari/525.27.1"
121.98.144.12 - - [18/Apr/2009:06:51:34 -0400] "GET /Asterisk/SeUpAsteriskAtHome_files/image015.jpg HTTP/1.1" 200 47335 "http://www.chayden.net/Asterisk/SeUpAsteriskAtHome.htm" "Mozilla/5.0 (Macintosh; U; Intel Mac OS X 10_5_6; en-us) AppleWebKit/525.27.1 (KHTML, like Gecko) Version/3.2.1 Safari/525.27.1"
121.98.144.12 - - [18/Apr/2009:06:51:34 -0400] "GET /Asterisk/SeUpAsteriskAtHome_files/image020.gif HTTP/1.1" 200 49946 "http://www.chayden.net/Asterisk/SeUpAsteriskAtHome.htm" "Mozilla/5.0 (Macintosh; U; Intel Mac OS X 10_5_6; en-us) AppleWebKit/525.27.1 (KHTML, like Gecko) Version/3.2.1 Safari/525.27.1"
121.98.144.12 - - [18/Apr/2009:06:51:35 -0400] "GET /Asterisk/SeUpAsteriskAtHome_files/image017.jpg HTTP/1.1" 200 30515 "http://www.chayden.net/Asterisk/SeUpAsteriskAtHome.htm" "Mozilla/5.0 (Macintosh; U; Intel Mac OS X 10_5_6; en-us) AppleWebKit/525.27.1 (KHTML, like Gecko) Version/3.2.1 Safari/525.27.1"
121.98.144.12 - - [18/Apr/2009:06:51:35 -0400] "GET /Asterisk/SeUpAsteriskAtHome_files/image026.jpg HTTP/1.1" 200 37910 "http://www.chayden.net/Asterisk/SeUpAsteriskAtHome.htm" "Mozilla/5.0 (Macintosh; U; Intel Mac OS X 10_5_6; en-us) AppleWebKit/525.27.1 (KHTML, like Gecko) Version/3.2.1 Safari/525.27.1"
121.98.144.12 - - [18/Apr/2009:06:51:34 -0400] "GET /Asterisk/SeUpAsteriskAtHome_files/image019.jpg HTTP/1.1" 200 39902 "http://www.chayden.net/Asterisk/SeUpAsteriskAtHome.htm" "Mozilla/5.0 (Macintosh; U; Intel Mac OS X 10_5_6; en-us) AppleWebKit/525.27.1 (KHTML, like Gecko) Version/3.2.1 Safari/525.27.1"
121.98.144.12 - - [18/Apr/2009:06:51:36 -0400] "GET /Asterisk/SeUpAsteriskAtHome_files/image035.jpg HTTP/1.1" 200 2759 "http://www.chayden.net/Asterisk/SeUpAsteriskAtHome.htm" "Mozilla/5.0 (Macintosh; U; Intel Mac OS X 10_5_6; en-us) AppleWebKit/525.27.1 (KHTML, like Gecko) Version/3.2.1 Safari/525.27.1"
121.98.144.12 - - [18/Apr/2009:06:51:35 -0400] "GET /Asterisk/SeUpAsteriskAtHome_files/image024.jpg HTTP/1.1" 200 31330 "http://www.chayden.net/Asterisk/SeUpAsteriskAtHome.htm" "Mozilla/5.0 (Macintosh; U; Intel Mac OS X 10_5_6; en-us) AppleWebKit/525.27.1 (KHTML, like Gecko) Version/3.2.1 Safari/525.27.1"
121.98.144.12 - - [18/Apr/2009:06:51:34 -0400] "GET /Asterisk/SeUpAsteriskAtHome_files/image022.jpg HTTP/1.1" 200 34633 "http://www.chayden.net/Asterisk/SeUpAsteriskAtHome.htm" "Mozilla/5.0 (Macintosh; U; Intel Mac OS X 10_5_6; en-us) AppleWebKit/525.27.1 (KHTML, like Gecko) Version/3.2.1 Safari/525.27.1"
121.98.144.12 - - [18/Apr/2009:06:51:36 -0400] "GET /Asterisk/SeUpAsteriskAtHome_files/image039.jpg HTTP/1.1" 200 1921 "http://www.chayden.net/Asterisk/SeUpAsteriskAtHome.htm" "Mozilla/5.0 (Macintosh; U; Intel Mac OS X 10_5_6; en-us) AppleWebKit/525.27.1 (KHTML, like Gecko) Version/3.2.1 Safari/525.27.1"
121.98.144.12 - - [18/Apr/2009:06:51:35 -0400] "GET /Asterisk/SeUpAsteriskAtHome_files/image031.jpg HTTP/1.1" 200 30259 "http://www.chayden.net/Asterisk/SeUpAsteriskAtHome.htm" "Mozilla/5.0 (Macintosh; U; Intel Mac OS X 10_5_6; en-us) AppleWebKit/525.27.1 (KHTML, like Gecko) Version/3.2.1 Safari/525.27.1"
121.98.144.12 - - [18/Apr/2009:06:51:36 -0400] "GET /Asterisk/SeUpAsteriskAtHome_files/image033.jpg HTTP/1.1" 200 30788 "http://www.chayden.net/Asterisk/SeUpAsteriskAtHome.htm" "Mozilla/5.0 (Macintosh; U; Intel Mac OS X 10_5_6; en-us) AppleWebKit/525.27.1 (KHTML, like Gecko) Version/3.2.1 Safari/525.27.1"
121.98.144.12 - - [18/Apr/2009:06:51:36 -0400] "GET /Asterisk/SeUpAsteriskAtHome_files/image044.jpg HTTP/1.1" 200 6079 "http://www.chayden.net/Asterisk/SeUpAsteriskAtHome.htm" "Mozilla/5.0 (Macintosh; U; Intel Mac OS X 10_5_6; en-us) AppleWebKit/525.27.1 (KHTML, like Gecko) Version/3.2.1 Safari/525.27.1"
121.98.144.12 - - [18/Apr/2009:06:51:36 -0400] "GET /Asterisk/SeUpAsteriskAtHome_files/image029.jpg HTTP/1.1" 200 43404 "http://www.chayden.net/Asterisk/SeUpAsteriskAtHome.htm" "Mozilla/5.0 (Macintosh; U; Intel Mac OS X 10_5_6; en-us) AppleWebKit/525.27.1 (KHTML, like Gecko) Version/3.2.1 Safari/525.27.1"
121.98.144.12 - - [18/Apr/2009:06:51:37 -0400] "GET /favicon.ico HTTP/1.1" 404 292 "http://www.chayden.net/Asterisk/SeUpAsteriskAtHome.htm" "Mozilla/5.0 (Macintosh; U; Intel Mac OS X 10_5_6; en-us) AppleWebKit/525.27.1 (KHTML, like Gecko) Version/3.2.1 Safari/525.27.1"
121.98.144.12 - - [18/Apr/2009:06:51:36 -0400] "GET /Asterisk/SeUpAsteriskAtHome_files/image041.jpg HTTP/1.1" 200 26765 "http://www.chayden.net/Asterisk/SeUpAsteriskAtHome.htm" "Mozilla/5.0 (Macintosh; U; Intel Mac OS X 10_5_6; en-us) AppleWebKit/525.27.1 (KHTML, like Gecko) Version/3.2.1 Safari/525.27.1"
121.98.144.12 - - [18/Apr/2009:06:51:36 -0400] "GET /Asterisk/SeUpAsteriskAtHome_files/image037.jpg HTTP/1.1" 200 42221 "http://www.chayden.net/Asterisk/SeUpAsteriskAtHome.htm" "Mozilla/5.0 (Macintosh; U; Intel Mac OS X 10_5_6; en-us) AppleWebKit/525.27.1 (KHTML, like Gecko) Version/3.2.1 Safari/525.27.1"
121.98.144.12 - - [18/Apr/2009:06:51:37 -0400] "GET /Asterisk/SeUpAsteriskAtHome_files/image043.jpg HTTP/1.1" 200 22658 "http://www.chayden.net/Asterisk/SeUpAsteriskAtHome.htm" "Mozilla/5.0 (Macintosh; U; Intel Mac OS X 10_5_6; en-us) AppleWebKit/525.27.1 (KHTML, like Gecko) Version/3.2.1 Safari/525.27.1"
121.98.144.12 - - [18/Apr/2009:06:51:37 -0400] "GET /Asterisk/SeUpAsteriskAtHome_files/image046.jpg HTTP/1.1" 200 35168 "http://www.chayden.net/Asterisk/SeUpAsteriskAtHome.htm" "Mozilla/5.0 (Macintosh; U; Intel Mac OS X 10_5_6; en-us) AppleWebKit/525.27.1 (KHTML, like Gecko) Version/3.2.1 Safari/525.27.1"
117.199.182.8 - - [18/Apr/2009:06:51:02 -0400] "GET /Runs/Adidas/tree.jpg HTTP/1.1" 200 976780 "http://savitabhabhi.com/fanclub/showthread.php?tid=9192&page=20" "Mozilla/4.0 (compatible; MSIE 6.0; Windows NT 5.1; SV1)"
203.92.154.39 - - [18/Apr/2009:06:56:08 -0400] "GET /eliza/Eliza/Eliza.class HTTP/1.1" 200 2434 "-" "Mozilla/4.0 (Windows XP 5.1) Java/1.6.0_13"
203.92.154.39 - - [18/Apr/2009:06:56:08 -0400] "GET /favicon.ico HTTP/1.1" 404 292 "-" "Mozilla/5.0 (Windows; U; Windows NT 5.1; en-US; rv:1.9.0.8) Gecko/2009032609 Firefox/3.0.8"
203.92.154.39 - - [18/Apr/2009:06:56:11 -0400] "GET /eliza/Eliza/ElizaMain.class HTTP/1.1" 200 9260 "-" "Mozilla/4.0 (Windows XP 5.1) Java/1.6.0_13"
203.92.154.39 - - [18/Apr/2009:06:56:17 -0400] "GET /eliza/Eliza/DecompList.class HTTP/1.1" 200 877 "-" "Mozilla/4.0 (Windows XP 5.1) Java/1.6.0_13"
203.92.154.39 - - [18/Apr/2009:06:56:18 -0400] "GET /eliza/Eliza/KeyList.class HTTP/1.1" 200 1722 "-" "Mozilla/4.0 (Windows XP 5.1) Java/1.6.0_13"
203.92.154.39 - - [18/Apr/2009:06:56:19 -0400] "GET /eliza/Eliza/SynList.class HTTP/1.1" 200 2103 "-" "Mozilla/4.0 (Windows XP 5.1) Java/1.6.0_13"
203.92.154.39 - - [18/Apr/2009:06:56:21 -0400] "GET /eliza/Eliza/WordList.class HTTP/1.1" 200 1243 "-" "Mozilla/4.0 (Windows XP 5.1) Java/1.6.0_13"
203.92.154.39 - - [18/Apr/2009:06:56:23 -0400] "GET /eliza/Eliza/PrePostList.class HTTP/1.1" 200 1674 "-" "Mozilla/4.0 (Windows XP 5.1) Java/1.6.0_13"
203.92.154.39 - - [18/Apr/2009:06:56:24 -0400] "GET /eliza/Eliza/KeyStack.class HTTP/1.1" 200 1507 "-" "Mozilla/4.0 (Windows XP 5.1) Java/1.6.0_13"
203.92.154.39 - - [18/Apr/2009:06:56:26 -0400] "GET /eliza/Eliza/Key.class HTTP/1.1" 200 1702 "-" "Mozilla/4.0 (Windows XP 5.1) Java/1.6.0_13"
203.92.154.39 - - [18/Apr/2009:06:56:27 -0400] "GET /eliza/Eliza/Mem.class HTTP/1.1" 200 850 "-" "Mozilla/4.0 (Windows XP 5.1) Java/1.6.0_13"
203.92.154.39 - - [18/Apr/2009:06:56:31 -0400] "GET /eliza/script HTTP/1.1" 200 12267 "-" "Mozilla/4.0 (Windows XP 5.1) Java/1.6.0_13"
203.92.154.39 - - [18/Apr/2009:06:56:33 -0400] "GET /eliza/Eliza/EString.class HTTP/1.1" 200 3849 "-" "Mozilla/4.0 (Windows XP 5.1) Java/1.6.0_13"
203.92.154.39 - - [18/Apr/2009:06:56:35 -0400] "GET /eliza/Eliza/PrePost.class HTTP/1.1" 200 1073 "-" "Mozilla/4.0 (Windows XP 5.1) Java/1.6.0_13"
203.92.154.39 - - [18/Apr/2009:06:56:36 -0400] "GET /eliza/Eliza/ReasembList.class HTTP/1.1" 200 1102 "-" "Mozilla/4.0 (Windows XP 5.1) Java/1.6.0_13"
203.92.154.39 - - [18/Apr/2009:06:56:38 -0400] "GET /eliza/Eliza/Decomp.class HTTP/1.1" 200 1727 "-" "Mozilla/4.0 (Windows XP 5.1) Java/1.6.0_13"
24.94.62.16 - - [18/Apr/2009:06:57:27 -0400] "GET /Catskills/Peaks.gif HTTP/1.1" 200 230219 "http://trailkeeper.wordpress.com/category/hiking-trails/" "Mozilla/4.0 (compatible; MSIE 7.0; Windows NT 6.0; WOW64; SLCC1; .NET CLR 2.0.50727; Media Center PC 5.0; .NET CLR 3.0.30618; .NET CLR 3.5.30729)"
124.82.85.4 - - [18/Apr/2009:06:52:22 -0400] "GET /Asterisk/SeUpAsteriskAtHome.htm HTTP/1.1" 200 178181 "-" "Mozilla/5.0 (Windows; U; Windows NT 5.1; en-US; rv:1.8.1.20) Gecko/20081217 Firefox/2.0.0.20"
65.40.115.30 - - [18/Apr/2009:06:57:52 -0400] "HEAD /favicon.ico HTTP/1.1" 404 - "-" "Mozilla/5.0 (Windows; U; Windows NT 5.1; en-US; rv:1.9.0.8) Gecko/2009032609 Firefox/3.0.8"
124.82.85.4 - - [18/Apr/2009:06:58:05 -0400] "GET /Asterisk/SeUpAsteriskAtHome_files/image001.gif HTTP/1.1" 200 2324 "http://www.chayden.net/Asterisk/SeUpAsteriskAtHome.htm" "Mozilla/5.0 (Windows; U; Windows NT 5.1; en-US; rv:1.8.1.20) Gecko/20081217 Firefox/2.0.0.20"
124.82.85.4 - - [18/Apr/2009:06:58:05 -0400] "GET /Asterisk/SeUpAsteriskAtHome_files/image003.jpg HTTP/1.1" 200 5132 "http://www.chayden.net/Asterisk/SeUpAsteriskAtHome.htm" "Mozilla/5.0 (Windows; U; Windows NT 5.1; en-US; rv:1.8.1.20) Gecko/20081217 Firefox/2.0.0.20"
124.82.85.4 - - [18/Apr/2009:06:58:06 -0400] "GET /Asterisk/SeUpAsteriskAtHome_files/image004.gif HTTP/1.1" 200 6404 "http://www.chayden.net/Asterisk/SeUpAsteriskAtHome.htm" "Mozilla/5.0 (Windows; U; Windows NT 5.1; en-US; rv:1.8.1.20) Gecko/20081217 Firefox/2.0.0.20"
124.82.85.4 - - [18/Apr/2009:06:58:07 -0400] "GET /Asterisk/SeUpAsteriskAtHome_files/image005.gif HTTP/1.1" 200 4365 "http://www.chayden.net/Asterisk/SeUpAsteriskAtHome.htm" "Mozilla/5.0 (Windows; U; Windows NT 5.1; en-US; rv:1.8.1.20) Gecko/20081217 Firefox/2.0.0.20"
124.82.85.4 - - [18/Apr/2009:06:58:08 -0400] "GET /Asterisk/SeUpAsteriskAtHome_files/image007.gif HTTP/1.1" 200 5284 "http://www.chayden.net/Asterisk/SeUpAsteriskAtHome.htm" "Mozilla/5.0 (Windows; U; Windows NT 5.1; en-US; rv:1.8.1.20) Gecko/20081217 Firefox/2.0.0.20"
124.82.85.4 - - [18/Apr/2009:06:58:08 -0400] "GET /Asterisk/SeUpAsteriskAtHome_files/image006.gif HTTP/1.1" 200 33832 "http://www.chayden.net/Asterisk/SeUpAsteriskAtHome.htm" "Mozilla/5.0 (Windows; U; Windows NT 5.1; en-US; rv:1.8.1.20) Gecko/20081217 Firefox/2.0.0.20"
124.82.85.4 - - [18/Apr/2009:06:58:13 -0400] "GET /Asterisk/SeUpAsteriskAtHome_files/image009.jpg HTTP/1.1" 200 14238 "http://www.chayden.net/Asterisk/SeUpAsteriskAtHome.htm" "Mozilla/5.0 (Windows; U; Windows NT 5.1; en-US; rv:1.8.1.20) Gecko/20081217 Firefox/2.0.0.20"
124.82.85.4 - - [18/Apr/2009:06:58:15 -0400] "GET /Asterisk/SeUpAsteriskAtHome_files/image011.jpg HTTP/1.1" 200 13078 "http://www.chayden.net/Asterisk/SeUpAsteriskAtHome.htm" "Mozilla/5.0 (Windows; U; Windows NT 5.1; en-US; rv:1.8.1.20) Gecko/20081217 Firefox/2.0.0.20"
124.82.85.4 - - [18/Apr/2009:06:58:17 -0400] "GET /Asterisk/SeUpAsteriskAtHome_files/image013.jpg HTTP/1.1" 200 21296 "http://www.chayden.net/Asterisk/SeUpAsteriskAtHome.htm" "Mozilla/5.0 (Windows; U; Windows NT 5.1; en-US; rv:1.8.1.20) Gecko/20081217 Firefox/2.0.0.20"
