125.160.220.127 - - [11/Apr/2009:04:05:29 -0400] "GET /favicon.ico HTTP/1.1" 404 292 "-" "Mozilla/5.0 (Windows; U; Windows NT 5.1; en-US; rv:1.9.0.8) Gecko/2009032609 Firefox/3.0.8 (.NET CLR 3.5.30729) Scribd Toolbar 1.0"
81.52.143.26 - - [11/Apr/2009:04:06:02 -0400] "GET /eliza/Eliza/EString.java HTTP/1.1" 200 7343 "-" "Mozilla/5.0 (Windows; U; Windows NT 5.1; fr; rv:1.8.1) VoilaBot BETA 1.2 (support.voilabot@orange-ftgroup.com)"
65.49.2.59 - - [11/Apr/2009:04:06:03 -0400] "GET /Asterisk/SeUpAsteriskAtHome.htm HTTP/1.0" 200 178181 "http://www.google.com/search?hl=en&q=how+ti+setup+an+voip+phone&btnG=Search" "Mozilla/5.0 (Windows; U; Windows NT 5.1; en-US; rv:1.9.0.7) Gecko/2009021910 Firefox/3.0.7"
65.49.2.59 - - [11/Apr/2009:04:06:03 -0400] "GET /Asterisk/SeUpAsteriskAtHome.htm HTTP/1.0" 200 178181 "http://www.google.com/search?hl=en&q=how+ti+setup+an+voip+phone&btnG=Search" "Mozilla/5.0 (Windows; U; Windows NT 5.1; en-US; rv:1.9.0.7) Gecko/2009021910 Firefox/3.0.7"
65.49.2.59 - - [11/Apr/2009:04:06:04 -0400] "GET /Asterisk/SeUpAsteriskAtHome_files/image003.jpg HTTP/1.0" 200 5132 "http://www.chayden.net/Asterisk/SeUpAsteriskAtHome.htm" "Mozilla/5.0 (Windows; U; Windows NT 5.1; en-US; rv:1.9.0.7) Gecko/2009021910 Firefox/3.0.7"
65.49.2.59 - - [11/Apr/2009:04:06:04 -0400] "GET /Asterisk/SeUpAsteriskAtHome_files/image005.gif HTTP/1.0" 200 4365 "http://www.chayden.net/Asterisk/SeUpAsteriskAtHome.htm" "Mozilla/5.0 (Windows; U; Windows NT 5.1; en-US; rv:1.9.0.7) Gecko/2009021910 Firefox/3.0.7"
65.49.2.59 - - [11/Apr/2009:04:06:04 -0400] "GET /Asterisk/SeUpAsteriskAtHome_files/image007.gif HTTP/1.0" 200 5284 "http://www.chayden.net/Asterisk/SeUpAsteriskAtHome.htm" "Mozilla/5.0 (Windows; U; Windows NT 5.1; en-US; rv:1.9.0.7) Gecko/2009021910 Firefox/3.0.7"
65.49.2.59 - - [11/Apr/2009:04:06:04 -0400] "GET /Asterisk/SeUpAsteriskAtHome_files/image006.gif HTTP/1.0" 200 33832 "http://www.chayden.net/Asterisk/SeUpAsteriskAtHome.htm" "Mozilla/5.0 (Windows; U; Windows NT 5.1; en-US; rv:1.9.0.7) Gecko/2009021910 Firefox/3.0.7"
65.49.2.59 - - [11/Apr/2009:04:06:05 -0400] "GET /Asterisk/SeUpAsteriskAtHome_files/image019.jpg HTTP/1.0" 200 39902 "http://www.chayden.net/Asterisk/SeUpAsteriskAtHome.htm" "Mozilla/5.0 (Windows; U; Windows NT 5.1; en-US; rv:1.9.0.7) Gecko/2009021910 Firefox/3.0.7"
65.49.2.59 - - [11/Apr/2009:04:06:06 -0400] "GET /Asterisk/SeUpAsteriskAtHome_files/image020.gif HTTP/1.0" 200 49946 "http://www.chayden.net/Asterisk/SeUpAsteriskAtHome.htm" "Mozilla/5.0 (Windows; U; Windows NT 5.1; en-US; rv:1.9.0.7) Gecko/2009021910 Firefox/3.0.7"
65.49.2.59 - - [11/Apr/2009:04:06:06 -0400] "GET /Asterisk/SeUpAsteriskAtHome_files/image022.jpg HTTP/1.0" 200 34633 "http://www.chayden.net/Asterisk/SeUpAsteriskAtHome.htm" "Mozilla/5.0 (Windows; U; Windows NT 5.1; en-US; rv:1.9.0.7) Gecko/2009021910 Firefox/3.0.7"
65.49.2.59 - - [11/Apr/2009:04:06:07 -0400] "GET /Asterisk/SeUpAsteriskAtHome_files/image013.jpg HTTP/1.0" 200 21296 "http://www.chayden.net/Asterisk/SeUpAsteriskAtHome.htm" "Mozilla/5.0 (Windows; U; Windows NT 5.1; en-US; rv:1.9.0.7) Gecko/2009021910 Firefox/3.0.7"
65.49.2.59 - - [11/Apr/2009:04:06:07 -0400] "GET /Asterisk/SeUpAsteriskAtHome_files/image015.jpg HTTP/1.0" 200 47335 "http://www.chayden.net/Asterisk/SeUpAsteriskAtHome.htm" "Mozilla/5.0 (Windows; U; Windows NT 5.1; en-US; rv:1.9.0.7) Gecko/2009021910 Firefox/3.0.7"
65.49.2.59 - - [11/Apr/2009:04:06:07 -0400] "GET /Asterisk/SeUpAsteriskAtHome_files/image017.jpg HTTP/1.0" 200 30515 "http://www.chayden.net/Asterisk/SeUpAsteriskAtHome.htm" "Mozilla/5.0 (Windows; U; Windows NT 5.1; en-US; rv:1.9.0.7) Gecko/2009021910 Firefox/3.0.7"
65.49.2.59 - - [11/Apr/2009:04:06:07 -0400] "GET /Asterisk/SeUpAsteriskAtHome_files/image024.jpg HTTP/1.0" 200 31330 "http://www.chayden.net/Asterisk/SeUpAsteriskAtHome.htm" "Mozilla/5.0 (Windows; U; Windows NT 5.1; en-US; rv:1.9.0.7) Gecko/2009021910 Firefox/3.0.7"
65.49.2.59 - - [11/Apr/2009:04:06:07 -0400] "GET /Asterisk/SeUpAsteriskAtHome_files/image029.jpg HTTP/1.0" 200 43404 "http://www.chayden.net/Asterisk/SeUpAsteriskAtHome.htm" "Mozilla/5.0 (Windows; U; Windows NT 5.1; en-US; rv:1.9.0.7) Gecko/2009021910 Firefox/3.0.7"
65.49.2.59 - - [11/Apr/2009:04:06:08 -0400] "GET /Asterisk/SeUpAsteriskAtHome_files/image031.jpg HTTP/1.0" 200 30259 "http://www.chayden.net/Asterisk/SeUpAsteriskAtHome.htm" "Mozilla/5.0 (Windows; U; Windows NT 5.1; en-US; rv:1.9.0.7) Gecko/2009021910 Firefox/3.0.7"
65.49.2.59 - - [11/Apr/2009:04:06:09 -0400] "GET /Asterisk/SeUpAsteriskAtHome_files/image033.jpg HTTP/1.0" 200 30788 "http://www.chayden.net/Asterisk/SeUpAsteriskAtHome.htm" "Mozilla/5.0 (Windows; U; Windows NT 5.1; en-US; rv:1.9.0.7) Gecko/2009021910 Firefox/3.0.7"
65.49.2.59 - - [11/Apr/2009:04:06:09 -0400] "GET /Asterisk/SeUpAsteriskAtHome_files/image035.jpg HTTP/1.0" 200 2759 "http://www.chayden.net/Asterisk/SeUpAsteriskAtHome.htm" "Mozilla/5.0 (Windows; U; Windows NT 5.1; en-US; rv:1.9.0.7) Gecko/2009021910 Firefox/3.0.7"
65.49.2.59 - - [11/Apr/2009:04:06:10 -0400] "GET /Asterisk/SeUpAsteriskAtHome_files/image039.jpg HTTP/1.0" 200 1921 "http://www.chayden.net/Asterisk/SeUpAsteriskAtHome.htm" "Mozilla/5.0 (Windows; U; Windows NT 5.1; en-US; rv:1.9.0.7) Gecko/2009021910 Firefox/3.0.7"
65.49.2.59 - - [11/Apr/2009:04:06:10 -0400] "GET /Asterisk/SeUpAsteriskAtHome_files/image037.jpg HTTP/1.0" 200 42221 "http://www.chayden.net/Asterisk/SeUpAsteriskAtHome.htm" "Mozilla/5.0 (Windows; U; Windows NT 5.1; en-US; rv:1.9.0.7) Gecko/2009021910 Firefox/3.0.7"
65.49.2.59 - - [11/Apr/2009:04:06:11 -0400] "GET /Asterisk/SeUpAsteriskAtHome_files/image041.jpg HTTP/1.0" 200 26765 "http://www.chayden.net/Asterisk/SeUpAsteriskAtHome.htm" "Mozilla/5.0 (Windows; U; Windows NT 5.1; en-US; rv:1.9.0.7) Gecko/2009021910 Firefox/3.0.7"
65.49.2.59 - - [11/Apr/2009:04:06:11 -0400] "GET /Asterisk/SeUpAsteriskAtHome_files/image043.jpg HTTP/1.0" 200 22658 "http://www.chayden.net/Asterisk/SeUpAsteriskAtHome.htm" "Mozilla/5.0 (Windows; U; Windows NT 5.1; en-US; rv:1.9.0.7) Gecko/2009021910 Firefox/3.0.7"
65.49.2.59 - - [11/Apr/2009:04:06:12 -0400] "GET /Asterisk/SeUpAsteriskAtHome_files/image044.jpg HTTP/1.0" 200 6079 "http://www.chayden.net/Asterisk/SeUpAsteriskAtHome.htm" "Mozilla/5.0 (Windows; U; Windows NT 5.1; en-US; rv:1.9.0.7) Gecko/2009021910 Firefox/3.0.7"
65.49.2.59 - - [11/Apr/2009:04:06:12 -0400] "GET /Asterisk/SeUpAsteriskAtHome_files/image046.jpg HTTP/1.0" 200 35168 "http://www.chayden.net/Asterisk/SeUpAsteriskAtHome.htm" "Mozilla/5.0 (Windows; U; Windows NT 5.1; en-US; rv:1.9.0.7) Gecko/2009021910 Firefox/3.0.7"
65.49.2.59 - - [11/Apr/2009:04:06:12 -0400] "GET /Asterisk/SeUpAsteriskAtHome_files/image026.jpg HTTP/1.0" 200 37910 "http://www.chayden.net/Asterisk/SeUpAsteriskAtHome.htm" "Mozilla/5.0 (Windows; U; Windows NT 5.1; en-US; rv:1.9.0.7) Gecko/2009021910 Firefox/3.0.7"
65.49.2.59 - - [11/Apr/2009:04:06:15 -0400] "GET /favicon.ico HTTP/1.0" 404 292 "-" "Mozilla/5.0 (Windows; U; Windows NT 5.1; en-US; rv:1.9.0.7) Gecko/2009021910 Firefox/3.0.7"
65.55.231.33 - - [11/Apr/2009:04:06:44 -0400] "GET /robots.txt HTTP/1.1" 404 287 "-" "msnbot-media/1.1 (+http://search.msn.com/msnbot.htm)"
65.55.231.33 - - [11/Apr/2009:04:06:44 -0400] "GET /Asterisk/SeUpAsteriskAtHome_files/image017.jpg HTTP/1.1" 200 30515 "-" "msnbot-media/1.1 (+http://search.msn.com/msnbot.htm)"
65.40.115.30 - - [11/Apr/2009:04:07:11 -0400] "HEAD /favicon.ico HTTP/1.1" 404 - "-" "Mozilla/5.0 (Windows; U; Windows NT 5.1; en-US; rv:1.9.0.8) Gecko/2009032609 Firefox/3.0.8"
74.6.18.249 - - [11/Apr/2009:04:08:57 -0400] "GET /Catskills/TPO/Viewpoints.tpg HTTP/1.0" 200 2329 "-" "Mozilla/5.0 (compatible; Yahoo! Slurp/3.0; http://help.yahoo.com/help/us/ysearch/slurp)"
74.6.22.160 - - [11/Apr/2009:04:10:04 -0400] "GET /Snapshots/?C=S;O=D HTTP/1.0" 200 3951 "-" "Mozilla/5.0 (compatible; Yahoo! Slurp/3.0; http://help.yahoo.com/help/us/ysearch/slurp)"
117.200.20.205 - - [11/Apr/2009:04:10:34 -0400] "GET /Asterisk/SeUpAsteriskAtHome_files/image001.gif HTTP/1.1" 200 2324 "http://www.chayden.net/Asterisk/SeUpAsteriskAtHome.htm" "Mozilla/5.0 (Windows; U; Windows NT 5.1; en-US) AppleWebKit/525.19 (KHTML, like Gecko) Chrome/1.0.154.53 Safari/525.19"
117.200.20.205 - - [11/Apr/2009:04:10:35 -0400] "GET /Asterisk/SeUpAsteriskAtHome_files/image004.gif HTTP/1.1" 200 6404 "http://www.chayden.net/Asterisk/SeUpAsteriskAtHome.htm" "Mozilla/5.0 (Windows; U; Windows NT 5.1; en-US) AppleWebKit/525.19 (KHTML, like Gecko) Chrome/1.0.154.53 Safari/525.19"
117.200.20.205 - - [11/Apr/2009:04:10:36 -0400] "GET /Asterisk/SeUpAsteriskAtHome_files/image005.gif HTTP/1.1" 200 4365 "http://www.chayden.net/Asterisk/SeUpAsteriskAtHome.htm" "Mozilla/5.0 (Windows; U; Windows NT 5.1; en-US) AppleWebKit/525.19 (KHTML, like Gecko) Chrome/1.0.154.53 Safari/525.19"
117.200.20.205 - - [11/Apr/2009:04:10:37 -0400] "GET /Asterisk/SeUpAsteriskAtHome_files/image007.gif HTTP/1.1" 200 5284 "http://www.chayden.net/Asterisk/SeUpAsteriskAtHome.htm" "Mozilla/5.0 (Windows; U; Windows NT 5.1; en-US) AppleWebKit/525.19 (KHTML, like Gecko) Chrome/1.0.154.53 Safari/525.19"
117.200.20.205 - - [11/Apr/2009:04:10:38 -0400] "GET /Asterisk/SeUpAsteriskAtHome_files/image003.jpg HTTP/1.1" 200 5132 "http://www.chayden.net/Asterisk/SeUpAsteriskAtHome.htm" "Mozilla/5.0 (Windows; U; Windows NT 5.1; en-US) AppleWebKit/525.19 (KHTML, like Gecko) Chrome/1.0.154.53 Safari/525.19"
117.200.20.205 - - [11/Apr/2009:04:10:38 -0400] "GET /Asterisk/SeUpAsteriskAtHome_files/image009.jpg HTTP/1.1" 200 14238 "http://www.chayden.net/Asterisk/SeUpAsteriskAtHome.htm" "Mozilla/5.0 (Windows; U; Windows NT 5.1; en-US) AppleWebKit/525.19 (KHTML, like Gecko) Chrome/1.0.154.53 Safari/525.19"
117.200.20.205 - - [11/Apr/2009:04:10:38 -0400] "GET /Asterisk/SeUpAsteriskAtHome_files/image011.jpg HTTP/1.1" 200 13078 "http://www.chayden.net/Asterisk/SeUpAsteriskAtHome.htm" "Mozilla/5.0 (Windows; U; Windows NT 5.1; en-US) AppleWebKit/525.19 (KHTML, like Gecko) Chrome/1.0.154.53 Safari/525.19"
117.200.20.205 - - [11/Apr/2009:04:10:37 -0400] "GET /Asterisk/SeUpAsteriskAtHome_files/image006.gif HTTP/1.1" 200 33832 "http://www.chayden.net/Asterisk/SeUpAsteriskAtHome.htm" "Mozilla/5.0 (Windows; U; Windows NT 5.1; en-US) AppleWebKit/525.19 (KHTML, like Gecko) Chrome/1.0.154.53 Safari/525.19"
117.200.20.205 - - [11/Apr/2009:04:10:40 -0400] "GET /Asterisk/SeUpAsteriskAtHome_files/image013.jpg HTTP/1.1" 200 21296 "http://www.chayden.net/Asterisk/SeUpAsteriskAtHome.htm" "Mozilla/5.0 (Windows; U; Windows NT 5.1; en-US) AppleWebKit/525.19 (KHTML, like Gecko) Chrome/1.0.154.53 Safari/525.19"
117.200.20.205 - - [11/Apr/2009:04:10:41 -0400] "GET /Asterisk/SeUpAsteriskAtHome_files/image017.jpg HTTP/1.1" 200 30515 "http://www.chayden.net/Asterisk/SeUpAsteriskAtHome.htm" "Mozilla/5.0 (Windows; U; Windows NT 5.1; en-US) AppleWebKit/525.19 (KHTML, like Gecko) Chrome/1.0.154.53 Safari/525.19"
117.200.20.205 - - [11/Apr/2009:04:10:47 -0400] "GET /Asterisk/SeUpAsteriskAtHome_files/image019.jpg HTTP/1.1" 200 39902 "http://www.chayden.net/Asterisk/SeUpAsteriskAtHome.htm" "Mozilla/5.0 (Windows; U; Windows NT 5.1; en-US) AppleWebKit/525.19 (KHTML, like Gecko) Chrome/1.0.154.53 Safari/525.19"
117.200.20.205 - - [11/Apr/2009:04:10:47 -0400] "GET /Asterisk/SeUpAsteriskAtHome_files/image020.gif HTTP/1.1" 200 49946 "http://www.chayden.net/Asterisk/SeUpAsteriskAtHome.htm" "Mozilla/5.0 (Windows; U; Windows NT 5.1; en-US) AppleWebKit/525.19 (KHTML, like Gecko) Chrome/1.0.154.53 Safari/525.19"
117.200.20.205 - - [11/Apr/2009:04:10:51 -0400] "GET /Asterisk/SeUpAsteriskAtHome_files/image024.jpg HTTP/1.1" 200 31330 "http://www.chayden.net/Asterisk/SeUpAsteriskAtHome.htm" "Mozilla/5.0 (Windows; U; Windows NT 5.1; en-US) AppleWebKit/525.19 (KHTML, like Gecko) Chrome/1.0.154.53 Safari/525.19"
117.200.20.205 - - [11/Apr/2009:04:10:58 -0400] "GET /Asterisk/SeUpAsteriskAtHome_files/image027.jpg HTTP/1.1" 200 8509 "http://www.chayden.net/Asterisk/SeUpAsteriskAtHome.htm" "Mozilla/5.0 (Windows; U; Windows NT 5.1; en-US) AppleWebKit/525.19 (KHTML, like Gecko) Chrome/1.0.154.53 Safari/525.19"
117.200.20.205 - - [11/Apr/2009:04:10:51 -0400] "GET /Asterisk/SeUpAsteriskAtHome_files/image022.jpg HTTP/1.1" 200 34633 "http://www.chayden.net/Asterisk/SeUpAsteriskAtHome.htm" "Mozilla/5.0 (Windows; U; Windows NT 5.1; en-US) AppleWebKit/525.19 (KHTML, like Gecko) Chrome/1.0.154.53 Safari/525.19"
117.200.20.205 - - [11/Apr/2009:04:10:57 -0400] "GET /Asterisk/SeUpAsteriskAtHome_files/image026.jpg HTTP/1.1" 200 37910 "http://www.chayden.net/Asterisk/SeUpAsteriskAtHome.htm" "Mozilla/5.0 (Windows; U; Windows NT 5.1; en-US) AppleWebKit/525.19 (KHTML, like Gecko) Chrome/1.0.154.53 Safari/525.19"
117.200.20.205 - - [11/Apr/2009:04:10:44 -0400] "GET /Asterisk/SeUpAsteriskAtHome_files/image015.jpg HTTP/1.1" 200 47335 "http://www.chayden.net/Asterisk/SeUpAsteriskAtHome.htm" "Mozilla/5.0 (Windows; U; Windows NT 5.1; en-US) AppleWebKit/525.19 (KHTML, like Gecko) Chrome/1.0.154.53 Safari/525.19"
117.200.20.205 - - [11/Apr/2009:04:11:04 -0400] "GET /Asterisk/SeUpAsteriskAtHome_files/image033.jpg HTTP/1.1" 200 30788 "http://www.chayden.net/Asterisk/SeUpAsteriskAtHome.htm" "Mozilla/5.0 (Windows; U; Windows NT 5.1; en-US) AppleWebKit/525.19 (KHTML, like Gecko) Chrome/1.0.154.53 Safari/525.19"
117.200.20.205 - - [11/Apr/2009:04:11:01 -0400] "GET /Asterisk/SeUpAsteriskAtHome_files/image031.jpg HTTP/1.1" 200 30259 "http://www.chayden.net/Asterisk/SeUpAsteriskAtHome.htm" "Mozilla/5.0 (Windows; U; Windows NT 5.1; en-US) AppleWebKit/525.19 (KHTML, like Gecko) Chrome/1.0.154.53 Safari/525.19"
117.200.20.205 - - [11/Apr/2009:04:11:11 -0400] "GET /Asterisk/SeUpAsteriskAtHome_files/image035.jpg HTTP/1.1" 200 2759 "http://www.chayden.net/Asterisk/SeUpAsteriskAtHome.htm" "Mozilla/5.0 (Windows; U; Windows NT 5.1; en-US) AppleWebKit/525.19 (KHTML, like Gecko) Chrome/1.0.154.53 Safari/525.19"
65.55.209.239 - - [11/Apr/2009:04:11:13 -0400] "GET /robots.txt HTTP/1.1" 404 291 "-" "msnbot/1.1 (+http://search.msn.com/msnbot.htm)"
65.55.209.239 - - [11/Apr/2009:04:11:13 -0400] "GET /eliza/Eliza/PrePostList.java HTTP/1.1" 200 1586 "-" "msnbot/1.1 (+http://search.msn.com/msnbot.htm)"
117.200.20.205 - - [11/Apr/2009:04:11:14 -0400] "GET /Asterisk/SeUpAsteriskAtHome_files/image039.jpg HTTP/1.1" 200 1921 "http://www.chayden.net/Asterisk/SeUpAsteriskAtHome.htm" "Mozilla/5.0 (Windows; U; Windows NT 5.1; en-US) AppleWebKit/525.19 (KHTML, like Gecko) Chrome/1.0.154.53 Safari/525.19"
117.200.20.205 - - [11/Apr/2009:04:11:01 -0400] "GET /Asterisk/SeUpAsteriskAtHome_files/image029.jpg HTTP/1.1" 200 43404 "http://www.chayden.net/Asterisk/SeUpAsteriskAtHome.htm" "Mozilla/5.0 (Windows; U; Windows NT 5.1; en-US) AppleWebKit/525.19 (KHTML, like Gecko) Chrome/1.0.154.53 Safari/525.19"
117.200.20.205 - - [11/Apr/2009:04:11:14 -0400] "GET /Asterisk/SeUpAsteriskAtHome_files/image041.jpg HTTP/1.1" 200 26765 "http://www.chayden.net/Asterisk/SeUpAsteriskAtHome.htm" "Mozilla/5.0 (Windows; U; Windows NT 5.1; en-US) AppleWebKit/525.19 (KHTML, like Gecko) Chrome/1.0.154.53 Safari/525.19"
117.200.20.205 - - [11/Apr/2009:04:10:20 -0400] "GET /Asterisk/SeUpAsteriskAtHome.htm HTTP/1.1" 200 178181 "http://www.google.co.in/search?hl=en&q=setting+up+ippbx&btnG=Search&meta=&aq=f&oq=" "Mozilla/5.0 (Windows; U; Windows NT 5.1; en-US) AppleWebKit/525.19 (KHTML, like Gecko) Chrome/1.0.154.53 Safari/525.19"
117.200.20.205 - - [11/Apr/2009:04:11:11 -0400] "GET /Asterisk/SeUpAsteriskAtHome_files/image037.jpg HTTP/1.1" 200 42221 "http://www.chayden.net/Asterisk/SeUpAsteriskAtHome.htm" "Mozilla/5.0 (Windows; U; Windows NT 5.1; en-US) AppleWebKit/525.19 (KHTML, like Gecko) Chrome/1.0.154.53 Safari/525.19"
117.200.20.205 - - [11/Apr/2009:04:11:25 -0400] "GET /Asterisk/SeUpAsteriskAtHome_files/image044.jpg HTTP/1.1" 200 6079 "http://www.chayden.net/Asterisk/SeUpAsteriskAtHome.htm" "Mozilla/5.0 (Windows; U; Windows NT 5.1; en-US) AppleWebKit/525.19 (KHTML, like Gecko) Chrome/1.0.154.53 Safari/525.19"
117.200.20.205 - - [11/Apr/2009:04:11:19 -0400] "GET /Asterisk/SeUpAsteriskAtHome_files/image043.jpg HTTP/1.1" 200 22658 "http://www.chayden.net/Asterisk/SeUpAsteriskAtHome.htm" "Mozilla/5.0 (Windows; U; Windows NT 5.1; en-US) AppleWebKit/525.19 (KHTML, like Gecko) Chrome/1.0.154.53 Safari/525.19"
117.200.20.205 - - [11/Apr/2009:04:11:22 -0400] "GET /Asterisk/SeUpAsteriskAtHome_files/image046.jpg HTTP/1.1" 200 35168 "http://www.chayden.net/Asterisk/SeUpAsteriskAtHome.htm" "Mozilla/5.0 (Windows; U; Windows NT 5.1; en-US) AppleWebKit/525.19 (KHTML, like Gecko) Chrome/1.0.154.53 Safari/525.19"
65.40.115.30 - - [11/Apr/2009:04:11:43 -0400] "HEAD /favicon.ico HTTP/1.1" 404 - "-" "Mozilla/5.0 (Windows; U; Windows NT 5.1; en-US; rv:1.9.0.8) Gecko/2009032609 Firefox/3.0.8"
65.40.115.30 - - [11/Apr/2009:04:17:08 -0400] "HEAD /favicon.ico HTTP/1.1" 404 - "-" "Mozilla/5.0 (Windows; U; Windows NT 5.1; en-US; rv:1.9.0.8) Gecko/2009032609 Firefox/3.0.8"
117.201.96.71 - - [11/Apr/2009:04:17:33 -0400] "GET /Runs/Adidas/tree.jpg HTTP/1.1" 200 976780 "http://www.worldofcherie.blogspot.com/" "Mozilla/4.0 (compatible; MSIE 7.0; Windows NT 5.1; GTB5)"
114.121.50.20 - - [11/Apr/2009:04:19:45 -0400] "GET /Runs/Adidas/tree.jpg HTTP/1.1" 200 976780 "http://worldofcherie.blogspot.com/" "Mozilla/5.0 (Windows; U; Windows NT 5.1; en-US; rv:1.9.0.8) Gecko/2009032609 Firefox/3.0.8"
65.40.115.30 - - [11/Apr/2009:04:21:41 -0400] "HEAD /favicon.ico HTTP/1.1" 404 - "-" "Mozilla/5.0 (Windows; U; Windows NT 5.1; en-US; rv:1.9.0.8) Gecko/2009032609 Firefox/3.0.8"
117.201.96.71 - - [11/Apr/2009:04:22:25 -0400] "GET /favicon.ico HTTP/1.1" 404 292 "-" "Mozilla/4.0 (compatible; MSIE 7.0; Windows NT 5.1; GTB5)"
67.212.165.162 - - [11/Apr/2009:04:26:06 -0400] "GET /Asterisk/demo1/auction_confirmation.inc.php/header.php?prefix=http://www.candidography.com/zero/id1.txt?? HTTP/1.1" 404 331 "-" "Mozilla/5.0"
67.212.165.162 - - [11/Apr/2009:04:26:06 -0400] "GET /demo1/auction_confirmation.inc.php/header.php?prefix=http://www.candidography.com/zero/id1.txt?? HTTP/1.1" 404 322 "-" "Mozilla/5.0"
67.212.165.162 - - [11/Apr/2009:04:26:06 -0400] "GET /Asterisk/SeUpAsteriskAtHome.htm%20%20/demo1/auction_confirmation.inc.php/header.php?prefix=http://www.candidography.com/zero/id1.txt?? HTTP/1.1" 404 356 "-" "Mozilla/5.0"
65.40.115.30 - - [11/Apr/2009:04:27:07 -0400] "HEAD /favicon.ico HTTP/1.1" 404 - "-" "Mozilla/5.0 (Windows; U; Windows NT 5.1; en-US; rv:1.9.0.8) Gecko/2009032609 Firefox/3.0.8"
65.55.209.236 - - [11/Apr/2009:04:28:58 -0400] "GET /robots.txt HTTP/1.1" 404 287 "-" "msnbot/1.1 (+http://search.msn.com/msnbot.htm)"
65.55.209.236 - - [11/Apr/2009:04:28:58 -0400] "GET /Catskills/WindhamHighPeak2005/windham.tpo HTTP/1.1" 200 1924 "-" "msnbot/1.1 (+http://search.msn.com/msnbot.htm)"
81.176.226.186 - - [11/Apr/2009:04:29:20 -0400] "GET /Asterisk/SeUpAsteriskAtHome.htm%20%20/demo1/auction_confirmation.inc.php/header.php?prefix=http://www.candidography.com/zero/id1.txt?? HTTP/1.1" 404 356 "-" "Mozilla/5.0"
81.176.226.186 - - [11/Apr/2009:04:29:20 -0400] "GET /Asterisk/demo1/auction_confirmation.inc.php/header.php?prefix=http://www.candidography.com/zero/id1.txt?? HTTP/1.1" 404 331 "-" "Mozilla/5.0"
81.176.226.186 - - [11/Apr/2009:04:29:20 -0400] "GET /demo1/auction_confirmation.inc.php/header.php?prefix=http://www.candidography.com/zero/id1.txt?? HTTP/1.1" 404 322 "-" "Mozilla/5.0"
71.116.238.167 - - [11/Apr/2009:04:29:49 -0400] "GET /chayden/SanGabriels/SanGabriels.shtml HTTP/1.1" 404 314 "http://tchester.org/sgm/regions/crash_sites.html" "Mozilla/4.0 (compatible; MSIE 7.0; Windows NT 5.1; .NET CLR 2.0.50727; .NET CLR 3.0.04506.30)"
65.40.115.30 - - [11/Apr/2009:04:31:53 -0400] "HEAD /favicon.ico HTTP/1.1" 404 - "-" "Mozilla/5.0 (Windows; U; Windows NT 5.1; en-US; rv:1.9.0.8) Gecko/2009032609 Firefox/3.0.8"
67.212.165.162 - - [11/Apr/2009:04:32:21 -0400] "GET /Asterisk/SeUpAsteriskAtHome.htm/demo1/auction_confirmation.inc.php/header.php?prefix=http://www.candidography.com/zero/id1.txt?? HTTP/1.1" 404 354 "-" "Mozilla/5.0"
81.176.226.186 - - [11/Apr/2009:04:32:49 -0400] "GET /Asterisk/SeUpAsteriskAtHome.htm/demo1/auction_confirmation.inc.php/header.php?prefix=http://www.candidography.com/zero/id1.txt?? HTTP/1.1" 404 354 "-" "Mozilla/5.0"
74.6.22.160 - - [11/Apr/2009:04:33:47 -0400] "GET /Sierra86/Sierra86.html HTTP/1.0" 200 23254 "-" "Mozilla/5.0 (compatible; Yahoo! Slurp/3.0; http://help.yahoo.com/help/us/ysearch/slurp)"
74.6.22.160 - - [11/Apr/2009:04:33:47 -0400] "GET /includes/hikes.css HTTP/1.0" 304 - "http://chayden.net/Sierra86/Sierra86.html" "Mozilla/5.0 (compatible; Yahoo! Slurp/3.0; http://help.yahoo.com/help/us/ysearch/slurp)"
65.40.115.30 - - [11/Apr/2009:04:37:11 -0400] "HEAD /favicon.ico HTTP/1.1" 404 - "-" "Mozilla/5.0 (Windows; U; Windows NT 5.1; en-US; rv:1.9.0.8) Gecko/2009032609 Firefox/3.0.8"
65.55.104.162 - - [11/Apr/2009:04:37:36 -0400] "GET /Runs/JerseyShore/JerseyShoreMarathon.html HTTP/1.1" 200 1452 "-" "msnbot/1.1 (+http://search.msn.com/msnbot.htm)"
65.40.115.30 - - [11/Apr/2009:04:41:42 -0400] "HEAD /favicon.ico HTTP/1.1" 404 - "-" "Mozilla/5.0 (Windows; U; Windows NT 5.1; en-US; rv:1.9.0.8) Gecko/2009032609 Firefox/3.0.8"
74.6.22.160 - - [11/Apr/2009:04:42:59 -0400] "GET /Stubai2007/Stubai.html HTTP/1.0" 200 44337 "-" "Mozilla/5.0 (compatible; Yahoo! Slurp/3.0; http://help.yahoo.com/help/us/ysearch/slurp)"
74.6.18.249 - - [11/Apr/2009:04:44:04 -0400] "GET /Runs/Adidas HTTP/1.0" 301 326 "-" "Mozilla/5.0 (compatible; Yahoo! Slurp/3.0; http://help.yahoo.com/help/us/ysearch/slurp)"
74.6.18.249 - - [11/Apr/2009:04:44:05 -0400] "GET /Runs/Adidas/ HTTP/1.0" 304 - "-" "Mozilla/5.0 (compatible; Yahoo! Slurp/3.0; http://help.yahoo.com/help/us/ysearch/slurp)"
86.96.229.86 - - [11/Apr/2009:04:46:24 -0400] "GET /eliza/Eliza.html HTTP/1.1" 200 5488 "http://en.wikipedia.org/wiki/ELIZA" "Mozilla/4.0 (compatible; MSIE 6.0; Windows NT 5.1; SV1; Mozilla/4.0 (compatible; MSIE 6.0; Windows NT 5.1; SV1) ; (R1 1.6); .NET CLR 2.0.50727)"
86.96.229.86 - - [11/Apr/2009:04:46:27 -0400] "GET /icons/back.gif HTTP/1.1" 200 216 "http://www.chayden.net/eliza/Eliza.html" "Mozilla/4.0 (compatible; MSIE 6.0; Windows NT 5.1; SV1; Mozilla/4.0 (compatible; MSIE 6.0; Windows NT 5.1; SV1) ; (R1 1.6); .NET CLR 2.0.50727)"
65.40.115.30 - - [11/Apr/2009:04:47:08 -0400] "HEAD /favicon.ico HTTP/1.1" 404 - "-" "Mozilla/5.0 (Windows; U; Windows NT 5.1; en-US; rv:1.9.0.8) Gecko/2009032609 Firefox/3.0.8"
65.55.104.162 - - [11/Apr/2009:04:47:30 -0400] "GET /Stubai2007/Stubai.html HTTP/1.1" 200 44337 "-" "msnbot/1.1 (+http://search.msn.com/msnbot.htm)"
65.55.104.162 - - [11/Apr/2009:04:49:00 -0400] "GET /SearchEngines.html HTTP/1.1" 200 2728 "-" "msnbot/1.1 (+http://search.msn.com/msnbot.htm)"
65.55.232.42 - - [11/Apr/2009:04:49:44 -0400] "GET /Stubai2007/Stubai.html HTTP/1.0" 200 44337 "http://search.live.com/results.aspx?q=austrian" "Mozilla/4.0 (compatible; MSIE 6.0; Windows NT 5.2; SV1; .NET CLR 1.1.4322)"
65.55.104.162 - - [11/Apr/2009:04:50:26 -0400] "GET /index.html HTTP/1.1" 200 21908 "-" "msnbot/1.1 (+http://search.msn.com/msnbot.htm)"
65.40.115.30 - - [11/Apr/2009:04:51:42 -0400] "HEAD /favicon.ico HTTP/1.1" 404 - "-" "Mozilla/5.0 (Windows; U; Windows NT 5.1; en-US; rv:1.9.0.8) Gecko/2009032609 Firefox/3.0.8"
65.40.115.30 - - [11/Apr/2009:04:57:08 -0400] "HEAD /favicon.ico HTTP/1.1" 404 - "-" "Mozilla/5.0 (Windows; U; Windows NT 5.1; en-US; rv:1.9.0.8) Gecko/2009032609 Firefox/3.0.8"
65.40.115.30 - - [11/Apr/2009:05:01:42 -0400] "HEAD /favicon.ico HTTP/1.1" 404 - "-" "Mozilla/5.0 (Windows; U; Windows NT 5.1; en-US; rv:1.9.0.8) Gecko/2009032609 Firefox/3.0.8"
65.55.234.165 - - [11/Apr/2009:05:05:21 -0400] "GET /robots.txt HTTP/1.1" 404 287 "-" "msnbot-media/1.1 (+http://search.msn.com/msnbot.htm)"
65.55.234.165 - - [11/Apr/2009:05:05:21 -0400] "GET /Runs/Adidas/cable-car-800.JPG HTTP/1.1" 200 60723 "-" "msnbot-media/1.1 (+http://search.msn.com/msnbot.htm)"
65.55.234.165 - - [11/Apr/2009:05:05:22 -0400] "GET /Runs/Adidas/index.htm HTTP/1.1" 200 2459 "-" "msnbot-media/1.1 (+http://search.msn.com/msnbot.htm)"
65.40.115.30 - - [11/Apr/2009:05:07:08 -0400] "HEAD /favicon.ico HTTP/1.1" 404 - "-" "Mozilla/5.0 (Windows; U; Windows NT 5.1; en-US; rv:1.9.0.8) Gecko/2009032609 Firefox/3.0.8"
65.40.115.30 - - [11/Apr/2009:05:11:41 -0400] "HEAD /favicon.ico HTTP/1.1" 404 - "-" "Mozilla/5.0 (Windows; U; Windows NT 5.1; en-US; rv:1.9.0.8) Gecko/2009032609 Firefox/3.0.8"
65.55.104.162 - - [11/Apr/2009:05:12:41 -0400] "GET /Allison78/Allison.html HTTP/1.1" 200 12507 "-" "msnbot/1.1 (+http://search.msn.com/msnbot.htm)"
65.55.104.162 - - [11/Apr/2009:05:12:41 -0400] "GET /Family/Family.html HTTP/1.1" 200 1974 "-" "msnbot/1.1 (+http://search.msn.com/msnbot.htm)"
65.40.115.30 - - [11/Apr/2009:05:17:08 -0400] "HEAD /favicon.ico HTTP/1.1" 404 - "-" "Mozilla/5.0 (Windows; U; Windows NT 5.1; en-US; rv:1.9.0.8) Gecko/2009032609 Firefox/3.0.8"
74.6.22.160 - - [11/Apr/2009:05:19:16 -0400] "GET /eliza/Eliza/PrePostList.java HTTP/1.0" 200 1586 "-" "Mozilla/5.0 (compatible; Yahoo! Slurp/3.0; http://help.yahoo.com/help/us/ysearch/slurp)"
65.55.217.54 - - [11/Apr/2009:05:20:52 -0400] "GET /robots.txt HTTP/1.1" 404 291 "-" "msnbot-media/1.1 (+http://search.msn.com/msnbot.htm)"
65.55.217.54 - - [11/Apr/2009:05:20:52 -0400] "GET /Allison78/pic/AL78-14.jpg HTTP/1.1" 200 70070 "-" "msnbot-media/1.1 (+http://search.msn.com/msnbot.htm)"
66.249.71.238 - - [11/Apr/2009:05:21:27 -0400] "GET /Iron/pic/iron97-19.jpg HTTP/1.1" 304 - "-" "Googlebot-Image/1.0"
65.40.115.30 - - [11/Apr/2009:05:21:41 -0400] "HEAD /favicon.ico HTTP/1.1" 404 - "-" "Mozilla/5.0 (Windows; U; Windows NT 5.1; en-US; rv:1.9.0.8) Gecko/2009032609 Firefox/3.0.8"
124.5.198.64 - - [11/Apr/2009:05:26:09 -0400] "GET /Asterisk/favicon.ico HTTP/1.1" 404 297 "-" "Mozilla/4.0 (compatible; GoogleToolbar 5.0.2124.6042; Windows XP 5.1; MSIE 6.0.2900.2180)"
124.5.198.64 - - [11/Apr/2009:05:26:10 -0400] "GET /Asterisk/favicon.gif HTTP/1.1" 404 297 "-" "Mozilla/4.0 (compatible; GoogleToolbar 5.0.2124.6042; Windows XP 5.1; MSIE 6.0.2900.2180)"
65.40.115.30 - - [11/Apr/2009:05:27:08 -0400] "HEAD /favicon.ico HTTP/1.1" 404 - "-" "Mozilla/5.0 (Windows; U; Windows NT 5.1; en-US; rv:1.9.0.8) Gecko/2009032609 Firefox/3.0.8"
211.30.116.230 - - [11/Apr/2009:05:27:40 -0400] "GET /favicon.ico HTTP/1.1" 404 288 "-" "Mozilla/4.0 (compatible; MSIE 7.0; Windows NT 5.1; .NET CLR 1.1.4322; .NET CLR 2.0.50727; .NET CLR 3.0.04506.30)"
211.30.116.230 - - [11/Apr/2009:05:27:40 -0400] "GET /eliza/Eliza.html HTTP/1.1" 200 5488 "http://alienlovespredator.com/2005/10/10/eliza/" "Mozilla/4.0 (compatible; MSIE 7.0; Windows NT 5.1; .NET CLR 1.1.4322; .NET CLR 2.0.50727; .NET CLR 3.0.04506.30)"
211.30.116.230 - - [11/Apr/2009:05:27:47 -0400] "GET /icons/back.gif HTTP/1.1" 200 216 "http://chayden.net/eliza/Eliza.html" "Mozilla/4.0 (compatible; MSIE 7.0; Windows NT 5.1; .NET CLR 1.1.4322; .NET CLR 2.0.50727; .NET CLR 3.0.04506.30)"
74.6.22.160 - - [11/Apr/2009:05:27:48 -0400] "GET /Catskills/BigIndianEagleFir2003/BigIndian.tpo HTTP/1.0" 200 3147 "-" "Mozilla/5.0 (compatible; Yahoo! Slurp/3.0; http://help.yahoo.com/help/us/ysearch/slurp)"
211.30.116.230 - - [11/Apr/2009:05:27:48 -0400] "GET /eliza/Eliza/Eliza.class HTTP/1.1" 200 2434 "-" "Mozilla/4.0 (Windows XP 5.1) Java/1.5.0_11"
211.30.116.230 - - [11/Apr/2009:05:27:49 -0400] "GET /eliza/Eliza/ElizaMain.class HTTP/1.1" 200 9260 "-" "Mozilla/4.0 (Windows XP 5.1) Java/1.5.0_11"
211.30.116.230 - - [11/Apr/2009:05:27:50 -0400] "GET /eliza/Eliza/DecompList.class HTTP/1.1" 200 877 "-" "Mozilla/4.0 (Windows XP 5.1) Java/1.5.0_11"
211.30.116.230 - - [11/Apr/2009:05:27:50 -0400] "GET /eliza/Eliza/KeyList.class HTTP/1.1" 200 1722 "-" "Mozilla/4.0 (Windows XP 5.1) Java/1.5.0_11"
211.30.116.230 - - [11/Apr/2009:05:27:51 -0400] "GET /eliza/Eliza/SynList.class HTTP/1.1" 200 2103 "-" "Mozilla/4.0 (Windows XP 5.1) Java/1.5.0_11"
211.30.116.230 - - [11/Apr/2009:05:27:51 -0400] "GET /eliza/Eliza/WordList.class HTTP/1.1" 200 1243 "-" "Mozilla/4.0 (Windows XP 5.1) Java/1.5.0_11"
211.30.116.230 - - [11/Apr/2009:05:27:52 -0400] "GET /eliza/Eliza/PrePostList.class HTTP/1.1" 200 1674 "-" "Mozilla/4.0 (Windows XP 5.1) Java/1.5.0_11"
211.30.116.230 - - [11/Apr/2009:05:27:52 -0400] "GET /eliza/Eliza/KeyStack.class HTTP/1.1" 200 1507 "-" "Mozilla/4.0 (Windows XP 5.1) Java/1.5.0_11"
211.30.116.230 - - [11/Apr/2009:05:27:53 -0400] "GET /eliza/Eliza/Key.class HTTP/1.1" 200 1702 "-" "Mozilla/4.0 (Windows XP 5.1) Java/1.5.0_11"
211.30.116.230 - - [11/Apr/2009:05:27:53 -0400] "GET /eliza/Eliza/Mem.class HTTP/1.1" 200 850 "-" "Mozilla/4.0 (Windows XP 5.1) Java/1.5.0_11"
211.30.116.230 - - [11/Apr/2009:05:27:54 -0400] "GET /eliza/script HTTP/1.1" 200 12267 "-" "Mozilla/4.0 (Windows XP 5.1) Java/1.5.0_11"
211.30.116.230 - - [11/Apr/2009:05:27:55 -0400] "GET /eliza/Eliza/EString.class HTTP/1.1" 200 3849 "-" "Mozilla/4.0 (Windows XP 5.1) Java/1.5.0_11"
211.30.116.230 - - [11/Apr/2009:05:27:55 -0400] "GET /eliza/Eliza/PrePost.class HTTP/1.1" 200 1073 "-" "Mozilla/4.0 (Windows XP 5.1) Java/1.5.0_11"
211.30.116.230 - - [11/Apr/2009:05:27:56 -0400] "GET /eliza/Eliza/ReasembList.class HTTP/1.1" 200 1102 "-" "Mozilla/4.0 (Windows XP 5.1) Java/1.5.0_11"
211.30.116.230 - - [11/Apr/2009:05:27:56 -0400] "GET /eliza/Eliza/Decomp.class HTTP/1.1" 200 1727 "-" "Mozilla/4.0 (Windows XP 5.1) Java/1.5.0_11"
65.40.115.30 - - [11/Apr/2009:05:31:41 -0400] "HEAD /favicon.ico HTTP/1.1" 404 - "-" "Mozilla/5.0 (Windows; U; Windows NT 5.1; en-US; rv:1.9.0.8) Gecko/2009032609 Firefox/3.0.8"
65.55.217.53 - - [11/Apr/2009:05:32:08 -0400] "GET /robots.txt HTTP/1.1" 404 291 "-" "msnbot-media/1.1 (+http://search.msn.com/msnbot.htm)"
65.55.217.53 - - [11/Apr/2009:05:32:08 -0400] "GET /Allison78/pic/AL78-17.jpg HTTP/1.1" 200 98213 "-" "msnbot-media/1.1 (+http://search.msn.com/msnbot.htm)"
65.55.217.53 - - [11/Apr/2009:05:32:16 -0400] "GET /Silver/pic/Silver99-5-34.jpg HTTP/1.1" 200 78077 "-" "msnbot-media/1.1 (+http://search.msn.com/msnbot.htm)"
89.149.244.57 - - [11/Apr/2009:05:33:34 -0400] "GET /index.php?name=Info&url=blablablarss.ru HTTP/1.0" 404 286 "CHAYDEN.NET/index.php?name=Info&url=blablablarss.ru" "Mozilla/4.0 (compatible; MSIE 6.0; Windows 98; Win 9x 4.90)"
121.72.6.32 - - [11/Apr/2009:05:33:57 -0400] "GET /Asterisk/SeUpAsteriskAtHome.htm HTTP/1.1" 200 178181 "http://www.google.co.nz/search?hl=en&q=asterisks+pbx&revid=827133137&ei=7GPgScOoA6OQtAOu_oWoCQ&sa=X&oi=revisions_narrow&resnum=4&ct=revision&cd=1" "Mozilla/4.0 (compatible; MSIE 6.0; Windows NT 5.1; SV1; .NET CLR 2.0.50727)"
121.72.6.32 - - [11/Apr/2009:05:34:00 -0400] "GET /Asterisk/SeUpAsteriskAtHome_files/image001.gif HTTP/1.1" 200 2324 "http://www.chayden.net/Asterisk/SeUpAsteriskAtHome.htm" "Mozilla/4.0 (compatible; MSIE 6.0; Windows NT 5.1; SV1; .NET CLR 2.0.50727)"
121.72.6.32 - - [11/Apr/2009:05:34:01 -0400] "GET /Asterisk/SeUpAsteriskAtHome_files/image002.png HTTP/1.1" 200 8522 "-" "Mozilla/4.0 (compatible; MSIE 6.0; Windows NT 5.1; SV1; .NET CLR 2.0.50727)"
121.72.6.32 - - [11/Apr/2009:05:34:03 -0400] "GET /Asterisk/SeUpAsteriskAtHome_files/image005.gif HTTP/1.1" 200 4365 "-" "Mozilla/4.0 (compatible; MSIE 6.0; Windows NT 5.1; SV1; .NET CLR 2.0.50727)"
121.72.6.32 - - [11/Apr/2009:05:34:04 -0400] "GET /Asterisk/SeUpAsteriskAtHome_files/image006.gif HTTP/1.1" 200 33832 "-" "Mozilla/4.0 (compatible; MSIE 6.0; Windows NT 5.1; SV1; .NET CLR 2.0.50727)"
121.72.6.32 - - [11/Apr/2009:05:34:07 -0400] "GET /Asterisk/SeUpAsteriskAtHome_files/image007.gif HTTP/1.1" 200 5284 "-" "Mozilla/4.0 (compatible; MSIE 6.0; Windows NT 5.1; SV1; .NET CLR 2.0.50727)"
121.72.6.32 - - [11/Apr/2009:05:34:09 -0400] "GET /Asterisk/SeUpAsteriskAtHome_files/image008.png HTTP/1.1" 200 9707 "-" "Mozilla/4.0 (compatible; MSIE 6.0; Windows NT 5.1; SV1; .NET CLR 2.0.50727)"
121.72.6.32 - - [11/Apr/2009:05:34:10 -0400] "GET /Asterisk/SeUpAsteriskAtHome_files/image010.png HTTP/1.1" 200 8528 "-" "Mozilla/4.0 (compatible; MSIE 6.0; Windows NT 5.1; SV1; .NET CLR 2.0.50727)"
121.72.6.32 - - [11/Apr/2009:05:34:12 -0400] "GET /Asterisk/SeUpAsteriskAtHome_files/image012.png HTTP/1.1" 200 13317 "-" "Mozilla/4.0 (compatible; MSIE 6.0; Windows NT 5.1; SV1; .NET CLR 2.0.50727)"
121.72.6.32 - - [11/Apr/2009:05:34:14 -0400] "GET /Asterisk/SeUpAsteriskAtHome_files/image014.png HTTP/1.1" 200 29314 "-" "Mozilla/4.0 (compatible; MSIE 6.0; Windows NT 5.1; SV1; .NET CLR 2.0.50727)"
121.72.6.32 - - [11/Apr/2009:05:34:14 -0400] "GET /Asterisk/SeUpAsteriskAtHome_files/image016.png HTTP/1.1" 200 25414 "-" "Mozilla/4.0 (compatible; MSIE 6.0; Windows NT 5.1; SV1; .NET CLR 2.0.50727)"
121.72.6.32 - - [11/Apr/2009:05:34:16 -0400] "GET /Asterisk/SeUpAsteriskAtHome_files/image018.png HTTP/1.1" 200 19123 "-" "Mozilla/4.0 (compatible; MSIE 6.0; Windows NT 5.1; SV1; .NET CLR 2.0.50727)"
121.72.6.32 - - [11/Apr/2009:05:34:18 -0400] "GET /Asterisk/SeUpAsteriskAtHome_files/image020.gif HTTP/1.1" 200 49946 "-" "Mozilla/4.0 (compatible; MSIE 6.0; Windows NT 5.1; SV1; .NET CLR 2.0.50727)"
121.72.6.32 - - [11/Apr/2009:05:34:19 -0400] "GET /Asterisk/SeUpAsteriskAtHome_files/image021.png HTTP/1.1" 200 18492 "-" "Mozilla/4.0 (compatible; MSIE 6.0; Windows NT 5.1; SV1; .NET CLR 2.0.50727)"
121.72.6.32 - - [11/Apr/2009:05:34:22 -0400] "GET /Asterisk/SeUpAsteriskAtHome_files/image023.png HTTP/1.1" 200 17704 "-" "Mozilla/4.0 (compatible; MSIE 6.0; Windows NT 5.1; SV1; .NET CLR 2.0.50727)"
121.72.6.32 - - [11/Apr/2009:05:34:23 -0400] "GET /Asterisk/SeUpAsteriskAtHome_files/image025.png HTTP/1.1" 200 19921 "-" "Mozilla/4.0 (compatible; MSIE 6.0; Windows NT 5.1; SV1; .NET CLR 2.0.50727)"
121.72.6.32 - - [11/Apr/2009:05:34:26 -0400] "GET /Asterisk/SeUpAsteriskAtHome_files/image027.jpg HTTP/1.1" 200 8509 "-" "Mozilla/4.0 (compatible; MSIE 6.0; Windows NT 5.1; SV1; .NET CLR 2.0.50727)"
121.72.6.32 - - [11/Apr/2009:05:34:27 -0400] "GET /Asterisk/SeUpAsteriskAtHome_files/image030.jpg HTTP/1.1" 200 77949 "-" "Mozilla/4.0 (compatible; MSIE 6.0; Windows NT 5.1; SV1; .NET CLR 2.0.50727)"
121.72.6.32 - - [11/Apr/2009:05:34:27 -0400] "GET /Asterisk/SeUpAsteriskAtHome_files/image028.jpg HTTP/1.1" 200 139428 "-" "Mozilla/4.0 (compatible; MSIE 6.0; Windows NT 5.1; SV1; .NET CLR 2.0.50727)"
121.72.6.32 - - [11/Apr/2009:05:34:37 -0400] "GET /Asterisk/SeUpAsteriskAtHome_files/image032.jpg HTTP/1.1" 200 81539 "-" "Mozilla/4.0 (compatible; MSIE 6.0; Windows NT 5.1; SV1; .NET CLR 2.0.50727)"
121.72.6.32 - - [11/Apr/2009:05:34:40 -0400] "GET /Asterisk/SeUpAsteriskAtHome_files/image034.jpg HTTP/1.1" 200 5270 "-" "Mozilla/4.0 (compatible; MSIE 6.0; Windows NT 5.1; SV1; .NET CLR 2.0.50727)"
121.72.6.32 - - [11/Apr/2009:05:34:42 -0400] "GET /Asterisk/SeUpAsteriskAtHome_files/image038.jpg HTTP/1.1" 200 7171 "-" "Mozilla/4.0 (compatible; MSIE 6.0; Windows NT 5.1; SV1; .NET CLR 2.0.50727)"
121.72.6.32 - - [11/Apr/2009:05:34:42 -0400] "GET /Asterisk/SeUpAsteriskAtHome_files/image036.png HTTP/1.1" 200 24757 "-" "Mozilla/4.0 (compatible; MSIE 6.0; Windows NT 5.1; SV1; .NET CLR 2.0.50727)"
121.72.6.32 - - [11/Apr/2009:05:34:43 -0400] "GET /Asterisk/SeUpAsteriskAtHome_files/image040.jpg HTTP/1.1" 200 75744 "-" "Mozilla/4.0 (compatible; MSIE 6.0; Windows NT 5.1; SV1; .NET CLR 2.0.50727)"
121.72.6.32 - - [11/Apr/2009:05:34:47 -0400] "GET /Asterisk/SeUpAsteriskAtHome_files/image042.jpg HTTP/1.1" 200 62576 "-" "Mozilla/4.0 (compatible; MSIE 6.0; Windows NT 5.1; SV1; .NET CLR 2.0.50727)"
121.72.6.32 - - [11/Apr/2009:05:34:49 -0400] "GET /Asterisk/SeUpAsteriskAtHome_files/image045.png HTTP/1.1" 200 24347 "-" "Mozilla/4.0 (compatible; MSIE 6.0; Windows NT 5.1; SV1; .NET CLR 2.0.50727)"
121.72.6.32 - - [11/Apr/2009:05:34:52 -0400] "GET /Asterisk/SeUpAsteriskAtHome_files/image003.jpg HTTP/1.1" 200 5132 "http://www.chayden.net/Asterisk/SeUpAsteriskAtHome.htm" "Mozilla/4.0 (compatible; MSIE 6.0; Windows NT 5.1; SV1; .NET CLR 2.0.50727)"
66.249.71.238 - - [11/Apr/2009:05:34:54 -0400] "GET /Index.html HTTP/1.1" 404 291 "-" "Mozilla/5.0 (compatible; Googlebot/2.1; +http://www.google.com/bot.html)"
121.72.6.32 - - [11/Apr/2009:05:34:56 -0400] "GET /Asterisk/SeUpAsteriskAtHome_files/image009.jpg HTTP/1.1" 200 14238 "http://www.chayden.net/Asterisk/SeUpAsteriskAtHome.htm" "Mozilla/4.0 (compatible; MSIE 6.0; Windows NT 5.1; SV1; .NET CLR 2.0.50727)"
121.72.6.32 - - [11/Apr/2009:05:34:56 -0400] "GET /Asterisk/SeUpAsteriskAtHome_files/image011.jpg HTTP/1.1" 200 13078 "http://www.chayden.net/Asterisk/SeUpAsteriskAtHome.htm" "Mozilla/4.0 (compatible; MSIE 6.0; Windows NT 5.1; SV1; .NET CLR 2.0.50727)"
121.72.6.32 - - [11/Apr/2009:05:34:58 -0400] "GET /Asterisk/SeUpAsteriskAtHome_files/image013.jpg HTTP/1.1" 200 21296 "http://www.chayden.net/Asterisk/SeUpAsteriskAtHome.htm" "Mozilla/4.0 (compatible; MSIE 6.0; Windows NT 5.1; SV1; .NET CLR 2.0.50727)"
121.72.6.32 - - [11/Apr/2009:05:34:58 -0400] "GET /Asterisk/SeUpAsteriskAtHome_files/image015.jpg HTTP/1.1" 200 47335 "http://www.chayden.net/Asterisk/SeUpAsteriskAtHome.htm" "Mozilla/4.0 (compatible; MSIE 6.0; Windows NT 5.1; SV1; .NET CLR 2.0.50727)"
121.72.6.32 - - [11/Apr/2009:05:35:00 -0400] "GET /Asterisk/SeUpAsteriskAtHome_files/image017.jpg HTTP/1.1" 200 30515 "http://www.chayden.net/Asterisk/SeUpAsteriskAtHome.htm" "Mozilla/4.0 (compatible; MSIE 6.0; Windows NT 5.1; SV1; .NET CLR 2.0.50727)"
121.72.6.32 - - [11/Apr/2009:05:35:02 -0400] "GET /Asterisk/SeUpAsteriskAtHome_files/image019.jpg HTTP/1.1" 200 39902 "http://www.chayden.net/Asterisk/SeUpAsteriskAtHome.htm" "Mozilla/4.0 (compatible; MSIE 6.0; Windows NT 5.1; SV1; .NET CLR 2.0.50727)"
121.72.6.32 - - [11/Apr/2009:05:35:08 -0400] "GET /Asterisk/SeUpAsteriskAtHome_files/image022.jpg HTTP/1.1" 200 34633 "http://www.chayden.net/Asterisk/SeUpAsteriskAtHome.htm" "Mozilla/4.0 (compatible; MSIE 6.0; Windows NT 5.1; SV1; .NET CLR 2.0.50727)"
121.72.6.32 - - [11/Apr/2009:05:35:10 -0400] "GET /Asterisk/SeUpAsteriskAtHome_files/image024.jpg HTTP/1.1" 200 31330 "http://www.chayden.net/Asterisk/SeUpAsteriskAtHome.htm" "Mozilla/4.0 (compatible; MSIE 6.0; Windows NT 5.1; SV1; .NET CLR 2.0.50727)"
121.72.6.32 - - [11/Apr/2009:05:35:11 -0400] "GET /Asterisk/SeUpAsteriskAtHome_files/image026.jpg HTTP/1.1" 200 37910 "http://www.chayden.net/Asterisk/SeUpAsteriskAtHome.htm" "Mozilla/4.0 (compatible; MSIE 6.0; Windows NT 5.1; SV1; .NET CLR 2.0.50727)"
121.72.6.32 - - [11/Apr/2009:05:35:15 -0400] "GET /Asterisk/SeUpAsteriskAtHome_files/image029.jpg HTTP/1.1" 200 43404 "http://www.chayden.net/Asterisk/SeUpAsteriskAtHome.htm" "Mozilla/4.0 (compatible; MSIE 6.0; Windows NT 5.1; SV1; .NET CLR 2.0.50727)"
121.72.6.32 - - [11/Apr/2009:05:35:15 -0400] "GET /Asterisk/SeUpAsteriskAtHome_files/image031.jpg HTTP/1.1" 200 30259 "http://www.chayden.net/Asterisk/SeUpAsteriskAtHome.htm" "Mozilla/4.0 (compatible; MSIE 6.0; Windows NT 5.1; SV1; .NET CLR 2.0.50727)"
121.72.6.32 - - [11/Apr/2009:05:35:18 -0400] "GET /Asterisk/SeUpAsteriskAtHome_files/image033.jpg HTTP/1.1" 200 30788 "http://www.chayden.net/Asterisk/SeUpAsteriskAtHome.htm" "Mozilla/4.0 (compatible; MSIE 6.0; Windows NT 5.1; SV1; .NET CLR 2.0.50727)"
121.72.6.32 - - [11/Apr/2009:05:35:19 -0400] "GET /Asterisk/SeUpAsteriskAtHome_files/image035.jpg HTTP/1.1" 200 2759 "http://www.chayden.net/Asterisk/SeUpAsteriskAtHome.htm" "Mozilla/4.0 (compatible; MSIE 6.0; Windows NT 5.1; SV1; .NET CLR 2.0.50727)"
121.72.6.32 - - [11/Apr/2009:05:35:19 -0400] "GET /Asterisk/SeUpAsteriskAtHome_files/image037.jpg HTTP/1.1" 200 42221 "http://www.chayden.net/Asterisk/SeUpAsteriskAtHome.htm" "Mozilla/4.0 (compatible; MSIE 6.0; Windows NT 5.1; SV1; .NET CLR 2.0.50727)"
121.72.6.32 - - [11/Apr/2009:05:35:20 -0400] "GET /Asterisk/SeUpAsteriskAtHome_files/image039.jpg HTTP/1.1" 200 1921 "http://www.chayden.net/Asterisk/SeUpAsteriskAtHome.htm" "Mozilla/4.0 (compatible; MSIE 6.0; Windows NT 5.1; SV1; .NET CLR 2.0.50727)"
121.72.6.32 - - [11/Apr/2009:05:35:22 -0400] "GET /Asterisk/SeUpAsteriskAtHome_files/image041.jpg HTTP/1.1" 200 26765 "http://www.chayden.net/Asterisk/SeUpAsteriskAtHome.htm" "Mozilla/4.0 (compatible; MSIE 6.0; Windows NT 5.1; SV1; .NET CLR 2.0.50727)"
121.72.6.32 - - [11/Apr/2009:05:35:22 -0400] "GET /Asterisk/SeUpAsteriskAtHome_files/image043.jpg HTTP/1.1" 200 22658 "http://www.chayden.net/Asterisk/SeUpAsteriskAtHome.htm" "Mozilla/4.0 (compatible; MSIE 6.0; Windows NT 5.1; SV1; .NET CLR 2.0.50727)"
121.72.6.32 - - [11/Apr/2009:05:35:24 -0400] "GET /Asterisk/SeUpAsteriskAtHome_files/image046.jpg HTTP/1.1" 200 35168 "http://www.chayden.net/Asterisk/SeUpAsteriskAtHome.htm" "Mozilla/4.0 (compatible; MSIE 6.0; Windows NT 5.1; SV1; .NET CLR 2.0.50727)"
65.40.115.30 - - [11/Apr/2009:05:37:08 -0400] "HEAD /favicon.ico HTTP/1.1" 404 - "-" "Mozilla/5.0 (Windows; U; Windows NT 5.1; en-US; rv:1.9.0.8) Gecko/2009032609 Firefox/3.0.8"
65.55.217.64 - - [11/Apr/2009:05:40:38 -0400] "GET /Allison78/pic/AL78-15.jpg HTTP/1.1" 200 114285 "-" "msnbot-media/1.1 (+http://search.msn.com/msnbot.htm)"
83.24.25.46 - - [11/Apr/2009:05:41:00 -0400] "GET /Runs/Adidas/index.htm HTTP/1.1" 200 2459 "http://www.wykop.pl/ramka/97390/stare-reklamy-adidasa-o-biegaczach-jednak-nieco-inne" "Mozilla/5.0 (Macintosh; U; Intel Mac OS X 10_5_6; en-us) AppleWebKit/528.16 (KHTML, like Gecko) Version/4 Public Beta Safari/528.16"
83.24.25.46 - - [11/Apr/2009:05:41:00 -0400] "GET /Runs/Adidas/vaseline800.jpg HTTP/1.1" 200 61165 "http://www.chayden.net/Runs/Adidas/index.htm" "Mozilla/5.0 (Macintosh; U; Intel Mac OS X 10_5_6; en-us) AppleWebKit/528.16 (KHTML, like Gecko) Version/4 Public Beta Safari/528.16"
83.24.25.46 - - [11/Apr/2009:05:41:00 -0400] "GET /Runs/Adidas/tree-800.jpg HTTP/1.1" 200 76203 "http://www.chayden.net/Runs/Adidas/index.htm" "Mozilla/5.0 (Macintosh; U; Intel Mac OS X 10_5_6; en-us) AppleWebKit/528.16 (KHTML, like Gecko) Version/4 Public Beta Safari/528.16"
83.24.25.46 - - [11/Apr/2009:05:41:00 -0400] "GET /Runs/Adidas/tape-800.jpg HTTP/1.1" 200 114686 "http://www.chayden.net/Runs/Adidas/index.htm" "Mozilla/5.0 (Macintosh; U; Intel Mac OS X 10_5_6; en-us) AppleWebKit/528.16 (KHTML, like Gecko) Version/4 Public Beta Safari/528.16"
83.24.25.46 - - [11/Apr/2009:05:41:00 -0400] "GET /Runs/Adidas/changing-800.jpg HTTP/1.1" 200 118677 "http://www.chayden.net/Runs/Adidas/index.htm" "Mozilla/5.0 (Macintosh; U; Intel Mac OS X 10_5_6; en-us) AppleWebKit/528.16 (KHTML, like Gecko) Version/4 Public Beta Safari/528.16"
83.24.25.46 - - [11/Apr/2009:05:41:04 -0400] "GET /Runs/Adidas/snot-rocket-800.jpg HTTP/1.1" 200 63993 "http://www.chayden.net/Runs/Adidas/index.htm" "Mozilla/5.0 (Macintosh; U; Intel Mac OS X 10_5_6; en-us) AppleWebKit/528.16 (KHTML, like Gecko) Version/4 Public Beta Safari/528.16"
83.24.25.46 - - [11/Apr/2009:05:41:04 -0400] "GET /Runs/Adidas/baby-800.jpg HTTP/1.1" 200 127856 "http://www.chayden.net/Runs/Adidas/index.htm" "Mozilla/5.0 (Macintosh; U; Intel Mac OS X 10_5_6; en-us) AppleWebKit/528.16 (KHTML, like Gecko) Version/4 Public Beta Safari/528.16"
83.24.25.46 - - [11/Apr/2009:05:41:04 -0400] "GET /Runs/Adidas/dr-office-800.jpg HTTP/1.1" 200 105355 "http://www.chayden.net/Runs/Adidas/index.htm" "Mozilla/5.0 (Macintosh; U; Intel Mac OS X 10_5_6; en-us) AppleWebKit/528.16 (KHTML, like Gecko) Version/4 Public Beta Safari/528.16"
83.24.25.46 - - [11/Apr/2009:05:41:04 -0400] "GET /Runs/Adidas/river-800.jpg HTTP/1.1" 200 144245 "http://www.chayden.net/Runs/Adidas/index.htm" "Mozilla/5.0 (Macintosh; U; Intel Mac OS X 10_5_6; en-us) AppleWebKit/528.16 (KHTML, like Gecko) Version/4 Public Beta Safari/528.16"
83.24.25.46 - - [11/Apr/2009:05:41:07 -0400] "GET /Runs/Adidas/cable-car-800.JPG HTTP/1.1" 200 60723 "http://www.chayden.net/Runs/Adidas/index.htm" "Mozilla/5.0 (Macintosh; U; Intel Mac OS X 10_5_6; en-us) AppleWebKit/528.16 (KHTML, like Gecko) Version/4 Public Beta Safari/528.16"
83.24.25.46 - - [11/Apr/2009:05:41:07 -0400] "GET /Runs/Adidas/park-800.jpg HTTP/1.1" 200 52610 "http://www.chayden.net/Runs/Adidas/index.htm" "Mozilla/5.0 (Macintosh; U; Intel Mac OS X 10_5_6; en-us) AppleWebKit/528.16 (KHTML, like Gecko) Version/4 Public Beta Safari/528.16"
83.24.25.46 - - [11/Apr/2009:05:41:07 -0400] "GET /Runs/Adidas/bank-800.jpg HTTP/1.1" 200 99716 "http://www.chayden.net/Runs/Adidas/index.htm" "Mozilla/5.0 (Macintosh; U; Intel Mac OS X 10_5_6; en-us) AppleWebKit/528.16 (KHTML, like Gecko) Version/4 Public Beta Safari/528.16"
66.249.71.166 - - [11/Apr/2009:05:41:15 -0400] "GET /Iron/Iron.html HTTP/1.1" 200 14717 "-" "Mozilla/5.0 (compatible; Googlebot/2.1; +http://www.google.com/bot.html)"
65.40.115.30 - - [11/Apr/2009:05:41:41 -0400] "HEAD /favicon.ico HTTP/1.1" 404 - "-" "Mozilla/5.0 (Windows; U; Windows NT 5.1; en-US; rv:1.9.0.8) Gecko/2009032609 Firefox/3.0.8"
65.55.104.162 - - [11/Apr/2009:05:45:01 -0400] "GET /Sierra76/Sierra76.html HTTP/1.1" 200 19519 "-" "msnbot/1.1 (+http://search.msn.com/msnbot.htm)"
74.6.22.160 - - [11/Apr/2009:05:46:15 -0400] "GET /Catskills/TPO/Catskill-Waypoints.tpg HTTP/1.0" 200 10488 "-" "Mozilla/5.0 (compatible; Yahoo! Slurp/3.0; http://help.yahoo.com/help/us/ysearch/slurp)"
65.40.115.30 - - [11/Apr/2009:05:47:07 -0400] "HEAD /favicon.ico HTTP/1.1" 404 - "-" "Mozilla/5.0 (Windows; U; Windows NT 5.1; en-US; rv:1.9.0.8) Gecko/2009032609 Firefox/3.0.8"
121.72.6.32 - - [11/Apr/2009:05:48:38 -0400] "GET /favicon.ico HTTP/1.1" 404 292 "-" "Mozilla/5.0 (Windows; U; Windows NT 5.1; en-US; rv:1.9.0.5) Gecko/2008120122 Firefox/3.0.5"
121.72.6.32 - - [11/Apr/2009:05:48:41 -0400] "GET /favicon.ico HTTP/1.1" 404 292 "-" "Mozilla/5.0 (Windows; U; Windows NT 5.1; en-US; rv:1.9.0.5) Gecko/2008120122 Firefox/3.0.5"
66.249.71.166 - - [11/Apr/2009:05:50:24 -0400] "GET /Allison78/Allison.html HTTP/1.1" 200 12507 "-" "Mozilla/5.0 (compatible; Googlebot/2.1; +http://www.google.com/bot.html)"
69.136.247.243 - - [11/Apr/2009:05:50:57 -0400] "GET /favicon.ico HTTP/1.1" 404 288 "-" "Mozilla/4.0 (compatible; GoogleToolbar 5.0.2124.6042; Windows XP 5.1; MSIE 6.0.2800.1106)"
69.136.247.243 - - [11/Apr/2009:05:50:57 -0400] "GET /favicon.gif HTTP/1.1" 404 288 "-" "Mozilla/4.0 (compatible; GoogleToolbar 5.0.2124.6042; Windows XP 5.1; MSIE 6.0.2800.1106)"
65.55.217.55 - - [11/Apr/2009:05:51:19 -0400] "GET /Allison78/pic/AL78-03.jpg HTTP/1.1" 200 61248 "-" "msnbot-media/1.1 (+http://search.msn.com/msnbot.htm)"
65.40.115.30 - - [11/Apr/2009:05:51:41 -0400] "HEAD /favicon.ico HTTP/1.1" 404 - "-" "Mozilla/5.0 (Windows; U; Windows NT 5.1; en-US; rv:1.9.0.8) Gecko/2009032609 Firefox/3.0.8"
66.249.71.238 - - [11/Apr/2009:05:52:08 -0400] "GET /Sierra94/pic/Sierra94-M2.gif HTTP/1.1" 304 - "-" "Googlebot-Image/1.0"
74.6.18.249 - - [11/Apr/2009:05:54:10 -0400] "GET /Catskills/peak011.html HTTP/1.0" 404 303 "-" "Mozilla/5.0 (compatible; Yahoo! Slurp/3.0; http://help.yahoo.com/help/us/ysearch/slurp)"
74.6.18.249 - - [11/Apr/2009:05:56:01 -0400] "GET /JSMarathon99/Index.html HTTP/1.0" 200 8585 "-" "Mozilla/5.0 (compatible; Yahoo! Slurp/3.0; http://help.yahoo.com/help/us/ysearch/slurp)"
74.6.18.249 - - [11/Apr/2009:05:56:02 -0400] "GET /includes/hikes.css HTTP/1.0" 304 - "http://www.chayden.net/JSMarathon99/Index.html" "Mozilla/5.0 (compatible; Yahoo! Slurp/3.0; http://help.yahoo.com/help/us/ysearch/slurp)"
74.6.22.160 - - [11/Apr/2009:05:56:18 -0400] "GET /Sierra00/?C=N;O=D HTTP/1.0" 200 2127 "-" "Mozilla/5.0 (compatible; Yahoo! Slurp/3.0; http://help.yahoo.com/help/us/ysearch/slurp)"
65.40.115.30 - - [11/Apr/2009:05:57:11 -0400] "HEAD /favicon.ico HTTP/1.1" 404 - "-" "Mozilla/5.0 (Windows; U; Windows NT 5.1; en-US; rv:1.9.0.8) Gecko/2009032609 Firefox/3.0.8"
65.55.106.116 - - [11/Apr/2009:05:59:56 -0400] "GET /robots.txt HTTP/1.1" 404 287 "-" "msnbot/2.0b (+http://search.msn.com/msnbot.htm)"
65.40.115.30 - - [11/Apr/2009:06:01:41 -0400] "HEAD /favicon.ico HTTP/1.1" 404 - "-" "Mozilla/5.0 (Windows; U; Windows NT 5.1; en-US; rv:1.9.0.8) Gecko/2009032609 Firefox/3.0.8"
124.168.122.212 - - [11/Apr/2009:06:01:49 -0400] "GET /favicon.ico HTTP/1.1" 404 292 "-" "Mozilla/4.0 (compatible; MSIE 7.0; Windows NT 5.1; .NET CLR 1.1.4322; InfoPath.2; .NET CLR 2.0.50727; .NET CLR 3.0.04506.30; .NET CLR 3.0.04506.648)"
124.168.122.212 - - [11/Apr/2009:06:01:49 -0400] "GET /eliza/Eliza.html HTTP/1.1" 200 5488 "http://filletskillet.blogspot.com/search?updated-max=2009-04-06T23%3A28%3A00%2B10%3A00&max-results=5" "Mozilla/4.0 (compatible; MSIE 7.0; Windows NT 5.1; .NET CLR 1.1.4322; InfoPath.2; .NET CLR 2.0.50727; .NET CLR 3.0.04506.30; .NET CLR 3.0.04506.648)"
124.168.122.212 - - [11/Apr/2009:06:01:54 -0400] "GET /icons/back.gif HTTP/1.1" 200 216 "http://www.chayden.net/eliza/Eliza.html" "Mozilla/4.0 (compatible; MSIE 7.0; Windows NT 5.1; .NET CLR 1.1.4322; InfoPath.2; .NET CLR 2.0.50727; .NET CLR 3.0.04506.30; .NET CLR 3.0.04506.648)"
124.168.122.212 - - [11/Apr/2009:06:01:54 -0400] "GET /eliza/Eliza/Eliza.class HTTP/1.1" 200 2434 "-" "Mozilla/4.0 (Windows XP 5.1) Java/1.5.0_09"
124.168.122.212 - - [11/Apr/2009:06:01:55 -0400] "GET /eliza/Eliza/ElizaMain.class HTTP/1.1" 200 9260 "-" "Mozilla/4.0 (Windows XP 5.1) Java/1.5.0_09"
124.168.122.212 - - [11/Apr/2009:06:01:56 -0400] "GET /eliza/Eliza/DecompList.class HTTP/1.1" 200 877 "-" "Mozilla/4.0 (Windows XP 5.1) Java/1.5.0_09"
124.168.122.212 - - [11/Apr/2009:06:01:57 -0400] "GET /eliza/Eliza/KeyList.class HTTP/1.1" 200 1722 "-" "Mozilla/4.0 (Windows XP 5.1) Java/1.5.0_09"
124.168.122.212 - - [11/Apr/2009:06:01:57 -0400] "GET /eliza/Eliza/SynList.class HTTP/1.1" 200 2103 "-" "Mozilla/4.0 (Windows XP 5.1) Java/1.5.0_09"
124.168.122.212 - - [11/Apr/2009:06:01:58 -0400] "GET /eliza/Eliza/WordList.class HTTP/1.1" 200 1243 "-" "Mozilla/4.0 (Windows XP 5.1) Java/1.5.0_09"
124.168.122.212 - - [11/Apr/2009:06:01:58 -0400] "GET /eliza/Eliza/PrePostList.class HTTP/1.1" 200 1674 "-" "Mozilla/4.0 (Windows XP 5.1) Java/1.5.0_09"
124.168.122.212 - - [11/Apr/2009:06:01:59 -0400] "GET /eliza/Eliza/KeyStack.class HTTP/1.1" 200 1507 "-" "Mozilla/4.0 (Windows XP 5.1) Java/1.5.0_09"
124.168.122.212 - - [11/Apr/2009:06:01:59 -0400] "GET /eliza/Eliza/Key.class HTTP/1.1" 200 1702 "-" "Mozilla/4.0 (Windows XP 5.1) Java/1.5.0_09"
