117.194.230.134 - - [18/Apr/2009:04:03:41 -0400] "GET /Runs/Adidas/tree.jpg HTTP/1.1" 200 976780 "http://www.savitabhabhi.com/fanclub/showthread.php?tid=9192&page=20" "Mozilla/5.0 (Windows; U; Windows NT 5.1; en-US; rv:1.9.0.8) Gecko/2009032609 Firefox/3.0.8"
98.110.70.35 - - [18/Apr/2009:04:04:58 -0400] "GET /Asterisk/SeUpAsteriskAtHome.htm HTTP/1.1" 304 - "-" "Mozilla/4.0 (compatible; MSIE 7.0; Windows NT 6.0; WOW64; GTB6; SLCC1; .NET CLR 2.0.50727; Media Center PC 5.0; .NET CLR 3.0.30618; .NET CLR 3.5.30729; InfoPath.2; OfficeLiveConnector.1.3; OfficeLivePatch.0.0)"
98.110.70.35 - - [18/Apr/2009:04:05:08 -0400] "GET /Asterisk/SeUpAsteriskAtHome_files/image003.jpg HTTP/1.1" 304 - "http://www.chayden.net/Asterisk/SeUpAsteriskAtHome.htm" "Mozilla/4.0 (compatible; MSIE 7.0; Windows NT 6.0; WOW64; GTB6; SLCC1; .NET CLR 2.0.50727; Media Center PC 5.0; .NET CLR 3.0.30618; .NET CLR 3.5.30729; InfoPath.2; OfficeLiveConnector.1.3; OfficeLivePatch.0.0)"
98.110.70.35 - - [18/Apr/2009:04:05:08 -0400] "GET /Asterisk/SeUpAsteriskAtHome_files/image001.gif HTTP/1.1" 304 - "http://www.chayden.net/Asterisk/SeUpAsteriskAtHome.htm" "Mozilla/4.0 (compatible; MSIE 7.0; Windows NT 6.0; WOW64; GTB6; SLCC1; .NET CLR 2.0.50727; Media Center PC 5.0; .NET CLR 3.0.30618; .NET CLR 3.5.30729; InfoPath.2; OfficeLiveConnector.1.3; OfficeLivePatch.0.0)"
98.110.70.35 - - [18/Apr/2009:04:05:08 -0400] "GET /Asterisk/SeUpAsteriskAtHome_files/image004.gif HTTP/1.1" 304 - "http://www.chayden.net/Asterisk/SeUpAsteriskAtHome.htm" "Mozilla/4.0 (compatible; MSIE 7.0; Windows NT 6.0; WOW64; GTB6; SLCC1; .NET CLR 2.0.50727; Media Center PC 5.0; .NET CLR 3.0.30618; .NET CLR 3.5.30729; InfoPath.2; OfficeLiveConnector.1.3; OfficeLivePatch.0.0)"
98.110.70.35 - - [18/Apr/2009:04:05:08 -0400] "GET /Asterisk/SeUpAsteriskAtHome_files/image005.gif HTTP/1.1" 304 - "http://www.chayden.net/Asterisk/SeUpAsteriskAtHome.htm" "Mozilla/4.0 (compatible; MSIE 7.0; Windows NT 6.0; WOW64; GTB6; SLCC1; .NET CLR 2.0.50727; Media Center PC 5.0; .NET CLR 3.0.30618; .NET CLR 3.5.30729; InfoPath.2; OfficeLiveConnector.1.3; OfficeLivePatch.0.0)"
98.110.70.35 - - [18/Apr/2009:04:05:08 -0400] "GET /Asterisk/SeUpAsteriskAtHome_files/image006.gif HTTP/1.1" 304 - "http://www.chayden.net/Asterisk/SeUpAsteriskAtHome.htm" "Mozilla/4.0 (compatible; MSIE 7.0; Windows NT 6.0; WOW64; GTB6; SLCC1; .NET CLR 2.0.50727; Media Center PC 5.0; .NET CLR 3.0.30618; .NET CLR 3.5.30729; InfoPath.2; OfficeLiveConnector.1.3; OfficeLivePatch.0.0)"
98.110.70.35 - - [18/Apr/2009:04:05:08 -0400] "GET /Asterisk/SeUpAsteriskAtHome_files/image007.gif HTTP/1.1" 304 - "http://www.chayden.net/Asterisk/SeUpAsteriskAtHome.htm" "Mozilla/4.0 (compatible; MSIE 7.0; Windows NT 6.0; WOW64; GTB6; SLCC1; .NET CLR 2.0.50727; Media Center PC 5.0; .NET CLR 3.0.30618; .NET CLR 3.5.30729; InfoPath.2; OfficeLiveConnector.1.3; OfficeLivePatch.0.0)"
98.110.70.35 - - [18/Apr/2009:04:05:08 -0400] "GET /Asterisk/SeUpAsteriskAtHome_files/image009.jpg HTTP/1.1" 304 - "http://www.chayden.net/Asterisk/SeUpAsteriskAtHome.htm" "Mozilla/4.0 (compatible; MSIE 7.0; Windows NT 6.0; WOW64; GTB6; SLCC1; .NET CLR 2.0.50727; Media Center PC 5.0; .NET CLR 3.0.30618; .NET CLR 3.5.30729; InfoPath.2; OfficeLiveConnector.1.3; OfficeLivePatch.0.0)"
98.110.70.35 - - [18/Apr/2009:04:05:08 -0400] "GET /Asterisk/SeUpAsteriskAtHome_files/image011.jpg HTTP/1.1" 304 - "http://www.chayden.net/Asterisk/SeUpAsteriskAtHome.htm" "Mozilla/4.0 (compatible; MSIE 7.0; Windows NT 6.0; WOW64; GTB6; SLCC1; .NET CLR 2.0.50727; Media Center PC 5.0; .NET CLR 3.0.30618; .NET CLR 3.5.30729; InfoPath.2; OfficeLiveConnector.1.3; OfficeLivePatch.0.0)"
98.110.70.35 - - [18/Apr/2009:04:05:08 -0400] "GET /Asterisk/SeUpAsteriskAtHome_files/image013.jpg HTTP/1.1" 304 - "http://www.chayden.net/Asterisk/SeUpAsteriskAtHome.htm" "Mozilla/4.0 (compatible; MSIE 7.0; Windows NT 6.0; WOW64; GTB6; SLCC1; .NET CLR 2.0.50727; Media Center PC 5.0; .NET CLR 3.0.30618; .NET CLR 3.5.30729; InfoPath.2; OfficeLiveConnector.1.3; OfficeLivePatch.0.0)"
98.110.70.35 - - [18/Apr/2009:04:05:08 -0400] "GET /Asterisk/SeUpAsteriskAtHome_files/image015.jpg HTTP/1.1" 304 - "http://www.chayden.net/Asterisk/SeUpAsteriskAtHome.htm" "Mozilla/4.0 (compatible; MSIE 7.0; Windows NT 6.0; WOW64; GTB6; SLCC1; .NET CLR 2.0.50727; Media Center PC 5.0; .NET CLR 3.0.30618; .NET CLR 3.5.30729; InfoPath.2; OfficeLiveConnector.1.3; OfficeLivePatch.0.0)"
98.110.70.35 - - [18/Apr/2009:04:05:08 -0400] "GET /Asterisk/SeUpAsteriskAtHome_files/image017.jpg HTTP/1.1" 304 - "http://www.chayden.net/Asterisk/SeUpAsteriskAtHome.htm" "Mozilla/4.0 (compatible; MSIE 7.0; Windows NT 6.0; WOW64; GTB6; SLCC1; .NET CLR 2.0.50727; Media Center PC 5.0; .NET CLR 3.0.30618; .NET CLR 3.5.30729; InfoPath.2; OfficeLiveConnector.1.3; OfficeLivePatch.0.0)"
98.110.70.35 - - [18/Apr/2009:04:05:08 -0400] "GET /Asterisk/SeUpAsteriskAtHome_files/image019.jpg HTTP/1.1" 304 - "http://www.chayden.net/Asterisk/SeUpAsteriskAtHome.htm" "Mozilla/4.0 (compatible; MSIE 7.0; Windows NT 6.0; WOW64; GTB6; SLCC1; .NET CLR 2.0.50727; Media Center PC 5.0; .NET CLR 3.0.30618; .NET CLR 3.5.30729; InfoPath.2; OfficeLiveConnector.1.3; OfficeLivePatch.0.0)"
98.110.70.35 - - [18/Apr/2009:04:05:08 -0400] "GET /Asterisk/SeUpAsteriskAtHome_files/image020.gif HTTP/1.1" 304 - "http://www.chayden.net/Asterisk/SeUpAsteriskAtHome.htm" "Mozilla/4.0 (compatible; MSIE 7.0; Windows NT 6.0; WOW64; GTB6; SLCC1; .NET CLR 2.0.50727; Media Center PC 5.0; .NET CLR 3.0.30618; .NET CLR 3.5.30729; InfoPath.2; OfficeLiveConnector.1.3; OfficeLivePatch.0.0)"
98.110.70.35 - - [18/Apr/2009:04:05:08 -0400] "GET /Asterisk/SeUpAsteriskAtHome_files/image022.jpg HTTP/1.1" 304 - "http://www.chayden.net/Asterisk/SeUpAsteriskAtHome.htm" "Mozilla/4.0 (compatible; MSIE 7.0; Windows NT 6.0; WOW64; GTB6; SLCC1; .NET CLR 2.0.50727; Media Center PC 5.0; .NET CLR 3.0.30618; .NET CLR 3.5.30729; InfoPath.2; OfficeLiveConnector.1.3; OfficeLivePatch.0.0)"
98.110.70.35 - - [18/Apr/2009:04:05:08 -0400] "GET /Asterisk/SeUpAsteriskAtHome_files/image024.jpg HTTP/1.1" 304 - "http://www.chayden.net/Asterisk/SeUpAsteriskAtHome.htm" "Mozilla/4.0 (compatible; MSIE 7.0; Windows NT 6.0; WOW64; GTB6; SLCC1; .NET CLR 2.0.50727; Media Center PC 5.0; .NET CLR 3.0.30618; .NET CLR 3.5.30729; InfoPath.2; OfficeLiveConnector.1.3; OfficeLivePatch.0.0)"
98.110.70.35 - - [18/Apr/2009:04:05:08 -0400] "GET /Asterisk/SeUpAsteriskAtHome_files/image026.jpg HTTP/1.1" 304 - "http://www.chayden.net/Asterisk/SeUpAsteriskAtHome.htm" "Mozilla/4.0 (compatible; MSIE 7.0; Windows NT 6.0; WOW64; GTB6; SLCC1; .NET CLR 2.0.50727; Media Center PC 5.0; .NET CLR 3.0.30618; .NET CLR 3.5.30729; InfoPath.2; OfficeLiveConnector.1.3; OfficeLivePatch.0.0)"
98.110.70.35 - - [18/Apr/2009:04:05:08 -0400] "GET /Asterisk/SeUpAsteriskAtHome_files/image027.jpg HTTP/1.1" 304 - "http://www.chayden.net/Asterisk/SeUpAsteriskAtHome.htm" "Mozilla/4.0 (compatible; MSIE 7.0; Windows NT 6.0; WOW64; GTB6; SLCC1; .NET CLR 2.0.50727; Media Center PC 5.0; .NET CLR 3.0.30618; .NET CLR 3.5.30729; InfoPath.2; OfficeLiveConnector.1.3; OfficeLivePatch.0.0)"
98.110.70.35 - - [18/Apr/2009:04:05:09 -0400] "GET /Asterisk/SeUpAsteriskAtHome_files/image029.jpg HTTP/1.1" 304 - "http://www.chayden.net/Asterisk/SeUpAsteriskAtHome.htm" "Mozilla/4.0 (compatible; MSIE 7.0; Windows NT 6.0; WOW64; GTB6; SLCC1; .NET CLR 2.0.50727; Media Center PC 5.0; .NET CLR 3.0.30618; .NET CLR 3.5.30729; InfoPath.2; OfficeLiveConnector.1.3; OfficeLivePatch.0.0)"
98.110.70.35 - - [18/Apr/2009:04:05:09 -0400] "GET /Asterisk/SeUpAsteriskAtHome_files/image031.jpg HTTP/1.1" 304 - "http://www.chayden.net/Asterisk/SeUpAsteriskAtHome.htm" "Mozilla/4.0 (compatible; MSIE 7.0; Windows NT 6.0; WOW64; GTB6; SLCC1; .NET CLR 2.0.50727; Media Center PC 5.0; .NET CLR 3.0.30618; .NET CLR 3.5.30729; InfoPath.2; OfficeLiveConnector.1.3; OfficeLivePatch.0.0)"
98.110.70.35 - - [18/Apr/2009:04:05:09 -0400] "GET /Asterisk/SeUpAsteriskAtHome_files/image033.jpg HTTP/1.1" 304 - "http://www.chayden.net/Asterisk/SeUpAsteriskAtHome.htm" "Mozilla/4.0 (compatible; MSIE 7.0; Windows NT 6.0; WOW64; GTB6; SLCC1; .NET CLR 2.0.50727; Media Center PC 5.0; .NET CLR 3.0.30618; .NET CLR 3.5.30729; InfoPath.2; OfficeLiveConnector.1.3; OfficeLivePatch.0.0)"
98.110.70.35 - - [18/Apr/2009:04:05:09 -0400] "GET /Asterisk/SeUpAsteriskAtHome_files/image035.jpg HTTP/1.1" 304 - "http://www.chayden.net/Asterisk/SeUpAsteriskAtHome.htm" "Mozilla/4.0 (compatible; MSIE 7.0; Windows NT 6.0; WOW64; GTB6; SLCC1; .NET CLR 2.0.50727; Media Center PC 5.0; .NET CLR 3.0.30618; .NET CLR 3.5.30729; InfoPath.2; OfficeLiveConnector.1.3; OfficeLivePatch.0.0)"
98.110.70.35 - - [18/Apr/2009:04:05:09 -0400] "GET /Asterisk/SeUpAsteriskAtHome_files/image037.jpg HTTP/1.1" 304 - "http://www.chayden.net/Asterisk/SeUpAsteriskAtHome.htm" "Mozilla/4.0 (compatible; MSIE 7.0; Windows NT 6.0; WOW64; GTB6; SLCC1; .NET CLR 2.0.50727; Media Center PC 5.0; .NET CLR 3.0.30618; .NET CLR 3.5.30729; InfoPath.2; OfficeLiveConnector.1.3; OfficeLivePatch.0.0)"
98.110.70.35 - - [18/Apr/2009:04:05:09 -0400] "GET /Asterisk/SeUpAsteriskAtHome_files/image039.jpg HTTP/1.1" 304 - "http://www.chayden.net/Asterisk/SeUpAsteriskAtHome.htm" "Mozilla/4.0 (compatible; MSIE 7.0; Windows NT 6.0; WOW64; GTB6; SLCC1; .NET CLR 2.0.50727; Media Center PC 5.0; .NET CLR 3.0.30618; .NET CLR 3.5.30729; InfoPath.2; OfficeLiveConnector.1.3; OfficeLivePatch.0.0)"
98.110.70.35 - - [18/Apr/2009:04:05:09 -0400] "GET /Asterisk/SeUpAsteriskAtHome_files/image041.jpg HTTP/1.1" 304 - "http://www.chayden.net/Asterisk/SeUpAsteriskAtHome.htm" "Mozilla/4.0 (compatible; MSIE 7.0; Windows NT 6.0; WOW64; GTB6; SLCC1; .NET CLR 2.0.50727; Media Center PC 5.0; .NET CLR 3.0.30618; .NET CLR 3.5.30729; InfoPath.2; OfficeLiveConnector.1.3; OfficeLivePatch.0.0)"
98.110.70.35 - - [18/Apr/2009:04:05:09 -0400] "GET /Asterisk/SeUpAsteriskAtHome_files/image044.jpg HTTP/1.1" 304 - "http://www.chayden.net/Asterisk/SeUpAsteriskAtHome.htm" "Mozilla/4.0 (compatible; MSIE 7.0; Windows NT 6.0; WOW64; GTB6; SLCC1; .NET CLR 2.0.50727; Media Center PC 5.0; .NET CLR 3.0.30618; .NET CLR 3.5.30729; InfoPath.2; OfficeLiveConnector.1.3; OfficeLivePatch.0.0)"
98.110.70.35 - - [18/Apr/2009:04:05:09 -0400] "GET /Asterisk/SeUpAsteriskAtHome_files/image043.jpg HTTP/1.1" 304 - "http://www.chayden.net/Asterisk/SeUpAsteriskAtHome.htm" "Mozilla/4.0 (compatible; MSIE 7.0; Windows NT 6.0; WOW64; GTB6; SLCC1; .NET CLR 2.0.50727; Media Center PC 5.0; .NET CLR 3.0.30618; .NET CLR 3.5.30729; InfoPath.2; OfficeLiveConnector.1.3; OfficeLivePatch.0.0)"
98.110.70.35 - - [18/Apr/2009:04:05:09 -0400] "GET /Asterisk/SeUpAsteriskAtHome_files/image046.jpg HTTP/1.1" 304 - "http://www.chayden.net/Asterisk/SeUpAsteriskAtHome.htm" "Mozilla/4.0 (compatible; MSIE 7.0; Windows NT 6.0; WOW64; GTB6; SLCC1; .NET CLR 2.0.50727; Media Center PC 5.0; .NET CLR 3.0.30618; .NET CLR 3.5.30729; InfoPath.2; OfficeLiveConnector.1.3; OfficeLivePatch.0.0)"
98.110.70.35 - - [18/Apr/2009:04:05:12 -0400] "GET /Asterisk/SeUpAsteriskAtHome_files/image005.gif HTTP/1.1" 304 - "-" "Mozilla/4.0 (compatible; MSIE 7.0; Windows NT 6.0; WOW64; GTB6; SLCC1; .NET CLR 2.0.50727; Media Center PC 5.0; .NET CLR 3.0.30618; .NET CLR 3.5.30729; InfoPath.2; OfficeLiveConnector.1.3; OfficeLivePatch.0.0)"
98.110.70.35 - - [18/Apr/2009:04:05:12 -0400] "GET /Asterisk/SeUpAsteriskAtHome_files/image001.gif HTTP/1.1" 304 - "-" "Mozilla/4.0 (compatible; MSIE 7.0; Windows NT 6.0; WOW64; GTB6; SLCC1; .NET CLR 2.0.50727; Media Center PC 5.0; .NET CLR 3.0.30618; .NET CLR 3.5.30729; InfoPath.2; OfficeLiveConnector.1.3; OfficeLivePatch.0.0)"
98.110.70.35 - - [18/Apr/2009:04:05:12 -0400] "GET /Asterisk/SeUpAsteriskAtHome_files/image004.gif HTTP/1.1" 304 - "-" "Mozilla/4.0 (compatible; MSIE 7.0; Windows NT 6.0; WOW64; GTB6; SLCC1; .NET CLR 2.0.50727; Media Center PC 5.0; .NET CLR 3.0.30618; .NET CLR 3.5.30729; InfoPath.2; OfficeLiveConnector.1.3; OfficeLivePatch.0.0)"
98.110.70.35 - - [18/Apr/2009:04:05:12 -0400] "GET /Asterisk/SeUpAsteriskAtHome_files/image002.png HTTP/1.1" 304 - "-" "Mozilla/4.0 (compatible; MSIE 7.0; Windows NT 6.0; WOW64; GTB6; SLCC1; .NET CLR 2.0.50727; Media Center PC 5.0; .NET CLR 3.0.30618; .NET CLR 3.5.30729; InfoPath.2; OfficeLiveConnector.1.3; OfficeLivePatch.0.0)"
98.110.70.35 - - [18/Apr/2009:04:05:12 -0400] "GET /Asterisk/SeUpAsteriskAtHome_files/image006.gif HTTP/1.1" 304 - "-" "Mozilla/4.0 (compatible; MSIE 7.0; Windows NT 6.0; WOW64; GTB6; SLCC1; .NET CLR 2.0.50727; Media Center PC 5.0; .NET CLR 3.0.30618; .NET CLR 3.5.30729; InfoPath.2; OfficeLiveConnector.1.3; OfficeLivePatch.0.0)"
98.110.70.35 - - [18/Apr/2009:04:05:12 -0400] "GET /Asterisk/SeUpAsteriskAtHome_files/image007.gif HTTP/1.1" 304 - "-" "Mozilla/4.0 (compatible; MSIE 7.0; Windows NT 6.0; WOW64; GTB6; SLCC1; .NET CLR 2.0.50727; Media Center PC 5.0; .NET CLR 3.0.30618; .NET CLR 3.5.30729; InfoPath.2; OfficeLiveConnector.1.3; OfficeLivePatch.0.0)"
98.110.70.35 - - [18/Apr/2009:04:05:12 -0400] "GET /Asterisk/SeUpAsteriskAtHome_files/image008.png HTTP/1.1" 304 - "-" "Mozilla/4.0 (compatible; MSIE 7.0; Windows NT 6.0; WOW64; GTB6; SLCC1; .NET CLR 2.0.50727; Media Center PC 5.0; .NET CLR 3.0.30618; .NET CLR 3.5.30729; InfoPath.2; OfficeLiveConnector.1.3; OfficeLivePatch.0.0)"
98.110.70.35 - - [18/Apr/2009:04:05:12 -0400] "GET /Asterisk/SeUpAsteriskAtHome_files/image010.png HTTP/1.1" 304 - "-" "Mozilla/4.0 (compatible; MSIE 7.0; Windows NT 6.0; WOW64; GTB6; SLCC1; .NET CLR 2.0.50727; Media Center PC 5.0; .NET CLR 3.0.30618; .NET CLR 3.5.30729; InfoPath.2; OfficeLiveConnector.1.3; OfficeLivePatch.0.0)"
98.110.70.35 - - [18/Apr/2009:04:05:12 -0400] "GET /Asterisk/SeUpAsteriskAtHome_files/image012.png HTTP/1.1" 304 - "-" "Mozilla/4.0 (compatible; MSIE 7.0; Windows NT 6.0; WOW64; GTB6; SLCC1; .NET CLR 2.0.50727; Media Center PC 5.0; .NET CLR 3.0.30618; .NET CLR 3.5.30729; InfoPath.2; OfficeLiveConnector.1.3; OfficeLivePatch.0.0)"
98.110.70.35 - - [18/Apr/2009:04:05:12 -0400] "GET /Asterisk/SeUpAsteriskAtHome_files/image014.png HTTP/1.1" 304 - "-" "Mozilla/4.0 (compatible; MSIE 7.0; Windows NT 6.0; WOW64; GTB6; SLCC1; .NET CLR 2.0.50727; Media Center PC 5.0; .NET CLR 3.0.30618; .NET CLR 3.5.30729; InfoPath.2; OfficeLiveConnector.1.3; OfficeLivePatch.0.0)"
98.110.70.35 - - [18/Apr/2009:04:05:12 -0400] "GET /Asterisk/SeUpAsteriskAtHome_files/image016.png HTTP/1.1" 304 - "-" "Mozilla/4.0 (compatible; MSIE 7.0; Windows NT 6.0; WOW64; GTB6; SLCC1; .NET CLR 2.0.50727; Media Center PC 5.0; .NET CLR 3.0.30618; .NET CLR 3.5.30729; InfoPath.2; OfficeLiveConnector.1.3; OfficeLivePatch.0.0)"
98.110.70.35 - - [18/Apr/2009:04:05:12 -0400] "GET /Asterisk/SeUpAsteriskAtHome_files/image018.png HTTP/1.1" 304 - "-" "Mozilla/4.0 (compatible; MSIE 7.0; Windows NT 6.0; WOW64; GTB6; SLCC1; .NET CLR 2.0.50727; Media Center PC 5.0; .NET CLR 3.0.30618; .NET CLR 3.5.30729; InfoPath.2; OfficeLiveConnector.1.3; OfficeLivePatch.0.0)"
98.110.70.35 - - [18/Apr/2009:04:05:12 -0400] "GET /Asterisk/SeUpAsteriskAtHome_files/image020.gif HTTP/1.1" 304 - "-" "Mozilla/4.0 (compatible; MSIE 7.0; Windows NT 6.0; WOW64; GTB6; SLCC1; .NET CLR 2.0.50727; Media Center PC 5.0; .NET CLR 3.0.30618; .NET CLR 3.5.30729; InfoPath.2; OfficeLiveConnector.1.3; OfficeLivePatch.0.0)"
98.110.70.35 - - [18/Apr/2009:04:05:12 -0400] "GET /Asterisk/SeUpAsteriskAtHome_files/image021.png HTTP/1.1" 304 - "-" "Mozilla/4.0 (compatible; MSIE 7.0; Windows NT 6.0; WOW64; GTB6; SLCC1; .NET CLR 2.0.50727; Media Center PC 5.0; .NET CLR 3.0.30618; .NET CLR 3.5.30729; InfoPath.2; OfficeLiveConnector.1.3; OfficeLivePatch.0.0)"
98.110.70.35 - - [18/Apr/2009:04:05:12 -0400] "GET /Asterisk/SeUpAsteriskAtHome_files/image023.png HTTP/1.1" 304 - "-" "Mozilla/4.0 (compatible; MSIE 7.0; Windows NT 6.0; WOW64; GTB6; SLCC1; .NET CLR 2.0.50727; Media Center PC 5.0; .NET CLR 3.0.30618; .NET CLR 3.5.30729; InfoPath.2; OfficeLiveConnector.1.3; OfficeLivePatch.0.0)"
98.110.70.35 - - [18/Apr/2009:04:05:12 -0400] "GET /Asterisk/SeUpAsteriskAtHome_files/image028.jpg HTTP/1.1" 304 - "-" "Mozilla/4.0 (compatible; MSIE 7.0; Windows NT 6.0; WOW64; GTB6; SLCC1; .NET CLR 2.0.50727; Media Center PC 5.0; .NET CLR 3.0.30618; .NET CLR 3.5.30729; InfoPath.2; OfficeLiveConnector.1.3; OfficeLivePatch.0.0)"
98.110.70.35 - - [18/Apr/2009:04:05:12 -0400] "GET /Asterisk/SeUpAsteriskAtHome_files/image027.jpg HTTP/1.1" 304 - "-" "Mozilla/4.0 (compatible; MSIE 7.0; Windows NT 6.0; WOW64; GTB6; SLCC1; .NET CLR 2.0.50727; Media Center PC 5.0; .NET CLR 3.0.30618; .NET CLR 3.5.30729; InfoPath.2; OfficeLiveConnector.1.3; OfficeLivePatch.0.0)"
98.110.70.35 - - [18/Apr/2009:04:05:12 -0400] "GET /Asterisk/SeUpAsteriskAtHome_files/image025.png HTTP/1.1" 304 - "-" "Mozilla/4.0 (compatible; MSIE 7.0; Windows NT 6.0; WOW64; GTB6; SLCC1; .NET CLR 2.0.50727; Media Center PC 5.0; .NET CLR 3.0.30618; .NET CLR 3.5.30729; InfoPath.2; OfficeLiveConnector.1.3; OfficeLivePatch.0.0)"
98.110.70.35 - - [18/Apr/2009:04:05:13 -0400] "GET /Asterisk/SeUpAsteriskAtHome_files/image030.jpg HTTP/1.1" 304 - "-" "Mozilla/4.0 (compatible; MSIE 7.0; Windows NT 6.0; WOW64; GTB6; SLCC1; .NET CLR 2.0.50727; Media Center PC 5.0; .NET CLR 3.0.30618; .NET CLR 3.5.30729; InfoPath.2; OfficeLiveConnector.1.3; OfficeLivePatch.0.0)"
98.110.70.35 - - [18/Apr/2009:04:05:13 -0400] "GET /Asterisk/SeUpAsteriskAtHome_files/image032.jpg HTTP/1.1" 304 - "-" "Mozilla/4.0 (compatible; MSIE 7.0; Windows NT 6.0; WOW64; GTB6; SLCC1; .NET CLR 2.0.50727; Media Center PC 5.0; .NET CLR 3.0.30618; .NET CLR 3.5.30729; InfoPath.2; OfficeLiveConnector.1.3; OfficeLivePatch.0.0)"
98.110.70.35 - - [18/Apr/2009:04:05:13 -0400] "GET /Asterisk/SeUpAsteriskAtHome_files/image034.jpg HTTP/1.1" 304 - "-" "Mozilla/4.0 (compatible; MSIE 7.0; Windows NT 6.0; WOW64; GTB6; SLCC1; .NET CLR 2.0.50727; Media Center PC 5.0; .NET CLR 3.0.30618; .NET CLR 3.5.30729; InfoPath.2; OfficeLiveConnector.1.3; OfficeLivePatch.0.0)"
98.110.70.35 - - [18/Apr/2009:04:05:13 -0400] "GET /Asterisk/SeUpAsteriskAtHome_files/image036.png HTTP/1.1" 304 - "-" "Mozilla/4.0 (compatible; MSIE 7.0; Windows NT 6.0; WOW64; GTB6; SLCC1; .NET CLR 2.0.50727; Media Center PC 5.0; .NET CLR 3.0.30618; .NET CLR 3.5.30729; InfoPath.2; OfficeLiveConnector.1.3; OfficeLivePatch.0.0)"
98.110.70.35 - - [18/Apr/2009:04:05:13 -0400] "GET /Asterisk/SeUpAsteriskAtHome_files/image038.jpg HTTP/1.1" 304 - "-" "Mozilla/4.0 (compatible; MSIE 7.0; Windows NT 6.0; WOW64; GTB6; SLCC1; .NET CLR 2.0.50727; Media Center PC 5.0; .NET CLR 3.0.30618; .NET CLR 3.5.30729; InfoPath.2; OfficeLiveConnector.1.3; OfficeLivePatch.0.0)"
98.110.70.35 - - [18/Apr/2009:04:05:13 -0400] "GET /Asterisk/SeUpAsteriskAtHome_files/image040.jpg HTTP/1.1" 304 - "-" "Mozilla/4.0 (compatible; MSIE 7.0; Windows NT 6.0; WOW64; GTB6; SLCC1; .NET CLR 2.0.50727; Media Center PC 5.0; .NET CLR 3.0.30618; .NET CLR 3.5.30729; InfoPath.2; OfficeLiveConnector.1.3; OfficeLivePatch.0.0)"
98.110.70.35 - - [18/Apr/2009:04:05:13 -0400] "GET /Asterisk/SeUpAsteriskAtHome_files/image042.jpg HTTP/1.1" 304 - "-" "Mozilla/4.0 (compatible; MSIE 7.0; Windows NT 6.0; WOW64; GTB6; SLCC1; .NET CLR 2.0.50727; Media Center PC 5.0; .NET CLR 3.0.30618; .NET CLR 3.5.30729; InfoPath.2; OfficeLiveConnector.1.3; OfficeLivePatch.0.0)"
98.110.70.35 - - [18/Apr/2009:04:05:13 -0400] "GET /Asterisk/SeUpAsteriskAtHome_files/image044.jpg HTTP/1.1" 304 - "-" "Mozilla/4.0 (compatible; MSIE 7.0; Windows NT 6.0; WOW64; GTB6; SLCC1; .NET CLR 2.0.50727; Media Center PC 5.0; .NET CLR 3.0.30618; .NET CLR 3.5.30729; InfoPath.2; OfficeLiveConnector.1.3; OfficeLivePatch.0.0)"
98.110.70.35 - - [18/Apr/2009:04:05:14 -0400] "GET /Asterisk/SeUpAsteriskAtHome_files/image045.png HTTP/1.1" 304 - "-" "Mozilla/4.0 (compatible; MSIE 7.0; Windows NT 6.0; WOW64; GTB6; SLCC1; .NET CLR 2.0.50727; Media Center PC 5.0; .NET CLR 3.0.30618; .NET CLR 3.5.30729; InfoPath.2; OfficeLiveConnector.1.3; OfficeLivePatch.0.0)"
41.136.166.95 - - [18/Apr/2009:04:04:24 -0400] "GET /Runs/Adidas/tree.jpg HTTP/1.1" 200 976780 "http://savitabhabhi.com/fanclub/showthread.php?tid=9192&page=20" "Mozilla/5.0 (Windows; U; Windows NT 5.1; en-US; rv:1.9.0.8) Gecko/2009032609 Firefox/3.0.8 (.NET CLR 3.5.30729)"
66.249.71.238 - - [18/Apr/2009:04:05:42 -0400] "GET /SanGabriels/pic/Allison76-09.jpg HTTP/1.1" 304 - "-" "Googlebot-Image/1.0"
198.36.32.137 - - [18/Apr/2009:04:06:14 -0400] "GET /favicon.ico HTTP/1.1" 404 292 "-" "Mozilla/4.0 (compatible; GoogleToolbar 4.0.1020.3054-big; Windows 6.0; MSIE 7.0.6001.18000)"
65.40.115.30 - - [18/Apr/2009:04:07:52 -0400] "HEAD /favicon.ico HTTP/1.1" 404 - "-" "Mozilla/5.0 (Windows; U; Windows NT 5.1; en-US; rv:1.9.0.8) Gecko/2009032609 Firefox/3.0.8"
210.212.202.209 - - [18/Apr/2009:04:08:31 -0400] "GET /Runs/Adidas/tree.jpg HTTP/1.0" 200 976780 "http://www.savitabhabhi.com/fanclub/showthread.php?tid=9192&page=20" "Opera/9.63 (Windows NT 6.0; U; en) Presto/2.1.1"
74.6.8.116 - - [18/Apr/2009:04:11:44 -0400] "GET /robots.txt HTTP/1.0" 404 287 "-" "Mozilla/5.0 (compatible; Yahoo! Slurp; http://help.yahoo.com/help/us/ysearch/slurp)"
74.6.8.116 - - [18/Apr/2009:04:11:44 -0400] "GET /Snapshots/?C=S;O=D HTTP/1.0" 200 3951 "-" "Mozilla/5.0 (compatible; Yahoo! Slurp/3.0; http://help.yahoo.com/help/us/ysearch/slurp)"
72.30.65.28 - - [18/Apr/2009:04:12:47 -0400] "GET /eliza/Eliza.html HTTP/1.0" 200 5488 "-" "Mozilla/5.0 (compatible; Yahoo! Slurp/3.0; http://help.yahoo.com/help/us/ysearch/slurp)"
220.181.32.22 - - [18/Apr/2009:04:12:53 -0400] "GET / HTTP/1.1" 200 21908 "-" "Baiduspider+(+http://www.baidu.com/search/spider.htm)"
66.249.71.238 - - [18/Apr/2009:04:14:46 -0400] "GET /Sierra97/pic/s97-icon.jpg HTTP/1.1" 304 - "-" "Googlebot-Image/1.0"
130.64.158.108 - - [18/Apr/2009:04:17:24 -0400] "GET /eliza/Eliza.html HTTP/1.1" 200 5488 "-" "Mozilla/5.0 (Macintosh; U; Intel Mac OS X 10.4; en-US; rv:1.9.0.8) Gecko/2009032608 Firefox/3.0.8"
65.40.115.30 - - [18/Apr/2009:04:17:52 -0400] "HEAD /favicon.ico HTTP/1.1" 404 - "-" "Mozilla/5.0 (Windows; U; Windows NT 5.1; en-US; rv:1.9.0.8) Gecko/2009032609 Firefox/3.0.8"
72.30.65.28 - - [18/Apr/2009:04:21:15 -0400] "GET /Catskills/DomeRange2004/ HTTP/1.0" 200 5163 "-" "Mozilla/5.0 (compatible; Yahoo! Slurp/3.0; http://help.yahoo.com/help/us/ysearch/slurp)"
24.151.235.235 - - [18/Apr/2009:04:21:17 -0400] "GET / HTTP/1.1" 200 21908 "-" "Mozilla/5.0 (Windows; U; MSIE 7.0; Windows NT 6.0; en-US"
80.56.160.185 - - [18/Apr/2009:04:21:18 -0400] "GET /Asterisk/favicon.ico HTTP/1.1" 404 297 "-" "Mozilla/4.0 (compatible; GoogleToolbar 5.0.2124.6042; Windows 6.0; MSIE 7.0.6001.18000)"
80.56.160.185 - - [18/Apr/2009:04:21:18 -0400] "GET /Asterisk/favicon.gif HTTP/1.1" 404 297 "-" "Mozilla/4.0 (compatible; GoogleToolbar 5.0.2124.6042; Windows 6.0; MSIE 7.0.6001.18000)"
63.116.91.5 - - [18/Apr/2009:04:21:55 -0400] "GET /Asterisk/SeUpAsteriskAtHome_files/image011.jpg HTTP/1.1" 304 - "-" "Mozilla/4.0 (compatible;)"
63.116.91.5 - - [18/Apr/2009:04:22:04 -0400] "GET /Asterisk/SeUpAsteriskAtHome_files/image013.jpg HTTP/1.1" 304 - "-" "Mozilla/4.0 (compatible;)"
63.116.91.5 - - [18/Apr/2009:04:22:20 -0400] "GET /Asterisk/SeUpAsteriskAtHome_files/image043.jpg HTTP/1.1" 304 - "-" "Mozilla/4.0 (compatible;)"
59.161.78.42 - - [18/Apr/2009:04:22:54 -0400] "GET /Runs/Adidas/tree.jpg HTTP/1.1" 200 976780 "http://savitabhabhi.com/fanclub/showthread.php?tid=9192&page=20" "Mozilla/4.0 (compatible; MSIE 7.0; Windows NT 6.0; SLCC1; .NET CLR 2.0.50727; Media Center PC 5.0; .NET CLR 3.0.04506; InfoPath.2)"
98.154.12.234 - - [18/Apr/2009:04:27:05 -0400] "GET /eliza/Eliza.html HTTP/1.1" 200 5488 "http://en.wikipedia.org/wiki/ELIZA" "Opera/9.63 (Windows NT 6.1; U; en) Presto/2.1.1"
98.154.12.234 - - [18/Apr/2009:04:27:06 -0400] "GET /eliza/Eliza/Eliza.class HTTP/1.1" 200 2434 "-" "Opera/9.63 (Windows NT 6.1; U; en) Presto/2.1.1"
98.154.12.234 - - [18/Apr/2009:04:27:06 -0400] "GET /icons/back.gif HTTP/1.1" 200 216 "http://www.chayden.net/eliza/Eliza.html" "Opera/9.63 (Windows NT 6.1; U; en) Presto/2.1.1"
98.154.12.234 - - [18/Apr/2009:04:27:07 -0400] "GET /eliza/Eliza/ElizaMain.class HTTP/1.1" 200 9260 "-" "Opera/9.63 (Windows NT 6.1; U; en) Presto/2.1.1"
98.154.12.234 - - [18/Apr/2009:04:27:09 -0400] "GET /eliza/Eliza/DecompList.class HTTP/1.1" 200 877 "-" "Opera/9.63 (Windows NT 6.1; U; en) Presto/2.1.1"
98.154.12.234 - - [18/Apr/2009:04:27:10 -0400] "GET /eliza/Eliza/DecompList.class HTTP/1.1" 200 877 "-" "Opera/9.63 (Windows NT 6.1; U; en) Presto/2.1.1"
98.154.12.234 - - [18/Apr/2009:04:27:10 -0400] "GET /eliza/Eliza/KeyList.class HTTP/1.1" 200 1722 "-" "Opera/9.63 (Windows NT 6.1; U; en) Presto/2.1.1"
98.154.12.234 - - [18/Apr/2009:04:27:10 -0400] "GET /eliza/Eliza/SynList.class HTTP/1.1" 200 2103 "-" "Opera/9.63 (Windows NT 6.1; U; en) Presto/2.1.1"
98.154.12.234 - - [18/Apr/2009:04:27:11 -0400] "GET /eliza/Eliza/SynList.class HTTP/1.1" 200 2103 "-" "Opera/9.63 (Windows NT 6.1; U; en) Presto/2.1.1"
98.154.12.234 - - [18/Apr/2009:04:27:11 -0400] "GET /eliza/Eliza/WordList.class HTTP/1.1" 200 1243 "-" "Opera/9.63 (Windows NT 6.1; U; en) Presto/2.1.1"
98.154.12.234 - - [18/Apr/2009:04:27:12 -0400] "GET /eliza/Eliza/PrePostList.class HTTP/1.1" 200 1674 "-" "Opera/9.63 (Windows NT 6.1; U; en) Presto/2.1.1"
86.40.225.44 - - [18/Apr/2009:04:27:13 -0400] "GET /Asterisk/SeUpAsteriskAtHome.htm HTTP/1.1" 304 - "-" "Mozilla/4.0 (compatible; MSIE 7.0; Windows NT 6.0; GTB5; SLCC1; .NET CLR 2.0.50727; Media Center PC 5.0; .NET CLR 3.0.30618; .NET CLR 3.5.30729)"
98.154.12.234 - - [18/Apr/2009:04:27:13 -0400] "GET /eliza/Eliza/PrePostList.class HTTP/1.1" 200 1674 "-" "Opera/9.63 (Windows NT 6.1; U; en) Presto/2.1.1"
98.154.12.234 - - [18/Apr/2009:04:27:13 -0400] "GET /eliza/Eliza/KeyStack.class HTTP/1.1" 200 1507 "-" "Opera/9.63 (Windows NT 6.1; U; en) Presto/2.1.1"
98.154.12.234 - - [18/Apr/2009:04:27:14 -0400] "GET /eliza/Eliza/KeyStack.class HTTP/1.1" 200 1507 "-" "Opera/9.63 (Windows NT 6.1; U; en) Presto/2.1.1"
98.154.12.234 - - [18/Apr/2009:04:27:14 -0400] "GET /eliza/Eliza/Key.class HTTP/1.1" 200 1702 "-" "Opera/9.63 (Windows NT 6.1; U; en) Presto/2.1.1"
86.40.225.44 - - [18/Apr/2009:04:27:14 -0400] "GET /Asterisk/SeUpAsteriskAtHome_files/image001.gif HTTP/1.1" 304 - "http://www.chayden.net/Asterisk/SeUpAsteriskAtHome.htm" "Mozilla/4.0 (compatible; MSIE 7.0; Windows NT 6.0; GTB5; SLCC1; .NET CLR 2.0.50727; Media Center PC 5.0; .NET CLR 3.0.30618; .NET CLR 3.5.30729)"
86.40.225.44 - - [18/Apr/2009:04:27:14 -0400] "GET /Asterisk/SeUpAsteriskAtHome_files/image004.gif HTTP/1.1" 304 - "http://www.chayden.net/Asterisk/SeUpAsteriskAtHome.htm" "Mozilla/4.0 (compatible; MSIE 7.0; Windows NT 6.0; GTB5; SLCC1; .NET CLR 2.0.50727; Media Center PC 5.0; .NET CLR 3.0.30618; .NET CLR 3.5.30729)"
86.40.225.44 - - [18/Apr/2009:04:27:14 -0400] "GET /Asterisk/SeUpAsteriskAtHome_files/image003.jpg HTTP/1.1" 304 - "http://www.chayden.net/Asterisk/SeUpAsteriskAtHome.htm" "Mozilla/4.0 (compatible; MSIE 7.0; Windows NT 6.0; GTB5; SLCC1; .NET CLR 2.0.50727; Media Center PC 5.0; .NET CLR 3.0.30618; .NET CLR 3.5.30729)"
86.40.225.44 - - [18/Apr/2009:04:27:15 -0400] "GET /Asterisk/SeUpAsteriskAtHome_files/image005.gif HTTP/1.1" 304 - "http://www.chayden.net/Asterisk/SeUpAsteriskAtHome.htm" "Mozilla/4.0 (compatible; MSIE 7.0; Windows NT 6.0; GTB5; SLCC1; .NET CLR 2.0.50727; Media Center PC 5.0; .NET CLR 3.0.30618; .NET CLR 3.5.30729)"
86.40.225.44 - - [18/Apr/2009:04:27:15 -0400] "GET /Asterisk/SeUpAsteriskAtHome_files/image006.gif HTTP/1.1" 304 - "http://www.chayden.net/Asterisk/SeUpAsteriskAtHome.htm" "Mozilla/4.0 (compatible; MSIE 7.0; Windows NT 6.0; GTB5; SLCC1; .NET CLR 2.0.50727; Media Center PC 5.0; .NET CLR 3.0.30618; .NET CLR 3.5.30729)"
98.154.12.234 - - [18/Apr/2009:04:27:15 -0400] "GET /eliza/Eliza/Key.class HTTP/1.1" 200 1702 "-" "Opera/9.63 (Windows NT 6.1; U; en) Presto/2.1.1"
98.154.12.234 - - [18/Apr/2009:04:27:15 -0400] "GET /eliza/Eliza/Mem.class HTTP/1.1" 200 850 "-" "Opera/9.63 (Windows NT 6.1; U; en) Presto/2.1.1"
86.40.225.44 - - [18/Apr/2009:04:27:15 -0400] "GET /Asterisk/SeUpAsteriskAtHome_files/image007.gif HTTP/1.1" 304 - "http://www.chayden.net/Asterisk/SeUpAsteriskAtHome.htm" "Mozilla/4.0 (compatible; MSIE 7.0; Windows NT 6.0; GTB5; SLCC1; .NET CLR 2.0.50727; Media Center PC 5.0; .NET CLR 3.0.30618; .NET CLR 3.5.30729)"
86.40.225.44 - - [18/Apr/2009:04:27:16 -0400] "GET /Asterisk/SeUpAsteriskAtHome_files/image011.jpg HTTP/1.1" 304 - "http://www.chayden.net/Asterisk/SeUpAsteriskAtHome.htm" "Mozilla/4.0 (compatible; MSIE 7.0; Windows NT 6.0; GTB5; SLCC1; .NET CLR 2.0.50727; Media Center PC 5.0; .NET CLR 3.0.30618; .NET CLR 3.5.30729)"
98.154.12.234 - - [18/Apr/2009:04:27:16 -0400] "GET /eliza/Eliza/Mem.class HTTP/1.1" 200 850 "-" "Opera/9.63 (Windows NT 6.1; U; en) Presto/2.1.1"
86.40.225.44 - - [18/Apr/2009:04:27:16 -0400] "GET /Asterisk/SeUpAsteriskAtHome_files/image001.gif HTTP/1.1" 304 - "-" "Mozilla/4.0 (compatible; MSIE 7.0; Windows NT 6.0; GTB5; SLCC1; .NET CLR 2.0.50727; Media Center PC 5.0; .NET CLR 3.0.30618; .NET CLR 3.5.30729)"
86.40.225.44 - - [18/Apr/2009:04:27:17 -0400] "GET /Asterisk/SeUpAsteriskAtHome_files/image002.png HTTP/1.1" 304 - "-" "Mozilla/4.0 (compatible; MSIE 7.0; Windows NT 6.0; GTB5; SLCC1; .NET CLR 2.0.50727; Media Center PC 5.0; .NET CLR 3.0.30618; .NET CLR 3.5.30729)"
86.40.225.44 - - [18/Apr/2009:04:27:17 -0400] "GET /Asterisk/SeUpAsteriskAtHome_files/image004.gif HTTP/1.1" 304 - "-" "Mozilla/4.0 (compatible; MSIE 7.0; Windows NT 6.0; GTB5; SLCC1; .NET CLR 2.0.50727; Media Center PC 5.0; .NET CLR 3.0.30618; .NET CLR 3.5.30729)"
98.154.12.234 - - [18/Apr/2009:04:27:17 -0400] "GET /eliza/script HTTP/1.1" 200 12267 "-" "Opera/9.63 (Windows NT 6.1; U; en) Presto/2.1.1"
86.40.225.44 - - [18/Apr/2009:04:27:17 -0400] "GET /Asterisk/SeUpAsteriskAtHome_files/image005.gif HTTP/1.1" 304 - "-" "Mozilla/4.0 (compatible; MSIE 7.0; Windows NT 6.0; GTB5; SLCC1; .NET CLR 2.0.50727; Media Center PC 5.0; .NET CLR 3.0.30618; .NET CLR 3.5.30729)"
98.154.12.234 - - [18/Apr/2009:04:27:18 -0400] "GET /eliza/Eliza/EString.class HTTP/1.1" 200 3849 "-" "Opera/9.63 (Windows NT 6.1; U; en) Presto/2.1.1"
86.40.225.44 - - [18/Apr/2009:04:27:18 -0400] "GET /Asterisk/SeUpAsteriskAtHome_files/image009.jpg HTTP/1.1" 304 - "http://www.chayden.net/Asterisk/SeUpAsteriskAtHome.htm" "Mozilla/4.0 (compatible; MSIE 7.0; Windows NT 6.0; GTB5; SLCC1; .NET CLR 2.0.50727; Media Center PC 5.0; .NET CLR 3.0.30618; .NET CLR 3.5.30729)"
86.40.225.44 - - [18/Apr/2009:04:27:18 -0400] "GET /Asterisk/SeUpAsteriskAtHome_files/image006.gif HTTP/1.1" 304 - "-" "Mozilla/4.0 (compatible; MSIE 7.0; Windows NT 6.0; GTB5; SLCC1; .NET CLR 2.0.50727; Media Center PC 5.0; .NET CLR 3.0.30618; .NET CLR 3.5.30729)"
86.40.225.44 - - [18/Apr/2009:04:27:19 -0400] "GET /Asterisk/SeUpAsteriskAtHome_files/image007.gif HTTP/1.1" 304 - "-" "Mozilla/4.0 (compatible; MSIE 7.0; Windows NT 6.0; GTB5; SLCC1; .NET CLR 2.0.50727; Media Center PC 5.0; .NET CLR 3.0.30618; .NET CLR 3.5.30729)"
98.154.12.234 - - [18/Apr/2009:04:27:19 -0400] "GET /eliza/Eliza/EString.class HTTP/1.1" 200 3849 "-" "Opera/9.63 (Windows NT 6.1; U; en) Presto/2.1.1"
98.154.12.234 - - [18/Apr/2009:04:27:19 -0400] "GET /eliza/Eliza/PrePost.class HTTP/1.1" 200 1073 "-" "Opera/9.63 (Windows NT 6.1; U; en) Presto/2.1.1"
86.40.225.44 - - [18/Apr/2009:04:27:19 -0400] "GET /Asterisk/SeUpAsteriskAtHome_files/image008.png HTTP/1.1" 304 - "-" "Mozilla/4.0 (compatible; MSIE 7.0; Windows NT 6.0; GTB5; SLCC1; .NET CLR 2.0.50727; Media Center PC 5.0; .NET CLR 3.0.30618; .NET CLR 3.5.30729)"
86.40.225.44 - - [18/Apr/2009:04:27:19 -0400] "GET /Asterisk/SeUpAsteriskAtHome_files/image010.png HTTP/1.1" 304 - "-" "Mozilla/4.0 (compatible; MSIE 7.0; Windows NT 6.0; GTB5; SLCC1; .NET CLR 2.0.50727; Media Center PC 5.0; .NET CLR 3.0.30618; .NET CLR 3.5.30729)"
86.40.225.44 - - [18/Apr/2009:04:27:19 -0400] "GET /Asterisk/SeUpAsteriskAtHome_files/image012.png HTTP/1.1" 304 - "-" "Mozilla/4.0 (compatible; MSIE 7.0; Windows NT 6.0; GTB5; SLCC1; .NET CLR 2.0.50727; Media Center PC 5.0; .NET CLR 3.0.30618; .NET CLR 3.5.30729)"
98.154.12.234 - - [18/Apr/2009:04:27:20 -0400] "GET /eliza/Eliza/ReasembList.class HTTP/1.1" 200 1102 "-" "Opera/9.63 (Windows NT 6.1; U; en) Presto/2.1.1"
86.40.225.44 - - [18/Apr/2009:04:27:20 -0400] "GET /Asterisk/SeUpAsteriskAtHome_files/image014.png HTTP/1.1" 304 - "-" "Mozilla/4.0 (compatible; MSIE 7.0; Windows NT 6.0; GTB5; SLCC1; .NET CLR 2.0.50727; Media Center PC 5.0; .NET CLR 3.0.30618; .NET CLR 3.5.30729)"
86.40.225.44 - - [18/Apr/2009:04:27:20 -0400] "GET /Asterisk/SeUpAsteriskAtHome_files/image018.png HTTP/1.1" 304 - "-" "Mozilla/4.0 (compatible; MSIE 7.0; Windows NT 6.0; GTB5; SLCC1; .NET CLR 2.0.50727; Media Center PC 5.0; .NET CLR 3.0.30618; .NET CLR 3.5.30729)"
86.40.225.44 - - [18/Apr/2009:04:27:20 -0400] "GET /Asterisk/SeUpAsteriskAtHome_files/image016.png HTTP/1.1" 304 - "-" "Mozilla/4.0 (compatible; MSIE 7.0; Windows NT 6.0; GTB5; SLCC1; .NET CLR 2.0.50727; Media Center PC 5.0; .NET CLR 3.0.30618; .NET CLR 3.5.30729)"
86.40.225.44 - - [18/Apr/2009:04:27:20 -0400] "GET /Asterisk/SeUpAsteriskAtHome_files/image020.gif HTTP/1.1" 304 - "-" "Mozilla/4.0 (compatible; MSIE 7.0; Windows NT 6.0; GTB5; SLCC1; .NET CLR 2.0.50727; Media Center PC 5.0; .NET CLR 3.0.30618; .NET CLR 3.5.30729)"
98.154.12.234 - - [18/Apr/2009:04:27:20 -0400] "GET /eliza/Eliza/Decomp.class HTTP/1.1" 200 1727 "-" "Opera/9.63 (Windows NT 6.1; U; en) Presto/2.1.1"
98.154.12.234 - - [18/Apr/2009:04:27:20 -0400] "GET /eliza/Eliza/ReasembList.class HTTP/1.1" 200 1102 "-" "Opera/9.63 (Windows NT 6.1; U; en) Presto/2.1.1"
86.40.225.44 - - [18/Apr/2009:04:27:21 -0400] "GET /Asterisk/SeUpAsteriskAtHome_files/image021.png HTTP/1.1" 304 - "-" "Mozilla/4.0 (compatible; MSIE 7.0; Windows NT 6.0; GTB5; SLCC1; .NET CLR 2.0.50727; Media Center PC 5.0; .NET CLR 3.0.30618; .NET CLR 3.5.30729)"
86.40.225.44 - - [18/Apr/2009:04:27:21 -0400] "GET /Asterisk/SeUpAsteriskAtHome_files/image023.png HTTP/1.1" 304 - "-" "Mozilla/4.0 (compatible; MSIE 7.0; Windows NT 6.0; GTB5; SLCC1; .NET CLR 2.0.50727; Media Center PC 5.0; .NET CLR 3.0.30618; .NET CLR 3.5.30729)"
86.40.225.44 - - [18/Apr/2009:04:27:21 -0400] "GET /Asterisk/SeUpAsteriskAtHome_files/image025.png HTTP/1.1" 304 - "-" "Mozilla/4.0 (compatible; MSIE 7.0; Windows NT 6.0; GTB5; SLCC1; .NET CLR 2.0.50727; Media Center PC 5.0; .NET CLR 3.0.30618; .NET CLR 3.5.30729)"
86.40.225.44 - - [18/Apr/2009:04:27:21 -0400] "GET /Asterisk/SeUpAsteriskAtHome_files/image027.jpg HTTP/1.1" 304 - "-" "Mozilla/4.0 (compatible; MSIE 7.0; Windows NT 6.0; GTB5; SLCC1; .NET CLR 2.0.50727; Media Center PC 5.0; .NET CLR 3.0.30618; .NET CLR 3.5.30729)"
86.40.225.44 - - [18/Apr/2009:04:27:21 -0400] "GET /Asterisk/SeUpAsteriskAtHome_files/image030.jpg HTTP/1.1" 304 - "-" "Mozilla/4.0 (compatible; MSIE 7.0; Windows NT 6.0; GTB5; SLCC1; .NET CLR 2.0.50727; Media Center PC 5.0; .NET CLR 3.0.30618; .NET CLR 3.5.30729)"
86.40.225.44 - - [18/Apr/2009:04:27:21 -0400] "GET /Asterisk/SeUpAsteriskAtHome_files/image028.jpg HTTP/1.1" 304 - "-" "Mozilla/4.0 (compatible; MSIE 7.0; Windows NT 6.0; GTB5; SLCC1; .NET CLR 2.0.50727; Media Center PC 5.0; .NET CLR 3.0.30618; .NET CLR 3.5.30729)"
98.154.12.234 - - [18/Apr/2009:04:27:22 -0400] "GET /eliza/Eliza/Decomp.class HTTP/1.1" 200 1727 "-" "Opera/9.63 (Windows NT 6.1; U; en) Presto/2.1.1"
86.40.225.44 - - [18/Apr/2009:04:27:22 -0400] "GET /Asterisk/SeUpAsteriskAtHome_files/image032.jpg HTTP/1.1" 304 - "-" "Mozilla/4.0 (compatible; MSIE 7.0; Windows NT 6.0; GTB5; SLCC1; .NET CLR 2.0.50727; Media Center PC 5.0; .NET CLR 3.0.30618; .NET CLR 3.5.30729)"
86.40.225.44 - - [18/Apr/2009:04:27:22 -0400] "GET /Asterisk/SeUpAsteriskAtHome_files/image034.jpg HTTP/1.1" 304 - "-" "Mozilla/4.0 (compatible; MSIE 7.0; Windows NT 6.0; GTB5; SLCC1; .NET CLR 2.0.50727; Media Center PC 5.0; .NET CLR 3.0.30618; .NET CLR 3.5.30729)"
98.154.12.234 - - [18/Apr/2009:04:27:22 -0400] "GET /favicon.ico HTTP/1.1" 404 292 "http://www.chayden.net/eliza/Eliza.html" "Opera/9.63 (Windows NT 6.1; U; en) Presto/2.1.1"
86.40.225.44 - - [18/Apr/2009:04:27:22 -0400] "GET /Asterisk/SeUpAsteriskAtHome_files/image036.png HTTP/1.1" 304 - "-" "Mozilla/4.0 (compatible; MSIE 7.0; Windows NT 6.0; GTB5; SLCC1; .NET CLR 2.0.50727; Media Center PC 5.0; .NET CLR 3.0.30618; .NET CLR 3.5.30729)"
86.40.225.44 - - [18/Apr/2009:04:27:22 -0400] "GET /Asterisk/SeUpAsteriskAtHome_files/image038.jpg HTTP/1.1" 304 - "-" "Mozilla/4.0 (compatible; MSIE 7.0; Windows NT 6.0; GTB5; SLCC1; .NET CLR 2.0.50727; Media Center PC 5.0; .NET CLR 3.0.30618; .NET CLR 3.5.30729)"
86.40.225.44 - - [18/Apr/2009:04:27:23 -0400] "GET /Asterisk/SeUpAsteriskAtHome_files/image042.jpg HTTP/1.1" 304 - "-" "Mozilla/4.0 (compatible; MSIE 7.0; Windows NT 6.0; GTB5; SLCC1; .NET CLR 2.0.50727; Media Center PC 5.0; .NET CLR 3.0.30618; .NET CLR 3.5.30729)"
86.40.225.44 - - [18/Apr/2009:04:27:23 -0400] "GET /Asterisk/SeUpAsteriskAtHome_files/image044.jpg HTTP/1.1" 304 - "-" "Mozilla/4.0 (compatible; MSIE 7.0; Windows NT 6.0; GTB5; SLCC1; .NET CLR 2.0.50727; Media Center PC 5.0; .NET CLR 3.0.30618; .NET CLR 3.5.30729)"
86.40.225.44 - - [18/Apr/2009:04:27:24 -0400] "GET /Asterisk/SeUpAsteriskAtHome_files/image045.png HTTP/1.1" 304 - "-" "Mozilla/4.0 (compatible; MSIE 7.0; Windows NT 6.0; GTB5; SLCC1; .NET CLR 2.0.50727; Media Center PC 5.0; .NET CLR 3.0.30618; .NET CLR 3.5.30729)"
86.40.225.44 - - [18/Apr/2009:04:27:25 -0400] "GET /Asterisk/SeUpAsteriskAtHome_files/image013.jpg HTTP/1.1" 304 - "http://www.chayden.net/Asterisk/SeUpAsteriskAtHome.htm" "Mozilla/4.0 (compatible; MSIE 7.0; Windows NT 6.0; GTB5; SLCC1; .NET CLR 2.0.50727; Media Center PC 5.0; .NET CLR 3.0.30618; .NET CLR 3.5.30729)"
86.40.225.44 - - [18/Apr/2009:04:27:25 -0400] "GET /Asterisk/SeUpAsteriskAtHome_files/image015.jpg HTTP/1.1" 304 - "http://www.chayden.net/Asterisk/SeUpAsteriskAtHome.htm" "Mozilla/4.0 (compatible; MSIE 7.0; Windows NT 6.0; GTB5; SLCC1; .NET CLR 2.0.50727; Media Center PC 5.0; .NET CLR 3.0.30618; .NET CLR 3.5.30729)"
86.40.225.44 - - [18/Apr/2009:04:27:25 -0400] "GET /Asterisk/SeUpAsteriskAtHome_files/image040.jpg HTTP/1.1" 304 - "-" "Mozilla/4.0 (compatible; MSIE 7.0; Windows NT 6.0; GTB5; SLCC1; .NET CLR 2.0.50727; Media Center PC 5.0; .NET CLR 3.0.30618; .NET CLR 3.5.30729)"
86.40.225.44 - - [18/Apr/2009:04:27:25 -0400] "GET /Asterisk/SeUpAsteriskAtHome_files/image017.jpg HTTP/1.1" 304 - "http://www.chayden.net/Asterisk/SeUpAsteriskAtHome.htm" "Mozilla/4.0 (compatible; MSIE 7.0; Windows NT 6.0; GTB5; SLCC1; .NET CLR 2.0.50727; Media Center PC 5.0; .NET CLR 3.0.30618; .NET CLR 3.5.30729)"
86.40.225.44 - - [18/Apr/2009:04:27:26 -0400] "GET /Asterisk/SeUpAsteriskAtHome_files/image019.jpg HTTP/1.1" 304 - "http://www.chayden.net/Asterisk/SeUpAsteriskAtHome.htm" "Mozilla/4.0 (compatible; MSIE 7.0; Windows NT 6.0; GTB5; SLCC1; .NET CLR 2.0.50727; Media Center PC 5.0; .NET CLR 3.0.30618; .NET CLR 3.5.30729)"
86.40.225.44 - - [18/Apr/2009:04:27:26 -0400] "GET /Asterisk/SeUpAsteriskAtHome_files/image020.gif HTTP/1.1" 304 - "http://www.chayden.net/Asterisk/SeUpAsteriskAtHome.htm" "Mozilla/4.0 (compatible; MSIE 7.0; Windows NT 6.0; GTB5; SLCC1; .NET CLR 2.0.50727; Media Center PC 5.0; .NET CLR 3.0.30618; .NET CLR 3.5.30729)"
86.40.225.44 - - [18/Apr/2009:04:27:26 -0400] "GET /Asterisk/SeUpAsteriskAtHome_files/image022.jpg HTTP/1.1" 304 - "http://www.chayden.net/Asterisk/SeUpAsteriskAtHome.htm" "Mozilla/4.0 (compatible; MSIE 7.0; Windows NT 6.0; GTB5; SLCC1; .NET CLR 2.0.50727; Media Center PC 5.0; .NET CLR 3.0.30618; .NET CLR 3.5.30729)"
86.40.225.44 - - [18/Apr/2009:04:27:27 -0400] "GET /Asterisk/SeUpAsteriskAtHome_files/image024.jpg HTTP/1.1" 304 - "http://www.chayden.net/Asterisk/SeUpAsteriskAtHome.htm" "Mozilla/4.0 (compatible; MSIE 7.0; Windows NT 6.0; GTB5; SLCC1; .NET CLR 2.0.50727; Media Center PC 5.0; .NET CLR 3.0.30618; .NET CLR 3.5.30729)"
86.40.225.44 - - [18/Apr/2009:04:27:27 -0400] "GET /Asterisk/SeUpAsteriskAtHome_files/image026.jpg HTTP/1.1" 304 - "http://www.chayden.net/Asterisk/SeUpAsteriskAtHome.htm" "Mozilla/4.0 (compatible; MSIE 7.0; Windows NT 6.0; GTB5; SLCC1; .NET CLR 2.0.50727; Media Center PC 5.0; .NET CLR 3.0.30618; .NET CLR 3.5.30729)"
86.40.225.44 - - [18/Apr/2009:04:27:27 -0400] "GET /Asterisk/SeUpAsteriskAtHome_files/image027.jpg HTTP/1.1" 304 - "http://www.chayden.net/Asterisk/SeUpAsteriskAtHome.htm" "Mozilla/4.0 (compatible; MSIE 7.0; Windows NT 6.0; GTB5; SLCC1; .NET CLR 2.0.50727; Media Center PC 5.0; .NET CLR 3.0.30618; .NET CLR 3.5.30729)"
86.40.225.44 - - [18/Apr/2009:04:27:27 -0400] "GET /Asterisk/SeUpAsteriskAtHome_files/image029.jpg HTTP/1.1" 304 - "http://www.chayden.net/Asterisk/SeUpAsteriskAtHome.htm" "Mozilla/4.0 (compatible; MSIE 7.0; Windows NT 6.0; GTB5; SLCC1; .NET CLR 2.0.50727; Media Center PC 5.0; .NET CLR 3.0.30618; .NET CLR 3.5.30729)"
86.40.225.44 - - [18/Apr/2009:04:27:27 -0400] "GET /Asterisk/SeUpAsteriskAtHome_files/image031.jpg HTTP/1.1" 304 - "http://www.chayden.net/Asterisk/SeUpAsteriskAtHome.htm" "Mozilla/4.0 (compatible; MSIE 7.0; Windows NT 6.0; GTB5; SLCC1; .NET CLR 2.0.50727; Media Center PC 5.0; .NET CLR 3.0.30618; .NET CLR 3.5.30729)"
86.40.225.44 - - [18/Apr/2009:04:27:28 -0400] "GET /Asterisk/SeUpAsteriskAtHome_files/image033.jpg HTTP/1.1" 304 - "http://www.chayden.net/Asterisk/SeUpAsteriskAtHome.htm" "Mozilla/4.0 (compatible; MSIE 7.0; Windows NT 6.0; GTB5; SLCC1; .NET CLR 2.0.50727; Media Center PC 5.0; .NET CLR 3.0.30618; .NET CLR 3.5.30729)"
86.40.225.44 - - [18/Apr/2009:04:27:28 -0400] "GET /Asterisk/SeUpAsteriskAtHome_files/image037.jpg HTTP/1.1" 304 - "http://www.chayden.net/Asterisk/SeUpAsteriskAtHome.htm" "Mozilla/4.0 (compatible; MSIE 7.0; Windows NT 6.0; GTB5; SLCC1; .NET CLR 2.0.50727; Media Center PC 5.0; .NET CLR 3.0.30618; .NET CLR 3.5.30729)"
86.40.225.44 - - [18/Apr/2009:04:27:28 -0400] "GET /Asterisk/SeUpAsteriskAtHome_files/image035.jpg HTTP/1.1" 304 - "http://www.chayden.net/Asterisk/SeUpAsteriskAtHome.htm" "Mozilla/4.0 (compatible; MSIE 7.0; Windows NT 6.0; GTB5; SLCC1; .NET CLR 2.0.50727; Media Center PC 5.0; .NET CLR 3.0.30618; .NET CLR 3.5.30729)"
86.40.225.44 - - [18/Apr/2009:04:27:29 -0400] "GET /Asterisk/SeUpAsteriskAtHome_files/image039.jpg HTTP/1.1" 304 - "http://www.chayden.net/Asterisk/SeUpAsteriskAtHome.htm" "Mozilla/4.0 (compatible; MSIE 7.0; Windows NT 6.0; GTB5; SLCC1; .NET CLR 2.0.50727; Media Center PC 5.0; .NET CLR 3.0.30618; .NET CLR 3.5.30729)"
86.40.225.44 - - [18/Apr/2009:04:27:30 -0400] "GET /Asterisk/SeUpAsteriskAtHome_files/image043.jpg HTTP/1.1" 304 - "http://www.chayden.net/Asterisk/SeUpAsteriskAtHome.htm" "Mozilla/4.0 (compatible; MSIE 7.0; Windows NT 6.0; GTB5; SLCC1; .NET CLR 2.0.50727; Media Center PC 5.0; .NET CLR 3.0.30618; .NET CLR 3.5.30729)"
86.40.225.44 - - [18/Apr/2009:04:27:30 -0400] "GET /Asterisk/SeUpAsteriskAtHome_files/image044.jpg HTTP/1.1" 304 - "http://www.chayden.net/Asterisk/SeUpAsteriskAtHome.htm" "Mozilla/4.0 (compatible; MSIE 7.0; Windows NT 6.0; GTB5; SLCC1; .NET CLR 2.0.50727; Media Center PC 5.0; .NET CLR 3.0.30618; .NET CLR 3.5.30729)"
86.40.225.44 - - [18/Apr/2009:04:27:31 -0400] "GET /Asterisk/SeUpAsteriskAtHome_files/image046.jpg HTTP/1.1" 304 - "http://www.chayden.net/Asterisk/SeUpAsteriskAtHome.htm" "Mozilla/4.0 (compatible; MSIE 7.0; Windows NT 6.0; GTB5; SLCC1; .NET CLR 2.0.50727; Media Center PC 5.0; .NET CLR 3.0.30618; .NET CLR 3.5.30729)"
86.40.225.44 - - [18/Apr/2009:04:27:32 -0400] "GET /Asterisk/SeUpAsteriskAtHome_files/image041.jpg HTTP/1.1" 304 - "http://www.chayden.net/Asterisk/SeUpAsteriskAtHome.htm" "Mozilla/4.0 (compatible; MSIE 7.0; Windows NT 6.0; GTB5; SLCC1; .NET CLR 2.0.50727; Media Center PC 5.0; .NET CLR 3.0.30618; .NET CLR 3.5.30729)"
65.40.115.30 - - [18/Apr/2009:04:27:53 -0400] "HEAD /favicon.ico HTTP/1.1" 404 - "-" "Mozilla/5.0 (Windows; U; Windows NT 5.1; en-US; rv:1.9.0.8) Gecko/2009032609 Firefox/3.0.8"
91.142.63.8 - - [18/Apr/2009:04:28:57 -0400] "GET /eliza/Eliza.html HTTP/1.1" 200 5488 "http://answers.yahoo.com/question/index?qid=20090406044419AAGxPL0" "Mozilla/4.0 (compatible; MSIE 7.0; Windows NT 5.1; .NET CLR 2.0.50727; .NET CLR 1.1.4322; .NET CLR 3.0.04506.30)"
91.142.63.8 - - [18/Apr/2009:04:29:01 -0400] "GET /icons/back.gif HTTP/1.1" 200 216 "http://www.chayden.net/eliza/Eliza.html" "Mozilla/4.0 (compatible; MSIE 7.0; Windows NT 5.1; .NET CLR 2.0.50727; .NET CLR 1.1.4322; .NET CLR 3.0.04506.30)"
91.142.63.8 - - [18/Apr/2009:04:29:02 -0400] "GET /eliza/Eliza/Eliza.class HTTP/1.1" 200 2434 "-" "Mozilla/4.0 (Windows XP 5.1) Java/1.6.0_07"
91.142.63.8 - - [18/Apr/2009:04:29:06 -0400] "GET /eliza/Eliza/ElizaMain.class HTTP/1.1" 200 9260 "-" "Mozilla/4.0 (Windows XP 5.1) Java/1.6.0_07"
91.142.63.8 - - [18/Apr/2009:04:29:11 -0400] "GET /eliza/Eliza/DecompList.class HTTP/1.1" 200 877 "-" "Mozilla/4.0 (Windows XP 5.1) Java/1.6.0_07"
91.142.63.8 - - [18/Apr/2009:04:29:13 -0400] "GET /eliza/Eliza/KeyList.class HTTP/1.1" 200 1722 "-" "Mozilla/4.0 (Windows XP 5.1) Java/1.6.0_07"
91.142.63.8 - - [18/Apr/2009:04:29:15 -0400] "GET /eliza/Eliza/SynList.class HTTP/1.1" 200 2103 "-" "Mozilla/4.0 (Windows XP 5.1) Java/1.6.0_07"
91.142.63.8 - - [18/Apr/2009:04:29:16 -0400] "GET /eliza/Eliza/WordList.class HTTP/1.1" 200 1243 "-" "Mozilla/4.0 (Windows XP 5.1) Java/1.6.0_07"
91.142.63.8 - - [18/Apr/2009:04:29:19 -0400] "GET /eliza/Eliza/PrePostList.class HTTP/1.1" 200 1674 "-" "Mozilla/4.0 (Windows XP 5.1) Java/1.6.0_07"
91.142.63.8 - - [18/Apr/2009:04:29:21 -0400] "GET /eliza/Eliza/KeyStack.class HTTP/1.1" 200 1507 "-" "Mozilla/4.0 (Windows XP 5.1) Java/1.6.0_07"
91.142.63.8 - - [18/Apr/2009:04:29:23 -0400] "GET /eliza/Eliza/Key.class HTTP/1.1" 200 1702 "-" "Mozilla/4.0 (Windows XP 5.1) Java/1.6.0_07"
91.142.63.8 - - [18/Apr/2009:04:29:25 -0400] "GET /favicon.ico HTTP/1.1" 404 292 "-" "Mozilla/4.0 (compatible; MSIE 7.0; Windows NT 5.1; .NET CLR 2.0.50727; .NET CLR 1.1.4322; .NET CLR 3.0.04506.30)"
91.142.63.8 - - [18/Apr/2009:04:29:30 -0400] "GET /eliza/Eliza/Mem.class HTTP/1.1" 200 850 "-" "Mozilla/4.0 (Windows XP 5.1) Java/1.6.0_07"
91.142.63.8 - - [18/Apr/2009:04:29:38 -0400] "GET /eliza/script HTTP/1.1" 200 12267 "-" "Mozilla/4.0 (Windows XP 5.1) Java/1.6.0_07"
91.142.63.8 - - [18/Apr/2009:04:29:41 -0400] "GET /eliza/Eliza/EString.class HTTP/1.1" 200 3849 "-" "Mozilla/4.0 (Windows XP 5.1) Java/1.6.0_07"
91.142.63.8 - - [18/Apr/2009:04:29:49 -0400] "GET /eliza/Eliza/PrePost.class HTTP/1.1" 200 1073 "-" "Mozilla/4.0 (Windows XP 5.1) Java/1.6.0_07"
91.142.63.8 - - [18/Apr/2009:04:29:51 -0400] "GET /eliza/Eliza/ReasembList.class HTTP/1.1" 200 1102 "-" "Mozilla/4.0 (Windows XP 5.1) Java/1.6.0_07"
98.154.12.234 - - [18/Apr/2009:04:29:55 -0400] "GET /eliza/Eliza/Decomp.java HTTP/1.1" 200 1777 "http://www.chayden.net/eliza/Eliza.html" "Opera/9.63 (Windows NT 6.1; U; en) Presto/2.1.1"
91.142.63.8 - - [18/Apr/2009:04:29:59 -0400] "GET /eliza/Eliza/Decomp.class HTTP/1.1" 200 1727 "-" "Mozilla/4.0 (Windows XP 5.1) Java/1.6.0_07"
98.154.12.234 - - [18/Apr/2009:04:30:02 -0400] "GET /eliza/Eliza/KeyStack.java HTTP/1.1" 200 1390 "http://www.chayden.net/eliza/Eliza.html" "Opera/9.63 (Windows NT 6.1; U; en) Presto/2.1.1"
212.14.233.130 - - [18/Apr/2009:04:32:12 -0400] "GET /Asterisk/favicon.ico HTTP/1.1" 404 301 "-" "Mozilla/4.0 (compatible; GoogleToolbar 5.0.2124.6042; Windows XP 5.1; MSIE 7.0.5730.13)"
212.14.233.130 - - [18/Apr/2009:04:32:13 -0400] "GET /Asterisk/favicon.gif HTTP/1.1" 404 301 "-" "Mozilla/4.0 (compatible; GoogleToolbar 5.0.2124.6042; Windows XP 5.1; MSIE 7.0.5730.13)"
217.118.241.110 - - [18/Apr/2009:04:34:38 -0400] "GET /Asterisk/SeUpAsteriskAtHome.htm HTTP/1.1" 200 178181 "http://swik.net/PBX+Tutorial" "Mozilla/4.0 (compatible; MSIE 7.0; Windows NT 5.1; SIMBAR={4A50CD16-DD4F-4CE9-8737-BD8EE550E8B2}; GTB5; InfoPath.1; .NET CLR 2.0.50727; .NET CLR 1.1.4322)"
217.118.241.110 - - [18/Apr/2009:04:34:42 -0400] "GET /Asterisk/SeUpAsteriskAtHome_files/image001.gif HTTP/1.1" 200 2324 "http://www.chayden.net/Asterisk/SeUpAsteriskAtHome.htm" "Mozilla/4.0 (compatible; MSIE 7.0; Windows NT 5.1; SIMBAR={4A50CD16-DD4F-4CE9-8737-BD8EE550E8B2}; GTB5; InfoPath.1; .NET CLR 2.0.50727; .NET CLR 1.1.4322)"
217.118.241.110 - - [18/Apr/2009:04:34:43 -0400] "GET /Asterisk/SeUpAsteriskAtHome_files/image003.jpg HTTP/1.1" 200 5132 "http://www.chayden.net/Asterisk/SeUpAsteriskAtHome.htm" "Mozilla/4.0 (compatible; MSIE 7.0; Windows NT 5.1; SIMBAR={4A50CD16-DD4F-4CE9-8737-BD8EE550E8B2}; GTB5; InfoPath.1; .NET CLR 2.0.50727; .NET CLR 1.1.4322)"
217.118.241.110 - - [18/Apr/2009:04:34:44 -0400] "GET /Asterisk/SeUpAsteriskAtHome_files/image004.gif HTTP/1.1" 200 6404 "http://www.chayden.net/Asterisk/SeUpAsteriskAtHome.htm" "Mozilla/4.0 (compatible; MSIE 7.0; Windows NT 5.1; SIMBAR={4A50CD16-DD4F-4CE9-8737-BD8EE550E8B2}; GTB5; InfoPath.1; .NET CLR 2.0.50727; .NET CLR 1.1.4322)"
217.118.241.110 - - [18/Apr/2009:04:34:45 -0400] "GET /Asterisk/SeUpAsteriskAtHome_files/image005.gif HTTP/1.1" 200 4365 "http://www.chayden.net/Asterisk/SeUpAsteriskAtHome.htm" "Mozilla/4.0 (compatible; MSIE 7.0; Windows NT 5.1; SIMBAR={4A50CD16-DD4F-4CE9-8737-BD8EE550E8B2}; GTB5; InfoPath.1; .NET CLR 2.0.50727; .NET CLR 1.1.4322)"
217.118.241.110 - - [18/Apr/2009:04:34:46 -0400] "GET /Asterisk/SeUpAsteriskAtHome_files/image007.gif HTTP/1.1" 200 5284 "http://www.chayden.net/Asterisk/SeUpAsteriskAtHome.htm" "Mozilla/4.0 (compatible; MSIE 7.0; Windows NT 5.1; SIMBAR={4A50CD16-DD4F-4CE9-8737-BD8EE550E8B2}; GTB5; InfoPath.1; .NET CLR 2.0.50727; .NET CLR 1.1.4322)"
217.118.241.110 - - [18/Apr/2009:04:34:46 -0400] "GET /Asterisk/SeUpAsteriskAtHome_files/image006.gif HTTP/1.1" 200 33832 "http://www.chayden.net/Asterisk/SeUpAsteriskAtHome.htm" "Mozilla/4.0 (compatible; MSIE 7.0; Windows NT 5.1; SIMBAR={4A50CD16-DD4F-4CE9-8737-BD8EE550E8B2}; GTB5; InfoPath.1; .NET CLR 2.0.50727; .NET CLR 1.1.4322)"
