131.107.0.114 - - [21/Apr/2009:04:03:53 -0400] "GET /Asterisk/SeUpAsteriskAtHome.htm HTTP/1.1" 200 178181 "http://www.google.com/search?hl=zh-CN&q=how+to+configure+PBX&lr=" "Mozilla/4.0 (compatible; MSIE 7.0; Windows NT 5.1; .NET CLR 2.0.50727; CIBA; MS-RTC LM 8; .NET CLR 1.1.4322; .NET CLR 3.0.04506.648; .NET CLR 3.5.21022; .NET CLR 3.0.4506.2152; .NET CLR 3.5.30729)"
131.107.0.114 - - [21/Apr/2009:04:03:54 -0400] "GET /Asterisk/SeUpAsteriskAtHome_files/image001.gif HTTP/1.1" 200 2324 "http://www.chayden.net/Asterisk/SeUpAsteriskAtHome.htm" "Mozilla/4.0 (compatible; MSIE 7.0; Windows NT 5.1; .NET CLR 2.0.50727; CIBA; MS-RTC LM 8; .NET CLR 1.1.4322; .NET CLR 3.0.04506.648; .NET CLR 3.5.21022; .NET CLR 3.0.4506.2152; .NET CLR 3.5.30729)"
212.88.98.22 - - [21/Apr/2009:04:03:54 -0400] "GET /Asterisk/SeUpAsteriskAtHome_files/image010.png HTTP/1.1" 304 - "-" "Mozilla/4.0 (compatible; MSIE 999.1; Unknown)"
131.107.0.114 - - [21/Apr/2009:04:03:54 -0400] "GET /Asterisk/SeUpAsteriskAtHome_files/image002.png HTTP/1.1" 200 8522 "-" "Mozilla/4.0 (compatible; MSIE 7.0; Windows NT 5.1; .NET CLR 2.0.50727; CIBA; MS-RTC LM 8; .NET CLR 1.1.4322; .NET CLR 3.0.04506.648; .NET CLR 3.5.21022; .NET CLR 3.0.4506.2152; .NET CLR 3.5.30729)"
131.107.0.114 - - [21/Apr/2009:04:03:54 -0400] "GET /Asterisk/SeUpAsteriskAtHome_files/image004.gif HTTP/1.1" 200 6404 "-" "Mozilla/4.0 (compatible; MSIE 7.0; Windows NT 5.1; .NET CLR 2.0.50727; CIBA; MS-RTC LM 8; .NET CLR 1.1.4322; .NET CLR 3.0.04506.648; .NET CLR 3.5.21022; .NET CLR 3.0.4506.2152; .NET CLR 3.5.30729)"
131.107.0.114 - - [21/Apr/2009:04:03:55 -0400] "GET /Asterisk/SeUpAsteriskAtHome_files/image005.gif HTTP/1.1" 200 4365 "-" "Mozilla/4.0 (compatible; MSIE 7.0; Windows NT 5.1; .NET CLR 2.0.50727; CIBA; MS-RTC LM 8; .NET CLR 1.1.4322; .NET CLR 3.0.04506.648; .NET CLR 3.5.21022; .NET CLR 3.0.4506.2152; .NET CLR 3.5.30729)"
131.107.0.114 - - [21/Apr/2009:04:03:55 -0400] "GET /Asterisk/SeUpAsteriskAtHome_files/image007.gif HTTP/1.1" 200 5284 "-" "Mozilla/4.0 (compatible; MSIE 7.0; Windows NT 5.1; .NET CLR 2.0.50727; CIBA; MS-RTC LM 8; .NET CLR 1.1.4322; .NET CLR 3.0.04506.648; .NET CLR 3.5.21022; .NET CLR 3.0.4506.2152; .NET CLR 3.5.30729)"
131.107.0.114 - - [21/Apr/2009:04:03:55 -0400] "GET /Asterisk/SeUpAsteriskAtHome_files/image006.gif HTTP/1.1" 200 33832 "-" "Mozilla/4.0 (compatible; MSIE 7.0; Windows NT 5.1; .NET CLR 2.0.50727; CIBA; MS-RTC LM 8; .NET CLR 1.1.4322; .NET CLR 3.0.04506.648; .NET CLR 3.5.21022; .NET CLR 3.0.4506.2152; .NET CLR 3.5.30729)"
131.107.0.114 - - [21/Apr/2009:04:03:55 -0400] "GET /Asterisk/SeUpAsteriskAtHome_files/image008.png HTTP/1.1" 200 9707 "-" "Mozilla/4.0 (compatible; MSIE 7.0; Windows NT 5.1; .NET CLR 2.0.50727; CIBA; MS-RTC LM 8; .NET CLR 1.1.4322; .NET CLR 3.0.04506.648; .NET CLR 3.5.21022; .NET CLR 3.0.4506.2152; .NET CLR 3.5.30729)"
218.189.230.62 - - [21/Apr/2009:04:03:56 -0400] "GET /Asterisk/SeUpAsteriskAtHome_files/image032.jpg HTTP/1.0" 304 - "-" "Mozilla/4.0 (compatible;)"
218.189.230.62 - - [21/Apr/2009:04:03:56 -0400] "GET /Asterisk/SeUpAsteriskAtHome_files/image012.png HTTP/1.0" 304 - "-" "Mozilla/4.0 (compatible;)"
218.189.230.62 - - [21/Apr/2009:04:03:56 -0400] "GET /Asterisk/SeUpAsteriskAtHome_files/image028.jpg HTTP/1.0" 304 - "-" "Mozilla/4.0 (compatible;)"
218.189.230.62 - - [21/Apr/2009:04:03:56 -0400] "GET /Asterisk/SeUpAsteriskAtHome_files/image016.png HTTP/1.0" 304 - "-" "Mozilla/4.0 (compatible;)"
218.189.230.62 - - [21/Apr/2009:04:03:56 -0400] "GET /Asterisk/SeUpAsteriskAtHome_files/image023.png HTTP/1.0" 304 - "-" "Mozilla/4.0 (compatible;)"
218.189.230.62 - - [21/Apr/2009:04:03:56 -0400] "GET /Asterisk/SeUpAsteriskAtHome_files/image045.png HTTP/1.0" 304 - "-" "Mozilla/4.0 (compatible;)"
218.189.230.62 - - [21/Apr/2009:04:03:56 -0400] "GET /Asterisk/SeUpAsteriskAtHome_files/image010.png HTTP/1.0" 304 - "-" "Mozilla/4.0 (compatible;)"
218.189.230.62 - - [21/Apr/2009:04:03:56 -0400] "GET /Asterisk/SeUpAsteriskAtHome_files/image021.png HTTP/1.0" 304 - "-" "Mozilla/4.0 (compatible;)"
218.189.230.62 - - [21/Apr/2009:04:03:56 -0400] "GET /Asterisk/SeUpAsteriskAtHome_files/image008.png HTTP/1.0" 304 - "-" "Mozilla/4.0 (compatible;)"
131.107.0.114 - - [21/Apr/2009:04:03:56 -0400] "GET /Asterisk/SeUpAsteriskAtHome_files/image010.png HTTP/1.1" 200 8528 "-" "Mozilla/4.0 (compatible; MSIE 7.0; Windows NT 5.1; .NET CLR 2.0.50727; CIBA; MS-RTC LM 8; .NET CLR 1.1.4322; .NET CLR 3.0.04506.648; .NET CLR 3.5.21022; .NET CLR 3.0.4506.2152; .NET CLR 3.5.30729)"
218.189.230.62 - - [21/Apr/2009:04:03:56 -0400] "GET /Asterisk/SeUpAsteriskAtHome_files/image025.png HTTP/1.0" 304 - "-" "Mozilla/4.0 (compatible;)"
218.189.230.62 - - [21/Apr/2009:04:03:56 -0400] "GET /Asterisk/SeUpAsteriskAtHome_files/image014.png HTTP/1.0" 304 - "-" "Mozilla/4.0 (compatible;)"
218.189.230.62 - - [21/Apr/2009:04:03:56 -0400] "GET /Asterisk/SeUpAsteriskAtHome_files/image036.png HTTP/1.0" 304 - "-" "Mozilla/4.0 (compatible;)"
218.189.230.62 - - [21/Apr/2009:04:03:56 -0400] "GET /Asterisk/SeUpAsteriskAtHome_files/image042.jpg HTTP/1.0" 304 - "-" "Mozilla/4.0 (compatible;)"
131.107.0.114 - - [21/Apr/2009:04:03:56 -0400] "GET /Asterisk/SeUpAsteriskAtHome_files/image012.png HTTP/1.1" 200 13317 "-" "Mozilla/4.0 (compatible; MSIE 7.0; Windows NT 5.1; .NET CLR 2.0.50727; CIBA; MS-RTC LM 8; .NET CLR 1.1.4322; .NET CLR 3.0.04506.648; .NET CLR 3.5.21022; .NET CLR 3.0.4506.2152; .NET CLR 3.5.30729)"
131.107.0.114 - - [21/Apr/2009:04:03:56 -0400] "GET /Asterisk/SeUpAsteriskAtHome_files/image014.png HTTP/1.1" 200 29314 "-" "Mozilla/4.0 (compatible; MSIE 7.0; Windows NT 5.1; .NET CLR 2.0.50727; CIBA; MS-RTC LM 8; .NET CLR 1.1.4322; .NET CLR 3.0.04506.648; .NET CLR 3.5.21022; .NET CLR 3.0.4506.2152; .NET CLR 3.5.30729)"
131.107.0.114 - - [21/Apr/2009:04:03:56 -0400] "GET /Asterisk/SeUpAsteriskAtHome_files/image016.png HTTP/1.1" 200 25414 "-" "Mozilla/4.0 (compatible; MSIE 7.0; Windows NT 5.1; .NET CLR 2.0.50727; CIBA; MS-RTC LM 8; .NET CLR 1.1.4322; .NET CLR 3.0.04506.648; .NET CLR 3.5.21022; .NET CLR 3.0.4506.2152; .NET CLR 3.5.30729)"
131.107.0.114 - - [21/Apr/2009:04:03:57 -0400] "GET /Asterisk/SeUpAsteriskAtHome_files/image018.png HTTP/1.1" 200 19123 "-" "Mozilla/4.0 (compatible; MSIE 7.0; Windows NT 5.1; .NET CLR 2.0.50727; CIBA; MS-RTC LM 8; .NET CLR 1.1.4322; .NET CLR 3.0.04506.648; .NET CLR 3.5.21022; .NET CLR 3.0.4506.2152; .NET CLR 3.5.30729)"
131.107.0.114 - - [21/Apr/2009:04:03:57 -0400] "GET /Asterisk/SeUpAsteriskAtHome_files/image020.gif HTTP/1.1" 200 49946 "-" "Mozilla/4.0 (compatible; MSIE 7.0; Windows NT 5.1; .NET CLR 2.0.50727; CIBA; MS-RTC LM 8; .NET CLR 1.1.4322; .NET CLR 3.0.04506.648; .NET CLR 3.5.21022; .NET CLR 3.0.4506.2152; .NET CLR 3.5.30729)"
131.107.0.114 - - [21/Apr/2009:04:03:58 -0400] "GET /Asterisk/SeUpAsteriskAtHome_files/image021.png HTTP/1.1" 200 18492 "-" "Mozilla/4.0 (compatible; MSIE 7.0; Windows NT 5.1; .NET CLR 2.0.50727; CIBA; MS-RTC LM 8; .NET CLR 1.1.4322; .NET CLR 3.0.04506.648; .NET CLR 3.5.21022; .NET CLR 3.0.4506.2152; .NET CLR 3.5.30729)"
131.107.0.114 - - [21/Apr/2009:04:03:58 -0400] "GET /Asterisk/SeUpAsteriskAtHome_files/image023.png HTTP/1.1" 200 17704 "-" "Mozilla/4.0 (compatible; MSIE 7.0; Windows NT 5.1; .NET CLR 2.0.50727; CIBA; MS-RTC LM 8; .NET CLR 1.1.4322; .NET CLR 3.0.04506.648; .NET CLR 3.5.21022; .NET CLR 3.0.4506.2152; .NET CLR 3.5.30729)"
131.107.0.114 - - [21/Apr/2009:04:03:59 -0400] "GET /Asterisk/SeUpAsteriskAtHome_files/image027.jpg HTTP/1.1" 200 8509 "-" "Mozilla/4.0 (compatible; MSIE 7.0; Windows NT 5.1; .NET CLR 2.0.50727; CIBA; MS-RTC LM 8; .NET CLR 1.1.4322; .NET CLR 3.0.04506.648; .NET CLR 3.5.21022; .NET CLR 3.0.4506.2152; .NET CLR 3.5.30729)"
131.107.0.114 - - [21/Apr/2009:04:03:59 -0400] "GET /Asterisk/SeUpAsteriskAtHome_files/image025.png HTTP/1.1" 200 19921 "-" "Mozilla/4.0 (compatible; MSIE 7.0; Windows NT 5.1; .NET CLR 2.0.50727; CIBA; MS-RTC LM 8; .NET CLR 1.1.4322; .NET CLR 3.0.04506.648; .NET CLR 3.5.21022; .NET CLR 3.0.4506.2152; .NET CLR 3.5.30729)"
131.107.0.114 - - [21/Apr/2009:04:03:59 -0400] "GET /Asterisk/SeUpAsteriskAtHome_files/image028.jpg HTTP/1.1" 200 139428 "-" "Mozilla/4.0 (compatible; MSIE 7.0; Windows NT 5.1; .NET CLR 2.0.50727; CIBA; MS-RTC LM 8; .NET CLR 1.1.4322; .NET CLR 3.0.04506.648; .NET CLR 3.5.21022; .NET CLR 3.0.4506.2152; .NET CLR 3.5.30729)"
212.88.98.22 - - [21/Apr/2009:04:04:03 -0400] "GET /Asterisk/SeUpAsteriskAtHome_files/image012.png HTTP/1.1" 304 - "-" "Mozilla/4.0 (compatible; MSIE 999.1; Unknown)"
131.107.0.114 - - [21/Apr/2009:04:04:02 -0400] "GET /Asterisk/SeUpAsteriskAtHome_files/image032.jpg HTTP/1.1" 200 81539 "-" "Mozilla/4.0 (compatible; MSIE 7.0; Windows NT 5.1; .NET CLR 2.0.50727; CIBA; MS-RTC LM 8; .NET CLR 1.1.4322; .NET CLR 3.0.04506.648; .NET CLR 3.5.21022; .NET CLR 3.0.4506.2152; .NET CLR 3.5.30729)"
131.107.0.114 - - [21/Apr/2009:04:04:03 -0400] "GET /Asterisk/SeUpAsteriskAtHome_files/image034.jpg HTTP/1.1" 200 5270 "-" "Mozilla/4.0 (compatible; MSIE 7.0; Windows NT 5.1; .NET CLR 2.0.50727; CIBA; MS-RTC LM 8; .NET CLR 1.1.4322; .NET CLR 3.0.04506.648; .NET CLR 3.5.21022; .NET CLR 3.0.4506.2152; .NET CLR 3.5.30729)"
131.107.0.114 - - [21/Apr/2009:04:04:03 -0400] "GET /Asterisk/SeUpAsteriskAtHome_files/image036.png HTTP/1.1" 200 24757 "-" "Mozilla/4.0 (compatible; MSIE 7.0; Windows NT 5.1; .NET CLR 2.0.50727; CIBA; MS-RTC LM 8; .NET CLR 1.1.4322; .NET CLR 3.0.04506.648; .NET CLR 3.5.21022; .NET CLR 3.0.4506.2152; .NET CLR 3.5.30729)"
131.107.0.114 - - [21/Apr/2009:04:04:10 -0400] "GET /Asterisk/SeUpAsteriskAtHome_files/image038.jpg HTTP/1.1" 200 7171 "-" "Mozilla/4.0 (compatible; MSIE 7.0; Windows NT 5.1; .NET CLR 2.0.50727; CIBA; MS-RTC LM 8; .NET CLR 1.1.4322; .NET CLR 3.0.04506.648; .NET CLR 3.5.21022; .NET CLR 3.0.4506.2152; .NET CLR 3.5.30729)"
131.107.0.114 - - [21/Apr/2009:04:04:10 -0400] "GET /Asterisk/SeUpAsteriskAtHome_files/image040.jpg HTTP/1.1" 200 75744 "-" "Mozilla/4.0 (compatible; MSIE 7.0; Windows NT 5.1; .NET CLR 2.0.50727; CIBA; MS-RTC LM 8; .NET CLR 1.1.4322; .NET CLR 3.0.04506.648; .NET CLR 3.5.21022; .NET CLR 3.0.4506.2152; .NET CLR 3.5.30729)"
131.107.0.114 - - [21/Apr/2009:04:04:11 -0400] "GET /Asterisk/SeUpAsteriskAtHome_files/image044.jpg HTTP/1.1" 200 6079 "-" "Mozilla/4.0 (compatible; MSIE 7.0; Windows NT 5.1; .NET CLR 2.0.50727; CIBA; MS-RTC LM 8; .NET CLR 1.1.4322; .NET CLR 3.0.04506.648; .NET CLR 3.5.21022; .NET CLR 3.0.4506.2152; .NET CLR 3.5.30729)"
131.107.0.114 - - [21/Apr/2009:04:04:10 -0400] "GET /Asterisk/SeUpAsteriskAtHome_files/image042.jpg HTTP/1.1" 200 62576 "-" "Mozilla/4.0 (compatible; MSIE 7.0; Windows NT 5.1; .NET CLR 2.0.50727; CIBA; MS-RTC LM 8; .NET CLR 1.1.4322; .NET CLR 3.0.04506.648; .NET CLR 3.5.21022; .NET CLR 3.0.4506.2152; .NET CLR 3.5.30729)"
131.107.0.114 - - [21/Apr/2009:04:04:11 -0400] "GET /Asterisk/SeUpAsteriskAtHome_files/image003.jpg HTTP/1.1" 200 5132 "http://www.chayden.net/Asterisk/SeUpAsteriskAtHome.htm" "Mozilla/4.0 (compatible; MSIE 7.0; Windows NT 5.1; .NET CLR 2.0.50727; CIBA; MS-RTC LM 8; .NET CLR 1.1.4322; .NET CLR 3.0.04506.648; .NET CLR 3.5.21022; .NET CLR 3.0.4506.2152; .NET CLR 3.5.30729)"
131.107.0.114 - - [21/Apr/2009:04:04:11 -0400] "GET /Asterisk/SeUpAsteriskAtHome_files/image045.png HTTP/1.1" 200 24347 "-" "Mozilla/4.0 (compatible; MSIE 7.0; Windows NT 5.1; .NET CLR 2.0.50727; CIBA; MS-RTC LM 8; .NET CLR 1.1.4322; .NET CLR 3.0.04506.648; .NET CLR 3.5.21022; .NET CLR 3.0.4506.2152; .NET CLR 3.5.30729)"
131.107.0.114 - - [21/Apr/2009:04:04:13 -0400] "GET /Asterisk/SeUpAsteriskAtHome_files/image009.jpg HTTP/1.1" 200 14238 "http://www.chayden.net/Asterisk/SeUpAsteriskAtHome.htm" "Mozilla/4.0 (compatible; MSIE 7.0; Windows NT 5.1; .NET CLR 2.0.50727; CIBA; MS-RTC LM 8; .NET CLR 1.1.4322; .NET CLR 3.0.04506.648; .NET CLR 3.5.21022; .NET CLR 3.0.4506.2152; .NET CLR 3.5.30729)"
131.107.0.114 - - [21/Apr/2009:04:04:13 -0400] "GET /Asterisk/SeUpAsteriskAtHome_files/image011.jpg HTTP/1.1" 200 13078 "http://www.chayden.net/Asterisk/SeUpAsteriskAtHome.htm" "Mozilla/4.0 (compatible; MSIE 7.0; Windows NT 5.1; .NET CLR 2.0.50727; CIBA; MS-RTC LM 8; .NET CLR 1.1.4322; .NET CLR 3.0.04506.648; .NET CLR 3.5.21022; .NET CLR 3.0.4506.2152; .NET CLR 3.5.30729)"
131.107.0.114 - - [21/Apr/2009:04:04:13 -0400] "GET /Asterisk/SeUpAsteriskAtHome_files/image013.jpg HTTP/1.1" 200 21296 "http://www.chayden.net/Asterisk/SeUpAsteriskAtHome.htm" "Mozilla/4.0 (compatible; MSIE 7.0; Windows NT 5.1; .NET CLR 2.0.50727; CIBA; MS-RTC LM 8; .NET CLR 1.1.4322; .NET CLR 3.0.04506.648; .NET CLR 3.5.21022; .NET CLR 3.0.4506.2152; .NET CLR 3.5.30729)"
131.107.0.114 - - [21/Apr/2009:04:04:13 -0400] "GET /Asterisk/SeUpAsteriskAtHome_files/image015.jpg HTTP/1.1" 200 47335 "http://www.chayden.net/Asterisk/SeUpAsteriskAtHome.htm" "Mozilla/4.0 (compatible; MSIE 7.0; Windows NT 5.1; .NET CLR 2.0.50727; CIBA; MS-RTC LM 8; .NET CLR 1.1.4322; .NET CLR 3.0.04506.648; .NET CLR 3.5.21022; .NET CLR 3.0.4506.2152; .NET CLR 3.5.30729)"
131.107.0.114 - - [21/Apr/2009:04:04:14 -0400] "GET /Asterisk/SeUpAsteriskAtHome_files/image017.jpg HTTP/1.1" 200 30515 "http://www.chayden.net/Asterisk/SeUpAsteriskAtHome.htm" "Mozilla/4.0 (compatible; MSIE 7.0; Windows NT 5.1; .NET CLR 2.0.50727; CIBA; MS-RTC LM 8; .NET CLR 1.1.4322; .NET CLR 3.0.04506.648; .NET CLR 3.5.21022; .NET CLR 3.0.4506.2152; .NET CLR 3.5.30729)"
131.107.0.114 - - [21/Apr/2009:04:04:14 -0400] "GET /Asterisk/SeUpAsteriskAtHome_files/image019.jpg HTTP/1.1" 200 39902 "http://www.chayden.net/Asterisk/SeUpAsteriskAtHome.htm" "Mozilla/4.0 (compatible; MSIE 7.0; Windows NT 5.1; .NET CLR 2.0.50727; CIBA; MS-RTC LM 8; .NET CLR 1.1.4322; .NET CLR 3.0.04506.648; .NET CLR 3.5.21022; .NET CLR 3.0.4506.2152; .NET CLR 3.5.30729)"
212.88.98.22 - - [21/Apr/2009:04:04:19 -0400] "GET /Asterisk/SeUpAsteriskAtHome_files/image014.png HTTP/1.1" 304 - "-" "Mozilla/4.0 (compatible; MSIE 999.1; Unknown)"
131.107.0.114 - - [21/Apr/2009:04:04:15 -0400] "GET /Asterisk/SeUpAsteriskAtHome_files/image024.jpg HTTP/1.1" 200 31330 "http://www.chayden.net/Asterisk/SeUpAsteriskAtHome.htm" "Mozilla/4.0 (compatible; MSIE 7.0; Windows NT 5.1; .NET CLR 2.0.50727; CIBA; MS-RTC LM 8; .NET CLR 1.1.4322; .NET CLR 3.0.04506.648; .NET CLR 3.5.21022; .NET CLR 3.0.4506.2152; .NET CLR 3.5.30729)"
131.107.0.114 - - [21/Apr/2009:04:04:15 -0400] "GET /Asterisk/SeUpAsteriskAtHome_files/image022.jpg HTTP/1.1" 200 34633 "http://www.chayden.net/Asterisk/SeUpAsteriskAtHome.htm" "Mozilla/4.0 (compatible; MSIE 7.0; Windows NT 5.1; .NET CLR 2.0.50727; CIBA; MS-RTC LM 8; .NET CLR 1.1.4322; .NET CLR 3.0.04506.648; .NET CLR 3.5.21022; .NET CLR 3.0.4506.2152; .NET CLR 3.5.30729)"
131.107.0.114 - - [21/Apr/2009:04:04:28 -0400] "GET /Asterisk/SeUpAsteriskAtHome_files/image026.jpg HTTP/1.1" 200 37910 "http://www.chayden.net/Asterisk/SeUpAsteriskAtHome.htm" "Mozilla/4.0 (compatible; MSIE 7.0; Windows NT 5.1; .NET CLR 2.0.50727; CIBA; MS-RTC LM 8; .NET CLR 1.1.4322; .NET CLR 3.0.04506.648; .NET CLR 3.5.21022; .NET CLR 3.0.4506.2152; .NET CLR 3.5.30729)"
131.107.0.114 - - [21/Apr/2009:04:04:29 -0400] "GET /Asterisk/SeUpAsteriskAtHome_files/image029.jpg HTTP/1.1" 200 43404 "http://www.chayden.net/Asterisk/SeUpAsteriskAtHome.htm" "Mozilla/4.0 (compatible; MSIE 7.0; Windows NT 5.1; .NET CLR 2.0.50727; CIBA; MS-RTC LM 8; .NET CLR 1.1.4322; .NET CLR 3.0.04506.648; .NET CLR 3.5.21022; .NET CLR 3.0.4506.2152; .NET CLR 3.5.30729)"
131.107.0.114 - - [21/Apr/2009:04:04:00 -0400] "GET /Asterisk/SeUpAsteriskAtHome_files/image030.jpg HTTP/1.1" 200 77949 "-" "Mozilla/4.0 (compatible; MSIE 7.0; Windows NT 5.1; .NET CLR 2.0.50727; CIBA; MS-RTC LM 8; .NET CLR 1.1.4322; .NET CLR 3.0.04506.648; .NET CLR 3.5.21022; .NET CLR 3.0.4506.2152; .NET CLR 3.5.30729)"
131.107.0.114 - - [21/Apr/2009:04:04:30 -0400] "GET /Asterisk/SeUpAsteriskAtHome_files/image031.jpg HTTP/1.1" 200 30259 "http://www.chayden.net/Asterisk/SeUpAsteriskAtHome.htm" "Mozilla/4.0 (compatible; MSIE 7.0; Windows NT 5.1; .NET CLR 2.0.50727; CIBA; MS-RTC LM 8; .NET CLR 1.1.4322; .NET CLR 3.0.04506.648; .NET CLR 3.5.21022; .NET CLR 3.0.4506.2152; .NET CLR 3.5.30729)"
131.107.0.114 - - [21/Apr/2009:04:04:30 -0400] "GET /Asterisk/SeUpAsteriskAtHome_files/image033.jpg HTTP/1.1" 200 30788 "http://www.chayden.net/Asterisk/SeUpAsteriskAtHome.htm" "Mozilla/4.0 (compatible; MSIE 7.0; Windows NT 5.1; .NET CLR 2.0.50727; CIBA; MS-RTC LM 8; .NET CLR 1.1.4322; .NET CLR 3.0.04506.648; .NET CLR 3.5.21022; .NET CLR 3.0.4506.2152; .NET CLR 3.5.30729)"
131.107.0.114 - - [21/Apr/2009:04:04:31 -0400] "GET /Asterisk/SeUpAsteriskAtHome_files/image035.jpg HTTP/1.1" 200 2759 "http://www.chayden.net/Asterisk/SeUpAsteriskAtHome.htm" "Mozilla/4.0 (compatible; MSIE 7.0; Windows NT 5.1; .NET CLR 2.0.50727; CIBA; MS-RTC LM 8; .NET CLR 1.1.4322; .NET CLR 3.0.04506.648; .NET CLR 3.5.21022; .NET CLR 3.0.4506.2152; .NET CLR 3.5.30729)"
131.107.0.114 - - [21/Apr/2009:04:04:31 -0400] "GET /Asterisk/SeUpAsteriskAtHome_files/image039.jpg HTTP/1.1" 200 1921 "http://www.chayden.net/Asterisk/SeUpAsteriskAtHome.htm" "Mozilla/4.0 (compatible; MSIE 7.0; Windows NT 5.1; .NET CLR 2.0.50727; CIBA; MS-RTC LM 8; .NET CLR 1.1.4322; .NET CLR 3.0.04506.648; .NET CLR 3.5.21022; .NET CLR 3.0.4506.2152; .NET CLR 3.5.30729)"
131.107.0.114 - - [21/Apr/2009:04:04:31 -0400] "GET /Asterisk/SeUpAsteriskAtHome_files/image037.jpg HTTP/1.1" 200 42221 "http://www.chayden.net/Asterisk/SeUpAsteriskAtHome.htm" "Mozilla/4.0 (compatible; MSIE 7.0; Windows NT 5.1; .NET CLR 2.0.50727; CIBA; MS-RTC LM 8; .NET CLR 1.1.4322; .NET CLR 3.0.04506.648; .NET CLR 3.5.21022; .NET CLR 3.0.4506.2152; .NET CLR 3.5.30729)"
131.107.0.114 - - [21/Apr/2009:04:04:32 -0400] "GET /Asterisk/SeUpAsteriskAtHome_files/image041.jpg HTTP/1.1" 200 26765 "http://www.chayden.net/Asterisk/SeUpAsteriskAtHome.htm" "Mozilla/4.0 (compatible; MSIE 7.0; Windows NT 5.1; .NET CLR 2.0.50727; CIBA; MS-RTC LM 8; .NET CLR 1.1.4322; .NET CLR 3.0.04506.648; .NET CLR 3.5.21022; .NET CLR 3.0.4506.2152; .NET CLR 3.5.30729)"
131.107.0.114 - - [21/Apr/2009:04:04:32 -0400] "GET /Asterisk/SeUpAsteriskAtHome_files/image043.jpg HTTP/1.1" 200 22658 "http://www.chayden.net/Asterisk/SeUpAsteriskAtHome.htm" "Mozilla/4.0 (compatible; MSIE 7.0; Windows NT 5.1; .NET CLR 2.0.50727; CIBA; MS-RTC LM 8; .NET CLR 1.1.4322; .NET CLR 3.0.04506.648; .NET CLR 3.5.21022; .NET CLR 3.0.4506.2152; .NET CLR 3.5.30729)"
131.107.0.114 - - [21/Apr/2009:04:04:33 -0400] "GET /Asterisk/SeUpAsteriskAtHome_files/image046.jpg HTTP/1.1" 200 35168 "http://www.chayden.net/Asterisk/SeUpAsteriskAtHome.htm" "Mozilla/4.0 (compatible; MSIE 7.0; Windows NT 5.1; .NET CLR 2.0.50727; CIBA; MS-RTC LM 8; .NET CLR 1.1.4322; .NET CLR 3.0.04506.648; .NET CLR 3.5.21022; .NET CLR 3.0.4506.2152; .NET CLR 3.5.30729)"
212.88.98.22 - - [21/Apr/2009:04:04:34 -0400] "GET /Asterisk/SeUpAsteriskAtHome_files/image016.png HTTP/1.1" 304 - "-" "Mozilla/4.0 (compatible; MSIE 999.1; Unknown)"
212.88.98.22 - - [21/Apr/2009:04:04:40 -0400] "GET /Asterisk/SeUpAsteriskAtHome_files/image018.png HTTP/1.1" 304 - "-" "Mozilla/4.0 (compatible; MSIE 999.1; Unknown)"
66.249.71.238 - - [21/Apr/2009:04:05:07 -0400] "GET /Iron/Iron.html HTTP/1.1" 304 - "-" "Mozilla/5.0 (compatible; Googlebot/2.1; +http://www.google.com/bot.html)"
212.88.98.22 - - [21/Apr/2009:04:05:19 -0400] "GET /Asterisk/SeUpAsteriskAtHome_files/image020.gif HTTP/1.1" 304 - "-" "Mozilla/4.0 (compatible; MSIE 999.1; Unknown)"
62.57.225.27 - - [21/Apr/2009:04:05:19 -0400] "GET /Runs/Adidas/changing-800.jpg HTTP/1.1" 200 118677 "http://kilianjornet.blogspot.com/" "Mozilla/4.0 (compatible; MSIE 7.0; Windows NT 5.1; GTB5)"
212.88.98.22 - - [21/Apr/2009:04:05:25 -0400] "GET /Asterisk/SeUpAsteriskAtHome_files/image021.png HTTP/1.1" 304 - "-" "Mozilla/4.0 (compatible; MSIE 999.1; Unknown)"
212.88.98.22 - - [21/Apr/2009:04:05:33 -0400] "GET /Asterisk/SeUpAsteriskAtHome_files/image023.png HTTP/1.1" 304 - "-" "Mozilla/4.0 (compatible; MSIE 999.1; Unknown)"
212.88.98.22 - - [21/Apr/2009:04:05:41 -0400] "GET /Asterisk/SeUpAsteriskAtHome_files/image025.png HTTP/1.1" 304 - "-" "Mozilla/4.0 (compatible; MSIE 999.1; Unknown)"
212.88.98.22 - - [21/Apr/2009:04:05:51 -0400] "GET /Asterisk/SeUpAsteriskAtHome_files/image027.jpg HTTP/1.1" 304 - "-" "Mozilla/4.0 (compatible; MSIE 999.1; Unknown)"
212.88.98.22 - - [21/Apr/2009:04:05:59 -0400] "GET /Asterisk/SeUpAsteriskAtHome_files/image028.jpg HTTP/1.1" 304 - "-" "Mozilla/4.0 (compatible; MSIE 999.1; Unknown)"
212.88.98.22 - - [21/Apr/2009:04:06:13 -0400] "GET /Asterisk/SeUpAsteriskAtHome_files/image030.jpg HTTP/1.1" 304 - "-" "Mozilla/4.0 (compatible; MSIE 999.1; Unknown)"
212.88.98.22 - - [21/Apr/2009:04:06:19 -0400] "GET /Asterisk/SeUpAsteriskAtHome_files/image032.jpg HTTP/1.1" 304 - "-" "Mozilla/4.0 (compatible; MSIE 999.1; Unknown)"
212.88.98.22 - - [21/Apr/2009:04:06:24 -0400] "GET /Asterisk/SeUpAsteriskAtHome_files/image034.jpg HTTP/1.1" 304 - "-" "Mozilla/4.0 (compatible; MSIE 999.1; Unknown)"
212.88.98.22 - - [21/Apr/2009:04:06:30 -0400] "GET /Asterisk/SeUpAsteriskAtHome_files/image036.png HTTP/1.1" 304 - "-" "Mozilla/4.0 (compatible; MSIE 999.1; Unknown)"
212.88.98.22 - - [21/Apr/2009:04:06:36 -0400] "GET /Asterisk/SeUpAsteriskAtHome_files/image038.jpg HTTP/1.1" 304 - "-" "Mozilla/4.0 (compatible; MSIE 999.1; Unknown)"
62.57.225.27 - - [21/Apr/2009:04:06:41 -0400] "GET /favicon.ico HTTP/1.1" 404 292 "-" "Mozilla/4.0 (compatible; MSIE 7.0; Windows NT 5.1; GTB5)"
212.88.98.22 - - [21/Apr/2009:04:06:48 -0400] "GET /Asterisk/SeUpAsteriskAtHome_files/image040.jpg HTTP/1.1" 304 - "-" "Mozilla/4.0 (compatible; MSIE 999.1; Unknown)"
62.57.225.27 - - [21/Apr/2009:04:06:53 -0400] "GET /Runs/Adidas/index.htm HTTP/1.1" 200 2459 "http://kilianjornet.blogspot.com/" "Mozilla/4.0 (compatible; MSIE 7.0; Windows NT 5.1; GTB5)"
62.57.225.27 - - [21/Apr/2009:04:06:53 -0400] "GET /Runs/Adidas/vaseline800.jpg HTTP/1.1" 200 61165 "http://www.chayden.net/Runs/Adidas/index.htm" "Mozilla/4.0 (compatible; MSIE 7.0; Windows NT 5.1; GTB5)"
62.57.225.27 - - [21/Apr/2009:04:06:53 -0400] "GET /Runs/Adidas/tape-800.jpg HTTP/1.1" 200 114686 "http://www.chayden.net/Runs/Adidas/index.htm" "Mozilla/4.0 (compatible; MSIE 7.0; Windows NT 5.1; GTB5)"
62.57.225.27 - - [21/Apr/2009:04:06:54 -0400] "GET /Runs/Adidas/tree-800.jpg HTTP/1.1" 200 76203 "http://www.chayden.net/Runs/Adidas/index.htm" "Mozilla/4.0 (compatible; MSIE 7.0; Windows NT 5.1; GTB5)"
212.88.98.22 - - [21/Apr/2009:04:06:55 -0400] "GET /Asterisk/SeUpAsteriskAtHome_files/image042.jpg HTTP/1.1" 304 - "-" "Mozilla/4.0 (compatible; MSIE 999.1; Unknown)"
62.57.225.27 - - [21/Apr/2009:04:06:54 -0400] "GET /Runs/Adidas/baby-800.jpg HTTP/1.1" 200 127856 "http://www.chayden.net/Runs/Adidas/index.htm" "Mozilla/4.0 (compatible; MSIE 7.0; Windows NT 5.1; GTB5)"
62.57.225.27 - - [21/Apr/2009:04:06:55 -0400] "GET /Runs/Adidas/dr-office-800.jpg HTTP/1.1" 200 105355 "http://www.chayden.net/Runs/Adidas/index.htm" "Mozilla/4.0 (compatible; MSIE 7.0; Windows NT 5.1; GTB5)"
62.57.225.27 - - [21/Apr/2009:04:06:56 -0400] "GET /Runs/Adidas/snot-rocket-800.jpg HTTP/1.1" 200 63993 "http://www.chayden.net/Runs/Adidas/index.htm" "Mozilla/4.0 (compatible; MSIE 7.0; Windows NT 5.1; GTB5)"
62.57.225.27 - - [21/Apr/2009:04:06:57 -0400] "GET /Runs/Adidas/cable-car-800.JPG HTTP/1.1" 200 60723 "http://www.chayden.net/Runs/Adidas/index.htm" "Mozilla/4.0 (compatible; MSIE 7.0; Windows NT 5.1; GTB5)"
62.57.225.27 - - [21/Apr/2009:04:06:57 -0400] "GET /Runs/Adidas/river-800.jpg HTTP/1.1" 200 144245 "http://www.chayden.net/Runs/Adidas/index.htm" "Mozilla/4.0 (compatible; MSIE 7.0; Windows NT 5.1; GTB5)"
62.57.225.27 - - [21/Apr/2009:04:06:58 -0400] "GET /Runs/Adidas/park-800.jpg HTTP/1.1" 200 52610 "http://www.chayden.net/Runs/Adidas/index.htm" "Mozilla/4.0 (compatible; MSIE 7.0; Windows NT 5.1; GTB5)"
62.57.225.27 - - [21/Apr/2009:04:06:58 -0400] "GET /Runs/Adidas/bank-800.jpg HTTP/1.1" 200 99716 "http://www.chayden.net/Runs/Adidas/index.htm" "Mozilla/4.0 (compatible; MSIE 7.0; Windows NT 5.1; GTB5)"
212.88.98.22 - - [21/Apr/2009:04:07:01 -0400] "GET /Asterisk/SeUpAsteriskAtHome_files/image044.jpg HTTP/1.1" 304 - "-" "Mozilla/4.0 (compatible; MSIE 999.1; Unknown)"
212.88.98.22 - - [21/Apr/2009:04:07:07 -0400] "GET /Asterisk/SeUpAsteriskAtHome_files/image045.png HTTP/1.1" 304 - "-" "Mozilla/4.0 (compatible; MSIE 999.1; Unknown)"
77.221.130.15 - - [21/Apr/2009:04:07:28 -0400] "GET /Asterisk/SeUpAsteriskAtHome.htm/index.php?menu=deti&page=http://208.98.22.241/id.txt??%0D?? HTTP/1.1" 404 322 "-" "libwww-perl/5.805"
77.221.130.15 - - [21/Apr/2009:04:07:28 -0400] "GET /index.php?menu=deti&page=http://208.98.22.241/id.txt??%0D?? HTTP/1.1" 404 290 "-" "libwww-perl/5.805"
77.221.130.15 - - [21/Apr/2009:04:07:35 -0400] "GET /Asterisk/index.php?menu=deti&page=http://208.98.22.241/id.txt??%0D?? HTTP/1.1" 404 299 "-" "libwww-perl/5.805"
66.235.124.76 - - [21/Apr/2009:04:07:52 -0400] "GET /Sierra94/pic/s94-6-01.jpg HTTP/1.0" 200 55606 "-" "Mozilla/5.0 (compatible; Ask Jeeves/Teoma; +http://about.ask.com/en/docs/about/webmasters.shtml)"
62.57.225.27 - - [21/Apr/2009:04:08:24 -0400] "GET /Runs/Adidas/changing-800.jpg HTTP/1.1" 304 - "http://sn101w.snt101.mail.live.com/mail/EditMessageLight.aspx?n=566892218" "Mozilla/4.0 (compatible; MSIE 7.0; Windows NT 5.1; GTB5)"
62.57.225.27 - - [21/Apr/2009:04:08:24 -0400] "GET /Runs/Adidas/tape-800.jpg HTTP/1.1" 304 - "http://sn101w.snt101.mail.live.com/mail/EditMessageLight.aspx?n=566892218" "Mozilla/4.0 (compatible; MSIE 7.0; Windows NT 5.1; GTB5)"
62.57.225.27 - - [21/Apr/2009:04:08:25 -0400] "GET /Runs/Adidas/vaseline800.jpg HTTP/1.1" 304 - "http://sn101w.snt101.mail.live.com/mail/EditMessageLight.aspx?n=566892218" "Mozilla/4.0 (compatible; MSIE 7.0; Windows NT 5.1; GTB5)"
62.57.225.27 - - [21/Apr/2009:04:08:25 -0400] "GET /Runs/Adidas/tree-800.jpg HTTP/1.1" 304 - "http://sn101w.snt101.mail.live.com/mail/EditMessageLight.aspx?n=566892218" "Mozilla/4.0 (compatible; MSIE 7.0; Windows NT 5.1; GTB5)"
62.57.225.27 - - [21/Apr/2009:04:08:25 -0400] "GET /Runs/Adidas/baby-800.jpg HTTP/1.1" 304 - "http://sn101w.snt101.mail.live.com/mail/EditMessageLight.aspx?n=566892218" "Mozilla/4.0 (compatible; MSIE 7.0; Windows NT 5.1; GTB5)"
62.57.225.27 - - [21/Apr/2009:04:08:25 -0400] "GET /Runs/Adidas/dr-office-800.jpg HTTP/1.1" 304 - "http://sn101w.snt101.mail.live.com/mail/EditMessageLight.aspx?n=566892218" "Mozilla/4.0 (compatible; MSIE 7.0; Windows NT 5.1; GTB5)"
62.57.225.27 - - [21/Apr/2009:04:08:25 -0400] "GET /Runs/Adidas/snot-rocket-800.jpg HTTP/1.1" 304 - "http://sn101w.snt101.mail.live.com/mail/EditMessageLight.aspx?n=566892218" "Mozilla/4.0 (compatible; MSIE 7.0; Windows NT 5.1; GTB5)"
62.57.225.27 - - [21/Apr/2009:04:08:25 -0400] "GET /Runs/Adidas/river-800.jpg HTTP/1.1" 304 - "http://sn101w.snt101.mail.live.com/mail/EditMessageLight.aspx?n=566892218" "Mozilla/4.0 (compatible; MSIE 7.0; Windows NT 5.1; GTB5)"
62.57.225.27 - - [21/Apr/2009:04:08:26 -0400] "GET /Runs/Adidas/cable-car-800.JPG HTTP/1.1" 304 - "http://sn101w.snt101.mail.live.com/mail/EditMessageLight.aspx?n=566892218" "Mozilla/4.0 (compatible; MSIE 7.0; Windows NT 5.1; GTB5)"
62.57.225.27 - - [21/Apr/2009:04:08:26 -0400] "GET /Runs/Adidas/park-800.jpg HTTP/1.1" 304 - "http://sn101w.snt101.mail.live.com/mail/EditMessageLight.aspx?n=566892218" "Mozilla/4.0 (compatible; MSIE 7.0; Windows NT 5.1; GTB5)"
62.57.225.27 - - [21/Apr/2009:04:08:26 -0400] "GET /Runs/Adidas/bank-800.jpg HTTP/1.1" 304 - "http://sn101w.snt101.mail.live.com/mail/EditMessageLight.aspx?n=566892218" "Mozilla/4.0 (compatible; MSIE 7.0; Windows NT 5.1; GTB5)"
80.59.38.107 - - [21/Apr/2009:04:08:46 -0400] "GET /Runs/Adidas/changing-800.jpg HTTP/1.1" 200 118677 "http://www.google.es/reader/view/" "Mozilla/5.0 (Windows; U; Windows NT 5.1; en-US) AppleWebKit/525.19 (KHTML, like Gecko) Chrome/1.0.154.53 Safari/525.19"
116.71.85.250 - - [21/Apr/2009:04:09:13 -0400] "GET /Asterisk/SeUpAsteriskAtHome.htm HTTP/1.0" 200 178181 "http://www.google.com.pk/search?hl=en&ei=Jn_tSZijAYWVkAXHwqWYDw&sa=X&oi=spell&resnum=1&ct=result&cd=1&q=how+to+configure+pbx&spell=1" "Mozilla/5.0 (Windows; U; Windows NT 5.0; en-US; rv:1.9.0.8) Gecko/2009032609 Firefox/3.0.8"
116.71.85.250 - - [21/Apr/2009:04:09:34 -0400] "GET /Asterisk/SeUpAsteriskAtHome.htm HTTP/1.0" 200 178181 "http://www.google.com.pk/search?hl=en&q=how+to+configure+pabx&btnG=Search&meta=" "Mozilla/5.0 (Windows; U; Windows NT 5.0; en-US; rv:1.9.0.8) Gecko/2009032609 Firefox/3.0.8"
72.30.65.28 - - [21/Apr/2009:04:13:27 -0400] "GET /robots.txt HTTP/1.0" 404 291 "-" "Mozilla/5.0 (compatible; Yahoo! Slurp; http://help.yahoo.com/help/us/ysearch/slurp)"
72.30.65.28 - - [21/Apr/2009:04:13:27 -0400] "GET /Catskills/WindhamHighPeak2005/KHP.tpo HTTP/1.0" 200 2056 "-" "Mozilla/5.0 (compatible; Yahoo! Slurp/3.0; http://help.yahoo.com/help/us/ysearch/slurp)"
208.251.229.93 - - [21/Apr/2009:04:13:58 -0400] "GET /Runs/Adidas/changing-800.jpg HTTP/1.1" 200 118677 "-" "Mozilla/4.0 (compatible; MSIE 7.0; Windows NT 5.1; .NET CLR 1.1.4322; .NET CLR 2.0.50727)"
208.251.229.93 - - [21/Apr/2009:04:13:58 -0400] "GET /Runs/Adidas/tape-800.jpg HTTP/1.1" 200 114686 "-" "Mozilla/4.0 (compatible; MSIE 7.0; Windows NT 5.1; .NET CLR 1.1.4322; .NET CLR 2.0.50727)"
208.251.229.93 - - [21/Apr/2009:04:14:00 -0400] "GET /Runs/Adidas/vaseline800.jpg HTTP/1.1" 200 61165 "-" "Mozilla/4.0 (compatible; MSIE 7.0; Windows NT 5.1; .NET CLR 1.1.4322; .NET CLR 2.0.50727)"
208.251.229.93 - - [21/Apr/2009:04:14:01 -0400] "GET /Runs/Adidas/tree-800.jpg HTTP/1.1" 200 76203 "-" "Mozilla/4.0 (compatible; MSIE 7.0; Windows NT 5.1; .NET CLR 1.1.4322; .NET CLR 2.0.50727)"
208.251.229.93 - - [21/Apr/2009:04:14:01 -0400] "GET /Runs/Adidas/baby-800.jpg HTTP/1.1" 200 127856 "-" "Mozilla/4.0 (compatible; MSIE 7.0; Windows NT 5.1; .NET CLR 1.1.4322; .NET CLR 2.0.50727)"
208.251.229.93 - - [21/Apr/2009:04:14:03 -0400] "GET /Runs/Adidas/snot-rocket-800.jpg HTTP/1.1" 200 63993 "-" "Mozilla/4.0 (compatible; MSIE 7.0; Windows NT 5.1; .NET CLR 1.1.4322; .NET CLR 2.0.50727)"
208.251.229.93 - - [21/Apr/2009:04:14:03 -0400] "GET /Runs/Adidas/dr-office-800.jpg HTTP/1.1" 200 105355 "-" "Mozilla/4.0 (compatible; MSIE 7.0; Windows NT 5.1; .NET CLR 1.1.4322; .NET CLR 2.0.50727)"
208.251.229.93 - - [21/Apr/2009:04:14:05 -0400] "GET /Runs/Adidas/cable-car-800.JPG HTTP/1.1" 200 60723 "-" "Mozilla/4.0 (compatible; MSIE 7.0; Windows NT 5.1; .NET CLR 1.1.4322; .NET CLR 2.0.50727)"
208.251.229.93 - - [21/Apr/2009:04:14:05 -0400] "GET /Runs/Adidas/river-800.jpg HTTP/1.1" 200 144245 "-" "Mozilla/4.0 (compatible; MSIE 7.0; Windows NT 5.1; .NET CLR 1.1.4322; .NET CLR 2.0.50727)"
208.251.229.93 - - [21/Apr/2009:04:14:06 -0400] "GET /Runs/Adidas/park-800.jpg HTTP/1.1" 200 52610 "-" "Mozilla/4.0 (compatible; MSIE 7.0; Windows NT 5.1; .NET CLR 1.1.4322; .NET CLR 2.0.50727)"
208.251.229.93 - - [21/Apr/2009:04:14:07 -0400] "GET /Runs/Adidas/bank-800.jpg HTTP/1.1" 200 99716 "-" "Mozilla/4.0 (compatible; MSIE 7.0; Windows NT 5.1; .NET CLR 1.1.4322; .NET CLR 2.0.50727)"
65.55.231.64 - - [21/Apr/2009:04:15:32 -0400] "GET /robots.txt HTTP/1.1" 404 287 "-" "msnbot-media/1.1 (+http://search.msn.com/msnbot.htm)"
65.55.231.64 - - [21/Apr/2009:04:15:32 -0400] "GET /House/pic/lot_t.jpg HTTP/1.1" 200 7237 "-" "msnbot-media/1.1 (+http://search.msn.com/msnbot.htm)"
78.158.206.210 - - [21/Apr/2009:04:16:07 -0400] "GET /Asterisk/SeUpAsteriskAtHome.htm HTTP/1.1" 200 178181 "http://www.google.ru/search?q=pbx&hl=ru&lr=&newwindow=1&start=10&sa=N" "Mozilla/4.0 (compatible; MSIE 8.0; Windows NT 5.1; Trident/4.0; MRA 5.4 (build 02647); .NET CLR 2.0.50727; InfoPath.1; .NET CLR 1.1.4322; .NET CLR 3.0.4506.2152; .NET CLR 3.5.30729; OfficeLiveConnector.1.3; OfficeLivePatch.0.0)"
78.158.206.210 - - [21/Apr/2009:04:16:09 -0400] "GET /Asterisk/SeUpAsteriskAtHome_files/image001.gif HTTP/1.1" 200 2324 "http://www.chayden.net/Asterisk/SeUpAsteriskAtHome.htm" "Mozilla/4.0 (compatible; MSIE 8.0; Windows NT 5.1; Trident/4.0; MRA 5.4 (build 02647); .NET CLR 2.0.50727; InfoPath.1; .NET CLR 1.1.4322; .NET CLR 3.0.4506.2152; .NET CLR 3.5.30729; OfficeLiveConnector.1.3; OfficeLivePatch.0.0)"
78.158.206.210 - - [21/Apr/2009:04:16:09 -0400] "GET /Asterisk/SeUpAsteriskAtHome_files/image003.jpg HTTP/1.1" 200 5132 "http://www.chayden.net/Asterisk/SeUpAsteriskAtHome.htm" "Mozilla/4.0 (compatible; MSIE 8.0; Windows NT 5.1; Trident/4.0; MRA 5.4 (build 02647); .NET CLR 2.0.50727; InfoPath.1; .NET CLR 1.1.4322; .NET CLR 3.0.4506.2152; .NET CLR 3.5.30729; OfficeLiveConnector.1.3; OfficeLivePatch.0.0)"
78.158.206.210 - - [21/Apr/2009:04:16:09 -0400] "GET /Asterisk/SeUpAsteriskAtHome_files/image005.gif HTTP/1.1" 200 4365 "http://www.chayden.net/Asterisk/SeUpAsteriskAtHome.htm" "Mozilla/4.0 (compatible; MSIE 8.0; Windows NT 5.1; Trident/4.0; MRA 5.4 (build 02647); .NET CLR 2.0.50727; InfoPath.1; .NET CLR 1.1.4322; .NET CLR 3.0.4506.2152; .NET CLR 3.5.30729; OfficeLiveConnector.1.3; OfficeLivePatch.0.0)"
78.158.206.210 - - [21/Apr/2009:04:16:09 -0400] "GET /Asterisk/SeUpAsteriskAtHome_files/image004.gif HTTP/1.1" 200 6404 "http://www.chayden.net/Asterisk/SeUpAsteriskAtHome.htm" "Mozilla/4.0 (compatible; MSIE 8.0; Windows NT 5.1; Trident/4.0; MRA 5.4 (build 02647); .NET CLR 2.0.50727; InfoPath.1; .NET CLR 1.1.4322; .NET CLR 3.0.4506.2152; .NET CLR 3.5.30729; OfficeLiveConnector.1.3; OfficeLivePatch.0.0)"
78.158.206.210 - - [21/Apr/2009:04:16:09 -0400] "GET /Asterisk/SeUpAsteriskAtHome_files/image002.png HTTP/1.1" 200 8522 "-" "Mozilla/4.0 (compatible; MSIE 8.0; Windows NT 5.1; Trident/4.0; MRA 5.4 (build 02647); .NET CLR 2.0.50727; InfoPath.1; .NET CLR 1.1.4322; .NET CLR 3.0.4506.2152; .NET CLR 3.5.30729; OfficeLiveConnector.1.3; OfficeLivePatch.0.0)"
78.158.206.210 - - [21/Apr/2009:04:16:09 -0400] "GET /Asterisk/SeUpAsteriskAtHome_files/image011.jpg HTTP/1.1" 200 13078 "http://www.chayden.net/Asterisk/SeUpAsteriskAtHome.htm" "Mozilla/4.0 (compatible; MSIE 8.0; Windows NT 5.1; Trident/4.0; MRA 5.4 (build 02647); .NET CLR 2.0.50727; InfoPath.1; .NET CLR 1.1.4322; .NET CLR 3.0.4506.2152; .NET CLR 3.5.30729; OfficeLiveConnector.1.3; OfficeLivePatch.0.0)"
78.158.206.210 - - [21/Apr/2009:04:16:09 -0400] "GET /Asterisk/SeUpAsteriskAtHome_files/image004.gif HTTP/1.1" 200 6404 "-" "Mozilla/4.0 (compatible; MSIE 8.0; Windows NT 5.1; Trident/4.0; MRA 5.4 (build 02647); .NET CLR 2.0.50727; InfoPath.1; .NET CLR 1.1.4322; .NET CLR 3.0.4506.2152; .NET CLR 3.5.30729; OfficeLiveConnector.1.3; OfficeLivePatch.0.0)"
78.158.206.210 - - [21/Apr/2009:04:16:09 -0400] "GET /Asterisk/SeUpAsteriskAtHome_files/image007.gif HTTP/1.1" 200 5284 "-" "Mozilla/4.0 (compatible; MSIE 8.0; Windows NT 5.1; Trident/4.0; MRA 5.4 (build 02647); .NET CLR 2.0.50727; InfoPath.1; .NET CLR 1.1.4322; .NET CLR 3.0.4506.2152; .NET CLR 3.5.30729; OfficeLiveConnector.1.3; OfficeLivePatch.0.0)"
78.158.206.210 - - [21/Apr/2009:04:16:09 -0400] "GET /Asterisk/SeUpAsteriskAtHome_files/image006.gif HTTP/1.1" 200 33832 "http://www.chayden.net/Asterisk/SeUpAsteriskAtHome.htm" "Mozilla/4.0 (compatible; MSIE 8.0; Windows NT 5.1; Trident/4.0; MRA 5.4 (build 02647); .NET CLR 2.0.50727; InfoPath.1; .NET CLR 1.1.4322; .NET CLR 3.0.4506.2152; .NET CLR 3.5.30729; OfficeLiveConnector.1.3; OfficeLivePatch.0.0)"
78.158.206.210 - - [21/Apr/2009:04:16:10 -0400] "GET /Asterisk/SeUpAsteriskAtHome_files/image008.png HTTP/1.1" 200 9707 "-" "Mozilla/4.0 (compatible; MSIE 8.0; Windows NT 5.1; Trident/4.0; MRA 5.4 (build 02647); .NET CLR 2.0.50727; InfoPath.1; .NET CLR 1.1.4322; .NET CLR 3.0.4506.2152; .NET CLR 3.5.30729; OfficeLiveConnector.1.3; OfficeLivePatch.0.0)"
78.158.206.210 - - [21/Apr/2009:04:16:10 -0400] "GET /Asterisk/SeUpAsteriskAtHome_files/image010.png HTTP/1.1" 200 8528 "-" "Mozilla/4.0 (compatible; MSIE 8.0; Windows NT 5.1; Trident/4.0; MRA 5.4 (build 02647); .NET CLR 2.0.50727; InfoPath.1; .NET CLR 1.1.4322; .NET CLR 3.0.4506.2152; .NET CLR 3.5.30729; OfficeLiveConnector.1.3; OfficeLivePatch.0.0)"
78.158.206.210 - - [21/Apr/2009:04:16:09 -0400] "GET /Asterisk/SeUpAsteriskAtHome_files/image006.gif HTTP/1.1" 200 33832 "-" "Mozilla/4.0 (compatible; MSIE 8.0; Windows NT 5.1; Trident/4.0; MRA 5.4 (build 02647); .NET CLR 2.0.50727; InfoPath.1; .NET CLR 1.1.4322; .NET CLR 3.0.4506.2152; .NET CLR 3.5.30729; OfficeLiveConnector.1.3; OfficeLivePatch.0.0)"
78.158.206.210 - - [21/Apr/2009:04:16:10 -0400] "GET /Asterisk/SeUpAsteriskAtHome_files/image012.png HTTP/1.1" 200 13317 "-" "Mozilla/4.0 (compatible; MSIE 8.0; Windows NT 5.1; Trident/4.0; MRA 5.4 (build 02647); .NET CLR 2.0.50727; InfoPath.1; .NET CLR 1.1.4322; .NET CLR 3.0.4506.2152; .NET CLR 3.5.30729; OfficeLiveConnector.1.3; OfficeLivePatch.0.0)"
78.158.206.210 - - [21/Apr/2009:04:16:10 -0400] "GET /Asterisk/SeUpAsteriskAtHome_files/image014.png HTTP/1.1" 200 29314 "-" "Mozilla/4.0 (compatible; MSIE 8.0; Windows NT 5.1; Trident/4.0; MRA 5.4 (build 02647); .NET CLR 2.0.50727; InfoPath.1; .NET CLR 1.1.4322; .NET CLR 3.0.4506.2152; .NET CLR 3.5.30729; OfficeLiveConnector.1.3; OfficeLivePatch.0.0)"
78.158.206.210 - - [21/Apr/2009:04:16:10 -0400] "GET /Asterisk/SeUpAsteriskAtHome_files/image016.png HTTP/1.1" 200 25414 "-" "Mozilla/4.0 (compatible; MSIE 8.0; Windows NT 5.1; Trident/4.0; MRA 5.4 (build 02647); .NET CLR 2.0.50727; InfoPath.1; .NET CLR 1.1.4322; .NET CLR 3.0.4506.2152; .NET CLR 3.5.30729; OfficeLiveConnector.1.3; OfficeLivePatch.0.0)"
78.158.206.210 - - [21/Apr/2009:04:16:10 -0400] "GET /Asterisk/SeUpAsteriskAtHome_files/image018.png HTTP/1.1" 200 19123 "-" "Mozilla/4.0 (compatible; MSIE 8.0; Windows NT 5.1; Trident/4.0; MRA 5.4 (build 02647); .NET CLR 2.0.50727; InfoPath.1; .NET CLR 1.1.4322; .NET CLR 3.0.4506.2152; .NET CLR 3.5.30729; OfficeLiveConnector.1.3; OfficeLivePatch.0.0)"
78.158.206.210 - - [21/Apr/2009:04:16:11 -0400] "GET /Asterisk/SeUpAsteriskAtHome_files/image021.png HTTP/1.1" 200 18492 "-" "Mozilla/4.0 (compatible; MSIE 8.0; Windows NT 5.1; Trident/4.0; MRA 5.4 (build 02647); .NET CLR 2.0.50727; InfoPath.1; .NET CLR 1.1.4322; .NET CLR 3.0.4506.2152; .NET CLR 3.5.30729; OfficeLiveConnector.1.3; OfficeLivePatch.0.0)"
78.158.206.210 - - [21/Apr/2009:04:16:11 -0400] "GET /Asterisk/SeUpAsteriskAtHome_files/image023.png HTTP/1.1" 200 17704 "-" "Mozilla/4.0 (compatible; MSIE 8.0; Windows NT 5.1; Trident/4.0; MRA 5.4 (build 02647); .NET CLR 2.0.50727; InfoPath.1; .NET CLR 1.1.4322; .NET CLR 3.0.4506.2152; .NET CLR 3.5.30729; OfficeLiveConnector.1.3; OfficeLivePatch.0.0)"
78.158.206.210 - - [21/Apr/2009:04:16:11 -0400] "GET /Asterisk/SeUpAsteriskAtHome_files/image027.jpg HTTP/1.1" 200 8509 "-" "Mozilla/4.0 (compatible; MSIE 8.0; Windows NT 5.1; Trident/4.0; MRA 5.4 (build 02647); .NET CLR 2.0.50727; InfoPath.1; .NET CLR 1.1.4322; .NET CLR 3.0.4506.2152; .NET CLR 3.5.30729; OfficeLiveConnector.1.3; OfficeLivePatch.0.0)"
78.158.206.210 - - [21/Apr/2009:04:16:11 -0400] "GET /Asterisk/SeUpAsteriskAtHome_files/image025.png HTTP/1.1" 200 19921 "-" "Mozilla/4.0 (compatible; MSIE 8.0; Windows NT 5.1; Trident/4.0; MRA 5.4 (build 02647); .NET CLR 2.0.50727; InfoPath.1; .NET CLR 1.1.4322; .NET CLR 3.0.4506.2152; .NET CLR 3.5.30729; OfficeLiveConnector.1.3; OfficeLivePatch.0.0)"
78.158.206.210 - - [21/Apr/2009:04:16:11 -0400] "GET /Asterisk/SeUpAsteriskAtHome_files/image020.gif HTTP/1.1" 200 49946 "-" "Mozilla/4.0 (compatible; MSIE 8.0; Windows NT 5.1; Trident/4.0; MRA 5.4 (build 02647); .NET CLR 2.0.50727; InfoPath.1; .NET CLR 1.1.4322; .NET CLR 3.0.4506.2152; .NET CLR 3.5.30729; OfficeLiveConnector.1.3; OfficeLivePatch.0.0)"
78.158.206.210 - - [21/Apr/2009:04:16:12 -0400] "GET /Asterisk/SeUpAsteriskAtHome_files/image034.jpg HTTP/1.1" 200 5270 "-" "Mozilla/4.0 (compatible; MSIE 8.0; Windows NT 5.1; Trident/4.0; MRA 5.4 (build 02647); .NET CLR 2.0.50727; InfoPath.1; .NET CLR 1.1.4322; .NET CLR 3.0.4506.2152; .NET CLR 3.5.30729; OfficeLiveConnector.1.3; OfficeLivePatch.0.0)"
78.158.206.210 - - [21/Apr/2009:04:16:12 -0400] "GET /Asterisk/SeUpAsteriskAtHome_files/image038.jpg HTTP/1.1" 200 7171 "-" "Mozilla/4.0 (compatible; MSIE 8.0; Windows NT 5.1; Trident/4.0; MRA 5.4 (build 02647); .NET CLR 2.0.50727; InfoPath.1; .NET CLR 1.1.4322; .NET CLR 3.0.4506.2152; .NET CLR 3.5.30729; OfficeLiveConnector.1.3; OfficeLivePatch.0.0)"
78.158.206.210 - - [21/Apr/2009:04:16:11 -0400] "GET /Asterisk/SeUpAsteriskAtHome_files/image028.jpg HTTP/1.1" 200 139428 "-" "Mozilla/4.0 (compatible; MSIE 8.0; Windows NT 5.1; Trident/4.0; MRA 5.4 (build 02647); .NET CLR 2.0.50727; InfoPath.1; .NET CLR 1.1.4322; .NET CLR 3.0.4506.2152; .NET CLR 3.5.30729; OfficeLiveConnector.1.3; OfficeLivePatch.0.0)"
78.158.206.210 - - [21/Apr/2009:04:16:12 -0400] "GET /Asterisk/SeUpAsteriskAtHome_files/image036.png HTTP/1.1" 200 24757 "-" "Mozilla/4.0 (compatible; MSIE 8.0; Windows NT 5.1; Trident/4.0; MRA 5.4 (build 02647); .NET CLR 2.0.50727; InfoPath.1; .NET CLR 1.1.4322; .NET CLR 3.0.4506.2152; .NET CLR 3.5.30729; OfficeLiveConnector.1.3; OfficeLivePatch.0.0)"
78.158.206.210 - - [21/Apr/2009:04:16:11 -0400] "GET /Asterisk/SeUpAsteriskAtHome_files/image030.jpg HTTP/1.1" 200 77949 "-" "Mozilla/4.0 (compatible; MSIE 8.0; Windows NT 5.1; Trident/4.0; MRA 5.4 (build 02647); .NET CLR 2.0.50727; InfoPath.1; .NET CLR 1.1.4322; .NET CLR 3.0.4506.2152; .NET CLR 3.5.30729; OfficeLiveConnector.1.3; OfficeLivePatch.0.0)"
78.158.206.210 - - [21/Apr/2009:04:16:11 -0400] "GET /Asterisk/SeUpAsteriskAtHome_files/image032.jpg HTTP/1.1" 200 81539 "-" "Mozilla/4.0 (compatible; MSIE 8.0; Windows NT 5.1; Trident/4.0; MRA 5.4 (build 02647); .NET CLR 2.0.50727; InfoPath.1; .NET CLR 1.1.4322; .NET CLR 3.0.4506.2152; .NET CLR 3.5.30729; OfficeLiveConnector.1.3; OfficeLivePatch.0.0)"
78.158.206.210 - - [21/Apr/2009:04:16:13 -0400] "GET /Asterisk/SeUpAsteriskAtHome_files/image044.jpg HTTP/1.1" 200 6079 "-" "Mozilla/4.0 (compatible; MSIE 8.0; Windows NT 5.1; Trident/4.0; MRA 5.4 (build 02647); .NET CLR 2.0.50727; InfoPath.1; .NET CLR 1.1.4322; .NET CLR 3.0.4506.2152; .NET CLR 3.5.30729; OfficeLiveConnector.1.3; OfficeLivePatch.0.0)"
78.158.206.210 - - [21/Apr/2009:04:16:12 -0400] "GET /Asterisk/SeUpAsteriskAtHome_files/image040.jpg HTTP/1.1" 200 75744 "-" "Mozilla/4.0 (compatible; MSIE 8.0; Windows NT 5.1; Trident/4.0; MRA 5.4 (build 02647); .NET CLR 2.0.50727; InfoPath.1; .NET CLR 1.1.4322; .NET CLR 3.0.4506.2152; .NET CLR 3.5.30729; OfficeLiveConnector.1.3; OfficeLivePatch.0.0)"
78.158.206.210 - - [21/Apr/2009:04:16:13 -0400] "GET /Asterisk/SeUpAsteriskAtHome_files/image009.jpg HTTP/1.1" 200 14238 "http://www.chayden.net/Asterisk/SeUpAsteriskAtHome.htm" "Mozilla/4.0 (compatible; MSIE 8.0; Windows NT 5.1; Trident/4.0; MRA 5.4 (build 02647); .NET CLR 2.0.50727; InfoPath.1; .NET CLR 1.1.4322; .NET CLR 3.0.4506.2152; .NET CLR 3.5.30729; OfficeLiveConnector.1.3; OfficeLivePatch.0.0)"
78.158.206.210 - - [21/Apr/2009:04:16:12 -0400] "GET /Asterisk/SeUpAsteriskAtHome_files/image042.jpg HTTP/1.1" 200 62576 "-" "Mozilla/4.0 (compatible; MSIE 8.0; Windows NT 5.1; Trident/4.0; MRA 5.4 (build 02647); .NET CLR 2.0.50727; InfoPath.1; .NET CLR 1.1.4322; .NET CLR 3.0.4506.2152; .NET CLR 3.5.30729; OfficeLiveConnector.1.3; OfficeLivePatch.0.0)"
78.158.206.210 - - [21/Apr/2009:04:16:13 -0400] "GET /Asterisk/SeUpAsteriskAtHome_files/image045.png HTTP/1.1" 200 24347 "-" "Mozilla/4.0 (compatible; MSIE 8.0; Windows NT 5.1; Trident/4.0; MRA 5.4 (build 02647); .NET CLR 2.0.50727; InfoPath.1; .NET CLR 1.1.4322; .NET CLR 3.0.4506.2152; .NET CLR 3.5.30729; OfficeLiveConnector.1.3; OfficeLivePatch.0.0)"
78.158.206.210 - - [21/Apr/2009:04:16:13 -0400] "GET /Asterisk/SeUpAsteriskAtHome_files/image013.jpg HTTP/1.1" 200 21296 "http://www.chayden.net/Asterisk/SeUpAsteriskAtHome.htm" "Mozilla/4.0 (compatible; MSIE 8.0; Windows NT 5.1; Trident/4.0; MRA 5.4 (build 02647); .NET CLR 2.0.50727; InfoPath.1; .NET CLR 1.1.4322; .NET CLR 3.0.4506.2152; .NET CLR 3.5.30729; OfficeLiveConnector.1.3; OfficeLivePatch.0.0)"
78.158.206.210 - - [21/Apr/2009:04:16:13 -0400] "GET /Asterisk/SeUpAsteriskAtHome_files/image015.jpg HTTP/1.1" 200 47335 "http://www.chayden.net/Asterisk/SeUpAsteriskAtHome.htm" "Mozilla/4.0 (compatible; MSIE 8.0; Windows NT 5.1; Trident/4.0; MRA 5.4 (build 02647); .NET CLR 2.0.50727; InfoPath.1; .NET CLR 1.1.4322; .NET CLR 3.0.4506.2152; .NET CLR 3.5.30729; OfficeLiveConnector.1.3; OfficeLivePatch.0.0)"
78.158.206.210 - - [21/Apr/2009:04:16:13 -0400] "GET /Asterisk/SeUpAsteriskAtHome_files/image017.jpg HTTP/1.1" 200 30515 "http://www.chayden.net/Asterisk/SeUpAsteriskAtHome.htm" "Mozilla/4.0 (compatible; MSIE 8.0; Windows NT 5.1; Trident/4.0; MRA 5.4 (build 02647); .NET CLR 2.0.50727; InfoPath.1; .NET CLR 1.1.4322; .NET CLR 3.0.4506.2152; .NET CLR 3.5.30729; OfficeLiveConnector.1.3; OfficeLivePatch.0.0)"
78.158.206.210 - - [21/Apr/2009:04:16:14 -0400] "GET /Asterisk/SeUpAsteriskAtHome_files/image019.jpg HTTP/1.1" 200 39902 "http://www.chayden.net/Asterisk/SeUpAsteriskAtHome.htm" "Mozilla/4.0 (compatible; MSIE 8.0; Windows NT 5.1; Trident/4.0; MRA 5.4 (build 02647); .NET CLR 2.0.50727; InfoPath.1; .NET CLR 1.1.4322; .NET CLR 3.0.4506.2152; .NET CLR 3.5.30729; OfficeLiveConnector.1.3; OfficeLivePatch.0.0)"
78.158.206.210 - - [21/Apr/2009:04:16:14 -0400] "GET /Asterisk/SeUpAsteriskAtHome_files/image022.jpg HTTP/1.1" 200 34633 "http://www.chayden.net/Asterisk/SeUpAsteriskAtHome.htm" "Mozilla/4.0 (compatible; MSIE 8.0; Windows NT 5.1; Trident/4.0; MRA 5.4 (build 02647); .NET CLR 2.0.50727; InfoPath.1; .NET CLR 1.1.4322; .NET CLR 3.0.4506.2152; .NET CLR 3.5.30729; OfficeLiveConnector.1.3; OfficeLivePatch.0.0)"
78.158.206.210 - - [21/Apr/2009:04:16:14 -0400] "GET /Asterisk/SeUpAsteriskAtHome_files/image024.jpg HTTP/1.1" 200 31330 "http://www.chayden.net/Asterisk/SeUpAsteriskAtHome.htm" "Mozilla/4.0 (compatible; MSIE 8.0; Windows NT 5.1; Trident/4.0; MRA 5.4 (build 02647); .NET CLR 2.0.50727; InfoPath.1; .NET CLR 1.1.4322; .NET CLR 3.0.4506.2152; .NET CLR 3.5.30729; OfficeLiveConnector.1.3; OfficeLivePatch.0.0)"
78.158.206.210 - - [21/Apr/2009:04:16:14 -0400] "GET /Asterisk/SeUpAsteriskAtHome_files/image026.jpg HTTP/1.1" 200 37910 "http://www.chayden.net/Asterisk/SeUpAsteriskAtHome.htm" "Mozilla/4.0 (compatible; MSIE 8.0; Windows NT 5.1; Trident/4.0; MRA 5.4 (build 02647); .NET CLR 2.0.50727; InfoPath.1; .NET CLR 1.1.4322; .NET CLR 3.0.4506.2152; .NET CLR 3.5.30729; OfficeLiveConnector.1.3; OfficeLivePatch.0.0)"
78.158.206.210 - - [21/Apr/2009:04:16:15 -0400] "GET /Asterisk/SeUpAsteriskAtHome_files/image035.jpg HTTP/1.1" 200 2759 "http://www.chayden.net/Asterisk/SeUpAsteriskAtHome.htm" "Mozilla/4.0 (compatible; MSIE 8.0; Windows NT 5.1; Trident/4.0; MRA 5.4 (build 02647); .NET CLR 2.0.50727; InfoPath.1; .NET CLR 1.1.4322; .NET CLR 3.0.4506.2152; .NET CLR 3.5.30729; OfficeLiveConnector.1.3; OfficeLivePatch.0.0)"
78.158.206.210 - - [21/Apr/2009:04:16:15 -0400] "GET /Asterisk/SeUpAsteriskAtHome_files/image039.jpg HTTP/1.1" 200 1921 "http://www.chayden.net/Asterisk/SeUpAsteriskAtHome.htm" "Mozilla/4.0 (compatible; MSIE 8.0; Windows NT 5.1; Trident/4.0; MRA 5.4 (build 02647); .NET CLR 2.0.50727; InfoPath.1; .NET CLR 1.1.4322; .NET CLR 3.0.4506.2152; .NET CLR 3.5.30729; OfficeLiveConnector.1.3; OfficeLivePatch.0.0)"
78.158.206.210 - - [21/Apr/2009:04:16:14 -0400] "GET /Asterisk/SeUpAsteriskAtHome_files/image031.jpg HTTP/1.1" 200 30259 "http://www.chayden.net/Asterisk/SeUpAsteriskAtHome.htm" "Mozilla/4.0 (compatible; MSIE 8.0; Windows NT 5.1; Trident/4.0; MRA 5.4 (build 02647); .NET CLR 2.0.50727; InfoPath.1; .NET CLR 1.1.4322; .NET CLR 3.0.4506.2152; .NET CLR 3.5.30729; OfficeLiveConnector.1.3; OfficeLivePatch.0.0)"
78.158.206.210 - - [21/Apr/2009:04:16:14 -0400] "GET /Asterisk/SeUpAsteriskAtHome_files/image029.jpg HTTP/1.1" 200 43404 "http://www.chayden.net/Asterisk/SeUpAsteriskAtHome.htm" "Mozilla/4.0 (compatible; MSIE 8.0; Windows NT 5.1; Trident/4.0; MRA 5.4 (build 02647); .NET CLR 2.0.50727; InfoPath.1; .NET CLR 1.1.4322; .NET CLR 3.0.4506.2152; .NET CLR 3.5.30729; OfficeLiveConnector.1.3; OfficeLivePatch.0.0)"
78.158.206.210 - - [21/Apr/2009:04:16:15 -0400] "GET /Asterisk/SeUpAsteriskAtHome_files/image033.jpg HTTP/1.1" 200 30788 "http://www.chayden.net/Asterisk/SeUpAsteriskAtHome.htm" "Mozilla/4.0 (compatible; MSIE 8.0; Windows NT 5.1; Trident/4.0; MRA 5.4 (build 02647); .NET CLR 2.0.50727; InfoPath.1; .NET CLR 1.1.4322; .NET CLR 3.0.4506.2152; .NET CLR 3.5.30729; OfficeLiveConnector.1.3; OfficeLivePatch.0.0)"
78.158.206.210 - - [21/Apr/2009:04:16:15 -0400] "GET /Asterisk/SeUpAsteriskAtHome_files/image041.jpg HTTP/1.1" 200 26765 "http://www.chayden.net/Asterisk/SeUpAsteriskAtHome.htm" "Mozilla/4.0 (compatible; MSIE 8.0; Windows NT 5.1; Trident/4.0; MRA 5.4 (build 02647); .NET CLR 2.0.50727; InfoPath.1; .NET CLR 1.1.4322; .NET CLR 3.0.4506.2152; .NET CLR 3.5.30729; OfficeLiveConnector.1.3; OfficeLivePatch.0.0)"
78.158.206.210 - - [21/Apr/2009:04:16:15 -0400] "GET /Asterisk/SeUpAsteriskAtHome_files/image043.jpg HTTP/1.1" 200 22658 "http://www.chayden.net/Asterisk/SeUpAsteriskAtHome.htm" "Mozilla/4.0 (compatible; MSIE 8.0; Windows NT 5.1; Trident/4.0; MRA 5.4 (build 02647); .NET CLR 2.0.50727; InfoPath.1; .NET CLR 1.1.4322; .NET CLR 3.0.4506.2152; .NET CLR 3.5.30729; OfficeLiveConnector.1.3; OfficeLivePatch.0.0)"
78.158.206.210 - - [21/Apr/2009:04:16:15 -0400] "GET /Asterisk/SeUpAsteriskAtHome_files/image037.jpg HTTP/1.1" 200 42221 "http://www.chayden.net/Asterisk/SeUpAsteriskAtHome.htm" "Mozilla/4.0 (compatible; MSIE 8.0; Windows NT 5.1; Trident/4.0; MRA 5.4 (build 02647); .NET CLR 2.0.50727; InfoPath.1; .NET CLR 1.1.4322; .NET CLR 3.0.4506.2152; .NET CLR 3.5.30729; OfficeLiveConnector.1.3; OfficeLivePatch.0.0)"
78.158.206.210 - - [21/Apr/2009:04:16:15 -0400] "GET /Asterisk/SeUpAsteriskAtHome_files/image046.jpg HTTP/1.1" 200 35168 "http://www.chayden.net/Asterisk/SeUpAsteriskAtHome.htm" "Mozilla/4.0 (compatible; MSIE 8.0; Windows NT 5.1; Trident/4.0; MRA 5.4 (build 02647); .NET CLR 2.0.50727; InfoPath.1; .NET CLR 1.1.4322; .NET CLR 3.0.4506.2152; .NET CLR 3.5.30729; OfficeLiveConnector.1.3; OfficeLivePatch.0.0)"
