83.222.194.92 - - [16/Apr/2009:07:06:04 -0400] "GET /Asterisk/SeUpAsteriskAtHome_files/image044.jpg HTTP/1.0" 200 6079 "http://www.chayden.net/Asterisk/SeUpAsteriskAtHome.htm" "Mozilla/5.0 (Windows; U; Windows NT 5.1; ru; rv:1.9.0.8) Gecko/2009032609 MRA 5.4 (build 02647) Firefox/3.0.8"
59.94.181.80 - - [16/Apr/2009:07:06:13 -0400] "GET /favicon.ico HTTP/1.1" 404 292 "-" "Mozilla/5.0 (Windows; U; Windows NT 5.1; en-US; rv:1.9.0.8) Gecko/2009032609 Firefox/3.0.8 (.NET CLR 3.5.30729)"
83.222.194.92 - - [16/Apr/2009:07:05:52 -0400] "GET /Asterisk/SeUpAsteriskAtHome_files/image037.jpg HTTP/1.0" 200 42221 "http://www.chayden.net/Asterisk/SeUpAsteriskAtHome.htm" "Mozilla/5.0 (Windows; U; Windows NT 5.1; ru; rv:1.9.0.8) Gecko/2009032609 MRA 5.4 (build 02647) Firefox/3.0.8"
89.136.94.157 - - [16/Apr/2009:07:08:00 -0400] "GET /eliza/Eliza.html HTTP/1.1" 200 5488 "http://www.google.hu/search?hl=hu&q=Eliza&btnG=Keres%C3%A9s&meta=" "Mozilla/5.0 (Windows; U; Windows NT 5.1; hu; rv:1.9.0.8) Gecko/2009032609 Firefox/3.0.8"
89.136.94.157 - - [16/Apr/2009:07:08:00 -0400] "GET /eliza/Eliza/Eliza.class HTTP/1.1" 200 2434 "http://www.chayden.net/eliza/Eliza.html" "Mozilla/5.0 (Windows; U; Windows NT 5.1; hu; rv:1.9.0.8) Gecko/2009032609 Firefox/3.0.8"
89.136.94.157 - - [16/Apr/2009:07:08:00 -0400] "GET /icons/back.gif HTTP/1.1" 200 216 "http://www.chayden.net/eliza/Eliza.html" "Mozilla/5.0 (Windows; U; Windows NT 5.1; hu; rv:1.9.0.8) Gecko/2009032609 Firefox/3.0.8"
83.222.194.92 - - [16/Apr/2009:07:06:02 -0400] "GET /Asterisk/SeUpAsteriskAtHome_files/image046.jpg HTTP/1.0" 200 35168 "http://www.chayden.net/Asterisk/SeUpAsteriskAtHome.htm" "Mozilla/5.0 (Windows; U; Windows NT 5.1; ru; rv:1.9.0.8) Gecko/2009032609 MRA 5.4 (build 02647) Firefox/3.0.8"
83.222.194.92 - - [16/Apr/2009:07:05:53 -0400] "GET /Asterisk/SeUpAsteriskAtHome_files/image041.jpg HTTP/1.0" 200 26765 "http://www.chayden.net/Asterisk/SeUpAsteriskAtHome.htm" "Mozilla/5.0 (Windows; U; Windows NT 5.1; ru; rv:1.9.0.8) Gecko/2009032609 MRA 5.4 (build 02647) Firefox/3.0.8"
83.222.194.92 - - [16/Apr/2009:07:06:00 -0400] "GET /Asterisk/SeUpAsteriskAtHome_files/image043.jpg HTTP/1.0" 200 22658 "http://www.chayden.net/Asterisk/SeUpAsteriskAtHome.htm" "Mozilla/5.0 (Windows; U; Windows NT 5.1; ru; rv:1.9.0.8) Gecko/2009032609 MRA 5.4 (build 02647) Firefox/3.0.8"
65.40.115.30 - - [16/Apr/2009:07:10:28 -0400] "HEAD /favicon.ico HTTP/1.1" 404 - "-" "Mozilla/5.0 (Windows; U; Windows NT 5.1; en-US; rv:1.9.0.8) Gecko/2009032609 Firefox/3.0.8"
65.55.217.66 - - [16/Apr/2009:07:11:16 -0400] "GET /robots.txt HTTP/1.1" 404 291 "-" "msnbot-media/1.1 (+http://search.msn.com/msnbot.htm)"
65.55.217.66 - - [16/Apr/2009:07:11:17 -0400] "GET /JSMarathon99/pic/Marathon99-1-18.jpg HTTP/1.1" 200 160819 "-" "msnbot-media/1.1 (+http://search.msn.com/msnbot.htm)"
82.234.127.248 - - [16/Apr/2009:07:11:32 -0400] "GET /eliza/Eliza.html HTTP/1.1" 200 5488 "http://www.facebook.com/ext/share.php?sid=63076205689&h=jfmPG&u=ARJ_o&ref=mf" "Mozilla/5.0 (Windows; U; Windows NT 6.0; en-US; rv:1.9.0.8) Gecko/2009032609 Firefox/3.0.8"
82.234.127.248 - - [16/Apr/2009:07:11:33 -0400] "GET /icons/back.gif HTTP/1.1" 200 216 "http://www.chayden.net/eliza/Eliza.html" "Mozilla/5.0 (Windows; U; Windows NT 6.0; en-US; rv:1.9.0.8) Gecko/2009032609 Firefox/3.0.8"
82.234.127.248 - - [16/Apr/2009:07:11:33 -0400] "GET /eliza/Eliza/Eliza.class HTTP/1.1" 200 2434 "-" "Mozilla/4.0 (Windows Vista 6.0) Java/1.6.0_07"
82.234.127.248 - - [16/Apr/2009:07:11:34 -0400] "GET /eliza/Eliza/ElizaMain.class HTTP/1.1" 200 9260 "-" "Mozilla/4.0 (Windows Vista 6.0) Java/1.6.0_07"
82.234.127.248 - - [16/Apr/2009:07:11:34 -0400] "GET /eliza/Eliza/DecompList.class HTTP/1.1" 200 877 "-" "Mozilla/4.0 (Windows Vista 6.0) Java/1.6.0_07"
82.234.127.248 - - [16/Apr/2009:07:11:35 -0400] "GET /eliza/Eliza/KeyList.class HTTP/1.1" 200 1722 "-" "Mozilla/4.0 (Windows Vista 6.0) Java/1.6.0_07"
82.234.127.248 - - [16/Apr/2009:07:11:35 -0400] "GET /eliza/Eliza/SynList.class HTTP/1.1" 200 2103 "-" "Mozilla/4.0 (Windows Vista 6.0) Java/1.6.0_07"
82.234.127.248 - - [16/Apr/2009:07:11:35 -0400] "GET /eliza/Eliza/WordList.class HTTP/1.1" 200 1243 "-" "Mozilla/4.0 (Windows Vista 6.0) Java/1.6.0_07"
82.234.127.248 - - [16/Apr/2009:07:11:36 -0400] "GET /eliza/Eliza/PrePostList.class HTTP/1.1" 200 1674 "-" "Mozilla/4.0 (Windows Vista 6.0) Java/1.6.0_07"
82.234.127.248 - - [16/Apr/2009:07:11:36 -0400] "GET /eliza/Eliza/KeyStack.class HTTP/1.1" 200 1507 "-" "Mozilla/4.0 (Windows Vista 6.0) Java/1.6.0_07"
82.234.127.248 - - [16/Apr/2009:07:11:37 -0400] "GET /eliza/Eliza/Key.class HTTP/1.1" 200 1702 "-" "Mozilla/4.0 (Windows Vista 6.0) Java/1.6.0_07"
82.234.127.248 - - [16/Apr/2009:07:11:37 -0400] "GET /eliza/Eliza/Mem.class HTTP/1.1" 200 850 "-" "Mozilla/4.0 (Windows Vista 6.0) Java/1.6.0_07"
82.234.127.248 - - [16/Apr/2009:07:11:38 -0400] "GET /eliza/script HTTP/1.1" 200 12267 "-" "Mozilla/4.0 (Windows Vista 6.0) Java/1.6.0_07"
82.234.127.248 - - [16/Apr/2009:07:11:38 -0400] "GET /eliza/Eliza/EString.class HTTP/1.1" 200 3849 "-" "Mozilla/4.0 (Windows Vista 6.0) Java/1.6.0_07"
82.234.127.248 - - [16/Apr/2009:07:11:39 -0400] "GET /eliza/Eliza/PrePost.class HTTP/1.1" 200 1073 "-" "Mozilla/4.0 (Windows Vista 6.0) Java/1.6.0_07"
82.234.127.248 - - [16/Apr/2009:07:11:39 -0400] "GET /eliza/Eliza/ReasembList.class HTTP/1.1" 200 1102 "-" "Mozilla/4.0 (Windows Vista 6.0) Java/1.6.0_07"
82.234.127.248 - - [16/Apr/2009:07:11:39 -0400] "GET /eliza/Eliza/Decomp.class HTTP/1.1" 200 1727 "-" "Mozilla/4.0 (Windows Vista 6.0) Java/1.6.0_07"
69.206.155.43 - - [16/Apr/2009:07:15:26 -0400] "GET /Catskills/Notes/Catskill%20Coordinates.html HTTP/1.1" 304 - "-" "Mozilla/4.0 (compatible; MSIE 7.0; Windows NT 6.0; SLCC1; .NET CLR 2.0.50727; .NET CLR 1.1.4322; .NET CLR 3.5.30729; .NET CLR 3.0.30618; yie8; yie8)"
97.45.200.198 - - [16/Apr/2009:07:16:53 -0400] "GET /eliza/favicon.ico HTTP/1.1" 404 294 "-" "Mozilla/4.0 (compatible; GoogleToolbar 5.0.2124.6042; Windows XP 5.1; MSIE 7.0.5730.11)"
97.45.200.198 - - [16/Apr/2009:07:16:54 -0400] "GET /eliza/favicon.gif HTTP/1.1" 404 294 "-" "Mozilla/4.0 (compatible; GoogleToolbar 5.0.2124.6042; Windows XP 5.1; MSIE 7.0.5730.11)"
67.84.138.117 - - [16/Apr/2009:07:19:11 -0400] "GET /Runs/Adidas/favicon.ico HTTP/1.1" 404 304 "-" "Mozilla/4.0 (compatible; GoogleToolbar 5.0.2124.6042; Windows 6.0; MSIE 7.0.6001.18000)"
67.84.138.117 - - [16/Apr/2009:07:19:12 -0400] "GET /Runs/Adidas/favicon.gif HTTP/1.1" 404 304 "-" "Mozilla/4.0 (compatible; GoogleToolbar 5.0.2124.6042; Windows 6.0; MSIE 7.0.6001.18000)"
74.6.8.116 - - [16/Apr/2009:07:19:54 -0400] "GET /Sierra83/Sierra83.html HTTP/1.0" 200 4007 "-" "Mozilla/5.0 (compatible; Yahoo! Slurp/3.0; http://help.yahoo.com/help/us/ysearch/slurp)"
74.6.8.116 - - [16/Apr/2009:07:19:54 -0400] "GET /includes/hikes.css HTTP/1.0" 304 - "http://chayden.net/Sierra83/Sierra83.html" "Mozilla/5.0 (compatible; Yahoo! Slurp/3.0; http://help.yahoo.com/help/us/ysearch/slurp)"
88.191.88.79 - - [16/Apr/2009:07:20:24 -0400] "GET /Allison98/Allison.html HTTP/1.0" 200 14069 "http://chayden.net/" "Mozilla/4.0 (compatible; MSIE 6.0; Windows NT 5.1)"
65.40.115.30 - - [16/Apr/2009:07:20:28 -0400] "HEAD /favicon.ico HTTP/1.1" 404 - "-" "Mozilla/5.0 (Windows; U; Windows NT 5.1; en-US; rv:1.9.0.8) Gecko/2009032609 Firefox/3.0.8"
83.222.194.92 - - [16/Apr/2009:07:21:11 -0400] "GET /favicon.ico HTTP/1.0" 404 292 "-" "Mozilla/5.0 (Windows; U; Windows NT 5.1; ru; rv:1.9.0.8) Gecko/2009032609 MRA 5.4 (build 02647) Firefox/3.0.8"
61.247.222.45 - - [16/Apr/2009:07:24:28 -0400] "GET /robots.txt HTTP/1.1" 404 291 "-" "Yeti/1.0 (NHN Corp.; http://help.naver.com/robots/)"
61.247.222.45 - - [16/Apr/2009:07:24:29 -0400] "GET /House/pic/siding.jpg HTTP/1.1" 200 83797 "-" "Yeti/1.0 (NHN Corp.; http://help.naver.com/robots/)"
65.55.106.216 - - [16/Apr/2009:07:29:33 -0400] "GET /robots.txt HTTP/1.1" 404 287 "-" "msnbot/2.0b (+http://search.msn.com/msnbot.htm)"
65.55.106.216 - - [16/Apr/2009:07:30:03 -0400] "GET /Catskills/GrahamPanther2005/Graham.tpo HTTP/1.0" 200 1973 "-" "msnbot/2.0b (+http://search.msn.com/msnbot.htm)"
65.40.115.30 - - [16/Apr/2009:07:30:28 -0400] "HEAD /favicon.ico HTTP/1.1" 404 - "-" "Mozilla/5.0 (Windows; U; Windows NT 5.1; en-US; rv:1.9.0.8) Gecko/2009032609 Firefox/3.0.8"
193.92.148.194 - - [16/Apr/2009:07:31:20 -0400] "GET /Asterisk/SeUpAsteriskAtHome_files/image001.gif HTTP/1.0" 200 2324 "-" "Mozilla/4.0 (compatible; MSIE 6.0; Windows NT 5.1; SV1; GTB5; Mozilla/4.0 (compatible; MSIE 6.0; Windows NT 5.1; SV1) ; .NET CLR 2.0.50727; .NET CLR 1.1.4322; .NET CLR 3.0.04506.648; .NET CLR 3.5.21022; InfoPath.1; .NET CLR 3.0.4506.2152; .NET CLR 3.5.30729)"
193.92.148.194 - - [16/Apr/2009:07:31:20 -0400] "GET /Asterisk/SeUpAsteriskAtHome_files/image001.gif HTTP/1.0" 200 2324 "http://www.chayden.net/Asterisk/SeUpAsteriskAtHome.htm" "Mozilla/4.0 (compatible; MSIE 6.0; Windows NT 5.1; SV1; GTB5; Mozilla/4.0 (compatible; MSIE 6.0; Windows NT 5.1; SV1) ; .NET CLR 2.0.50727; .NET CLR 1.1.4322; .NET CLR 3.0.04506.648; .NET CLR 3.5.21022; InfoPath.1; .NET CLR 3.0.4506.2152; .NET CLR 3.5.30729)"
193.92.180.20 - - [16/Apr/2009:07:31:19 -0400] "GET /Asterisk/SeUpAsteriskAtHome.htm HTTP/1.0" 200 178181 "http://www.google.gr/search?sourceid=navclient&hl=el&ie=UTF-8&rlz=1T4GGLJ_elGR319GR319&q=PBX" "Mozilla/4.0 (compatible; MSIE 6.0; Windows NT 5.1; SV1; GTB5; Mozilla/4.0 (compatible; MSIE 6.0; Windows NT 5.1; SV1) ; .NET CLR 2.0.50727; .NET CLR 1.1.4322; .NET CLR 3.0.04506.648; .NET CLR 3.5.21022; InfoPath.1; .NET CLR 3.0.4506.2152; .NET CLR 3.5.30729)"
193.92.148.194 - - [16/Apr/2009:07:31:21 -0400] "GET /Asterisk/SeUpAsteriskAtHome_files/image003.jpg HTTP/1.0" 200 5132 "http://www.chayden.net/Asterisk/SeUpAsteriskAtHome.htm" "Mozilla/4.0 (compatible; MSIE 6.0; Windows NT 5.1; SV1; GTB5; Mozilla/4.0 (compatible; MSIE 6.0; Windows NT 5.1; SV1) ; .NET CLR 2.0.50727; .NET CLR 1.1.4322; .NET CLR 3.0.04506.648; .NET CLR 3.5.21022; InfoPath.1; .NET CLR 3.0.4506.2152; .NET CLR 3.5.30729)"
193.92.148.195 - - [16/Apr/2009:07:31:21 -0400] "GET /Asterisk/SeUpAsteriskAtHome_files/image002.png HTTP/1.0" 200 8522 "-" "Mozilla/4.0 (compatible; MSIE 6.0; Windows NT 5.1; SV1; GTB5; Mozilla/4.0 (compatible; MSIE 6.0; Windows NT 5.1; SV1) ; .NET CLR 2.0.50727; .NET CLR 1.1.4322; .NET CLR 3.0.04506.648; .NET CLR 3.5.21022; InfoPath.1; .NET CLR 3.0.4506.2152; .NET CLR 3.5.30729)"
193.92.148.194 - - [16/Apr/2009:07:31:21 -0400] "GET /Asterisk/SeUpAsteriskAtHome_files/image004.gif HTTP/1.0" 200 6404 "-" "Mozilla/4.0 (compatible; MSIE 6.0; Windows NT 5.1; SV1; GTB5; Mozilla/4.0 (compatible; MSIE 6.0; Windows NT 5.1; SV1) ; .NET CLR 2.0.50727; .NET CLR 1.1.4322; .NET CLR 3.0.04506.648; .NET CLR 3.5.21022; InfoPath.1; .NET CLR 3.0.4506.2152; .NET CLR 3.5.30729)"
193.92.148.194 - - [16/Apr/2009:07:31:21 -0400] "GET /Asterisk/SeUpAsteriskAtHome_files/image004.gif HTTP/1.0" 200 6404 "http://www.chayden.net/Asterisk/SeUpAsteriskAtHome.htm" "Mozilla/4.0 (compatible; MSIE 6.0; Windows NT 5.1; SV1; GTB5; Mozilla/4.0 (compatible; MSIE 6.0; Windows NT 5.1; SV1) ; .NET CLR 2.0.50727; .NET CLR 1.1.4322; .NET CLR 3.0.04506.648; .NET CLR 3.5.21022; InfoPath.1; .NET CLR 3.0.4506.2152; .NET CLR 3.5.30729)"
193.92.148.194 - - [16/Apr/2009:07:31:22 -0400] "GET /Asterisk/SeUpAsteriskAtHome_files/image005.gif HTTP/1.0" 200 4365 "-" "Mozilla/4.0 (compatible; MSIE 6.0; Windows NT 5.1; SV1; GTB5; Mozilla/4.0 (compatible; MSIE 6.0; Windows NT 5.1; SV1) ; .NET CLR 2.0.50727; .NET CLR 1.1.4322; .NET CLR 3.0.04506.648; .NET CLR 3.5.21022; InfoPath.1; .NET CLR 3.0.4506.2152; .NET CLR 3.5.30729)"
193.92.148.194 - - [16/Apr/2009:07:31:22 -0400] "GET /Asterisk/SeUpAsteriskAtHome_files/image005.gif HTTP/1.0" 200 4365 "http://www.chayden.net/Asterisk/SeUpAsteriskAtHome.htm" "Mozilla/4.0 (compatible; MSIE 6.0; Windows NT 5.1; SV1; GTB5; Mozilla/4.0 (compatible; MSIE 6.0; Windows NT 5.1; SV1) ; .NET CLR 2.0.50727; .NET CLR 1.1.4322; .NET CLR 3.0.04506.648; .NET CLR 3.5.21022; InfoPath.1; .NET CLR 3.0.4506.2152; .NET CLR 3.5.30729)"
193.92.180.20 - - [16/Apr/2009:07:31:22 -0400] "GET /Asterisk/SeUpAsteriskAtHome_files/image007.gif HTTP/1.0" 200 5284 "-" "Mozilla/4.0 (compatible; MSIE 6.0; Windows NT 5.1; SV1; GTB5; Mozilla/4.0 (compatible; MSIE 6.0; Windows NT 5.1; SV1) ; .NET CLR 2.0.50727; .NET CLR 1.1.4322; .NET CLR 3.0.04506.648; .NET CLR 3.5.21022; InfoPath.1; .NET CLR 3.0.4506.2152; .NET CLR 3.5.30729)"
193.92.148.194 - - [16/Apr/2009:07:31:22 -0400] "GET /Asterisk/SeUpAsteriskAtHome_files/image007.gif HTTP/1.0" 200 5284 "http://www.chayden.net/Asterisk/SeUpAsteriskAtHome.htm" "Mozilla/4.0 (compatible; MSIE 6.0; Windows NT 5.1; SV1; GTB5; Mozilla/4.0 (compatible; MSIE 6.0; Windows NT 5.1; SV1) ; .NET CLR 2.0.50727; .NET CLR 1.1.4322; .NET CLR 3.0.04506.648; .NET CLR 3.5.21022; InfoPath.1; .NET CLR 3.0.4506.2152; .NET CLR 3.5.30729)"
193.92.180.20 - - [16/Apr/2009:07:31:22 -0400] "GET /Asterisk/SeUpAsteriskAtHome_files/image006.gif HTTP/1.0" 200 33832 "http://www.chayden.net/Asterisk/SeUpAsteriskAtHome.htm" "Mozilla/4.0 (compatible; MSIE 6.0; Windows NT 5.1; SV1; GTB5; Mozilla/4.0 (compatible; MSIE 6.0; Windows NT 5.1; SV1) ; .NET CLR 2.0.50727; .NET CLR 1.1.4322; .NET CLR 3.0.04506.648; .NET CLR 3.5.21022; InfoPath.1; .NET CLR 3.0.4506.2152; .NET CLR 3.5.30729)"
193.92.180.20 - - [16/Apr/2009:07:31:22 -0400] "GET /Asterisk/SeUpAsteriskAtHome_files/image006.gif HTTP/1.0" 200 33832 "-" "Mozilla/4.0 (compatible; MSIE 6.0; Windows NT 5.1; SV1; GTB5; Mozilla/4.0 (compatible; MSIE 6.0; Windows NT 5.1; SV1) ; .NET CLR 2.0.50727; .NET CLR 1.1.4322; .NET CLR 3.0.04506.648; .NET CLR 3.5.21022; InfoPath.1; .NET CLR 3.0.4506.2152; .NET CLR 3.5.30729)"
193.92.148.195 - - [16/Apr/2009:07:31:23 -0400] "GET /Asterisk/SeUpAsteriskAtHome_files/image008.png HTTP/1.0" 200 9707 "-" "Mozilla/4.0 (compatible; MSIE 6.0; Windows NT 5.1; SV1; GTB5; Mozilla/4.0 (compatible; MSIE 6.0; Windows NT 5.1; SV1) ; .NET CLR 2.0.50727; .NET CLR 1.1.4322; .NET CLR 3.0.04506.648; .NET CLR 3.5.21022; InfoPath.1; .NET CLR 3.0.4506.2152; .NET CLR 3.5.30729)"
193.92.180.20 - - [16/Apr/2009:07:31:23 -0400] "GET /Asterisk/SeUpAsteriskAtHome_files/image010.png HTTP/1.0" 200 8528 "-" "Mozilla/4.0 (compatible; MSIE 6.0; Windows NT 5.1; SV1; GTB5; Mozilla/4.0 (compatible; MSIE 6.0; Windows NT 5.1; SV1) ; .NET CLR 2.0.50727; .NET CLR 1.1.4322; .NET CLR 3.0.04506.648; .NET CLR 3.5.21022; InfoPath.1; .NET CLR 3.0.4506.2152; .NET CLR 3.5.30729)"
193.92.180.19 - - [16/Apr/2009:07:31:23 -0400] "GET /Asterisk/SeUpAsteriskAtHome_files/image009.jpg HTTP/1.0" 200 14238 "http://www.chayden.net/Asterisk/SeUpAsteriskAtHome.htm" "Mozilla/4.0 (compatible; MSIE 6.0; Windows NT 5.1; SV1; GTB5; Mozilla/4.0 (compatible; MSIE 6.0; Windows NT 5.1; SV1) ; .NET CLR 2.0.50727; .NET CLR 1.1.4322; .NET CLR 3.0.04506.648; .NET CLR 3.5.21022; InfoPath.1; .NET CLR 3.0.4506.2152; .NET CLR 3.5.30729)"
193.92.180.20 - - [16/Apr/2009:07:31:23 -0400] "GET /Asterisk/SeUpAsteriskAtHome_files/image011.jpg HTTP/1.0" 200 13078 "http://www.chayden.net/Asterisk/SeUpAsteriskAtHome.htm" "Mozilla/4.0 (compatible; MSIE 6.0; Windows NT 5.1; SV1; GTB5; Mozilla/4.0 (compatible; MSIE 6.0; Windows NT 5.1; SV1) ; .NET CLR 2.0.50727; .NET CLR 1.1.4322; .NET CLR 3.0.04506.648; .NET CLR 3.5.21022; InfoPath.1; .NET CLR 3.0.4506.2152; .NET CLR 3.5.30729)"
193.92.148.195 - - [16/Apr/2009:07:31:23 -0400] "GET /Asterisk/SeUpAsteriskAtHome_files/image012.png HTTP/1.0" 200 13317 "-" "Mozilla/4.0 (compatible; MSIE 6.0; Windows NT 5.1; SV1; GTB5; Mozilla/4.0 (compatible; MSIE 6.0; Windows NT 5.1; SV1) ; .NET CLR 2.0.50727; .NET CLR 1.1.4322; .NET CLR 3.0.04506.648; .NET CLR 3.5.21022; InfoPath.1; .NET CLR 3.0.4506.2152; .NET CLR 3.5.30729)"
193.92.180.20 - - [16/Apr/2009:07:31:24 -0400] "GET /Asterisk/SeUpAsteriskAtHome_files/image013.jpg HTTP/1.0" 200 21296 "http://www.chayden.net/Asterisk/SeUpAsteriskAtHome.htm" "Mozilla/4.0 (compatible; MSIE 6.0; Windows NT 5.1; SV1; GTB5; Mozilla/4.0 (compatible; MSIE 6.0; Windows NT 5.1; SV1) ; .NET CLR 2.0.50727; .NET CLR 1.1.4322; .NET CLR 3.0.04506.648; .NET CLR 3.5.21022; InfoPath.1; .NET CLR 3.0.4506.2152; .NET CLR 3.5.30729)"
193.92.180.20 - - [16/Apr/2009:07:31:24 -0400] "GET /Asterisk/SeUpAsteriskAtHome_files/image014.png HTTP/1.0" 200 29314 "-" "Mozilla/4.0 (compatible; MSIE 6.0; Windows NT 5.1; SV1; GTB5; Mozilla/4.0 (compatible; MSIE 6.0; Windows NT 5.1; SV1) ; .NET CLR 2.0.50727; .NET CLR 1.1.4322; .NET CLR 3.0.04506.648; .NET CLR 3.5.21022; InfoPath.1; .NET CLR 3.0.4506.2152; .NET CLR 3.5.30729)"
193.92.148.195 - - [16/Apr/2009:07:31:24 -0400] "GET /Asterisk/SeUpAsteriskAtHome_files/image016.png HTTP/1.0" 200 25414 "-" "Mozilla/4.0 (compatible; MSIE 6.0; Windows NT 5.1; SV1; GTB5; Mozilla/4.0 (compatible; MSIE 6.0; Windows NT 5.1; SV1) ; .NET CLR 2.0.50727; .NET CLR 1.1.4322; .NET CLR 3.0.04506.648; .NET CLR 3.5.21022; InfoPath.1; .NET CLR 3.0.4506.2152; .NET CLR 3.5.30729)"
193.92.148.194 - - [16/Apr/2009:07:31:24 -0400] "GET /Asterisk/SeUpAsteriskAtHome_files/image015.jpg HTTP/1.0" 200 47335 "http://www.chayden.net/Asterisk/SeUpAsteriskAtHome.htm" "Mozilla/4.0 (compatible; MSIE 6.0; Windows NT 5.1; SV1; GTB5; Mozilla/4.0 (compatible; MSIE 6.0; Windows NT 5.1; SV1) ; .NET CLR 2.0.50727; .NET CLR 1.1.4322; .NET CLR 3.0.04506.648; .NET CLR 3.5.21022; InfoPath.1; .NET CLR 3.0.4506.2152; .NET CLR 3.5.30729)"
193.92.148.194 - - [16/Apr/2009:07:31:24 -0400] "GET /Asterisk/SeUpAsteriskAtHome_files/image017.jpg HTTP/1.0" 200 30515 "http://www.chayden.net/Asterisk/SeUpAsteriskAtHome.htm" "Mozilla/4.0 (compatible; MSIE 6.0; Windows NT 5.1; SV1; GTB5; Mozilla/4.0 (compatible; MSIE 6.0; Windows NT 5.1; SV1) ; .NET CLR 2.0.50727; .NET CLR 1.1.4322; .NET CLR 3.0.04506.648; .NET CLR 3.5.21022; InfoPath.1; .NET CLR 3.0.4506.2152; .NET CLR 3.5.30729)"
193.92.148.195 - - [16/Apr/2009:07:31:25 -0400] "GET /Asterisk/SeUpAsteriskAtHome_files/image018.png HTTP/1.0" 200 19123 "-" "Mozilla/4.0 (compatible; MSIE 6.0; Windows NT 5.1; SV1; GTB5; Mozilla/4.0 (compatible; MSIE 6.0; Windows NT 5.1; SV1) ; .NET CLR 2.0.50727; .NET CLR 1.1.4322; .NET CLR 3.0.04506.648; .NET CLR 3.5.21022; InfoPath.1; .NET CLR 3.0.4506.2152; .NET CLR 3.5.30729)"
193.92.180.19 - - [16/Apr/2009:07:31:25 -0400] "GET /Asterisk/SeUpAsteriskAtHome_files/image019.jpg HTTP/1.0" 200 39902 "http://www.chayden.net/Asterisk/SeUpAsteriskAtHome.htm" "Mozilla/4.0 (compatible; MSIE 6.0; Windows NT 5.1; SV1; GTB5; Mozilla/4.0 (compatible; MSIE 6.0; Windows NT 5.1; SV1) ; .NET CLR 2.0.50727; .NET CLR 1.1.4322; .NET CLR 3.0.04506.648; .NET CLR 3.5.21022; InfoPath.1; .NET CLR 3.0.4506.2152; .NET CLR 3.5.30729)"
193.92.180.19 - - [16/Apr/2009:07:31:25 -0400] "GET /Asterisk/SeUpAsteriskAtHome_files/image020.gif HTTP/1.0" 200 49946 "-" "Mozilla/4.0 (compatible; MSIE 6.0; Windows NT 5.1; SV1; GTB5; Mozilla/4.0 (compatible; MSIE 6.0; Windows NT 5.1; SV1) ; .NET CLR 2.0.50727; .NET CLR 1.1.4322; .NET CLR 3.0.04506.648; .NET CLR 3.5.21022; InfoPath.1; .NET CLR 3.0.4506.2152; .NET CLR 3.5.30729)"
193.92.180.20 - - [16/Apr/2009:07:31:26 -0400] "GET /Asterisk/SeUpAsteriskAtHome_files/image021.png HTTP/1.0" 200 18492 "-" "Mozilla/4.0 (compatible; MSIE 6.0; Windows NT 5.1; SV1; GTB5; Mozilla/4.0 (compatible; MSIE 6.0; Windows NT 5.1; SV1) ; .NET CLR 2.0.50727; .NET CLR 1.1.4322; .NET CLR 3.0.04506.648; .NET CLR 3.5.21022; InfoPath.1; .NET CLR 3.0.4506.2152; .NET CLR 3.5.30729)"
193.92.180.20 - - [16/Apr/2009:07:31:25 -0400] "GET /Asterisk/SeUpAsteriskAtHome_files/image020.gif HTTP/1.0" 200 49946 "http://www.chayden.net/Asterisk/SeUpAsteriskAtHome.htm" "Mozilla/4.0 (compatible; MSIE 6.0; Windows NT 5.1; SV1; GTB5; Mozilla/4.0 (compatible; MSIE 6.0; Windows NT 5.1; SV1) ; .NET CLR 2.0.50727; .NET CLR 1.1.4322; .NET CLR 3.0.04506.648; .NET CLR 3.5.21022; InfoPath.1; .NET CLR 3.0.4506.2152; .NET CLR 3.5.30729)"
193.92.180.20 - - [16/Apr/2009:07:31:26 -0400] "GET /Asterisk/SeUpAsteriskAtHome_files/image022.jpg HTTP/1.0" 200 34633 "http://www.chayden.net/Asterisk/SeUpAsteriskAtHome.htm" "Mozilla/4.0 (compatible; MSIE 6.0; Windows NT 5.1; SV1; GTB5; Mozilla/4.0 (compatible; MSIE 6.0; Windows NT 5.1; SV1) ; .NET CLR 2.0.50727; .NET CLR 1.1.4322; .NET CLR 3.0.04506.648; .NET CLR 3.5.21022; InfoPath.1; .NET CLR 3.0.4506.2152; .NET CLR 3.5.30729)"
193.92.148.195 - - [16/Apr/2009:07:31:26 -0400] "GET /Asterisk/SeUpAsteriskAtHome_files/image024.jpg HTTP/1.0" 200 31330 "http://www.chayden.net/Asterisk/SeUpAsteriskAtHome.htm" "Mozilla/4.0 (compatible; MSIE 6.0; Windows NT 5.1; SV1; GTB5; Mozilla/4.0 (compatible; MSIE 6.0; Windows NT 5.1; SV1) ; .NET CLR 2.0.50727; .NET CLR 1.1.4322; .NET CLR 3.0.04506.648; .NET CLR 3.5.21022; InfoPath.1; .NET CLR 3.0.4506.2152; .NET CLR 3.5.30729)"
193.92.148.195 - - [16/Apr/2009:07:31:26 -0400] "GET /Asterisk/SeUpAsteriskAtHome_files/image023.png HTTP/1.0" 200 17704 "-" "Mozilla/4.0 (compatible; MSIE 6.0; Windows NT 5.1; SV1; GTB5; Mozilla/4.0 (compatible; MSIE 6.0; Windows NT 5.1; SV1) ; .NET CLR 2.0.50727; .NET CLR 1.1.4322; .NET CLR 3.0.04506.648; .NET CLR 3.5.21022; InfoPath.1; .NET CLR 3.0.4506.2152; .NET CLR 3.5.30729)"
193.92.148.194 - - [16/Apr/2009:07:31:26 -0400] "GET /Asterisk/SeUpAsteriskAtHome_files/image025.png HTTP/1.0" 200 19921 "-" "Mozilla/4.0 (compatible; MSIE 6.0; Windows NT 5.1; SV1; GTB5; Mozilla/4.0 (compatible; MSIE 6.0; Windows NT 5.1; SV1) ; .NET CLR 2.0.50727; .NET CLR 1.1.4322; .NET CLR 3.0.04506.648; .NET CLR 3.5.21022; InfoPath.1; .NET CLR 3.0.4506.2152; .NET CLR 3.5.30729)"
193.92.148.194 - - [16/Apr/2009:07:31:27 -0400] "GET /Asterisk/SeUpAsteriskAtHome_files/image027.jpg HTTP/1.0" 200 8509 "-" "Mozilla/4.0 (compatible; MSIE 6.0; Windows NT 5.1; SV1; GTB5; Mozilla/4.0 (compatible; MSIE 6.0; Windows NT 5.1; SV1) ; .NET CLR 2.0.50727; .NET CLR 1.1.4322; .NET CLR 3.0.04506.648; .NET CLR 3.5.21022; InfoPath.1; .NET CLR 3.0.4506.2152; .NET CLR 3.5.30729)"
193.92.148.194 - - [16/Apr/2009:07:31:27 -0400] "GET /Asterisk/SeUpAsteriskAtHome_files/image027.jpg HTTP/1.0" 200 8509 "http://www.chayden.net/Asterisk/SeUpAsteriskAtHome.htm" "Mozilla/4.0 (compatible; MSIE 6.0; Windows NT 5.1; SV1; GTB5; Mozilla/4.0 (compatible; MSIE 6.0; Windows NT 5.1; SV1) ; .NET CLR 2.0.50727; .NET CLR 1.1.4322; .NET CLR 3.0.04506.648; .NET CLR 3.5.21022; InfoPath.1; .NET CLR 3.0.4506.2152; .NET CLR 3.5.30729)"
193.92.148.194 - - [16/Apr/2009:07:31:27 -0400] "GET /Asterisk/SeUpAsteriskAtHome_files/image026.jpg HTTP/1.0" 200 37910 "http://www.chayden.net/Asterisk/SeUpAsteriskAtHome.htm" "Mozilla/4.0 (compatible; MSIE 6.0; Windows NT 5.1; SV1; GTB5; Mozilla/4.0 (compatible; MSIE 6.0; Windows NT 5.1; SV1) ; .NET CLR 2.0.50727; .NET CLR 1.1.4322; .NET CLR 3.0.04506.648; .NET CLR 3.5.21022; InfoPath.1; .NET CLR 3.0.4506.2152; .NET CLR 3.5.30729)"
193.92.148.194 - - [16/Apr/2009:07:31:28 -0400] "GET /Asterisk/SeUpAsteriskAtHome_files/image029.jpg HTTP/1.0" 200 43404 "http://www.chayden.net/Asterisk/SeUpAsteriskAtHome.htm" "Mozilla/4.0 (compatible; MSIE 6.0; Windows NT 5.1; SV1; GTB5; Mozilla/4.0 (compatible; MSIE 6.0; Windows NT 5.1; SV1) ; .NET CLR 2.0.50727; .NET CLR 1.1.4322; .NET CLR 3.0.04506.648; .NET CLR 3.5.21022; InfoPath.1; .NET CLR 3.0.4506.2152; .NET CLR 3.5.30729)"
193.92.148.194 - - [16/Apr/2009:07:31:27 -0400] "GET /Asterisk/SeUpAsteriskAtHome_files/image028.jpg HTTP/1.0" 200 139428 "-" "Mozilla/4.0 (compatible; MSIE 6.0; Windows NT 5.1; SV1; GTB5; Mozilla/4.0 (compatible; MSIE 6.0; Windows NT 5.1; SV1) ; .NET CLR 2.0.50727; .NET CLR 1.1.4322; .NET CLR 3.0.04506.648; .NET CLR 3.5.21022; InfoPath.1; .NET CLR 3.0.4506.2152; .NET CLR 3.5.30729)"
193.92.180.20 - - [16/Apr/2009:07:31:28 -0400] "GET /Asterisk/SeUpAsteriskAtHome_files/image030.jpg HTTP/1.0" 200 77949 "-" "Mozilla/4.0 (compatible; MSIE 6.0; Windows NT 5.1; SV1; GTB5; Mozilla/4.0 (compatible; MSIE 6.0; Windows NT 5.1; SV1) ; .NET CLR 2.0.50727; .NET CLR 1.1.4322; .NET CLR 3.0.04506.648; .NET CLR 3.5.21022; InfoPath.1; .NET CLR 3.0.4506.2152; .NET CLR 3.5.30729)"
193.92.148.194 - - [16/Apr/2009:07:31:28 -0400] "GET /Asterisk/SeUpAsteriskAtHome_files/image031.jpg HTTP/1.0" 200 30259 "http://www.chayden.net/Asterisk/SeUpAsteriskAtHome.htm" "Mozilla/4.0 (compatible; MSIE 6.0; Windows NT 5.1; SV1; GTB5; Mozilla/4.0 (compatible; MSIE 6.0; Windows NT 5.1; SV1) ; .NET CLR 2.0.50727; .NET CLR 1.1.4322; .NET CLR 3.0.04506.648; .NET CLR 3.5.21022; InfoPath.1; .NET CLR 3.0.4506.2152; .NET CLR 3.5.30729)"
193.92.148.194 - - [16/Apr/2009:07:31:29 -0400] "GET /Asterisk/SeUpAsteriskAtHome_files/image034.jpg HTTP/1.0" 200 5270 "-" "Mozilla/4.0 (compatible; MSIE 6.0; Windows NT 5.1; SV1; GTB5; Mozilla/4.0 (compatible; MSIE 6.0; Windows NT 5.1; SV1) ; .NET CLR 2.0.50727; .NET CLR 1.1.4322; .NET CLR 3.0.04506.648; .NET CLR 3.5.21022; InfoPath.1; .NET CLR 3.0.4506.2152; .NET CLR 3.5.30729)"
193.92.148.194 - - [16/Apr/2009:07:31:29 -0400] "GET /Asterisk/SeUpAsteriskAtHome_files/image035.jpg HTTP/1.0" 200 2759 "http://www.chayden.net/Asterisk/SeUpAsteriskAtHome.htm" "Mozilla/4.0 (compatible; MSIE 6.0; Windows NT 5.1; SV1; GTB5; Mozilla/4.0 (compatible; MSIE 6.0; Windows NT 5.1; SV1) ; .NET CLR 2.0.50727; .NET CLR 1.1.4322; .NET CLR 3.0.04506.648; .NET CLR 3.5.21022; InfoPath.1; .NET CLR 3.0.4506.2152; .NET CLR 3.5.30729)"
193.92.148.194 - - [16/Apr/2009:07:31:29 -0400] "GET /Asterisk/SeUpAsteriskAtHome_files/image033.jpg HTTP/1.0" 200 30788 "http://www.chayden.net/Asterisk/SeUpAsteriskAtHome.htm" "Mozilla/4.0 (compatible; MSIE 6.0; Windows NT 5.1; SV1; GTB5; Mozilla/4.0 (compatible; MSIE 6.0; Windows NT 5.1; SV1) ; .NET CLR 2.0.50727; .NET CLR 1.1.4322; .NET CLR 3.0.04506.648; .NET CLR 3.5.21022; InfoPath.1; .NET CLR 3.0.4506.2152; .NET CLR 3.5.30729)"
193.92.148.194 - - [16/Apr/2009:07:31:29 -0400] "GET /Asterisk/SeUpAsteriskAtHome_files/image032.jpg HTTP/1.0" 200 81539 "-" "Mozilla/4.0 (compatible; MSIE 6.0; Windows NT 5.1; SV1; GTB5; Mozilla/4.0 (compatible; MSIE 6.0; Windows NT 5.1; SV1) ; .NET CLR 2.0.50727; .NET CLR 1.1.4322; .NET CLR 3.0.04506.648; .NET CLR 3.5.21022; InfoPath.1; .NET CLR 3.0.4506.2152; .NET CLR 3.5.30729)"
193.92.148.195 - - [16/Apr/2009:07:31:30 -0400] "GET /Asterisk/SeUpAsteriskAtHome_files/image038.jpg HTTP/1.0" 200 7171 "-" "Mozilla/4.0 (compatible; MSIE 6.0; Windows NT 5.1; SV1; GTB5; Mozilla/4.0 (compatible; MSIE 6.0; Windows NT 5.1; SV1) ; .NET CLR 2.0.50727; .NET CLR 1.1.4322; .NET CLR 3.0.04506.648; .NET CLR 3.5.21022; InfoPath.1; .NET CLR 3.0.4506.2152; .NET CLR 3.5.30729)"
193.92.148.195 - - [16/Apr/2009:07:31:30 -0400] "GET /Asterisk/SeUpAsteriskAtHome_files/image036.png HTTP/1.0" 200 24757 "-" "Mozilla/4.0 (compatible; MSIE 6.0; Windows NT 5.1; SV1; GTB5; Mozilla/4.0 (compatible; MSIE 6.0; Windows NT 5.1; SV1) ; .NET CLR 2.0.50727; .NET CLR 1.1.4322; .NET CLR 3.0.04506.648; .NET CLR 3.5.21022; InfoPath.1; .NET CLR 3.0.4506.2152; .NET CLR 3.5.30729)"
193.92.180.19 - - [16/Apr/2009:07:31:30 -0400] "GET /Asterisk/SeUpAsteriskAtHome_files/image039.jpg HTTP/1.0" 200 1921 "http://www.chayden.net/Asterisk/SeUpAsteriskAtHome.htm" "Mozilla/4.0 (compatible; MSIE 6.0; Windows NT 5.1; SV1; GTB5; Mozilla/4.0 (compatible; MSIE 6.0; Windows NT 5.1; SV1) ; .NET CLR 2.0.50727; .NET CLR 1.1.4322; .NET CLR 3.0.04506.648; .NET CLR 3.5.21022; InfoPath.1; .NET CLR 3.0.4506.2152; .NET CLR 3.5.30729)"
193.92.148.194 - - [16/Apr/2009:07:31:30 -0400] "GET /Asterisk/SeUpAsteriskAtHome_files/image037.jpg HTTP/1.0" 200 42221 "http://www.chayden.net/Asterisk/SeUpAsteriskAtHome.htm" "Mozilla/4.0 (compatible; MSIE 6.0; Windows NT 5.1; SV1; GTB5; Mozilla/4.0 (compatible; MSIE 6.0; Windows NT 5.1; SV1) ; .NET CLR 2.0.50727; .NET CLR 1.1.4322; .NET CLR 3.0.04506.648; .NET CLR 3.5.21022; InfoPath.1; .NET CLR 3.0.4506.2152; .NET CLR 3.5.30729)"
193.92.148.195 - - [16/Apr/2009:07:31:31 -0400] "GET /Asterisk/SeUpAsteriskAtHome_files/image044.jpg HTTP/1.0" 200 6079 "-" "Mozilla/4.0 (compatible; MSIE 6.0; Windows NT 5.1; SV1; GTB5; Mozilla/4.0 (compatible; MSIE 6.0; Windows NT 5.1; SV1) ; .NET CLR 2.0.50727; .NET CLR 1.1.4322; .NET CLR 3.0.04506.648; .NET CLR 3.5.21022; InfoPath.1; .NET CLR 3.0.4506.2152; .NET CLR 3.5.30729)"
193.92.148.194 - - [16/Apr/2009:07:31:31 -0400] "GET /Asterisk/SeUpAsteriskAtHome_files/image041.jpg HTTP/1.0" 200 26765 "http://www.chayden.net/Asterisk/SeUpAsteriskAtHome.htm" "Mozilla/4.0 (compatible; MSIE 6.0; Windows NT 5.1; SV1; GTB5; Mozilla/4.0 (compatible; MSIE 6.0; Windows NT 5.1; SV1) ; .NET CLR 2.0.50727; .NET CLR 1.1.4322; .NET CLR 3.0.04506.648; .NET CLR 3.5.21022; InfoPath.1; .NET CLR 3.0.4506.2152; .NET CLR 3.5.30729)"
193.92.180.20 - - [16/Apr/2009:07:31:31 -0400] "GET /Asterisk/SeUpAsteriskAtHome_files/image040.jpg HTTP/1.0" 200 75744 "-" "Mozilla/4.0 (compatible; MSIE 6.0; Windows NT 5.1; SV1; GTB5; Mozilla/4.0 (compatible; MSIE 6.0; Windows NT 5.1; SV1) ; .NET CLR 2.0.50727; .NET CLR 1.1.4322; .NET CLR 3.0.04506.648; .NET CLR 3.5.21022; InfoPath.1; .NET CLR 3.0.4506.2152; .NET CLR 3.5.30729)"
193.92.148.194 - - [16/Apr/2009:07:31:31 -0400] "GET /Asterisk/SeUpAsteriskAtHome_files/image042.jpg HTTP/1.0" 200 62576 "-" "Mozilla/4.0 (compatible; MSIE 6.0; Windows NT 5.1; SV1; GTB5; Mozilla/4.0 (compatible; MSIE 6.0; Windows NT 5.1; SV1) ; .NET CLR 2.0.50727; .NET CLR 1.1.4322; .NET CLR 3.0.04506.648; .NET CLR 3.5.21022; InfoPath.1; .NET CLR 3.0.4506.2152; .NET CLR 3.5.30729)"
193.92.180.20 - - [16/Apr/2009:07:31:32 -0400] "GET /Asterisk/SeUpAsteriskAtHome_files/image043.jpg HTTP/1.0" 200 22658 "http://www.chayden.net/Asterisk/SeUpAsteriskAtHome.htm" "Mozilla/4.0 (compatible; MSIE 6.0; Windows NT 5.1; SV1; GTB5; Mozilla/4.0 (compatible; MSIE 6.0; Windows NT 5.1; SV1) ; .NET CLR 2.0.50727; .NET CLR 1.1.4322; .NET CLR 3.0.04506.648; .NET CLR 3.5.21022; InfoPath.1; .NET CLR 3.0.4506.2152; .NET CLR 3.5.30729)"
193.92.180.19 - - [16/Apr/2009:07:31:32 -0400] "GET /Asterisk/SeUpAsteriskAtHome_files/image045.png HTTP/1.0" 200 24347 "-" "Mozilla/4.0 (compatible; MSIE 6.0; Windows NT 5.1; SV1; GTB5; Mozilla/4.0 (compatible; MSIE 6.0; Windows NT 5.1; SV1) ; .NET CLR 2.0.50727; .NET CLR 1.1.4322; .NET CLR 3.0.04506.648; .NET CLR 3.5.21022; InfoPath.1; .NET CLR 3.0.4506.2152; .NET CLR 3.5.30729)"
193.92.148.195 - - [16/Apr/2009:07:31:32 -0400] "GET /Asterisk/SeUpAsteriskAtHome_files/image046.jpg HTTP/1.0" 200 35168 "http://www.chayden.net/Asterisk/SeUpAsteriskAtHome.htm" "Mozilla/4.0 (compatible; MSIE 6.0; Windows NT 5.1; SV1; GTB5; Mozilla/4.0 (compatible; MSIE 6.0; Windows NT 5.1; SV1) ; .NET CLR 2.0.50727; .NET CLR 1.1.4322; .NET CLR 3.0.04506.648; .NET CLR 3.5.21022; InfoPath.1; .NET CLR 3.0.4506.2152; .NET CLR 3.5.30729)"
124.5.198.64 - - [16/Apr/2009:07:32:46 -0400] "GET /Asterisk/favicon.ico HTTP/1.1" 404 297 "-" "Mozilla/4.0 (compatible; GoogleToolbar 5.0.2124.6042; Windows XP 5.1; MSIE 6.0.2900.2180)"
124.5.198.64 - - [16/Apr/2009:07:32:46 -0400] "GET /Asterisk/favicon.gif HTTP/1.1" 404 297 "-" "Mozilla/4.0 (compatible; GoogleToolbar 5.0.2124.6042; Windows XP 5.1; MSIE 6.0.2900.2180)"
41.222.70.202 - - [16/Apr/2009:07:34:23 -0400] "GET /Asterisk/SeUpAsteriskAtHome.htm HTTP/1.0" 200 178181 "http://www.google.com/search?q=requirements+to+setup+ip+pbx&btnG=Search&hl=en&sa=2" "Mozilla/5.0 (Windows; U; Windows NT 5.1; en-US; rv:1.9.1b3) Gecko/20090305 Firefox/3.1b3"
81.21.74.141 - - [16/Apr/2009:07:36:11 -0400] "GET //index.php?_REQUEST=&_REQUEST[option]=com_content&_REQUEST[Itemid]=1&GLOBALS=&mosConfig_absolute_path=http://cityhobo.com/images/.cnn?? HTTP/1.1" 404 291 "-" "libwww-perl/5.803"
71.155.228.223 - - [16/Apr/2009:07:37:18 -0400] "GET /Asterisk/favicon.ico HTTP/1.1" 404 301 "-" "Mozilla/4.0 (compatible; GoogleToolbar 5.0.2124.6042; Windows 6.0; MSIE 7.0.6000.16809)"
71.155.228.223 - - [16/Apr/2009:07:37:18 -0400] "GET /Asterisk/favicon.gif HTTP/1.1" 404 301 "-" "Mozilla/4.0 (compatible; GoogleToolbar 5.0.2124.6042; Windows 6.0; MSIE 7.0.6000.16809)"
72.84.190.194 - - [16/Apr/2009:07:39:15 -0400] "GET /Asterisk/favicon.ico HTTP/1.1" 404 297 "-" "Mozilla/4.0 (compatible; GoogleToolbar 5.0.2124.6042; Windows XP 5.1; MSIE 7.0.5730.11)"
72.84.190.194 - - [16/Apr/2009:07:39:15 -0400] "GET /Asterisk/favicon.gif HTTP/1.1" 404 297 "-" "Mozilla/4.0 (compatible; GoogleToolbar 5.0.2124.6042; Windows XP 5.1; MSIE 7.0.5730.11)"
74.6.22.107 - - [16/Apr/2009:07:39:29 -0400] "GET /robots.txt HTTP/1.0" 404 291 "-" "Mozilla/5.0 (compatible; Yahoo! Slurp; http://help.yahoo.com/help/us/ysearch/slurp)"
74.6.22.107 - - [16/Apr/2009:07:39:30 -0400] "GET /eliza/Eliza/Decomp.java HTTP/1.0" 200 1777 "-" "Mozilla/5.0 (compatible; Yahoo! Slurp/3.0; http://help.yahoo.com/help/us/ysearch/slurp)"
65.40.115.30 - - [16/Apr/2009:07:40:28 -0400] "HEAD /favicon.ico HTTP/1.1" 404 - "-" "Mozilla/5.0 (Windows; U; Windows NT 5.1; en-US; rv:1.9.0.8) Gecko/2009032609 Firefox/3.0.8"
88.191.88.79 - - [16/Apr/2009:07:41:35 -0400] "GET /CVistaTutorial/CVisTutorial.html HTTP/1.0" 200 8668 "http://chayden.net/" "Mozilla/4.0 (compatible; MSIE 6.0; Windows NT 5.1)"
41.222.70.202 - - [16/Apr/2009:07:42:55 -0400] "GET /Asterisk/SeUpAsteriskAtHome_files/image001.gif HTTP/1.0" 200 2324 "http://www.chayden.net/Asterisk/SeUpAsteriskAtHome.htm" "Mozilla/5.0 (Windows; U; Windows NT 5.1; en-US; rv:1.9.1b3) Gecko/20090305 Firefox/3.1b3"
41.222.70.202 - - [16/Apr/2009:07:44:15 -0400] "GET /Asterisk/SeUpAsteriskAtHome_files/image003.jpg HTTP/1.0" 200 5132 "http://www.chayden.net/Asterisk/SeUpAsteriskAtHome.htm" "Mozilla/5.0 (Windows; U; Windows NT 5.1; en-US; rv:1.9.1b3) Gecko/20090305 Firefox/3.1b3"
80.56.160.185 - - [16/Apr/2009:07:44:16 -0400] "GET /Asterisk/favicon.ico HTTP/1.1" 404 297 "-" "Mozilla/4.0 (compatible; GoogleToolbar 5.0.2124.6042; Windows XP 5.1; MSIE 7.0.5730.13)"
80.56.160.185 - - [16/Apr/2009:07:44:16 -0400] "GET /Asterisk/favicon.gif HTTP/1.1" 404 297 "-" "Mozilla/4.0 (compatible; GoogleToolbar 5.0.2124.6042; Windows XP 5.1; MSIE 7.0.5730.13)"
41.222.70.202 - - [16/Apr/2009:07:44:18 -0400] "GET /Asterisk/SeUpAsteriskAtHome_files/image004.gif HTTP/1.0" 200 6404 "http://www.chayden.net/Asterisk/SeUpAsteriskAtHome.htm" "Mozilla/5.0 (Windows; U; Windows NT 5.1; en-US; rv:1.9.1b3) Gecko/20090305 Firefox/3.1b3"
41.222.70.202 - - [16/Apr/2009:07:44:24 -0400] "GET /Asterisk/SeUpAsteriskAtHome_files/image005.gif HTTP/1.0" 200 4365 "http://www.chayden.net/Asterisk/SeUpAsteriskAtHome.htm" "Mozilla/5.0 (Windows; U; Windows NT 5.1; en-US; rv:1.9.1b3) Gecko/20090305 Firefox/3.1b3"
41.222.70.202 - - [16/Apr/2009:07:44:24 -0400] "GET /Asterisk/SeUpAsteriskAtHome_files/image006.gif HTTP/1.0" 200 33832 "http://www.chayden.net/Asterisk/SeUpAsteriskAtHome.htm" "Mozilla/5.0 (Windows; U; Windows NT 5.1; en-US; rv:1.9.1b3) Gecko/20090305 Firefox/3.1b3"
41.222.70.202 - - [16/Apr/2009:07:44:29 -0400] "GET /Asterisk/SeUpAsteriskAtHome_files/image007.gif HTTP/1.0" 200 5284 "http://www.chayden.net/Asterisk/SeUpAsteriskAtHome.htm" "Mozilla/5.0 (Windows; U; Windows NT 5.1; en-US; rv:1.9.1b3) Gecko/20090305 Firefox/3.1b3"
41.222.70.202 - - [16/Apr/2009:07:44:33 -0400] "GET /Asterisk/SeUpAsteriskAtHome_files/image011.jpg HTTP/1.0" 200 13078 "http://www.chayden.net/Asterisk/SeUpAsteriskAtHome.htm" "Mozilla/5.0 (Windows; U; Windows NT 5.1; en-US; rv:1.9.1b3) Gecko/20090305 Firefox/3.1b3"
41.222.70.202 - - [16/Apr/2009:07:44:33 -0400] "GET /Asterisk/SeUpAsteriskAtHome_files/image009.jpg HTTP/1.0" 200 14238 "http://www.chayden.net/Asterisk/SeUpAsteriskAtHome.htm" "Mozilla/5.0 (Windows; U; Windows NT 5.1; en-US; rv:1.9.1b3) Gecko/20090305 Firefox/3.1b3"
41.222.70.202 - - [16/Apr/2009:07:44:33 -0400] "GET /Asterisk/SeUpAsteriskAtHome_files/image013.jpg HTTP/1.0" 200 21296 "http://www.chayden.net/Asterisk/SeUpAsteriskAtHome.htm" "Mozilla/5.0 (Windows; U; Windows NT 5.1; en-US; rv:1.9.1b3) Gecko/20090305 Firefox/3.1b3"
41.222.70.202 - - [16/Apr/2009:07:44:33 -0400] "GET /Asterisk/SeUpAsteriskAtHome_files/image015.jpg HTTP/1.0" 200 47335 "http://www.chayden.net/Asterisk/SeUpAsteriskAtHome.htm" "Mozilla/5.0 (Windows; U; Windows NT 5.1; en-US; rv:1.9.1b3) Gecko/20090305 Firefox/3.1b3"
199.203.176.66 - - [16/Apr/2009:07:44:50 -0400] "GET /Asterisk/favicon.ico HTTP/1.1" 404 297 "-" "Mozilla/4.0 (compatible; GoogleToolbar 5.0.2124.6042; Windows XP 5.1; MSIE 7.0.5730.13)"
41.222.70.202 - - [16/Apr/2009:07:44:49 -0400] "GET /Asterisk/SeUpAsteriskAtHome_files/image017.jpg HTTP/1.0" 200 30515 "http://www.chayden.net/Asterisk/SeUpAsteriskAtHome.htm" "Mozilla/5.0 (Windows; U; Windows NT 5.1; en-US; rv:1.9.1b3) Gecko/20090305 Firefox/3.1b3"
199.203.176.66 - - [16/Apr/2009:07:44:50 -0400] "GET /Asterisk/favicon.gif HTTP/1.1" 404 297 "-" "Mozilla/4.0 (compatible; GoogleToolbar 5.0.2124.6042; Windows XP 5.1; MSIE 7.0.5730.13)"
41.222.70.202 - - [16/Apr/2009:07:44:50 -0400] "GET /Asterisk/SeUpAsteriskAtHome_files/image019.jpg HTTP/1.0" 200 39902 "http://www.chayden.net/Asterisk/SeUpAsteriskAtHome.htm" "Mozilla/5.0 (Windows; U; Windows NT 5.1; en-US; rv:1.9.1b3) Gecko/20090305 Firefox/3.1b3"
80.56.160.185 - - [16/Apr/2009:07:44:54 -0400] "GET /Asterisk/favicon.ico HTTP/1.1" 404 297 "-" "Mozilla/4.0 (compatible; GoogleToolbar 5.0.2124.6042; Windows XP 5.1; MSIE 7.0.5730.13)"
80.56.160.185 - - [16/Apr/2009:07:44:55 -0400] "GET /Asterisk/favicon.gif HTTP/1.1" 404 297 "-" "Mozilla/4.0 (compatible; GoogleToolbar 5.0.2124.6042; Windows XP 5.1; MSIE 7.0.5730.13)"
41.222.70.202 - - [16/Apr/2009:07:44:59 -0400] "GET /Asterisk/SeUpAsteriskAtHome_files/image020.gif HTTP/1.0" 200 49946 "http://www.chayden.net/Asterisk/SeUpAsteriskAtHome.htm" "Mozilla/5.0 (Windows; U; Windows NT 5.1; en-US; rv:1.9.1b3) Gecko/20090305 Firefox/3.1b3"
41.222.70.202 - - [16/Apr/2009:07:45:06 -0400] "GET /Asterisk/SeUpAsteriskAtHome_files/image022.jpg HTTP/1.0" 200 34633 "http://www.chayden.net/Asterisk/SeUpAsteriskAtHome.htm" "Mozilla/5.0 (Windows; U; Windows NT 5.1; en-US; rv:1.9.1b3) Gecko/20090305 Firefox/3.1b3"
41.222.70.202 - - [16/Apr/2009:07:45:13 -0400] "GET /Asterisk/SeUpAsteriskAtHome_files/image024.jpg HTTP/1.0" 200 31330 "http://www.chayden.net/Asterisk/SeUpAsteriskAtHome.htm" "Mozilla/5.0 (Windows; U; Windows NT 5.1; en-US; rv:1.9.1b3) Gecko/20090305 Firefox/3.1b3"
72.84.190.194 - - [16/Apr/2009:07:45:17 -0400] "GET /Asterisk/favicon.ico HTTP/1.1" 404 297 "-" "Mozilla/4.0 (compatible; GoogleToolbar 5.0.2124.6042; Windows XP 5.1; MSIE 7.0.5730.11)"
72.84.190.194 - - [16/Apr/2009:07:45:17 -0400] "GET /Asterisk/favicon.gif HTTP/1.1" 404 297 "-" "Mozilla/4.0 (compatible; GoogleToolbar 5.0.2124.6042; Windows XP 5.1; MSIE 7.0.5730.11)"
74.6.8.116 - - [16/Apr/2009:07:46:19 -0400] "GET /Catskills/NorthDomeSherrill07/index.html HTTP/1.0" 200 5085 "-" "Mozilla/5.0 (compatible; Yahoo! Slurp/3.0; http://help.yahoo.com/help/us/ysearch/slurp)"
41.222.70.202 - - [16/Apr/2009:07:46:35 -0400] "GET /Asterisk/SeUpAsteriskAtHome_files/image026.jpg HTTP/1.0" 200 37910 "http://www.chayden.net/Asterisk/SeUpAsteriskAtHome.htm" "Mozilla/5.0 (Windows; U; Windows NT 5.1; en-US; rv:1.9.1b3) Gecko/20090305 Firefox/3.1b3"
74.6.22.107 - - [16/Apr/2009:07:47:16 -0400] "GET /Asterisk/SeUpAsteriskAtHome_files/filelist.xml HTTP/1.0" 200 1567 "-" "Mozilla/5.0 (compatible; Yahoo! Slurp/3.0; http://help.yahoo.com/help/us/ysearch/slurp)"
72.84.190.194 - - [16/Apr/2009:07:47:20 -0400] "GET /Asterisk/favicon.ico HTTP/1.1" 404 297 "-" "Mozilla/4.0 (compatible; GoogleToolbar 5.0.2124.6042; Windows XP 5.1; MSIE 7.0.5730.11)"
72.84.190.194 - - [16/Apr/2009:07:47:20 -0400] "GET /Asterisk/favicon.gif HTTP/1.1" 404 297 "-" "Mozilla/4.0 (compatible; GoogleToolbar 5.0.2124.6042; Windows XP 5.1; MSIE 7.0.5730.11)"
119.152.72.251 - - [16/Apr/2009:07:48:57 -0400] "GET /Asterisk/SeUpAsteriskAtHome_files/image001.gif HTTP/1.1" 200 2324 "http://www.chayden.net/Asterisk/SeUpAsteriskAtHome.htm" "Mozilla/5.0 (Windows; U; Windows NT 5.1; en-US; rv:1.9.0.8) Gecko/2009032609 Firefox/3.0.8"
119.152.72.251 - - [16/Apr/2009:07:48:57 -0400] "GET /Asterisk/SeUpAsteriskAtHome_files/image004.gif HTTP/1.1" 200 6404 "http://www.chayden.net/Asterisk/SeUpAsteriskAtHome.htm" "Mozilla/5.0 (Windows; U; Windows NT 5.1; en-US; rv:1.9.0.8) Gecko/2009032609 Firefox/3.0.8"
119.152.72.251 - - [16/Apr/2009:07:48:57 -0400] "GET /Asterisk/SeUpAsteriskAtHome_files/image003.jpg HTTP/1.1" 200 5132 "http://www.chayden.net/Asterisk/SeUpAsteriskAtHome.htm" "Mozilla/5.0 (Windows; U; Windows NT 5.1; en-US; rv:1.9.0.8) Gecko/2009032609 Firefox/3.0.8"
119.152.72.251 - - [16/Apr/2009:07:48:57 -0400] "GET /Asterisk/SeUpAsteriskAtHome_files/image005.gif HTTP/1.1" 200 4365 "http://www.chayden.net/Asterisk/SeUpAsteriskAtHome.htm" "Mozilla/5.0 (Windows; U; Windows NT 5.1; en-US; rv:1.9.0.8) Gecko/2009032609 Firefox/3.0.8"
119.152.72.251 - - [16/Apr/2009:07:48:57 -0400] "GET /Asterisk/SeUpAsteriskAtHome_files/image007.gif HTTP/1.1" 200 5284 "http://www.chayden.net/Asterisk/SeUpAsteriskAtHome.htm" "Mozilla/5.0 (Windows; U; Windows NT 5.1; en-US; rv:1.9.0.8) Gecko/2009032609 Firefox/3.0.8"
119.152.72.251 - - [16/Apr/2009:07:48:55 -0400] "GET /Asterisk/SeUpAsteriskAtHome.htm HTTP/1.1" 200 178181 "http://www.google.com.pk/search?q=asterisk+as+sip+pbx+&ie=utf-8&oe=utf-8&aq=t&rls=org.mozilla:en-US:official&client=firefox-a" "Mozilla/5.0 (Windows; U; Windows NT 5.1; en-US; rv:1.9.0.8) Gecko/2009032609 Firefox/3.0.8"
119.152.72.251 - - [16/Apr/2009:07:48:58 -0400] "GET /Asterisk/SeUpAsteriskAtHome_files/image027.jpg HTTP/1.1" 200 8509 "http://www.chayden.net/Asterisk/SeUpAsteriskAtHome.htm" "Mozilla/5.0 (Windows; U; Windows NT 5.1; en-US; rv:1.9.0.8) Gecko/2009032609 Firefox/3.0.8"
119.152.72.251 - - [16/Apr/2009:07:48:59 -0400] "GET /Asterisk/SeUpAsteriskAtHome_files/image035.jpg HTTP/1.1" 200 2759 "http://www.chayden.net/Asterisk/SeUpAsteriskAtHome.htm" "Mozilla/5.0 (Windows; U; Windows NT 5.1; en-US; rv:1.9.0.8) Gecko/2009032609 Firefox/3.0.8"
119.152.72.251 - - [16/Apr/2009:07:48:58 -0400] "GET /Asterisk/SeUpAsteriskAtHome_files/image009.jpg HTTP/1.1" 200 14238 "http://www.chayden.net/Asterisk/SeUpAsteriskAtHome.htm" "Mozilla/5.0 (Windows; U; Windows NT 5.1; en-US; rv:1.9.0.8) Gecko/2009032609 Firefox/3.0.8"
119.152.72.251 - - [16/Apr/2009:07:48:57 -0400] "GET /Asterisk/SeUpAsteriskAtHome_files/image006.gif HTTP/1.1" 200 33832 "http://www.chayden.net/Asterisk/SeUpAsteriskAtHome.htm" "Mozilla/5.0 (Windows; U; Windows NT 5.1; en-US; rv:1.9.0.8) Gecko/2009032609 Firefox/3.0.8"
119.152.72.251 - - [16/Apr/2009:07:48:59 -0400] "GET /Asterisk/SeUpAsteriskAtHome_files/image011.jpg HTTP/1.1" 200 13078 "http://www.chayden.net/Asterisk/SeUpAsteriskAtHome.htm" "Mozilla/5.0 (Windows; U; Windows NT 5.1; en-US; rv:1.9.0.8) Gecko/2009032609 Firefox/3.0.8"
119.152.72.251 - - [16/Apr/2009:07:48:59 -0400] "GET /Asterisk/SeUpAsteriskAtHome_files/image031.jpg HTTP/1.1" 200 30259 "http://www.chayden.net/Asterisk/SeUpAsteriskAtHome.htm" "Mozilla/5.0 (Windows; U; Windows NT 5.1; en-US; rv:1.9.0.8) Gecko/2009032609 Firefox/3.0.8"
119.152.72.251 - - [16/Apr/2009:07:48:59 -0400] "GET /Asterisk/SeUpAsteriskAtHome_files/image033.jpg HTTP/1.1" 200 30788 "http://www.chayden.net/Asterisk/SeUpAsteriskAtHome.htm" "Mozilla/5.0 (Windows; U; Windows NT 5.1; en-US; rv:1.9.0.8) Gecko/2009032609 Firefox/3.0.8"
119.152.72.251 - - [16/Apr/2009:07:48:59 -0400] "GET /Asterisk/SeUpAsteriskAtHome_files/image029.jpg HTTP/1.1" 200 43404 "http://www.chayden.net/Asterisk/SeUpAsteriskAtHome.htm" "Mozilla/5.0 (Windows; U; Windows NT 5.1; en-US; rv:1.9.0.8) Gecko/2009032609 Firefox/3.0.8"
119.152.72.251 - - [16/Apr/2009:07:49:00 -0400] "GET /Asterisk/SeUpAsteriskAtHome_files/image013.jpg HTTP/1.1" 200 21296 "http://www.chayden.net/Asterisk/SeUpAsteriskAtHome.htm" "Mozilla/5.0 (Windows; U; Windows NT 5.1; en-US; rv:1.9.0.8) Gecko/2009032609 Firefox/3.0.8"
119.152.72.251 - - [16/Apr/2009:07:49:00 -0400] "GET /Asterisk/SeUpAsteriskAtHome_files/image017.jpg HTTP/1.1" 200 30515 "http://www.chayden.net/Asterisk/SeUpAsteriskAtHome.htm" "Mozilla/5.0 (Windows; U; Windows NT 5.1; en-US; rv:1.9.0.8) Gecko/2009032609 Firefox/3.0.8"
119.152.72.251 - - [16/Apr/2009:07:49:00 -0400] "GET /Asterisk/SeUpAsteriskAtHome_files/image015.jpg HTTP/1.1" 200 47335 "http://www.chayden.net/Asterisk/SeUpAsteriskAtHome.htm" "Mozilla/5.0 (Windows; U; Windows NT 5.1; en-US; rv:1.9.0.8) Gecko/2009032609 Firefox/3.0.8"
119.152.72.251 - - [16/Apr/2009:07:49:02 -0400] "GET /Asterisk/SeUpAsteriskAtHome_files/image039.jpg HTTP/1.1" 200 1921 "http://www.chayden.net/Asterisk/SeUpAsteriskAtHome.htm" "Mozilla/5.0 (Windows; U; Windows NT 5.1; en-US; rv:1.9.0.8) Gecko/2009032609 Firefox/3.0.8"
119.152.72.251 - - [16/Apr/2009:07:49:00 -0400] "GET /Asterisk/SeUpAsteriskAtHome_files/image019.jpg HTTP/1.1" 200 39902 "http://www.chayden.net/Asterisk/SeUpAsteriskAtHome.htm" "Mozilla/5.0 (Windows; U; Windows NT 5.1; en-US; rv:1.9.0.8) Gecko/2009032609 Firefox/3.0.8"
119.152.72.251 - - [16/Apr/2009:07:49:00 -0400] "GET /Asterisk/SeUpAsteriskAtHome_files/image020.gif HTTP/1.1" 200 49946 "http://www.chayden.net/Asterisk/SeUpAsteriskAtHome.htm" "Mozilla/5.0 (Windows; U; Windows NT 5.1; en-US; rv:1.9.0.8) Gecko/2009032609 Firefox/3.0.8"
119.152.72.251 - - [16/Apr/2009:07:49:01 -0400] "GET /Asterisk/SeUpAsteriskAtHome_files/image024.jpg HTTP/1.1" 200 31330 "http://www.chayden.net/Asterisk/SeUpAsteriskAtHome.htm" "Mozilla/5.0 (Windows; U; Windows NT 5.1; en-US; rv:1.9.0.8) Gecko/2009032609 Firefox/3.0.8"
119.152.72.251 - - [16/Apr/2009:07:49:03 -0400] "GET /Asterisk/SeUpAsteriskAtHome_files/image044.jpg HTTP/1.1" 200 6079 "http://www.chayden.net/Asterisk/SeUpAsteriskAtHome.htm" "Mozilla/5.0 (Windows; U; Windows NT 5.1; en-US; rv:1.9.0.8) Gecko/2009032609 Firefox/3.0.8"
119.152.72.251 - - [16/Apr/2009:07:49:01 -0400] "GET /Asterisk/SeUpAsteriskAtHome_files/image022.jpg HTTP/1.1" 200 34633 "http://www.chayden.net/Asterisk/SeUpAsteriskAtHome.htm" "Mozilla/5.0 (Windows; U; Windows NT 5.1; en-US; rv:1.9.0.8) Gecko/2009032609 Firefox/3.0.8"
119.152.72.251 - - [16/Apr/2009:07:49:02 -0400] "GET /Asterisk/SeUpAsteriskAtHome_files/image026.jpg HTTP/1.1" 200 37910 "http://www.chayden.net/Asterisk/SeUpAsteriskAtHome.htm" "Mozilla/5.0 (Windows; U; Windows NT 5.1; en-US; rv:1.9.0.8) Gecko/2009032609 Firefox/3.0.8"
119.152.72.251 - - [16/Apr/2009:07:49:02 -0400] "GET /Asterisk/SeUpAsteriskAtHome_files/image037.jpg HTTP/1.1" 200 42221 "http://www.chayden.net/Asterisk/SeUpAsteriskAtHome.htm" "Mozilla/5.0 (Windows; U; Windows NT 5.1; en-US; rv:1.9.0.8) Gecko/2009032609 Firefox/3.0.8"
119.152.72.251 - - [16/Apr/2009:07:49:03 -0400] "GET /Asterisk/SeUpAsteriskAtHome_files/image041.jpg HTTP/1.1" 200 26765 "http://www.chayden.net/Asterisk/SeUpAsteriskAtHome.htm" "Mozilla/5.0 (Windows; U; Windows NT 5.1; en-US; rv:1.9.0.8) Gecko/2009032609 Firefox/3.0.8"
119.152.72.251 - - [16/Apr/2009:07:49:03 -0400] "GET /Asterisk/SeUpAsteriskAtHome_files/image043.jpg HTTP/1.1" 200 22658 "http://www.chayden.net/Asterisk/SeUpAsteriskAtHome.htm" "Mozilla/5.0 (Windows; U; Windows NT 5.1; en-US; rv:1.9.0.8) Gecko/2009032609 Firefox/3.0.8"
119.152.72.251 - - [16/Apr/2009:07:49:03 -0400] "GET /Asterisk/SeUpAsteriskAtHome_files/image046.jpg HTTP/1.1" 200 35168 "http://www.chayden.net/Asterisk/SeUpAsteriskAtHome.htm" "Mozilla/5.0 (Windows; U; Windows NT 5.1; en-US; rv:1.9.0.8) Gecko/2009032609 Firefox/3.0.8"
119.152.72.251 - - [16/Apr/2009:07:49:06 -0400] "GET /favicon.ico HTTP/1.1" 404 292 "-" "Mozilla/5.0 (Windows; U; Windows NT 5.1; en-US; rv:1.9.0.8) Gecko/2009032609 Firefox/3.0.8"
119.152.72.251 - - [16/Apr/2009:07:49:09 -0400] "GET /favicon.ico HTTP/1.1" 404 292 "-" "Mozilla/5.0 (Windows; U; Windows NT 5.1; en-US; rv:1.9.0.8) Gecko/2009032609 Firefox/3.0.8"
65.40.115.30 - - [16/Apr/2009:07:50:28 -0400] "HEAD /favicon.ico HTTP/1.1" 404 - "-" "Mozilla/5.0 (Windows; U; Windows NT 5.1; en-US; rv:1.9.0.8) Gecko/2009032609 Firefox/3.0.8"
202.150.110.155 - - [16/Apr/2009:07:52:07 -0400] "GET /favicon.ico HTTP/1.1" 404 292 "http://www.chayden.net/Asterisk/SeUpAsteriskAtHome.htm" "Opera/9.50 (Windows NT 6.0; U; en)"
211.196.28.27 - - [16/Apr/2009:07:53:46 -0400] "GET /Runs/Adidas/tree.jpg HTTP/1.1" 200 976780 "http://kwzf.net/" "Mozilla/4.0 (compatible; MSIE 8.0; Windows NT 6.0; Trident/4.0; SLCC1; .NET CLR 2.0.50727; Media Center PC 5.0; InfoPath.2; .NET CLR 3.5.30729; .NET CLR 3.0.30618; .NET CLR 1.1.4322)"
59.93.90.78 - - [16/Apr/2009:07:55:42 -0400] "GET /Asterisk/SeUpAsteriskAtHome.htm HTTP/1.1" 200 178181 "http://www.google.co.in/search?q=asterisk+ip+address&ie=utf-8&oe=utf-8&aq=t&rls=org.mozilla:en-US:official&client=firefox-a" "Mozilla/5.0 (Windows; U; Windows NT 5.1; en-US; rv:1.9.0.8) Gecko/2009032609 Firefox/3.0.8"
65.40.115.30 - - [16/Apr/2009:08:00:32 -0400] "HEAD /favicon.ico HTTP/1.1" 404 - "-" "Mozilla/5.0 (Windows; U; Windows NT 5.1; en-US; rv:1.9.0.8) Gecko/2009032609 Firefox/3.0.8"
72.84.190.194 - - [16/Apr/2009:08:01:57 -0400] "GET /Asterisk/favicon.ico HTTP/1.1" 404 297 "-" "Mozilla/4.0 (compatible; GoogleToolbar 5.0.2124.6042; Windows XP 5.1; MSIE 7.0.5730.11)"
72.84.190.194 - - [16/Apr/2009:08:01:57 -0400] "GET /Asterisk/favicon.gif HTTP/1.1" 404 297 "-" "Mozilla/4.0 (compatible; GoogleToolbar 5.0.2124.6042; Windows XP 5.1; MSIE 7.0.5730.11)"
72.84.190.194 - - [16/Apr/2009:08:02:32 -0400] "GET /Asterisk/favicon.ico HTTP/1.1" 404 297 "-" "Mozilla/4.0 (compatible; GoogleToolbar 5.0.2124.6042; Windows XP 5.1; MSIE 7.0.5730.11)"
72.84.190.194 - - [16/Apr/2009:08:02:32 -0400] "GET /Asterisk/favicon.gif HTTP/1.1" 404 297 "-" "Mozilla/4.0 (compatible; GoogleToolbar 5.0.2124.6042; Windows XP 5.1; MSIE 7.0.5730.11)"
74.6.22.107 - - [16/Apr/2009:08:02:37 -0400] "GET /Stubai2007/?C=M;O=A HTTP/1.0" 200 1170 "-" "Mozilla/5.0 (compatible; Yahoo! Slurp/3.0; http://help.yahoo.com/help/us/ysearch/slurp)"
88.191.88.79 - - [16/Apr/2009:08:02:48 -0400] "GET /Catskills/Balsam2005/index.html HTTP/1.0" 200 6059 "http://chayden.net/" "Mozilla/4.0 (compatible; MSIE 6.0; Windows NT 5.1)"
198.16.9.11 - - [16/Apr/2009:08:03:48 -0400] "GET /Panorama/HighlandsPlug.html HTTP/1.0" 200 1174 "http://search.msn.com/results.aspx?q=Highlands%2C+nj%2C+Mt+Mitchell&go=&form=QBRE" "Mozilla/4.0 (compatible; MSIE 6.0; Windows NT 5.0; .NET CLR 1.1.4322)"
