221.132.115.34 - - [07/Apr/2009:06:02:42 -0400] "GET /Asterisk/SeUpAsteriskAtHome_files/image044.jpg HTTP/1.1" 200 6079 "-" "Mozilla/4.0 (compatible; MSIE 6.0; Windows NT 5.1; SV1; .NET CLR 2.0.50727; .NET CLR 1.1.4322)"
221.132.115.34 - - [07/Apr/2009:06:02:42 -0400] "GET /Asterisk/SeUpAsteriskAtHome_files/image005.gif HTTP/1.1" 200 4365 "http://www.chayden.net/Asterisk/SeUpAsteriskAtHome.htm" "Mozilla/4.0 (compatible; MSIE 6.0; Windows NT 5.1; SV1; .NET CLR 2.0.50727; .NET CLR 1.1.4322)"
221.132.115.34 - - [07/Apr/2009:06:02:42 -0400] "GET /Asterisk/SeUpAsteriskAtHome_files/image045.png HTTP/1.1" 200 24347 "-" "Mozilla/4.0 (compatible; MSIE 6.0; Windows NT 5.1; SV1; .NET CLR 2.0.50727; .NET CLR 1.1.4322)"
221.132.115.34 - - [07/Apr/2009:06:02:43 -0400] "GET /Asterisk/SeUpAsteriskAtHome_files/image004.gif HTTP/1.1" 200 6404 "http://www.chayden.net/Asterisk/SeUpAsteriskAtHome.htm" "Mozilla/4.0 (compatible; MSIE 6.0; Windows NT 5.1; SV1; .NET CLR 2.0.50727; .NET CLR 1.1.4322)"
221.132.115.34 - - [07/Apr/2009:06:02:44 -0400] "GET /Asterisk/SeUpAsteriskAtHome_files/image007.gif HTTP/1.1" 200 5284 "http://www.chayden.net/Asterisk/SeUpAsteriskAtHome.htm" "Mozilla/4.0 (compatible; MSIE 6.0; Windows NT 5.1; SV1; .NET CLR 2.0.50727; .NET CLR 1.1.4322)"
221.132.115.34 - - [07/Apr/2009:06:02:44 -0400] "GET /Asterisk/SeUpAsteriskAtHome_files/image006.gif HTTP/1.1" 200 33832 "http://www.chayden.net/Asterisk/SeUpAsteriskAtHome.htm" "Mozilla/4.0 (compatible; MSIE 6.0; Windows NT 5.1; SV1; .NET CLR 2.0.50727; .NET CLR 1.1.4322)"
221.132.115.34 - - [07/Apr/2009:06:02:45 -0400] "GET /Asterisk/SeUpAsteriskAtHome_files/image009.jpg HTTP/1.1" 200 14238 "http://www.chayden.net/Asterisk/SeUpAsteriskAtHome.htm" "Mozilla/4.0 (compatible; MSIE 6.0; Windows NT 5.1; SV1; .NET CLR 2.0.50727; .NET CLR 1.1.4322)"
121.54.92.3 - - [07/Apr/2009:06:02:47 -0400] "GET /Asterisk/SeUpAsteriskAtHome_files/image001.gif HTTP/1.1" 200 2324 "http://www.chayden.net/Asterisk/SeUpAsteriskAtHome.htm" "Mozilla/5.0 (Macintosh; U; Intel Mac OS X 10.5; en-US; rv:1.9.0.8) Gecko/2009032608 Firefox/3.0.8"
221.132.115.34 - - [07/Apr/2009:06:02:47 -0400] "GET /Asterisk/SeUpAsteriskAtHome_files/image011.jpg HTTP/1.1" 200 13078 "http://www.chayden.net/Asterisk/SeUpAsteriskAtHome.htm" "Mozilla/4.0 (compatible; MSIE 6.0; Windows NT 5.1; SV1; .NET CLR 2.0.50727; .NET CLR 1.1.4322)"
121.54.92.3 - - [07/Apr/2009:06:02:48 -0400] "GET /Asterisk/SeUpAsteriskAtHome_files/image004.gif HTTP/1.1" 200 6404 "http://www.chayden.net/Asterisk/SeUpAsteriskAtHome.htm" "Mozilla/5.0 (Macintosh; U; Intel Mac OS X 10.5; en-US; rv:1.9.0.8) Gecko/2009032608 Firefox/3.0.8"
221.132.115.34 - - [07/Apr/2009:06:02:47 -0400] "GET /Asterisk/SeUpAsteriskAtHome_files/image013.jpg HTTP/1.1" 200 21296 "http://www.chayden.net/Asterisk/SeUpAsteriskAtHome.htm" "Mozilla/4.0 (compatible; MSIE 6.0; Windows NT 5.1; SV1; .NET CLR 2.0.50727; .NET CLR 1.1.4322)"
121.54.92.3 - - [07/Apr/2009:06:02:48 -0400] "GET /Asterisk/SeUpAsteriskAtHome_files/image003.jpg HTTP/1.1" 200 5132 "http://www.chayden.net/Asterisk/SeUpAsteriskAtHome.htm" "Mozilla/5.0 (Macintosh; U; Intel Mac OS X 10.5; en-US; rv:1.9.0.8) Gecko/2009032608 Firefox/3.0.8"
121.54.92.3 - - [07/Apr/2009:06:02:48 -0400] "GET /Asterisk/SeUpAsteriskAtHome_files/image005.gif HTTP/1.1" 200 4365 "http://www.chayden.net/Asterisk/SeUpAsteriskAtHome.htm" "Mozilla/5.0 (Macintosh; U; Intel Mac OS X 10.5; en-US; rv:1.9.0.8) Gecko/2009032608 Firefox/3.0.8"
121.54.92.3 - - [07/Apr/2009:06:02:48 -0400] "GET /Asterisk/SeUpAsteriskAtHome_files/image007.gif HTTP/1.1" 200 5284 "http://www.chayden.net/Asterisk/SeUpAsteriskAtHome.htm" "Mozilla/5.0 (Macintosh; U; Intel Mac OS X 10.5; en-US; rv:1.9.0.8) Gecko/2009032608 Firefox/3.0.8"
121.54.92.3 - - [07/Apr/2009:06:02:43 -0400] "GET /Asterisk/SeUpAsteriskAtHome.htm HTTP/1.1" 200 178181 "http://www.google.com.ph/search?q=pbx&ie=utf-8&oe=utf-8&aq=t&rls=org.mozilla:en-US:official&client=firefox-a" "Mozilla/5.0 (Macintosh; U; Intel Mac OS X 10.5; en-US; rv:1.9.0.8) Gecko/2009032608 Firefox/3.0.8"
193.174.68.13 - - [07/Apr/2009:06:02:50 -0400] "GET /eliza/Eliza/Eliza.class HTTP/1.0" 200 2434 "-" "Mozilla/4.0 (Windows XP 5.1) Java/1.6.0_11"
221.132.115.34 - - [07/Apr/2009:06:02:49 -0400] "GET /Asterisk/SeUpAsteriskAtHome_files/image017.jpg HTTP/1.1" 200 30515 "http://www.chayden.net/Asterisk/SeUpAsteriskAtHome.htm" "Mozilla/4.0 (compatible; MSIE 6.0; Windows NT 5.1; SV1; .NET CLR 2.0.50727; .NET CLR 1.1.4322)"
193.174.68.13 - - [07/Apr/2009:06:02:51 -0400] "GET /favicon.ico HTTP/1.0" 404 292 "-" "Mozilla/5.0 (Windows; U; Windows NT 5.1; de; rv:1.9.0.8) Gecko/2009032609 Firefox/3.0.8"
193.174.68.13 - - [07/Apr/2009:06:02:51 -0400] "GET /favicon.ico HTTP/1.0" 404 292 "-" "Mozilla/5.0 (Windows; U; Windows NT 5.1; de; rv:1.9.0.8) Gecko/2009032609 Firefox/3.0.8"
121.54.92.3 - - [07/Apr/2009:06:02:52 -0400] "GET /Asterisk/SeUpAsteriskAtHome_files/image027.jpg HTTP/1.1" 200 8509 "http://www.chayden.net/Asterisk/SeUpAsteriskAtHome.htm" "Mozilla/5.0 (Macintosh; U; Intel Mac OS X 10.5; en-US; rv:1.9.0.8) Gecko/2009032608 Firefox/3.0.8"
121.54.92.3 - - [07/Apr/2009:06:02:48 -0400] "GET /Asterisk/SeUpAsteriskAtHome_files/image006.gif HTTP/1.1" 200 33832 "http://www.chayden.net/Asterisk/SeUpAsteriskAtHome.htm" "Mozilla/5.0 (Macintosh; U; Intel Mac OS X 10.5; en-US; rv:1.9.0.8) Gecko/2009032608 Firefox/3.0.8"
221.132.115.34 - - [07/Apr/2009:06:02:49 -0400] "GET /Asterisk/SeUpAsteriskAtHome_files/image015.jpg HTTP/1.1" 200 47335 "http://www.chayden.net/Asterisk/SeUpAsteriskAtHome.htm" "Mozilla/4.0 (compatible; MSIE 6.0; Windows NT 5.1; SV1; .NET CLR 2.0.50727; .NET CLR 1.1.4322)"
121.54.92.3 - - [07/Apr/2009:06:02:49 -0400] "GET /Asterisk/SeUpAsteriskAtHome_files/image009.jpg HTTP/1.1" 200 14238 "http://www.chayden.net/Asterisk/SeUpAsteriskAtHome.htm" "Mozilla/5.0 (Macintosh; U; Intel Mac OS X 10.5; en-US; rv:1.9.0.8) Gecko/2009032608 Firefox/3.0.8"
221.132.115.34 - - [07/Apr/2009:06:02:53 -0400] "GET /Asterisk/SeUpAsteriskAtHome_files/image019.jpg HTTP/1.1" 200 39902 "http://www.chayden.net/Asterisk/SeUpAsteriskAtHome.htm" "Mozilla/4.0 (compatible; MSIE 6.0; Windows NT 5.1; SV1; .NET CLR 2.0.50727; .NET CLR 1.1.4322)"
193.174.68.13 - - [07/Apr/2009:06:02:56 -0400] "GET /eliza/Eliza/ElizaMain.class HTTP/1.0" 200 9260 "-" "Mozilla/4.0 (Windows XP 5.1) Java/1.6.0_11"
121.54.92.3 - - [07/Apr/2009:06:02:51 -0400] "GET /Asterisk/SeUpAsteriskAtHome_files/image011.jpg HTTP/1.1" 200 13078 "http://www.chayden.net/Asterisk/SeUpAsteriskAtHome.htm" "Mozilla/5.0 (Macintosh; U; Intel Mac OS X 10.5; en-US; rv:1.9.0.8) Gecko/2009032608 Firefox/3.0.8"
193.174.68.13 - - [07/Apr/2009:06:02:57 -0400] "GET /eliza/Eliza/DecompList.class HTTP/1.0" 200 877 "-" "Mozilla/4.0 (Windows XP 5.1) Java/1.6.0_11"
221.132.115.34 - - [07/Apr/2009:06:02:54 -0400] "GET /Asterisk/SeUpAsteriskAtHome_files/image020.gif HTTP/1.1" 200 49946 "http://www.chayden.net/Asterisk/SeUpAsteriskAtHome.htm" "Mozilla/4.0 (compatible; MSIE 6.0; Windows NT 5.1; SV1; .NET CLR 2.0.50727; .NET CLR 1.1.4322)"
193.174.68.13 - - [07/Apr/2009:06:02:58 -0400] "GET /eliza/Eliza/KeyList.class HTTP/1.0" 200 1722 "-" "Mozilla/4.0 (Windows XP 5.1) Java/1.6.0_11"
121.54.92.3 - - [07/Apr/2009:06:02:52 -0400] "GET /Asterisk/SeUpAsteriskAtHome_files/image013.jpg HTTP/1.1" 200 21296 "http://www.chayden.net/Asterisk/SeUpAsteriskAtHome.htm" "Mozilla/5.0 (Macintosh; U; Intel Mac OS X 10.5; en-US; rv:1.9.0.8) Gecko/2009032608 Firefox/3.0.8"
221.132.115.34 - - [07/Apr/2009:06:02:56 -0400] "GET /Asterisk/SeUpAsteriskAtHome_files/image022.jpg HTTP/1.1" 200 34633 "http://www.chayden.net/Asterisk/SeUpAsteriskAtHome.htm" "Mozilla/4.0 (compatible; MSIE 6.0; Windows NT 5.1; SV1; .NET CLR 2.0.50727; .NET CLR 1.1.4322)"
193.174.68.13 - - [07/Apr/2009:06:02:59 -0400] "GET /eliza/Eliza/SynList.class HTTP/1.0" 200 2103 "-" "Mozilla/4.0 (Windows XP 5.1) Java/1.6.0_11"
193.174.68.13 - - [07/Apr/2009:06:02:59 -0400] "GET /eliza/Eliza/WordList.class HTTP/1.0" 200 1243 "-" "Mozilla/4.0 (Windows XP 5.1) Java/1.6.0_11"
193.174.68.13 - - [07/Apr/2009:06:03:00 -0400] "GET /eliza/Eliza/PrePostList.class HTTP/1.0" 200 1674 "-" "Mozilla/4.0 (Windows XP 5.1) Java/1.6.0_11"
121.54.92.3 - - [07/Apr/2009:06:02:56 -0400] "GET /Asterisk/SeUpAsteriskAtHome_files/image017.jpg HTTP/1.1" 200 30515 "http://www.chayden.net/Asterisk/SeUpAsteriskAtHome.htm" "Mozilla/5.0 (Macintosh; U; Intel Mac OS X 10.5; en-US; rv:1.9.0.8) Gecko/2009032608 Firefox/3.0.8"
121.54.92.3 - - [07/Apr/2009:06:02:54 -0400] "GET /Asterisk/SeUpAsteriskAtHome_files/image029.jpg HTTP/1.1" 200 43404 "http://www.chayden.net/Asterisk/SeUpAsteriskAtHome.htm" "Mozilla/5.0 (Macintosh; U; Intel Mac OS X 10.5; en-US; rv:1.9.0.8) Gecko/2009032608 Firefox/3.0.8"
121.54.92.3 - - [07/Apr/2009:06:03:00 -0400] "GET /Asterisk/SeUpAsteriskAtHome_files/image019.jpg HTTP/1.1" 200 39902 "http://www.chayden.net/Asterisk/SeUpAsteriskAtHome.htm" "Mozilla/5.0 (Macintosh; U; Intel Mac OS X 10.5; en-US; rv:1.9.0.8) Gecko/2009032608 Firefox/3.0.8"
221.132.115.34 - - [07/Apr/2009:06:02:59 -0400] "GET /Asterisk/SeUpAsteriskAtHome_files/image024.jpg HTTP/1.1" 200 31330 "http://www.chayden.net/Asterisk/SeUpAsteriskAtHome.htm" "Mozilla/4.0 (compatible; MSIE 6.0; Windows NT 5.1; SV1; .NET CLR 2.0.50727; .NET CLR 1.1.4322)"
193.174.68.13 - - [07/Apr/2009:06:03:01 -0400] "GET /eliza/Eliza/KeyStack.class HTTP/1.0" 200 1507 "-" "Mozilla/4.0 (Windows XP 5.1) Java/1.6.0_11"
121.54.92.3 - - [07/Apr/2009:06:03:00 -0400] "GET /Asterisk/SeUpAsteriskAtHome_files/image020.gif HTTP/1.1" 200 49946 "http://www.chayden.net/Asterisk/SeUpAsteriskAtHome.htm" "Mozilla/5.0 (Macintosh; U; Intel Mac OS X 10.5; en-US; rv:1.9.0.8) Gecko/2009032608 Firefox/3.0.8"
221.132.115.34 - - [07/Apr/2009:06:03:02 -0400] "GET /Asterisk/SeUpAsteriskAtHome_files/image027.jpg HTTP/1.1" 200 8509 "http://www.chayden.net/Asterisk/SeUpAsteriskAtHome.htm" "Mozilla/4.0 (compatible; MSIE 6.0; Windows NT 5.1; SV1; .NET CLR 2.0.50727; .NET CLR 1.1.4322)"
221.132.115.34 - - [07/Apr/2009:06:03:00 -0400] "GET /Asterisk/SeUpAsteriskAtHome_files/image026.jpg HTTP/1.1" 200 37910 "http://www.chayden.net/Asterisk/SeUpAsteriskAtHome.htm" "Mozilla/4.0 (compatible; MSIE 6.0; Windows NT 5.1; SV1; .NET CLR 2.0.50727; .NET CLR 1.1.4322)"
193.174.68.13 - - [07/Apr/2009:06:03:03 -0400] "GET /eliza/Eliza/Key.class HTTP/1.0" 200 1702 "-" "Mozilla/4.0 (Windows XP 5.1) Java/1.6.0_11"
121.54.92.3 - - [07/Apr/2009:06:03:03 -0400] "GET /favicon.ico HTTP/1.1" 404 292 "-" "Mozilla/5.0 (Macintosh; U; Intel Mac OS X 10.5; en-US; rv:1.9.0.8) Gecko/2009032608 Firefox/3.0.8"
193.174.68.13 - - [07/Apr/2009:06:03:04 -0400] "GET /eliza/Eliza/Mem.class HTTP/1.0" 200 850 "-" "Mozilla/4.0 (Windows XP 5.1) Java/1.6.0_11"
221.132.115.34 - - [07/Apr/2009:06:03:04 -0400] "GET /Asterisk/SeUpAsteriskAtHome_files/image031.jpg HTTP/1.1" 200 30259 "http://www.chayden.net/Asterisk/SeUpAsteriskAtHome.htm" "Mozilla/4.0 (compatible; MSIE 6.0; Windows NT 5.1; SV1; .NET CLR 2.0.50727; .NET CLR 1.1.4322)"
193.174.68.13 - - [07/Apr/2009:06:03:06 -0400] "GET /eliza/script HTTP/1.0" 200 12267 "-" "Mozilla/4.0 (Windows XP 5.1) Java/1.6.0_11"
221.132.115.34 - - [07/Apr/2009:06:03:03 -0400] "GET /Asterisk/SeUpAsteriskAtHome_files/image029.jpg HTTP/1.1" 200 43404 "http://www.chayden.net/Asterisk/SeUpAsteriskAtHome.htm" "Mozilla/4.0 (compatible; MSIE 6.0; Windows NT 5.1; SV1; .NET CLR 2.0.50727; .NET CLR 1.1.4322)"
193.174.68.13 - - [07/Apr/2009:06:03:06 -0400] "GET /eliza/Eliza/EString.class HTTP/1.0" 200 3849 "-" "Mozilla/4.0 (Windows XP 5.1) Java/1.6.0_11"
221.132.115.34 - - [07/Apr/2009:06:03:07 -0400] "GET /Asterisk/SeUpAsteriskAtHome_files/image035.jpg HTTP/1.1" 200 2759 "http://www.chayden.net/Asterisk/SeUpAsteriskAtHome.htm" "Mozilla/4.0 (compatible; MSIE 6.0; Windows NT 5.1; SV1; .NET CLR 2.0.50727; .NET CLR 1.1.4322)"
193.174.68.13 - - [07/Apr/2009:06:03:08 -0400] "GET /eliza/Eliza/PrePost.class HTTP/1.0" 200 1073 "-" "Mozilla/4.0 (Windows XP 5.1) Java/1.6.0_11"
221.132.115.34 - - [07/Apr/2009:06:03:07 -0400] "GET /Asterisk/SeUpAsteriskAtHome_files/image033.jpg HTTP/1.1" 200 30788 "http://www.chayden.net/Asterisk/SeUpAsteriskAtHome.htm" "Mozilla/4.0 (compatible; MSIE 6.0; Windows NT 5.1; SV1; .NET CLR 2.0.50727; .NET CLR 1.1.4322)"
121.54.92.3 - - [07/Apr/2009:06:02:54 -0400] "GET /Asterisk/SeUpAsteriskAtHome_files/image015.jpg HTTP/1.1" 200 47335 "http://www.chayden.net/Asterisk/SeUpAsteriskAtHome.htm" "Mozilla/5.0 (Macintosh; U; Intel Mac OS X 10.5; en-US; rv:1.9.0.8) Gecko/2009032608 Firefox/3.0.8"
193.174.68.13 - - [07/Apr/2009:06:03:09 -0400] "GET /eliza/Eliza/ReasembList.class HTTP/1.0" 200 1102 "-" "Mozilla/4.0 (Windows XP 5.1) Java/1.6.0_11"
221.132.115.34 - - [07/Apr/2009:06:03:09 -0400] "GET /Asterisk/SeUpAsteriskAtHome_files/image039.jpg HTTP/1.1" 200 1921 "http://www.chayden.net/Asterisk/SeUpAsteriskAtHome.htm" "Mozilla/4.0 (compatible; MSIE 6.0; Windows NT 5.1; SV1; .NET CLR 2.0.50727; .NET CLR 1.1.4322)"
193.174.68.13 - - [07/Apr/2009:06:03:10 -0400] "GET /eliza/Eliza/Decomp.class HTTP/1.0" 200 1727 "-" "Mozilla/4.0 (Windows XP 5.1) Java/1.6.0_11"
221.132.115.34 - - [07/Apr/2009:06:03:08 -0400] "GET /Asterisk/SeUpAsteriskAtHome_files/image037.jpg HTTP/1.1" 200 42221 "http://www.chayden.net/Asterisk/SeUpAsteriskAtHome.htm" "Mozilla/4.0 (compatible; MSIE 6.0; Windows NT 5.1; SV1; .NET CLR 2.0.50727; .NET CLR 1.1.4322)"
221.132.115.34 - - [07/Apr/2009:06:03:10 -0400] "GET /Asterisk/SeUpAsteriskAtHome_files/image041.jpg HTTP/1.1" 200 26765 "http://www.chayden.net/Asterisk/SeUpAsteriskAtHome.htm" "Mozilla/4.0 (compatible; MSIE 6.0; Windows NT 5.1; SV1; .NET CLR 2.0.50727; .NET CLR 1.1.4322)"
221.132.115.34 - - [07/Apr/2009:06:03:11 -0400] "GET /Asterisk/SeUpAsteriskAtHome_files/image043.jpg HTTP/1.1" 200 22658 "http://www.chayden.net/Asterisk/SeUpAsteriskAtHome.htm" "Mozilla/4.0 (compatible; MSIE 6.0; Windows NT 5.1; SV1; .NET CLR 2.0.50727; .NET CLR 1.1.4322)"
221.132.115.34 - - [07/Apr/2009:06:03:13 -0400] "GET /Asterisk/SeUpAsteriskAtHome_files/image044.jpg HTTP/1.1" 200 6079 "http://www.chayden.net/Asterisk/SeUpAsteriskAtHome.htm" "Mozilla/4.0 (compatible; MSIE 6.0; Windows NT 5.1; SV1; .NET CLR 2.0.50727; .NET CLR 1.1.4322)"
221.132.115.34 - - [07/Apr/2009:06:03:14 -0400] "GET /Asterisk/SeUpAsteriskAtHome_files/image046.jpg HTTP/1.1" 200 35168 "http://www.chayden.net/Asterisk/SeUpAsteriskAtHome.htm" "Mozilla/4.0 (compatible; MSIE 6.0; Windows NT 5.1; SV1; .NET CLR 2.0.50727; .NET CLR 1.1.4322)"
203.76.124.204 - - [07/Apr/2009:06:06:22 -0400] "GET /Asterisk/SeUpAsteriskAtHome.htm HTTP/1.0" 200 178181 "http://www.google.com.bd/search?hl=en&q=IP+Phone+set+up&btnG=Google+Search&meta=&aq=f&oq=" "Mozilla/5.0 (Windows; U; Windows NT 5.1; en-US; rv:1.8.1.20) Gecko/20081217 Firefox/2.0.0.20"
203.76.124.204 - - [07/Apr/2009:06:06:25 -0400] "GET /Asterisk/SeUpAsteriskAtHome_files/image001.gif HTTP/1.0" 200 2324 "http://www.chayden.net/Asterisk/SeUpAsteriskAtHome.htm" "Mozilla/5.0 (Windows; U; Windows NT 5.1; en-US; rv:1.8.1.20) Gecko/20081217 Firefox/2.0.0.20"
203.76.124.204 - - [07/Apr/2009:06:06:26 -0400] "GET /Asterisk/SeUpAsteriskAtHome_files/image003.jpg HTTP/1.0" 200 5132 "http://www.chayden.net/Asterisk/SeUpAsteriskAtHome.htm" "Mozilla/5.0 (Windows; U; Windows NT 5.1; en-US; rv:1.8.1.20) Gecko/20081217 Firefox/2.0.0.20"
203.76.124.204 - - [07/Apr/2009:06:06:27 -0400] "GET /Asterisk/SeUpAsteriskAtHome_files/image004.gif HTTP/1.0" 200 6404 "http://www.chayden.net/Asterisk/SeUpAsteriskAtHome.htm" "Mozilla/5.0 (Windows; U; Windows NT 5.1; en-US; rv:1.8.1.20) Gecko/20081217 Firefox/2.0.0.20"
203.76.124.204 - - [07/Apr/2009:06:06:28 -0400] "GET /Asterisk/SeUpAsteriskAtHome_files/image005.gif HTTP/1.0" 200 4365 "http://www.chayden.net/Asterisk/SeUpAsteriskAtHome.htm" "Mozilla/5.0 (Windows; U; Windows NT 5.1; en-US; rv:1.8.1.20) Gecko/20081217 Firefox/2.0.0.20"
203.76.124.204 - - [07/Apr/2009:06:06:28 -0400] "GET /Asterisk/SeUpAsteriskAtHome_files/image006.gif HTTP/1.0" 200 33832 "http://www.chayden.net/Asterisk/SeUpAsteriskAtHome.htm" "Mozilla/5.0 (Windows; U; Windows NT 5.1; en-US; rv:1.8.1.20) Gecko/20081217 Firefox/2.0.0.20"
203.76.124.204 - - [07/Apr/2009:06:06:31 -0400] "GET /Asterisk/SeUpAsteriskAtHome_files/image007.gif HTTP/1.0" 200 5284 "http://www.chayden.net/Asterisk/SeUpAsteriskAtHome.htm" "Mozilla/5.0 (Windows; U; Windows NT 5.1; en-US; rv:1.8.1.20) Gecko/20081217 Firefox/2.0.0.20"
203.76.124.204 - - [07/Apr/2009:06:06:32 -0400] "GET /Asterisk/SeUpAsteriskAtHome_files/image009.jpg HTTP/1.0" 200 14238 "http://www.chayden.net/Asterisk/SeUpAsteriskAtHome.htm" "Mozilla/5.0 (Windows; U; Windows NT 5.1; en-US; rv:1.8.1.20) Gecko/20081217 Firefox/2.0.0.20"
203.76.124.204 - - [07/Apr/2009:06:06:34 -0400] "GET /Asterisk/SeUpAsteriskAtHome_files/image011.jpg HTTP/1.0" 200 13078 "http://www.chayden.net/Asterisk/SeUpAsteriskAtHome.htm" "Mozilla/5.0 (Windows; U; Windows NT 5.1; en-US; rv:1.8.1.20) Gecko/20081217 Firefox/2.0.0.20"
203.76.124.204 - - [07/Apr/2009:06:06:35 -0400] "GET /Asterisk/SeUpAsteriskAtHome_files/image013.jpg HTTP/1.0" 200 21296 "http://www.chayden.net/Asterisk/SeUpAsteriskAtHome.htm" "Mozilla/5.0 (Windows; U; Windows NT 5.1; en-US; rv:1.8.1.20) Gecko/20081217 Firefox/2.0.0.20"
203.76.124.204 - - [07/Apr/2009:06:06:36 -0400] "GET /Asterisk/SeUpAsteriskAtHome_files/image015.jpg HTTP/1.0" 200 47335 "http://www.chayden.net/Asterisk/SeUpAsteriskAtHome.htm" "Mozilla/5.0 (Windows; U; Windows NT 5.1; en-US; rv:1.8.1.20) Gecko/20081217 Firefox/2.0.0.20"
203.76.124.204 - - [07/Apr/2009:06:06:38 -0400] "GET /Asterisk/SeUpAsteriskAtHome_files/image017.jpg HTTP/1.0" 200 30515 "http://www.chayden.net/Asterisk/SeUpAsteriskAtHome.htm" "Mozilla/5.0 (Windows; U; Windows NT 5.1; en-US; rv:1.8.1.20) Gecko/20081217 Firefox/2.0.0.20"
203.76.124.204 - - [07/Apr/2009:06:06:39 -0400] "GET /Asterisk/SeUpAsteriskAtHome_files/image019.jpg HTTP/1.0" 200 39902 "http://www.chayden.net/Asterisk/SeUpAsteriskAtHome.htm" "Mozilla/5.0 (Windows; U; Windows NT 5.1; en-US; rv:1.8.1.20) Gecko/20081217 Firefox/2.0.0.20"
203.76.124.204 - - [07/Apr/2009:06:06:41 -0400] "GET /Asterisk/SeUpAsteriskAtHome_files/image020.gif HTTP/1.0" 200 49946 "http://www.chayden.net/Asterisk/SeUpAsteriskAtHome.htm" "Mozilla/5.0 (Windows; U; Windows NT 5.1; en-US; rv:1.8.1.20) Gecko/20081217 Firefox/2.0.0.20"
203.76.124.204 - - [07/Apr/2009:06:06:42 -0400] "GET /Asterisk/SeUpAsteriskAtHome_files/image022.jpg HTTP/1.0" 200 34633 "http://www.chayden.net/Asterisk/SeUpAsteriskAtHome.htm" "Mozilla/5.0 (Windows; U; Windows NT 5.1; en-US; rv:1.8.1.20) Gecko/20081217 Firefox/2.0.0.20"
203.76.124.204 - - [07/Apr/2009:06:06:44 -0400] "GET /Asterisk/SeUpAsteriskAtHome_files/image026.jpg HTTP/1.0" 200 37910 "http://www.chayden.net/Asterisk/SeUpAsteriskAtHome.htm" "Mozilla/5.0 (Windows; U; Windows NT 5.1; en-US; rv:1.8.1.20) Gecko/20081217 Firefox/2.0.0.20"
203.76.124.204 - - [07/Apr/2009:06:06:44 -0400] "GET /Asterisk/SeUpAsteriskAtHome_files/image024.jpg HTTP/1.0" 200 31330 "http://www.chayden.net/Asterisk/SeUpAsteriskAtHome.htm" "Mozilla/5.0 (Windows; U; Windows NT 5.1; en-US; rv:1.8.1.20) Gecko/20081217 Firefox/2.0.0.20"
203.76.124.204 - - [07/Apr/2009:06:06:47 -0400] "GET /Asterisk/SeUpAsteriskAtHome_files/image027.jpg HTTP/1.0" 200 8509 "http://www.chayden.net/Asterisk/SeUpAsteriskAtHome.htm" "Mozilla/5.0 (Windows; U; Windows NT 5.1; en-US; rv:1.8.1.20) Gecko/20081217 Firefox/2.0.0.20"
203.76.124.204 - - [07/Apr/2009:06:06:47 -0400] "GET /Asterisk/SeUpAsteriskAtHome_files/image029.jpg HTTP/1.0" 200 43404 "http://www.chayden.net/Asterisk/SeUpAsteriskAtHome.htm" "Mozilla/5.0 (Windows; U; Windows NT 5.1; en-US; rv:1.8.1.20) Gecko/20081217 Firefox/2.0.0.20"
203.76.124.204 - - [07/Apr/2009:06:06:48 -0400] "GET /Asterisk/SeUpAsteriskAtHome_files/image031.jpg HTTP/1.0" 200 30259 "http://www.chayden.net/Asterisk/SeUpAsteriskAtHome.htm" "Mozilla/5.0 (Windows; U; Windows NT 5.1; en-US; rv:1.8.1.20) Gecko/20081217 Firefox/2.0.0.20"
203.76.124.204 - - [07/Apr/2009:06:06:51 -0400] "GET /Asterisk/SeUpAsteriskAtHome_files/image033.jpg HTTP/1.0" 200 30788 "http://www.chayden.net/Asterisk/SeUpAsteriskAtHome.htm" "Mozilla/5.0 (Windows; U; Windows NT 5.1; en-US; rv:1.8.1.20) Gecko/20081217 Firefox/2.0.0.20"
203.76.124.204 - - [07/Apr/2009:06:06:52 -0400] "GET /Asterisk/SeUpAsteriskAtHome_files/image035.jpg HTTP/1.0" 200 2759 "http://www.chayden.net/Asterisk/SeUpAsteriskAtHome.htm" "Mozilla/5.0 (Windows; U; Windows NT 5.1; en-US; rv:1.8.1.20) Gecko/20081217 Firefox/2.0.0.20"
203.76.124.204 - - [07/Apr/2009:06:06:53 -0400] "GET /Asterisk/SeUpAsteriskAtHome_files/image037.jpg HTTP/1.0" 200 42221 "http://www.chayden.net/Asterisk/SeUpAsteriskAtHome.htm" "Mozilla/5.0 (Windows; U; Windows NT 5.1; en-US; rv:1.8.1.20) Gecko/20081217 Firefox/2.0.0.20"
203.76.124.204 - - [07/Apr/2009:06:06:54 -0400] "GET /Asterisk/SeUpAsteriskAtHome_files/image039.jpg HTTP/1.0" 200 1921 "http://www.chayden.net/Asterisk/SeUpAsteriskAtHome.htm" "Mozilla/5.0 (Windows; U; Windows NT 5.1; en-US; rv:1.8.1.20) Gecko/20081217 Firefox/2.0.0.20"
203.27.235.5 - - [07/Apr/2009:06:06:53 -0400] "GET /Runs/Adidas/tape.jpg HTTP/1.0" 200 157042 "http://images.google.co.in/imgres?imgurl=http://www.chayden.net/Runs/Adidas/tape.jpg&imgrefurl=http://debsonrunning.blogspot.com/2008_05_01_archive.html&usg=__xBXHePNTpJ5uLQYVnc_j05nzezM=&h=893&w=1337&sz=154&hl=en&start=54&um=1&tbnid=7KtooiJTAt2lhM:&tbnh=100&tbnw=150&prev=/images%3Fq%3Dbest%2Bads%26ndsp%3D20%26hl%3Den%26sa%3DN%26start%3D40%26um%3D1" "Mozilla/4.0 (compatible; MSIE 6.0; Windows NT 5.0; .NET CLR 1.1.4322)"
203.76.124.204 - - [07/Apr/2009:06:06:56 -0400] "GET /Asterisk/SeUpAsteriskAtHome_files/image043.jpg HTTP/1.0" 200 22658 "http://www.chayden.net/Asterisk/SeUpAsteriskAtHome.htm" "Mozilla/5.0 (Windows; U; Windows NT 5.1; en-US; rv:1.8.1.20) Gecko/20081217 Firefox/2.0.0.20"
203.76.124.204 - - [07/Apr/2009:06:06:56 -0400] "GET /Asterisk/SeUpAsteriskAtHome_files/image041.jpg HTTP/1.0" 200 26765 "http://www.chayden.net/Asterisk/SeUpAsteriskAtHome.htm" "Mozilla/5.0 (Windows; U; Windows NT 5.1; en-US; rv:1.8.1.20) Gecko/20081217 Firefox/2.0.0.20"
203.76.124.204 - - [07/Apr/2009:06:06:58 -0400] "GET /Asterisk/SeUpAsteriskAtHome_files/image044.jpg HTTP/1.0" 200 6079 "http://www.chayden.net/Asterisk/SeUpAsteriskAtHome.htm" "Mozilla/5.0 (Windows; U; Windows NT 5.1; en-US; rv:1.8.1.20) Gecko/20081217 Firefox/2.0.0.20"
203.76.124.204 - - [07/Apr/2009:06:06:58 -0400] "GET /Asterisk/SeUpAsteriskAtHome_files/image046.jpg HTTP/1.0" 200 35168 "http://www.chayden.net/Asterisk/SeUpAsteriskAtHome.htm" "Mozilla/5.0 (Windows; U; Windows NT 5.1; en-US; rv:1.8.1.20) Gecko/20081217 Firefox/2.0.0.20"
203.76.124.204 - - [07/Apr/2009:06:07:01 -0400] "GET /favicon.ico HTTP/1.0" 404 292 "-" "Mozilla/5.0 (Windows; U; Windows NT 5.1; en-US; rv:1.8.1.20) Gecko/20081217 Firefox/2.0.0.20"
84.75.101.118 - - [07/Apr/2009:06:09:15 -0400] "GET /Asterisk/favicon.ico HTTP/1.1" 404 301 "-" "Mozilla/4.0 (compatible; GoogleToolbar 5.0.2124.6042; Windows XP 5.1; MSIE 7.0.5730.13)"
84.75.101.118 - - [07/Apr/2009:06:09:15 -0400] "GET /Asterisk/favicon.gif HTTP/1.1" 404 301 "-" "Mozilla/4.0 (compatible; GoogleToolbar 5.0.2124.6042; Windows XP 5.1; MSIE 7.0.5730.13)"
62.219.228.186 - - [07/Apr/2009:06:10:18 -0400] "GET /Asterisk/favicon.ico HTTP/1.1" 404 301 "-" "Mozilla/4.0 (compatible; GoogleToolbar 5.0.2124.6042; Windows XP 5.1; MSIE 8.0.6001.18702)"
62.219.228.186 - - [07/Apr/2009:06:10:19 -0400] "GET /Asterisk/favicon.gif HTTP/1.1" 404 301 "-" "Mozilla/4.0 (compatible; GoogleToolbar 5.0.2124.6042; Windows XP 5.1; MSIE 8.0.6001.18702)"
202.131.227.114 - - [07/Apr/2009:06:11:49 -0400] "GET /favicon.ico HTTP/1.1" 404 292 "-" "Mozilla/5.0 (Windows; U; Windows NT 5.1; en-US; rv:1.9.0.8) Gecko/2009032609 Firefox/3.0.8"
74.6.22.155 - - [07/Apr/2009:06:12:57 -0400] "GET /Catskills/WindhamHighPeak2005/KHP.tpg HTTP/1.0" 200 80 "-" "Mozilla/5.0 (compatible; Yahoo! Slurp/3.0; http://help.yahoo.com/help/us/ysearch/slurp)"
202.131.227.114 - - [07/Apr/2009:06:13:07 -0400] "GET /favicon.ico HTTP/1.1" 404 292 "-" "Mozilla/5.0 (Windows; U; Windows NT 5.1; en-US; rv:1.9.0.8) Gecko/2009032609 Firefox/3.0.8"
62.219.228.186 - - [07/Apr/2009:06:15:03 -0400] "GET /Asterisk/favicon.ico HTTP/1.1" 404 301 "-" "Mozilla/4.0 (compatible; GoogleToolbar 5.0.2124.6042; Windows XP 5.1; MSIE 8.0.6001.18702)"
62.219.228.186 - - [07/Apr/2009:06:15:03 -0400] "GET /Asterisk/favicon.ico HTTP/1.1" 404 301 "-" "Mozilla/4.0 (compatible; GoogleToolbar 5.0.2124.6042; Windows XP 5.1; MSIE 8.0.6001.18702)"
131.114.28.51 - - [07/Apr/2009:06:15:03 -0400] "GET /Asterisk/SeUpAsteriskAtHome_files/image001.gif HTTP/1.1" 200 2324 "http://chayden.net/Asterisk/SeUpAsteriskAtHome.htm" "Mozilla/5.0 (Macintosh; U; Intel Mac OS X 10_5_6; en-us) AppleWebKit/525.27.1 (KHTML, like Gecko) Version/3.2.1 Safari/525.27.1"
62.219.228.186 - - [07/Apr/2009:06:15:03 -0400] "GET /Asterisk/favicon.gif HTTP/1.1" 404 301 "-" "Mozilla/4.0 (compatible; GoogleToolbar 5.0.2124.6042; Windows XP 5.1; MSIE 8.0.6001.18702)"
131.114.28.51 - - [07/Apr/2009:06:15:03 -0400] "GET /Asterisk/SeUpAsteriskAtHome_files/image003.jpg HTTP/1.1" 200 5132 "http://chayden.net/Asterisk/SeUpAsteriskAtHome.htm" "Mozilla/5.0 (Macintosh; U; Intel Mac OS X 10_5_6; en-us) AppleWebKit/525.27.1 (KHTML, like Gecko) Version/3.2.1 Safari/525.27.1"
131.114.28.51 - - [07/Apr/2009:06:15:03 -0400] "GET /Asterisk/SeUpAsteriskAtHome_files/image004.gif HTTP/1.1" 200 6404 "http://chayden.net/Asterisk/SeUpAsteriskAtHome.htm" "Mozilla/5.0 (Macintosh; U; Intel Mac OS X 10_5_6; en-us) AppleWebKit/525.27.1 (KHTML, like Gecko) Version/3.2.1 Safari/525.27.1"
131.114.28.51 - - [07/Apr/2009:06:15:03 -0400] "GET /Asterisk/SeUpAsteriskAtHome_files/image005.gif HTTP/1.1" 200 4365 "http://chayden.net/Asterisk/SeUpAsteriskAtHome.htm" "Mozilla/5.0 (Macintosh; U; Intel Mac OS X 10_5_6; en-us) AppleWebKit/525.27.1 (KHTML, like Gecko) Version/3.2.1 Safari/525.27.1"
62.219.228.186 - - [07/Apr/2009:06:15:03 -0400] "GET /Asterisk/favicon.gif HTTP/1.1" 404 301 "-" "Mozilla/4.0 (compatible; GoogleToolbar 5.0.2124.6042; Windows XP 5.1; MSIE 8.0.6001.18702)"
131.114.28.51 - - [07/Apr/2009:06:15:02 -0400] "GET /Asterisk/SeUpAsteriskAtHome.htm HTTP/1.1" 200 178181 "http://nerdvittles.com/?p=62" "Mozilla/5.0 (Macintosh; U; Intel Mac OS X 10_5_6; en-us) AppleWebKit/525.27.1 (KHTML, like Gecko) Version/3.2.1 Safari/525.27.1"
131.114.28.51 - - [07/Apr/2009:06:15:03 -0400] "GET /Asterisk/SeUpAsteriskAtHome_files/image007.gif HTTP/1.1" 200 5284 "http://chayden.net/Asterisk/SeUpAsteriskAtHome.htm" "Mozilla/5.0 (Macintosh; U; Intel Mac OS X 10_5_6; en-us) AppleWebKit/525.27.1 (KHTML, like Gecko) Version/3.2.1 Safari/525.27.1"
131.114.28.51 - - [07/Apr/2009:06:15:03 -0400] "GET /Asterisk/SeUpAsteriskAtHome_files/image009.jpg HTTP/1.1" 200 14238 "http://chayden.net/Asterisk/SeUpAsteriskAtHome.htm" "Mozilla/5.0 (Macintosh; U; Intel Mac OS X 10_5_6; en-us) AppleWebKit/525.27.1 (KHTML, like Gecko) Version/3.2.1 Safari/525.27.1"
131.114.28.51 - - [07/Apr/2009:06:15:03 -0400] "GET /Asterisk/SeUpAsteriskAtHome_files/image031.jpg HTTP/1.1" 200 30259 "http://chayden.net/Asterisk/SeUpAsteriskAtHome.htm" "Mozilla/5.0 (Macintosh; U; Intel Mac OS X 10_5_6; en-us) AppleWebKit/525.27.1 (KHTML, like Gecko) Version/3.2.1 Safari/525.27.1"
131.114.28.51 - - [07/Apr/2009:06:15:03 -0400] "GET /Asterisk/SeUpAsteriskAtHome_files/image006.gif HTTP/1.1" 200 33832 "http://chayden.net/Asterisk/SeUpAsteriskAtHome.htm" "Mozilla/5.0 (Macintosh; U; Intel Mac OS X 10_5_6; en-us) AppleWebKit/525.27.1 (KHTML, like Gecko) Version/3.2.1 Safari/525.27.1"
131.114.28.51 - - [07/Apr/2009:06:15:04 -0400] "GET /Asterisk/SeUpAsteriskAtHome_files/image011.jpg HTTP/1.1" 200 13078 "http://chayden.net/Asterisk/SeUpAsteriskAtHome.htm" "Mozilla/5.0 (Macintosh; U; Intel Mac OS X 10_5_6; en-us) AppleWebKit/525.27.1 (KHTML, like Gecko) Version/3.2.1 Safari/525.27.1"
131.114.28.51 - - [07/Apr/2009:06:15:04 -0400] "GET /Asterisk/SeUpAsteriskAtHome_files/image017.jpg HTTP/1.1" 200 30515 "http://chayden.net/Asterisk/SeUpAsteriskAtHome.htm" "Mozilla/5.0 (Macintosh; U; Intel Mac OS X 10_5_6; en-us) AppleWebKit/525.27.1 (KHTML, like Gecko) Version/3.2.1 Safari/525.27.1"
131.114.28.51 - - [07/Apr/2009:06:15:04 -0400] "GET /Asterisk/SeUpAsteriskAtHome_files/image029.jpg HTTP/1.1" 200 43404 "http://chayden.net/Asterisk/SeUpAsteriskAtHome.htm" "Mozilla/5.0 (Macintosh; U; Intel Mac OS X 10_5_6; en-us) AppleWebKit/525.27.1 (KHTML, like Gecko) Version/3.2.1 Safari/525.27.1"
131.114.28.51 - - [07/Apr/2009:06:15:04 -0400] "GET /Asterisk/SeUpAsteriskAtHome_files/image027.jpg HTTP/1.1" 200 8509 "http://chayden.net/Asterisk/SeUpAsteriskAtHome.htm" "Mozilla/5.0 (Macintosh; U; Intel Mac OS X 10_5_6; en-us) AppleWebKit/525.27.1 (KHTML, like Gecko) Version/3.2.1 Safari/525.27.1"
131.114.28.51 - - [07/Apr/2009:06:15:04 -0400] "GET /Asterisk/SeUpAsteriskAtHome_files/image015.jpg HTTP/1.1" 200 47335 "http://chayden.net/Asterisk/SeUpAsteriskAtHome.htm" "Mozilla/5.0 (Macintosh; U; Intel Mac OS X 10_5_6; en-us) AppleWebKit/525.27.1 (KHTML, like Gecko) Version/3.2.1 Safari/525.27.1"
131.114.28.51 - - [07/Apr/2009:06:15:04 -0400] "GET /Asterisk/SeUpAsteriskAtHome_files/image020.gif HTTP/1.1" 200 49946 "http://chayden.net/Asterisk/SeUpAsteriskAtHome.htm" "Mozilla/5.0 (Macintosh; U; Intel Mac OS X 10_5_6; en-us) AppleWebKit/525.27.1 (KHTML, like Gecko) Version/3.2.1 Safari/525.27.1"
131.114.28.51 - - [07/Apr/2009:06:15:04 -0400] "GET /Asterisk/SeUpAsteriskAtHome_files/image024.jpg HTTP/1.1" 200 31330 "http://chayden.net/Asterisk/SeUpAsteriskAtHome.htm" "Mozilla/5.0 (Macintosh; U; Intel Mac OS X 10_5_6; en-us) AppleWebKit/525.27.1 (KHTML, like Gecko) Version/3.2.1 Safari/525.27.1"
131.114.28.51 - - [07/Apr/2009:06:15:04 -0400] "GET /Asterisk/SeUpAsteriskAtHome_files/image013.jpg HTTP/1.1" 200 21296 "http://chayden.net/Asterisk/SeUpAsteriskAtHome.htm" "Mozilla/5.0 (Macintosh; U; Intel Mac OS X 10_5_6; en-us) AppleWebKit/525.27.1 (KHTML, like Gecko) Version/3.2.1 Safari/525.27.1"
131.114.28.51 - - [07/Apr/2009:06:15:04 -0400] "GET /Asterisk/SeUpAsteriskAtHome_files/image022.jpg HTTP/1.1" 200 34633 "http://chayden.net/Asterisk/SeUpAsteriskAtHome.htm" "Mozilla/5.0 (Macintosh; U; Intel Mac OS X 10_5_6; en-us) AppleWebKit/525.27.1 (KHTML, like Gecko) Version/3.2.1 Safari/525.27.1"
131.114.28.51 - - [07/Apr/2009:06:15:04 -0400] "GET /Asterisk/SeUpAsteriskAtHome_files/image035.jpg HTTP/1.1" 200 2759 "http://chayden.net/Asterisk/SeUpAsteriskAtHome.htm" "Mozilla/5.0 (Macintosh; U; Intel Mac OS X 10_5_6; en-us) AppleWebKit/525.27.1 (KHTML, like Gecko) Version/3.2.1 Safari/525.27.1"
131.114.28.51 - - [07/Apr/2009:06:15:05 -0400] "GET /Asterisk/SeUpAsteriskAtHome_files/image039.jpg HTTP/1.1" 200 1921 "http://chayden.net/Asterisk/SeUpAsteriskAtHome.htm" "Mozilla/5.0 (Macintosh; U; Intel Mac OS X 10_5_6; en-us) AppleWebKit/525.27.1 (KHTML, like Gecko) Version/3.2.1 Safari/525.27.1"
131.114.28.51 - - [07/Apr/2009:06:15:04 -0400] "GET /Asterisk/SeUpAsteriskAtHome_files/image026.jpg HTTP/1.1" 200 37910 "http://chayden.net/Asterisk/SeUpAsteriskAtHome.htm" "Mozilla/5.0 (Macintosh; U; Intel Mac OS X 10_5_6; en-us) AppleWebKit/525.27.1 (KHTML, like Gecko) Version/3.2.1 Safari/525.27.1"
131.114.28.51 - - [07/Apr/2009:06:15:04 -0400] "GET /Asterisk/SeUpAsteriskAtHome_files/image019.jpg HTTP/1.1" 200 39902 "http://chayden.net/Asterisk/SeUpAsteriskAtHome.htm" "Mozilla/5.0 (Macintosh; U; Intel Mac OS X 10_5_6; en-us) AppleWebKit/525.27.1 (KHTML, like Gecko) Version/3.2.1 Safari/525.27.1"
131.114.28.51 - - [07/Apr/2009:06:15:04 -0400] "GET /Asterisk/SeUpAsteriskAtHome_files/image033.jpg HTTP/1.1" 200 30788 "http://chayden.net/Asterisk/SeUpAsteriskAtHome.htm" "Mozilla/5.0 (Macintosh; U; Intel Mac OS X 10_5_6; en-us) AppleWebKit/525.27.1 (KHTML, like Gecko) Version/3.2.1 Safari/525.27.1"
131.114.28.51 - - [07/Apr/2009:06:15:05 -0400] "GET /Asterisk/SeUpAsteriskAtHome_files/image044.jpg HTTP/1.1" 200 6079 "http://chayden.net/Asterisk/SeUpAsteriskAtHome.htm" "Mozilla/5.0 (Macintosh; U; Intel Mac OS X 10_5_6; en-us) AppleWebKit/525.27.1 (KHTML, like Gecko) Version/3.2.1 Safari/525.27.1"
131.114.28.51 - - [07/Apr/2009:06:15:05 -0400] "GET /favicon.ico HTTP/1.1" 404 288 "http://chayden.net/Asterisk/SeUpAsteriskAtHome.htm" "Mozilla/5.0 (Macintosh; U; Intel Mac OS X 10_5_6; en-us) AppleWebKit/525.27.1 (KHTML, like Gecko) Version/3.2.1 Safari/525.27.1"
62.219.228.186 - - [07/Apr/2009:06:15:05 -0400] "GET /Asterisk/favicon.ico HTTP/1.1" 404 301 "-" "Mozilla/4.0 (compatible; GoogleToolbar 5.0.2124.6042; Windows XP 5.1; MSIE 8.0.6001.18702)"
131.114.28.51 - - [07/Apr/2009:06:15:05 -0400] "GET /Asterisk/SeUpAsteriskAtHome_files/image041.jpg HTTP/1.1" 200 26765 "http://chayden.net/Asterisk/SeUpAsteriskAtHome.htm" "Mozilla/5.0 (Macintosh; U; Intel Mac OS X 10_5_6; en-us) AppleWebKit/525.27.1 (KHTML, like Gecko) Version/3.2.1 Safari/525.27.1"
131.114.28.51 - - [07/Apr/2009:06:15:05 -0400] "GET /Asterisk/SeUpAsteriskAtHome_files/image043.jpg HTTP/1.1" 200 22658 "http://chayden.net/Asterisk/SeUpAsteriskAtHome.htm" "Mozilla/5.0 (Macintosh; U; Intel Mac OS X 10_5_6; en-us) AppleWebKit/525.27.1 (KHTML, like Gecko) Version/3.2.1 Safari/525.27.1"
131.114.28.51 - - [07/Apr/2009:06:15:05 -0400] "GET /Asterisk/SeUpAsteriskAtHome_files/image037.jpg HTTP/1.1" 200 42221 "http://chayden.net/Asterisk/SeUpAsteriskAtHome.htm" "Mozilla/5.0 (Macintosh; U; Intel Mac OS X 10_5_6; en-us) AppleWebKit/525.27.1 (KHTML, like Gecko) Version/3.2.1 Safari/525.27.1"
131.114.28.51 - - [07/Apr/2009:06:15:05 -0400] "GET /Asterisk/SeUpAsteriskAtHome_files/image046.jpg HTTP/1.1" 200 35168 "http://chayden.net/Asterisk/SeUpAsteriskAtHome.htm" "Mozilla/5.0 (Macintosh; U; Intel Mac OS X 10_5_6; en-us) AppleWebKit/525.27.1 (KHTML, like Gecko) Version/3.2.1 Safari/525.27.1"
62.219.228.186 - - [07/Apr/2009:06:15:05 -0400] "GET /Asterisk/favicon.gif HTTP/1.1" 404 301 "-" "Mozilla/4.0 (compatible; GoogleToolbar 5.0.2124.6042; Windows XP 5.1; MSIE 8.0.6001.18702)"
213.138.71.254 - - [07/Apr/2009:06:15:33 -0400] "GET /Asterisk/favicon.ico HTTP/1.1" 404 301 "-" "Mozilla/4.0 (compatible; GoogleToolbar 5.0.2124.6042; Windows XP 5.1; MSIE 7.0.5730.13)"
213.138.71.254 - - [07/Apr/2009:06:15:33 -0400] "GET /Asterisk/favicon.gif HTTP/1.1" 404 301 "-" "Mozilla/4.0 (compatible; GoogleToolbar 5.0.2124.6042; Windows XP 5.1; MSIE 7.0.5730.13)"
77.248.53.34 - - [07/Apr/2009:06:15:54 -0400] "GET /eliza/Eliza.html HTTP/1.1" 200 5488 "http://alienlovespredator.com/2005/10/10/eliza/" "Mozilla/4.0 (compatible; MSIE 8.0; Windows NT 6.1; Trident/4.0; SLCC2; .NET CLR 2.0.50727; .NET CLR 3.5.30729; .NET CLR 3.0.30729; Media Center PC 6.0; Tablet PC 2.0)"
77.248.53.34 - - [07/Apr/2009:06:15:55 -0400] "GET /icons/back.gif HTTP/1.1" 200 216 "http://chayden.net/eliza/Eliza.html" "Mozilla/4.0 (compatible; MSIE 8.0; Windows NT 6.1; Trident/4.0; SLCC2; .NET CLR 2.0.50727; .NET CLR 3.5.30729; .NET CLR 3.0.30729; Media Center PC 6.0; Tablet PC 2.0)"
77.248.53.34 - - [07/Apr/2009:06:15:56 -0400] "GET /favicon.ico HTTP/1.1" 404 288 "-" "Mozilla/4.0 (compatible; MSIE 8.0; Windows NT 6.1; Trident/4.0; SLCC2; .NET CLR 2.0.50727; .NET CLR 3.5.30729; .NET CLR 3.0.30729; Media Center PC 6.0; Tablet PC 2.0)"
77.248.53.34 - - [07/Apr/2009:06:16:00 -0400] "GET /eliza/Eliza/Eliza.class HTTP/1.1" 200 2434 "-" "Mozilla/4.0 (Windows Vista 6.1) Java/1.6.0_13"
77.248.53.34 - - [07/Apr/2009:06:16:01 -0400] "GET /eliza/Eliza/ElizaMain.class HTTP/1.1" 200 9260 "-" "Mozilla/4.0 (Windows Vista 6.1) Java/1.6.0_13"
77.248.53.34 - - [07/Apr/2009:06:16:01 -0400] "GET /eliza/Eliza/DecompList.class HTTP/1.1" 200 877 "-" "Mozilla/4.0 (Windows Vista 6.1) Java/1.6.0_13"
77.248.53.34 - - [07/Apr/2009:06:16:01 -0400] "GET /eliza/Eliza/KeyList.class HTTP/1.1" 200 1722 "-" "Mozilla/4.0 (Windows Vista 6.1) Java/1.6.0_13"
77.248.53.34 - - [07/Apr/2009:06:16:02 -0400] "GET /eliza/Eliza/SynList.class HTTP/1.1" 200 2103 "-" "Mozilla/4.0 (Windows Vista 6.1) Java/1.6.0_13"
77.248.53.34 - - [07/Apr/2009:06:16:02 -0400] "GET /eliza/Eliza/WordList.class HTTP/1.1" 200 1243 "-" "Mozilla/4.0 (Windows Vista 6.1) Java/1.6.0_13"
77.248.53.34 - - [07/Apr/2009:06:16:02 -0400] "GET /eliza/Eliza/PrePostList.class HTTP/1.1" 200 1674 "-" "Mozilla/4.0 (Windows Vista 6.1) Java/1.6.0_13"
77.248.53.34 - - [07/Apr/2009:06:16:03 -0400] "GET /eliza/Eliza/KeyStack.class HTTP/1.1" 200 1507 "-" "Mozilla/4.0 (Windows Vista 6.1) Java/1.6.0_13"
77.248.53.34 - - [07/Apr/2009:06:16:03 -0400] "GET /eliza/Eliza/Key.class HTTP/1.1" 200 1702 "-" "Mozilla/4.0 (Windows Vista 6.1) Java/1.6.0_13"
77.248.53.34 - - [07/Apr/2009:06:16:03 -0400] "GET /eliza/Eliza/Mem.class HTTP/1.1" 200 850 "-" "Mozilla/4.0 (Windows Vista 6.1) Java/1.6.0_13"
77.248.53.34 - - [07/Apr/2009:06:16:04 -0400] "GET /eliza/script HTTP/1.1" 200 12267 "-" "Mozilla/4.0 (Windows Vista 6.1) Java/1.6.0_13"
77.248.53.34 - - [07/Apr/2009:06:16:04 -0400] "GET /eliza/Eliza/EString.class HTTP/1.1" 200 3849 "-" "Mozilla/4.0 (Windows Vista 6.1) Java/1.6.0_13"
77.248.53.34 - - [07/Apr/2009:06:16:05 -0400] "GET /eliza/Eliza/PrePost.class HTTP/1.1" 200 1073 "-" "Mozilla/4.0 (Windows Vista 6.1) Java/1.6.0_13"
77.248.53.34 - - [07/Apr/2009:06:16:05 -0400] "GET /eliza/Eliza/ReasembList.class HTTP/1.1" 200 1102 "-" "Mozilla/4.0 (Windows Vista 6.1) Java/1.6.0_13"
77.248.53.34 - - [07/Apr/2009:06:16:05 -0400] "GET /eliza/Eliza/Decomp.class HTTP/1.1" 200 1727 "-" "Mozilla/4.0 (Windows Vista 6.1) Java/1.6.0_13"
83.8.247.149 - - [07/Apr/2009:06:18:12 -0400] "GET /eliza/Eliza/Eliza.class HTTP/1.1" 304 - "-" "Mozilla/4.0 (Windows XP 5.1) Java/1.6.0_07"
86.143.198.134 - - [07/Apr/2009:06:18:59 -0400] "GET /eliza/Eliza.html HTTP/1.1" 200 5488 "http://en.wikipedia.org/wiki/ELIZA" "Mozilla/5.0 (Macintosh; U; Intel Mac OS X; en-US; rv:1.8.1.20) Gecko/20081217 Firefox/2.0.0.20"
86.143.198.134 - - [07/Apr/2009:06:19:05 -0400] "GET /eliza/Eliza/Eliza.class HTTP/1.1" 200 2434 "-" "Mozilla/4.0 (Mac OS X 10.5.6) Java/1.5.0_16"
86.143.198.134 - - [07/Apr/2009:06:19:06 -0400] "GET /eliza/Eliza/ElizaMain.class HTTP/1.1" 200 9260 "-" "Mozilla/4.0 (Mac OS X 10.5.6) Java/1.5.0_16"
86.143.198.134 - - [07/Apr/2009:06:19:06 -0400] "GET /icons/back.gif HTTP/1.1" 200 216 "http://www.chayden.net/eliza/Eliza.html" "Mozilla/5.0 (Macintosh; U; Intel Mac OS X; en-US; rv:1.8.1.20) Gecko/20081217 Firefox/2.0.0.20"
86.143.198.134 - - [07/Apr/2009:06:19:06 -0400] "GET /eliza/Eliza/DecompList.class HTTP/1.1" 200 877 "-" "Mozilla/4.0 (Mac OS X 10.5.6) Java/1.5.0_16"
86.143.198.134 - - [07/Apr/2009:06:19:07 -0400] "GET /eliza/Eliza/KeyList.class HTTP/1.1" 200 1722 "-" "Mozilla/4.0 (Mac OS X 10.5.6) Java/1.5.0_16"
86.143.198.134 - - [07/Apr/2009:06:19:07 -0400] "GET /eliza/Eliza/SynList.class HTTP/1.1" 200 2103 "-" "Mozilla/4.0 (Mac OS X 10.5.6) Java/1.5.0_16"
86.143.198.134 - - [07/Apr/2009:06:19:09 -0400] "GET /eliza/Eliza/WordList.class HTTP/1.1" 200 1243 "-" "Mozilla/4.0 (Mac OS X 10.5.6) Java/1.5.0_16"
86.143.198.134 - - [07/Apr/2009:06:19:10 -0400] "GET /favicon.ico HTTP/1.1" 404 292 "-" "Mozilla/5.0 (Macintosh; U; Intel Mac OS X; en-US; rv:1.8.1.20) Gecko/20081217 Firefox/2.0.0.20"
86.143.198.134 - - [07/Apr/2009:06:19:10 -0400] "GET /eliza/Eliza/PrePostList.class HTTP/1.1" 200 1674 "-" "Mozilla/4.0 (Mac OS X 10.5.6) Java/1.5.0_16"
86.143.198.134 - - [07/Apr/2009:06:19:10 -0400] "GET /favicon.ico HTTP/1.1" 404 292 "-" "Mozilla/5.0 (Macintosh; U; Intel Mac OS X; en-US; rv:1.8.1.20) Gecko/20081217 Firefox/2.0.0.20"
86.143.198.134 - - [07/Apr/2009:06:19:10 -0400] "GET /eliza/Eliza/KeyStack.class HTTP/1.1" 200 1507 "-" "Mozilla/4.0 (Mac OS X 10.5.6) Java/1.5.0_16"
86.143.198.134 - - [07/Apr/2009:06:19:11 -0400] "GET /eliza/Eliza/Key.class HTTP/1.1" 200 1702 "-" "Mozilla/4.0 (Mac OS X 10.5.6) Java/1.5.0_16"
86.143.198.134 - - [07/Apr/2009:06:19:11 -0400] "GET /eliza/Eliza/Mem.class HTTP/1.1" 200 850 "-" "Mozilla/4.0 (Mac OS X 10.5.6) Java/1.5.0_16"
86.143.198.134 - - [07/Apr/2009:06:19:12 -0400] "GET /eliza/script HTTP/1.1" 200 12267 "-" "Mozilla/4.0 (Mac OS X 10.5.6) Java/1.5.0_16"
86.143.198.134 - - [07/Apr/2009:06:19:13 -0400] "GET /eliza/Eliza/EString.class HTTP/1.1" 200 3849 "-" "Mozilla/4.0 (Mac OS X 10.5.6) Java/1.5.0_16"
86.143.198.134 - - [07/Apr/2009:06:19:13 -0400] "GET /eliza/Eliza/PrePost.class HTTP/1.1" 200 1073 "-" "Mozilla/4.0 (Mac OS X 10.5.6) Java/1.5.0_16"
86.143.198.134 - - [07/Apr/2009:06:19:14 -0400] "GET /eliza/Eliza/ReasembList.class HTTP/1.1" 200 1102 "-" "Mozilla/4.0 (Mac OS X 10.5.6) Java/1.5.0_16"
86.143.198.134 - - [07/Apr/2009:06:19:14 -0400] "GET /eliza/Eliza/Decomp.class HTTP/1.1" 200 1727 "-" "Mozilla/4.0 (Mac OS X 10.5.6) Java/1.5.0_16"
41.229.48.116 - - [07/Apr/2009:06:19:30 -0400] "GET /Asterisk/SeUpAsteriskAtHome.htm HTTP/1.1" 304 - "http://www.google.fr/search?hl=fr&q=ADD+SIP+TRUNK+&meta=&aq=f&oq=&rlz=1W1SKPB_fr" "Mozilla/4.0 (compatible; MSIE 6.0; Windows NT 5.1; SV1; GTB5; .NET CLR 1.1.4322)"
41.229.48.116 - - [07/Apr/2009:06:19:35 -0400] "GET /Asterisk/SeUpAsteriskAtHome_files/image001.gif HTTP/1.1" 304 - "-" "Mozilla/4.0 (compatible; MSIE 6.0; Windows NT 5.1; SV1; GTB5; .NET CLR 1.1.4322)"
41.229.48.116 - - [07/Apr/2009:06:19:35 -0400] "GET /Asterisk/SeUpAsteriskAtHome_files/image001.gif HTTP/1.1" 304 - "http://www.chayden.net/Asterisk/SeUpAsteriskAtHome.htm" "Mozilla/4.0 (compatible; MSIE 6.0; Windows NT 5.1; SV1; GTB5; .NET CLR 1.1.4322)"
41.229.48.116 - - [07/Apr/2009:06:19:39 -0400] "GET /Asterisk/SeUpAsteriskAtHome_files/image002.png HTTP/1.1" 304 - "-" "Mozilla/4.0 (compatible; MSIE 6.0; Windows NT 5.1; SV1; GTB5; .NET CLR 1.1.4322)"
41.229.48.116 - - [07/Apr/2009:06:19:39 -0400] "GET /Asterisk/SeUpAsteriskAtHome_files/image004.gif HTTP/1.1" 304 - "-" "Mozilla/4.0 (compatible; MSIE 6.0; Windows NT 5.1; SV1; GTB5; .NET CLR 1.1.4322)"
41.229.48.116 - - [07/Apr/2009:06:19:43 -0400] "GET /Asterisk/SeUpAsteriskAtHome_files/image005.gif HTTP/1.1" 304 - "-" "Mozilla/4.0 (compatible; MSIE 6.0; Windows NT 5.1; SV1; GTB5; .NET CLR 1.1.4322)"
41.229.48.116 - - [07/Apr/2009:06:19:43 -0400] "GET /Asterisk/SeUpAsteriskAtHome_files/image006.gif HTTP/1.1" 304 - "-" "Mozilla/4.0 (compatible; MSIE 6.0; Windows NT 5.1; SV1; GTB5; .NET CLR 1.1.4322)"
77.248.53.34 - - [07/Apr/2009:06:19:44 -0400] "GET /eliza/Eliza.html HTTP/1.1" 304 - "http://alienlovespredator.com/2005/10/10/eliza/" "Mozilla/4.0 (compatible; MSIE 8.0; Windows NT 6.1; Trident/4.0; SLCC2; .NET CLR 2.0.50727; .NET CLR 3.5.30729; .NET CLR 3.0.30729; Media Center PC 6.0; Tablet PC 2.0)"
77.248.53.34 - - [07/Apr/2009:06:19:44 -0400] "GET /icons/back.gif HTTP/1.1" 304 - "http://chayden.net/eliza/Eliza.html" "Mozilla/4.0 (compatible; MSIE 8.0; Windows NT 6.1; Trident/4.0; SLCC2; .NET CLR 2.0.50727; .NET CLR 3.5.30729; .NET CLR 3.0.30729; Media Center PC 6.0; Tablet PC 2.0)"
77.248.53.34 - - [07/Apr/2009:06:19:44 -0400] "GET /eliza/script HTTP/1.1" 200 12267 "-" "Mozilla/4.0 (Windows Vista 6.1) Java/1.6.0_13"
41.229.48.116 - - [07/Apr/2009:06:19:47 -0400] "GET /Asterisk/SeUpAsteriskAtHome_files/image007.gif HTTP/1.1" 304 - "-" "Mozilla/4.0 (compatible; MSIE 6.0; Windows NT 5.1; SV1; GTB5; .NET CLR 1.1.4322)"
41.229.48.116 - - [07/Apr/2009:06:19:47 -0400] "GET /Asterisk/SeUpAsteriskAtHome_files/image008.png HTTP/1.1" 304 - "-" "Mozilla/4.0 (compatible; MSIE 6.0; Windows NT 5.1; SV1; GTB5; .NET CLR 1.1.4322)"
41.229.48.116 - - [07/Apr/2009:06:19:51 -0400] "GET /Asterisk/SeUpAsteriskAtHome_files/image010.png HTTP/1.1" 304 - "-" "Mozilla/4.0 (compatible; MSIE 6.0; Windows NT 5.1; SV1; GTB5; .NET CLR 1.1.4322)"
41.229.48.116 - - [07/Apr/2009:06:19:51 -0400] "GET /Asterisk/SeUpAsteriskAtHome_files/image012.png HTTP/1.1" 304 - "-" "Mozilla/4.0 (compatible; MSIE 6.0; Windows NT 5.1; SV1; GTB5; .NET CLR 1.1.4322)"
77.248.53.34 - - [07/Apr/2009:06:19:53 -0400] "GET /favicon.ico HTTP/1.1" 404 288 "-" "Mozilla/4.0 (compatible; MSIE 8.0; Windows NT 6.1; Trident/4.0; SLCC2; .NET CLR 2.0.50727; .NET CLR 3.5.30729; .NET CLR 3.0.30729; Media Center PC 6.0; Tablet PC 2.0)"
41.229.48.116 - - [07/Apr/2009:06:19:54 -0400] "GET /Asterisk/SeUpAsteriskAtHome_files/image014.png HTTP/1.1" 304 - "-" "Mozilla/4.0 (compatible; MSIE 6.0; Windows NT 5.1; SV1; GTB5; .NET CLR 1.1.4322)"
41.229.48.116 - - [07/Apr/2009:06:19:54 -0400] "GET /Asterisk/SeUpAsteriskAtHome_files/image016.png HTTP/1.1" 304 - "-" "Mozilla/4.0 (compatible; MSIE 6.0; Windows NT 5.1; SV1; GTB5; .NET CLR 1.1.4322)"
41.229.48.116 - - [07/Apr/2009:06:19:57 -0400] "GET /Asterisk/SeUpAsteriskAtHome_files/image018.png HTTP/1.1" 304 - "-" "Mozilla/4.0 (compatible; MSIE 6.0; Windows NT 5.1; SV1; GTB5; .NET CLR 1.1.4322)"
41.229.48.116 - - [07/Apr/2009:06:19:57 -0400] "GET /Asterisk/SeUpAsteriskAtHome_files/image020.gif HTTP/1.1" 304 - "-" "Mozilla/4.0 (compatible; MSIE 6.0; Windows NT 5.1; SV1; GTB5; .NET CLR 1.1.4322)"
41.229.48.116 - - [07/Apr/2009:06:20:00 -0400] "GET /Asterisk/SeUpAsteriskAtHome_files/image021.png HTTP/1.1" 304 - "-" "Mozilla/4.0 (compatible; MSIE 6.0; Windows NT 5.1; SV1; GTB5; .NET CLR 1.1.4322)"
41.229.48.116 - - [07/Apr/2009:06:20:00 -0400] "GET /Asterisk/SeUpAsteriskAtHome_files/image023.png HTTP/1.1" 304 - "-" "Mozilla/4.0 (compatible; MSIE 6.0; Windows NT 5.1; SV1; GTB5; .NET CLR 1.1.4322)"
41.229.48.116 - - [07/Apr/2009:06:20:02 -0400] "GET /Asterisk/SeUpAsteriskAtHome_files/image027.jpg HTTP/1.1" 304 - "-" "Mozilla/4.0 (compatible; MSIE 6.0; Windows NT 5.1; SV1; GTB5; .NET CLR 1.1.4322)"
41.229.48.116 - - [07/Apr/2009:06:20:02 -0400] "GET /Asterisk/SeUpAsteriskAtHome_files/image025.png HTTP/1.1" 304 - "-" "Mozilla/4.0 (compatible; MSIE 6.0; Windows NT 5.1; SV1; GTB5; .NET CLR 1.1.4322)"
41.229.48.116 - - [07/Apr/2009:06:20:05 -0400] "GET /Asterisk/SeUpAsteriskAtHome_files/image028.jpg HTTP/1.1" 304 - "-" "Mozilla/4.0 (compatible; MSIE 6.0; Windows NT 5.1; SV1; GTB5; .NET CLR 1.1.4322)"
41.229.48.116 - - [07/Apr/2009:06:20:05 -0400] "GET /Asterisk/SeUpAsteriskAtHome_files/image030.jpg HTTP/1.1" 304 - "-" "Mozilla/4.0 (compatible; MSIE 6.0; Windows NT 5.1; SV1; GTB5; .NET CLR 1.1.4322)"
41.229.48.116 - - [07/Apr/2009:06:20:08 -0400] "GET /Asterisk/SeUpAsteriskAtHome_files/image032.jpg HTTP/1.1" 304 - "-" "Mozilla/4.0 (compatible; MSIE 6.0; Windows NT 5.1; SV1; GTB5; .NET CLR 1.1.4322)"
41.229.48.116 - - [07/Apr/2009:06:20:08 -0400] "GET /Asterisk/SeUpAsteriskAtHome_files/image034.jpg HTTP/1.1" 304 - "-" "Mozilla/4.0 (compatible; MSIE 6.0; Windows NT 5.1; SV1; GTB5; .NET CLR 1.1.4322)"
41.229.48.116 - - [07/Apr/2009:06:20:11 -0400] "GET /Asterisk/SeUpAsteriskAtHome_files/image036.png HTTP/1.1" 304 - "-" "Mozilla/4.0 (compatible; MSIE 6.0; Windows NT 5.1; SV1; GTB5; .NET CLR 1.1.4322)"
41.229.48.116 - - [07/Apr/2009:06:20:11 -0400] "GET /Asterisk/SeUpAsteriskAtHome_files/image038.jpg HTTP/1.1" 304 - "-" "Mozilla/4.0 (compatible; MSIE 6.0; Windows NT 5.1; SV1; GTB5; .NET CLR 1.1.4322)"
41.229.48.116 - - [07/Apr/2009:06:20:14 -0400] "GET /Asterisk/SeUpAsteriskAtHome_files/image040.jpg HTTP/1.1" 304 - "-" "Mozilla/4.0 (compatible; MSIE 6.0; Windows NT 5.1; SV1; GTB5; .NET CLR 1.1.4322)"
41.229.48.116 - - [07/Apr/2009:06:20:14 -0400] "GET /Asterisk/SeUpAsteriskAtHome_files/image042.jpg HTTP/1.1" 304 - "-" "Mozilla/4.0 (compatible; MSIE 6.0; Windows NT 5.1; SV1; GTB5; .NET CLR 1.1.4322)"
41.229.48.116 - - [07/Apr/2009:06:20:18 -0400] "GET /Asterisk/SeUpAsteriskAtHome_files/image044.jpg HTTP/1.1" 304 - "-" "Mozilla/4.0 (compatible; MSIE 6.0; Windows NT 5.1; SV1; GTB5; .NET CLR 1.1.4322)"
41.229.48.116 - - [07/Apr/2009:06:20:18 -0400] "GET /Asterisk/SeUpAsteriskAtHome_files/image045.png HTTP/1.1" 304 - "-" "Mozilla/4.0 (compatible; MSIE 6.0; Windows NT 5.1; SV1; GTB5; .NET CLR 1.1.4322)"
41.229.48.116 - - [07/Apr/2009:06:20:21 -0400] "GET /Asterisk/SeUpAsteriskAtHome_files/image003.jpg HTTP/1.1" 304 - "http://www.chayden.net/Asterisk/SeUpAsteriskAtHome.htm" "Mozilla/4.0 (compatible; MSIE 6.0; Windows NT 5.1; SV1; GTB5; .NET CLR 1.1.4322)"
41.229.48.116 - - [07/Apr/2009:06:20:21 -0400] "GET /Asterisk/SeUpAsteriskAtHome_files/image004.gif HTTP/1.1" 304 - "http://www.chayden.net/Asterisk/SeUpAsteriskAtHome.htm" "Mozilla/4.0 (compatible; MSIE 6.0; Windows NT 5.1; SV1; GTB5; .NET CLR 1.1.4322)"
41.229.48.116 - - [07/Apr/2009:06:20:25 -0400] "GET /Asterisk/SeUpAsteriskAtHome_files/image005.gif HTTP/1.1" 304 - "http://www.chayden.net/Asterisk/SeUpAsteriskAtHome.htm" "Mozilla/4.0 (compatible; MSIE 6.0; Windows NT 5.1; SV1; GTB5; .NET CLR 1.1.4322)"
74.6.22.155 - - [07/Apr/2009:06:20:25 -0400] "GET /Sierra90/Sierra90.html HTTP/1.0" 200 34906 "-" "Mozilla/5.0 (compatible; Yahoo! Slurp/3.0; http://help.yahoo.com/help/us/ysearch/slurp)"
41.229.48.116 - - [07/Apr/2009:06:20:25 -0400] "GET /Asterisk/SeUpAsteriskAtHome_files/image006.gif HTTP/1.1" 304 - "http://www.chayden.net/Asterisk/SeUpAsteriskAtHome.htm" "Mozilla/4.0 (compatible; MSIE 6.0; Windows NT 5.1; SV1; GTB5; .NET CLR 1.1.4322)"
74.6.22.155 - - [07/Apr/2009:06:20:26 -0400] "GET /includes/hikes.css HTTP/1.0" 304 - "http://chayden.net/Sierra90/Sierra90.html" "Mozilla/5.0 (compatible; Yahoo! Slurp/3.0; http://help.yahoo.com/help/us/ysearch/slurp)"
41.229.48.116 - - [07/Apr/2009:06:20:28 -0400] "GET /Asterisk/SeUpAsteriskAtHome_files/image007.gif HTTP/1.1" 304 - "http://www.chayden.net/Asterisk/SeUpAsteriskAtHome.htm" "Mozilla/4.0 (compatible; MSIE 6.0; Windows NT 5.1; SV1; GTB5; .NET CLR 1.1.4322)"
41.229.48.116 - - [07/Apr/2009:06:20:28 -0400] "GET /Asterisk/SeUpAsteriskAtHome_files/image009.jpg HTTP/1.1" 304 - "http://www.chayden.net/Asterisk/SeUpAsteriskAtHome.htm" "Mozilla/4.0 (compatible; MSIE 6.0; Windows NT 5.1; SV1; GTB5; .NET CLR 1.1.4322)"
41.229.48.116 - - [07/Apr/2009:06:20:31 -0400] "GET /Asterisk/SeUpAsteriskAtHome_files/image011.jpg HTTP/1.1" 304 - "http://www.chayden.net/Asterisk/SeUpAsteriskAtHome.htm" "Mozilla/4.0 (compatible; MSIE 6.0; Windows NT 5.1; SV1; GTB5; .NET CLR 1.1.4322)"
