71.188.232.99 - - [11/Apr/2009:12:26:28 -0400] "GET /Catskills/EagleBigIndianFir07/index.html HTTP/1.1" 200 10919 "http://chayden.net/Catskills/Catskills.html" "Mozilla/5.0 (Macintosh; U; Intel Mac OS X 10.5; en-US; rv:1.9.0.8) Gecko/2009032608 Firefox/3.0.8"
71.188.232.99 - - [11/Apr/2009:12:26:28 -0400] "GET /Catskills/EagleBigIndianFir07/pics/P2030008.jpg HTTP/1.1" 200 48750 "http://chayden.net/Catskills/EagleBigIndianFir07/index.html" "Mozilla/5.0 (Macintosh; U; Intel Mac OS X 10.5; en-US; rv:1.9.0.8) Gecko/2009032608 Firefox/3.0.8"
71.188.232.99 - - [11/Apr/2009:12:26:28 -0400] "GET /Catskills/EagleBigIndianFir07/pics/P2040046.JPG HTTP/1.1" 200 69820 "http://chayden.net/Catskills/EagleBigIndianFir07/index.html" "Mozilla/5.0 (Macintosh; U; Intel Mac OS X 10.5; en-US; rv:1.9.0.8) Gecko/2009032608 Firefox/3.0.8"
71.188.232.99 - - [11/Apr/2009:12:26:29 -0400] "GET /Catskills/EagleBigIndianFir07/pics/P2030029.JPG HTTP/1.1" 200 53511 "http://chayden.net/Catskills/EagleBigIndianFir07/index.html" "Mozilla/5.0 (Macintosh; U; Intel Mac OS X 10.5; en-US; rv:1.9.0.8) Gecko/2009032608 Firefox/3.0.8"
71.188.232.99 - - [11/Apr/2009:12:26:28 -0400] "GET /Catskills/EagleBigIndianFir07/pics/P2030027.JPG HTTP/1.1" 200 68011 "http://chayden.net/Catskills/EagleBigIndianFir07/index.html" "Mozilla/5.0 (Macintosh; U; Intel Mac OS X 10.5; en-US; rv:1.9.0.8) Gecko/2009032608 Firefox/3.0.8"
71.188.232.99 - - [11/Apr/2009:12:26:28 -0400] "GET /Catskills/EagleBigIndianFir07/pics/P2030020.JPG HTTP/1.1" 200 81621 "http://chayden.net/Catskills/EagleBigIndianFir07/index.html" "Mozilla/5.0 (Macintosh; U; Intel Mac OS X 10.5; en-US; rv:1.9.0.8) Gecko/2009032608 Firefox/3.0.8"
71.188.232.99 - - [11/Apr/2009:12:26:28 -0400] "GET /Catskills/EagleBigIndianFir07/pics/P2030013.JPG HTTP/1.1" 200 76945 "http://chayden.net/Catskills/EagleBigIndianFir07/index.html" "Mozilla/5.0 (Macintosh; U; Intel Mac OS X 10.5; en-US; rv:1.9.0.8) Gecko/2009032608 Firefox/3.0.8"
71.188.232.99 - - [11/Apr/2009:12:26:29 -0400] "GET /Catskills/EagleBigIndianFir07/pics/P2040044.JPG HTTP/1.1" 200 85254 "http://chayden.net/Catskills/EagleBigIndianFir07/index.html" "Mozilla/5.0 (Macintosh; U; Intel Mac OS X 10.5; en-US; rv:1.9.0.8) Gecko/2009032608 Firefox/3.0.8"
71.188.232.99 - - [11/Apr/2009:12:26:28 -0400] "GET /Catskills/EagleBigIndianFir07/EBIF.jpg HTTP/1.1" 200 329842 "http://chayden.net/Catskills/EagleBigIndianFir07/index.html" "Mozilla/5.0 (Macintosh; U; Intel Mac OS X 10.5; en-US; rv:1.9.0.8) Gecko/2009032608 Firefox/3.0.8"
59.96.197.61 - - [11/Apr/2009:12:27:06 -0400] "GET /Asterisk/SeUpAsteriskAtHome_files/image001.gif HTTP/1.1" 200 2324 "http://www.chayden.net/Asterisk/SeUpAsteriskAtHome.htm" "Mozilla/5.0 (Windows; U; Windows NT 5.1; en-US; rv:1.9.0.6) Gecko/2009011913 Firefox/3.0.6"
59.96.197.61 - - [11/Apr/2009:12:27:06 -0400] "GET /Asterisk/SeUpAsteriskAtHome_files/image003.jpg HTTP/1.1" 200 5132 "http://www.chayden.net/Asterisk/SeUpAsteriskAtHome.htm" "Mozilla/5.0 (Windows; U; Windows NT 5.1; en-US; rv:1.9.0.6) Gecko/2009011913 Firefox/3.0.6"
59.96.197.61 - - [11/Apr/2009:12:27:06 -0400] "GET /Asterisk/SeUpAsteriskAtHome_files/image004.gif HTTP/1.1" 200 6404 "http://www.chayden.net/Asterisk/SeUpAsteriskAtHome.htm" "Mozilla/5.0 (Windows; U; Windows NT 5.1; en-US; rv:1.9.0.6) Gecko/2009011913 Firefox/3.0.6"
59.96.197.61 - - [11/Apr/2009:12:27:06 -0400] "GET /Asterisk/SeUpAsteriskAtHome_files/image005.gif HTTP/1.1" 200 4365 "http://www.chayden.net/Asterisk/SeUpAsteriskAtHome.htm" "Mozilla/5.0 (Windows; U; Windows NT 5.1; en-US; rv:1.9.0.6) Gecko/2009011913 Firefox/3.0.6"
59.96.197.61 - - [11/Apr/2009:12:27:06 -0400] "GET /Asterisk/SeUpAsteriskAtHome_files/image007.gif HTTP/1.1" 200 5284 "http://www.chayden.net/Asterisk/SeUpAsteriskAtHome.htm" "Mozilla/5.0 (Windows; U; Windows NT 5.1; en-US; rv:1.9.0.6) Gecko/2009011913 Firefox/3.0.6"
217.54.156.184 - - [11/Apr/2009:12:27:08 -0400] "GET /eliza/Eliza.html HTTP/1.1" 200 5488 "http://www.google.com.eg/search?hl=ar&q=%22ELIZA%22&meta=" "Mozilla/4.0 (compatible; MSIE 8.0; Windows NT 5.1; Trident/4.0)"
59.96.197.61 - - [11/Apr/2009:12:27:08 -0400] "GET /Asterisk/SeUpAsteriskAtHome_files/image017.jpg HTTP/1.1" 200 30515 "http://www.chayden.net/Asterisk/SeUpAsteriskAtHome.htm" "Mozilla/5.0 (Windows; U; Windows NT 5.1; en-US; rv:1.9.0.6) Gecko/2009011913 Firefox/3.0.6"
217.54.156.184 - - [11/Apr/2009:12:27:09 -0400] "GET /icons/back.gif HTTP/1.1" 200 216 "http://chayden.net/eliza/Eliza.html" "Mozilla/4.0 (compatible; MSIE 8.0; Windows NT 5.1; Trident/4.0)"
59.96.197.61 - - [11/Apr/2009:12:27:07 -0400] "GET /Asterisk/SeUpAsteriskAtHome_files/image009.jpg HTTP/1.1" 200 14238 "http://www.chayden.net/Asterisk/SeUpAsteriskAtHome.htm" "Mozilla/5.0 (Windows; U; Windows NT 5.1; en-US; rv:1.9.0.6) Gecko/2009011913 Firefox/3.0.6"
59.96.197.61 - - [11/Apr/2009:12:27:07 -0400] "GET /Asterisk/SeUpAsteriskAtHome_files/image011.jpg HTTP/1.1" 200 13078 "http://www.chayden.net/Asterisk/SeUpAsteriskAtHome.htm" "Mozilla/5.0 (Windows; U; Windows NT 5.1; en-US; rv:1.9.0.6) Gecko/2009011913 Firefox/3.0.6"
59.96.197.61 - - [11/Apr/2009:12:27:06 -0400] "GET /Asterisk/SeUpAsteriskAtHome_files/image006.gif HTTP/1.1" 200 33832 "http://www.chayden.net/Asterisk/SeUpAsteriskAtHome.htm" "Mozilla/5.0 (Windows; U; Windows NT 5.1; en-US; rv:1.9.0.6) Gecko/2009011913 Firefox/3.0.6"
59.96.197.61 - - [11/Apr/2009:12:27:10 -0400] "GET /Asterisk/SeUpAsteriskAtHome_files/image020.gif HTTP/1.1" 200 49946 "http://www.chayden.net/Asterisk/SeUpAsteriskAtHome.htm" "Mozilla/5.0 (Windows; U; Windows NT 5.1; en-US; rv:1.9.0.6) Gecko/2009011913 Firefox/3.0.6"
59.96.197.61 - - [11/Apr/2009:12:27:07 -0400] "GET /Asterisk/SeUpAsteriskAtHome_files/image015.jpg HTTP/1.1" 200 47335 "http://www.chayden.net/Asterisk/SeUpAsteriskAtHome.htm" "Mozilla/5.0 (Windows; U; Windows NT 5.1; en-US; rv:1.9.0.6) Gecko/2009011913 Firefox/3.0.6"
59.96.197.61 - - [11/Apr/2009:12:27:16 -0400] "GET /Asterisk/SeUpAsteriskAtHome_files/image027.jpg HTTP/1.1" 200 8509 "http://www.chayden.net/Asterisk/SeUpAsteriskAtHome.htm" "Mozilla/5.0 (Windows; U; Windows NT 5.1; en-US; rv:1.9.0.6) Gecko/2009011913 Firefox/3.0.6"
59.96.197.61 - - [11/Apr/2009:12:27:18 -0400] "GET /Asterisk/SeUpAsteriskAtHome_files/image035.jpg HTTP/1.1" 200 2759 "http://www.chayden.net/Asterisk/SeUpAsteriskAtHome.htm" "Mozilla/5.0 (Windows; U; Windows NT 5.1; en-US; rv:1.9.0.6) Gecko/2009011913 Firefox/3.0.6"
59.96.197.61 - - [11/Apr/2009:12:27:18 -0400] "GET /Asterisk/SeUpAsteriskAtHome_files/image039.jpg HTTP/1.1" 200 1921 "http://www.chayden.net/Asterisk/SeUpAsteriskAtHome.htm" "Mozilla/5.0 (Windows; U; Windows NT 5.1; en-US; rv:1.9.0.6) Gecko/2009011913 Firefox/3.0.6"
59.96.197.61 - - [11/Apr/2009:12:27:19 -0400] "GET /Asterisk/SeUpAsteriskAtHome_files/image044.jpg HTTP/1.1" 200 6079 "http://www.chayden.net/Asterisk/SeUpAsteriskAtHome.htm" "Mozilla/5.0 (Windows; U; Windows NT 5.1; en-US; rv:1.9.0.6) Gecko/2009011913 Firefox/3.0.6"
59.96.197.61 - - [11/Apr/2009:12:27:07 -0400] "GET /Asterisk/SeUpAsteriskAtHome_files/image013.jpg HTTP/1.1" 200 21296 "http://www.chayden.net/Asterisk/SeUpAsteriskAtHome.htm" "Mozilla/5.0 (Windows; U; Windows NT 5.1; en-US; rv:1.9.0.6) Gecko/2009011913 Firefox/3.0.6"
59.96.197.61 - - [11/Apr/2009:12:27:10 -0400] "GET /Asterisk/SeUpAsteriskAtHome_files/image022.jpg HTTP/1.1" 200 34633 "http://www.chayden.net/Asterisk/SeUpAsteriskAtHome.htm" "Mozilla/5.0 (Windows; U; Windows NT 5.1; en-US; rv:1.9.0.6) Gecko/2009011913 Firefox/3.0.6"
59.96.197.61 - - [11/Apr/2009:12:27:17 -0400] "GET /Asterisk/SeUpAsteriskAtHome_files/image031.jpg HTTP/1.1" 200 30259 "http://www.chayden.net/Asterisk/SeUpAsteriskAtHome.htm" "Mozilla/5.0 (Windows; U; Windows NT 5.1; en-US; rv:1.9.0.6) Gecko/2009011913 Firefox/3.0.6"
59.96.197.61 - - [11/Apr/2009:12:27:17 -0400] "GET /Asterisk/SeUpAsteriskAtHome_files/image029.jpg HTTP/1.1" 200 43404 "http://www.chayden.net/Asterisk/SeUpAsteriskAtHome.htm" "Mozilla/5.0 (Windows; U; Windows NT 5.1; en-US; rv:1.9.0.6) Gecko/2009011913 Firefox/3.0.6"
217.54.156.184 - - [11/Apr/2009:12:27:27 -0400] "GET /favicon.ico HTTP/1.1" 404 288 "-" "Mozilla/4.0 (compatible; MSIE 8.0; Windows NT 5.1; Trident/4.0)"
59.96.197.61 - - [11/Apr/2009:12:27:03 -0400] "GET /Asterisk/SeUpAsteriskAtHome.htm HTTP/1.1" 200 178181 "http://www.google.co.in/search?q=ip+pbx" "Mozilla/5.0 (Windows; U; Windows NT 5.1; en-US; rv:1.9.0.6) Gecko/2009011913 Firefox/3.0.6"
59.96.197.61 - - [11/Apr/2009:12:27:20 -0400] "GET /Asterisk/SeUpAsteriskAtHome_files/image046.jpg HTTP/1.1" 200 35168 "http://www.chayden.net/Asterisk/SeUpAsteriskAtHome.htm" "Mozilla/5.0 (Windows; U; Windows NT 5.1; en-US; rv:1.9.0.6) Gecko/2009011913 Firefox/3.0.6"
59.96.197.61 - - [11/Apr/2009:12:27:18 -0400] "GET /Asterisk/SeUpAsteriskAtHome_files/image037.jpg HTTP/1.1" 200 42221 "http://www.chayden.net/Asterisk/SeUpAsteriskAtHome.htm" "Mozilla/5.0 (Windows; U; Windows NT 5.1; en-US; rv:1.9.0.6) Gecko/2009011913 Firefox/3.0.6"
59.96.197.61 - - [11/Apr/2009:12:27:10 -0400] "GET /Asterisk/SeUpAsteriskAtHome_files/image026.jpg HTTP/1.1" 200 37910 "http://www.chayden.net/Asterisk/SeUpAsteriskAtHome.htm" "Mozilla/5.0 (Windows; U; Windows NT 5.1; en-US; rv:1.9.0.6) Gecko/2009011913 Firefox/3.0.6"
66.249.71.238 - - [11/Apr/2009:12:27:28 -0400] "GET /robots.txt HTTP/1.1" 404 291 "-" "Mozilla/5.0 (compatible; Googlebot/2.1; +http://www.google.com/bot.html)"
66.249.71.238 - - [11/Apr/2009:12:27:28 -0400] "GET /eliza/Eliza/Key.java HTTP/1.1" 304 - "-" "Mozilla/5.0 (compatible; Googlebot/2.1; +http://www.google.com/bot.html)"
59.96.197.61 - - [11/Apr/2009:12:27:19 -0400] "GET /Asterisk/SeUpAsteriskAtHome_files/image041.jpg HTTP/1.1" 200 26765 "http://www.chayden.net/Asterisk/SeUpAsteriskAtHome.htm" "Mozilla/5.0 (Windows; U; Windows NT 5.1; en-US; rv:1.9.0.6) Gecko/2009011913 Firefox/3.0.6"
59.96.197.61 - - [11/Apr/2009:12:27:17 -0400] "GET /Asterisk/SeUpAsteriskAtHome_files/image033.jpg HTTP/1.1" 200 30788 "http://www.chayden.net/Asterisk/SeUpAsteriskAtHome.htm" "Mozilla/5.0 (Windows; U; Windows NT 5.1; en-US; rv:1.9.0.6) Gecko/2009011913 Firefox/3.0.6"
59.96.197.61 - - [11/Apr/2009:12:27:19 -0400] "GET /Asterisk/SeUpAsteriskAtHome_files/image043.jpg HTTP/1.1" 200 22658 "http://www.chayden.net/Asterisk/SeUpAsteriskAtHome.htm" "Mozilla/5.0 (Windows; U; Windows NT 5.1; en-US; rv:1.9.0.6) Gecko/2009011913 Firefox/3.0.6"
59.96.197.61 - - [11/Apr/2009:12:27:10 -0400] "GET /Asterisk/SeUpAsteriskAtHome_files/image024.jpg HTTP/1.1" 200 31330 "http://www.chayden.net/Asterisk/SeUpAsteriskAtHome.htm" "Mozilla/5.0 (Windows; U; Windows NT 5.1; en-US; rv:1.9.0.6) Gecko/2009011913 Firefox/3.0.6"
59.96.197.61 - - [11/Apr/2009:12:27:09 -0400] "GET /Asterisk/SeUpAsteriskAtHome_files/image019.jpg HTTP/1.1" 200 39902 "http://www.chayden.net/Asterisk/SeUpAsteriskAtHome.htm" "Mozilla/5.0 (Windows; U; Windows NT 5.1; en-US; rv:1.9.0.6) Gecko/2009011913 Firefox/3.0.6"
59.96.197.61 - - [11/Apr/2009:12:27:42 -0400] "GET /favicon.ico HTTP/1.1" 404 292 "-" "Mozilla/5.0 (Windows; U; Windows NT 5.1; en-US; rv:1.9.0.6) Gecko/2009011913 Firefox/3.0.6"
66.249.71.238 - - [11/Apr/2009:12:27:42 -0400] "GET /Work/Mar98.html HTTP/1.1" 200 1150 "-" "Mozilla/5.0 (compatible; Googlebot/2.1; +http://www.google.com/bot.html)"
158.194.10.41 - - [11/Apr/2009:12:28:34 -0400] "GET /eliza/Eliza.html HTTP/1.1" 200 5488 "http://www.google.com/search?hl=en&q=ELIZA&btnG=Google+Search&aq=f&oq=" "Mozilla/5.0 (Windows; U; Windows NT 5.1; cs; rv:1.8.1.14) Gecko/20080404 Firefox/2.0.0.14"
158.194.10.41 - - [11/Apr/2009:12:28:34 -0400] "GET /icons/back.gif HTTP/1.1" 200 216 "http://chayden.net/eliza/Eliza.html" "Mozilla/5.0 (Windows; U; Windows NT 5.1; cs; rv:1.8.1.14) Gecko/20080404 Firefox/2.0.0.14"
158.194.10.41 - - [11/Apr/2009:12:28:35 -0400] "GET /favicon.ico HTTP/1.1" 404 288 "-" "Mozilla/5.0 (Windows; U; Windows NT 5.1; cs; rv:1.8.1.14) Gecko/20080404 Firefox/2.0.0.14"
75.32.216.97 - - [11/Apr/2009:12:28:44 -0400] "GET /Asterisk/SeUpAsteriskAtHome_files/image001.gif HTTP/1.1" 200 2324 "http://www.chayden.net/Asterisk/SeUpAsteriskAtHome.htm" "Mozilla/5.0 (Windows; U; Windows NT 6.0; en-US; rv:1.9.0.8) Gecko/2009032609 YFF3 Firefox/3.0.8 (.NET CLR 3.5.30729)"
75.32.216.97 - - [11/Apr/2009:12:28:45 -0400] "GET /Asterisk/SeUpAsteriskAtHome_files/image003.jpg HTTP/1.1" 200 5132 "http://www.chayden.net/Asterisk/SeUpAsteriskAtHome.htm" "Mozilla/5.0 (Windows; U; Windows NT 6.0; en-US; rv:1.9.0.8) Gecko/2009032609 YFF3 Firefox/3.0.8 (.NET CLR 3.5.30729)"
75.32.216.97 - - [11/Apr/2009:12:28:45 -0400] "GET /Asterisk/SeUpAsteriskAtHome_files/image004.gif HTTP/1.1" 200 6404 "http://www.chayden.net/Asterisk/SeUpAsteriskAtHome.htm" "Mozilla/5.0 (Windows; U; Windows NT 6.0; en-US; rv:1.9.0.8) Gecko/2009032609 YFF3 Firefox/3.0.8 (.NET CLR 3.5.30729)"
75.32.216.97 - - [11/Apr/2009:12:28:45 -0400] "GET /Asterisk/SeUpAsteriskAtHome_files/image005.gif HTTP/1.1" 200 4365 "http://www.chayden.net/Asterisk/SeUpAsteriskAtHome.htm" "Mozilla/5.0 (Windows; U; Windows NT 6.0; en-US; rv:1.9.0.8) Gecko/2009032609 YFF3 Firefox/3.0.8 (.NET CLR 3.5.30729)"
75.32.216.97 - - [11/Apr/2009:12:28:45 -0400] "GET /Asterisk/SeUpAsteriskAtHome_files/image007.gif HTTP/1.1" 200 5284 "http://www.chayden.net/Asterisk/SeUpAsteriskAtHome.htm" "Mozilla/5.0 (Windows; U; Windows NT 6.0; en-US; rv:1.9.0.8) Gecko/2009032609 YFF3 Firefox/3.0.8 (.NET CLR 3.5.30729)"
60.241.98.81 - - [11/Apr/2009:12:28:45 -0400] "GET /Asterisk/SeUpAsteriskAtHome_files/image001.gif HTTP/1.1" 200 2324 "http://www.chayden.net/Asterisk/SeUpAsteriskAtHome.htm" "Mozilla/5.0 (Windows; U; Windows NT 5.1; en-GB; rv:1.9.0.8) Gecko/2009032609 Firefox/3.0.8 (.NET CLR 3.5.30729)"
60.241.98.81 - - [11/Apr/2009:12:28:45 -0400] "GET /Asterisk/SeUpAsteriskAtHome_files/image003.jpg HTTP/1.1" 200 5132 "http://www.chayden.net/Asterisk/SeUpAsteriskAtHome.htm" "Mozilla/5.0 (Windows; U; Windows NT 5.1; en-GB; rv:1.9.0.8) Gecko/2009032609 Firefox/3.0.8 (.NET CLR 3.5.30729)"
75.32.216.97 - - [11/Apr/2009:12:28:45 -0400] "GET /Asterisk/SeUpAsteriskAtHome_files/image009.jpg HTTP/1.1" 200 14238 "http://www.chayden.net/Asterisk/SeUpAsteriskAtHome.htm" "Mozilla/5.0 (Windows; U; Windows NT 6.0; en-US; rv:1.9.0.8) Gecko/2009032609 YFF3 Firefox/3.0.8 (.NET CLR 3.5.30729)"
60.241.98.81 - - [11/Apr/2009:12:28:45 -0400] "GET /Asterisk/SeUpAsteriskAtHome_files/image004.gif HTTP/1.1" 200 6404 "http://www.chayden.net/Asterisk/SeUpAsteriskAtHome.htm" "Mozilla/5.0 (Windows; U; Windows NT 5.1; en-GB; rv:1.9.0.8) Gecko/2009032609 Firefox/3.0.8 (.NET CLR 3.5.30729)"
60.241.98.81 - - [11/Apr/2009:12:28:45 -0400] "GET /Asterisk/SeUpAsteriskAtHome_files/image005.gif HTTP/1.1" 200 4365 "http://www.chayden.net/Asterisk/SeUpAsteriskAtHome.htm" "Mozilla/5.0 (Windows; U; Windows NT 5.1; en-GB; rv:1.9.0.8) Gecko/2009032609 Firefox/3.0.8 (.NET CLR 3.5.30729)"
60.241.98.81 - - [11/Apr/2009:12:28:45 -0400] "GET /Asterisk/SeUpAsteriskAtHome_files/image007.gif HTTP/1.1" 200 5284 "http://www.chayden.net/Asterisk/SeUpAsteriskAtHome.htm" "Mozilla/5.0 (Windows; U; Windows NT 5.1; en-GB; rv:1.9.0.8) Gecko/2009032609 Firefox/3.0.8 (.NET CLR 3.5.30729)"
75.32.216.97 - - [11/Apr/2009:12:28:45 -0400] "GET /Asterisk/SeUpAsteriskAtHome_files/image006.gif HTTP/1.1" 200 33832 "http://www.chayden.net/Asterisk/SeUpAsteriskAtHome.htm" "Mozilla/5.0 (Windows; U; Windows NT 6.0; en-US; rv:1.9.0.8) Gecko/2009032609 YFF3 Firefox/3.0.8 (.NET CLR 3.5.30729)"
75.32.216.97 - - [11/Apr/2009:12:28:45 -0400] "GET /Asterisk/SeUpAsteriskAtHome_files/image011.jpg HTTP/1.1" 200 13078 "http://www.chayden.net/Asterisk/SeUpAsteriskAtHome.htm" "Mozilla/5.0 (Windows; U; Windows NT 6.0; en-US; rv:1.9.0.8) Gecko/2009032609 YFF3 Firefox/3.0.8 (.NET CLR 3.5.30729)"
75.32.216.97 - - [11/Apr/2009:12:28:44 -0400] "GET /Asterisk/SeUpAsteriskAtHome.htm HTTP/1.1" 200 178181 "http://search.yahoo.com/search?ei=UTF-8&fr=yfp-t-305&p=easiest+ip+pbx+setup&SpellState=n-1164362952_q-djw3V7UNdJ.Nd%2FyNVtUiJwAAAA%40%40&fr2=sp-top" "Mozilla/5.0 (Windows; U; Windows NT 6.0; en-US; rv:1.9.0.8) Gecko/2009032609 YFF3 Firefox/3.0.8 (.NET CLR 3.5.30729)"
75.32.216.97 - - [11/Apr/2009:12:28:45 -0400] "GET /Asterisk/SeUpAsteriskAtHome_files/image013.jpg HTTP/1.1" 200 21296 "http://www.chayden.net/Asterisk/SeUpAsteriskAtHome.htm" "Mozilla/5.0 (Windows; U; Windows NT 6.0; en-US; rv:1.9.0.8) Gecko/2009032609 YFF3 Firefox/3.0.8 (.NET CLR 3.5.30729)"
60.241.98.81 - - [11/Apr/2009:12:28:43 -0400] "GET /Asterisk/SeUpAsteriskAtHome.htm HTTP/1.1" 200 178181 "http://www.google.com.au/search?hl=en&client=firefox-a&channel=s&rls=org.mozilla%3Aen-GB%3Aofficial&hs=d00&q=how+do+i+use+asterix+at+home&btnG=Search&meta=" "Mozilla/5.0 (Windows; U; Windows NT 5.1; en-GB; rv:1.9.0.8) Gecko/2009032609 Firefox/3.0.8 (.NET CLR 3.5.30729)"
75.32.216.97 - - [11/Apr/2009:12:28:45 -0400] "GET /Asterisk/SeUpAsteriskAtHome_files/image017.jpg HTTP/1.1" 200 30515 "http://www.chayden.net/Asterisk/SeUpAsteriskAtHome.htm" "Mozilla/5.0 (Windows; U; Windows NT 6.0; en-US; rv:1.9.0.8) Gecko/2009032609 YFF3 Firefox/3.0.8 (.NET CLR 3.5.30729)"
75.32.216.97 - - [11/Apr/2009:12:28:45 -0400] "GET /Asterisk/SeUpAsteriskAtHome_files/image015.jpg HTTP/1.1" 200 47335 "http://www.chayden.net/Asterisk/SeUpAsteriskAtHome.htm" "Mozilla/5.0 (Windows; U; Windows NT 6.0; en-US; rv:1.9.0.8) Gecko/2009032609 YFF3 Firefox/3.0.8 (.NET CLR 3.5.30729)"
75.32.216.97 - - [11/Apr/2009:12:28:46 -0400] "GET /Asterisk/SeUpAsteriskAtHome_files/image027.jpg HTTP/1.1" 200 8509 "http://www.chayden.net/Asterisk/SeUpAsteriskAtHome.htm" "Mozilla/5.0 (Windows; U; Windows NT 6.0; en-US; rv:1.9.0.8) Gecko/2009032609 YFF3 Firefox/3.0.8 (.NET CLR 3.5.30729)"
75.32.216.97 - - [11/Apr/2009:12:28:45 -0400] "GET /Asterisk/SeUpAsteriskAtHome_files/image019.jpg HTTP/1.1" 200 39902 "http://www.chayden.net/Asterisk/SeUpAsteriskAtHome.htm" "Mozilla/5.0 (Windows; U; Windows NT 6.0; en-US; rv:1.9.0.8) Gecko/2009032609 YFF3 Firefox/3.0.8 (.NET CLR 3.5.30729)"
60.241.98.81 - - [11/Apr/2009:12:28:45 -0400] "GET /Asterisk/SeUpAsteriskAtHome_files/image009.jpg HTTP/1.1" 200 14238 "http://www.chayden.net/Asterisk/SeUpAsteriskAtHome.htm" "Mozilla/5.0 (Windows; U; Windows NT 5.1; en-GB; rv:1.9.0.8) Gecko/2009032609 Firefox/3.0.8 (.NET CLR 3.5.30729)"
75.32.216.97 - - [11/Apr/2009:12:28:46 -0400] "GET /Asterisk/SeUpAsteriskAtHome_files/image022.jpg HTTP/1.1" 200 34633 "http://www.chayden.net/Asterisk/SeUpAsteriskAtHome.htm" "Mozilla/5.0 (Windows; U; Windows NT 6.0; en-US; rv:1.9.0.8) Gecko/2009032609 YFF3 Firefox/3.0.8 (.NET CLR 3.5.30729)"
75.32.216.97 - - [11/Apr/2009:12:28:45 -0400] "GET /Asterisk/SeUpAsteriskAtHome_files/image020.gif HTTP/1.1" 200 49946 "http://www.chayden.net/Asterisk/SeUpAsteriskAtHome.htm" "Mozilla/5.0 (Windows; U; Windows NT 6.0; en-US; rv:1.9.0.8) Gecko/2009032609 YFF3 Firefox/3.0.8 (.NET CLR 3.5.30729)"
75.32.216.97 - - [11/Apr/2009:12:28:46 -0400] "GET /Asterisk/SeUpAsteriskAtHome_files/image024.jpg HTTP/1.1" 200 31330 "http://www.chayden.net/Asterisk/SeUpAsteriskAtHome.htm" "Mozilla/5.0 (Windows; U; Windows NT 6.0; en-US; rv:1.9.0.8) Gecko/2009032609 YFF3 Firefox/3.0.8 (.NET CLR 3.5.30729)"
75.32.216.97 - - [11/Apr/2009:12:28:46 -0400] "GET /Asterisk/SeUpAsteriskAtHome_files/image026.jpg HTTP/1.1" 200 37910 "http://www.chayden.net/Asterisk/SeUpAsteriskAtHome.htm" "Mozilla/5.0 (Windows; U; Windows NT 6.0; en-US; rv:1.9.0.8) Gecko/2009032609 YFF3 Firefox/3.0.8 (.NET CLR 3.5.30729)"
60.241.98.81 - - [11/Apr/2009:12:28:46 -0400] "GET /Asterisk/SeUpAsteriskAtHome_files/image011.jpg HTTP/1.1" 200 13078 "http://www.chayden.net/Asterisk/SeUpAsteriskAtHome.htm" "Mozilla/5.0 (Windows; U; Windows NT 5.1; en-GB; rv:1.9.0.8) Gecko/2009032609 Firefox/3.0.8 (.NET CLR 3.5.30729)"
75.32.216.97 - - [11/Apr/2009:12:28:46 -0400] "GET /Asterisk/SeUpAsteriskAtHome_files/image035.jpg HTTP/1.1" 200 2759 "http://www.chayden.net/Asterisk/SeUpAsteriskAtHome.htm" "Mozilla/5.0 (Windows; U; Windows NT 6.0; en-US; rv:1.9.0.8) Gecko/2009032609 YFF3 Firefox/3.0.8 (.NET CLR 3.5.30729)"
60.241.98.81 - - [11/Apr/2009:12:28:45 -0400] "GET /Asterisk/SeUpAsteriskAtHome_files/image006.gif HTTP/1.1" 200 33832 "http://www.chayden.net/Asterisk/SeUpAsteriskAtHome.htm" "Mozilla/5.0 (Windows; U; Windows NT 5.1; en-GB; rv:1.9.0.8) Gecko/2009032609 Firefox/3.0.8 (.NET CLR 3.5.30729)"
75.32.216.97 - - [11/Apr/2009:12:28:46 -0400] "GET /Asterisk/SeUpAsteriskAtHome_files/image039.jpg HTTP/1.1" 200 1921 "http://www.chayden.net/Asterisk/SeUpAsteriskAtHome.htm" "Mozilla/5.0 (Windows; U; Windows NT 6.0; en-US; rv:1.9.0.8) Gecko/2009032609 YFF3 Firefox/3.0.8 (.NET CLR 3.5.30729)"
75.32.216.97 - - [11/Apr/2009:12:28:46 -0400] "GET /Asterisk/SeUpAsteriskAtHome_files/image029.jpg HTTP/1.1" 200 43404 "http://www.chayden.net/Asterisk/SeUpAsteriskAtHome.htm" "Mozilla/5.0 (Windows; U; Windows NT 6.0; en-US; rv:1.9.0.8) Gecko/2009032609 YFF3 Firefox/3.0.8 (.NET CLR 3.5.30729)"
75.32.216.97 - - [11/Apr/2009:12:28:46 -0400] "GET /Asterisk/SeUpAsteriskAtHome_files/image031.jpg HTTP/1.1" 200 30259 "http://www.chayden.net/Asterisk/SeUpAsteriskAtHome.htm" "Mozilla/5.0 (Windows; U; Windows NT 6.0; en-US; rv:1.9.0.8) Gecko/2009032609 YFF3 Firefox/3.0.8 (.NET CLR 3.5.30729)"
75.32.216.97 - - [11/Apr/2009:12:28:46 -0400] "GET /Asterisk/SeUpAsteriskAtHome_files/image033.jpg HTTP/1.1" 200 30788 "http://www.chayden.net/Asterisk/SeUpAsteriskAtHome.htm" "Mozilla/5.0 (Windows; U; Windows NT 6.0; en-US; rv:1.9.0.8) Gecko/2009032609 YFF3 Firefox/3.0.8 (.NET CLR 3.5.30729)"
60.241.98.81 - - [11/Apr/2009:12:28:46 -0400] "GET /Asterisk/SeUpAsteriskAtHome_files/image013.jpg HTTP/1.1" 200 21296 "http://www.chayden.net/Asterisk/SeUpAsteriskAtHome.htm" "Mozilla/5.0 (Windows; U; Windows NT 5.1; en-GB; rv:1.9.0.8) Gecko/2009032609 Firefox/3.0.8 (.NET CLR 3.5.30729)"
75.32.216.97 - - [11/Apr/2009:12:28:46 -0400] "GET /Asterisk/SeUpAsteriskAtHome_files/image037.jpg HTTP/1.1" 200 42221 "http://www.chayden.net/Asterisk/SeUpAsteriskAtHome.htm" "Mozilla/5.0 (Windows; U; Windows NT 6.0; en-US; rv:1.9.0.8) Gecko/2009032609 YFF3 Firefox/3.0.8 (.NET CLR 3.5.30729)"
75.32.216.97 - - [11/Apr/2009:12:28:47 -0400] "GET /Asterisk/SeUpAsteriskAtHome_files/image041.jpg HTTP/1.1" 200 26765 "http://www.chayden.net/Asterisk/SeUpAsteriskAtHome.htm" "Mozilla/5.0 (Windows; U; Windows NT 6.0; en-US; rv:1.9.0.8) Gecko/2009032609 YFF3 Firefox/3.0.8 (.NET CLR 3.5.30729)"
60.241.98.81 - - [11/Apr/2009:12:28:46 -0400] "GET /Asterisk/SeUpAsteriskAtHome_files/image017.jpg HTTP/1.1" 200 30515 "http://www.chayden.net/Asterisk/SeUpAsteriskAtHome.htm" "Mozilla/5.0 (Windows; U; Windows NT 5.1; en-GB; rv:1.9.0.8) Gecko/2009032609 Firefox/3.0.8 (.NET CLR 3.5.30729)"
75.32.216.97 - - [11/Apr/2009:12:28:47 -0400] "GET /Asterisk/SeUpAsteriskAtHome_files/image044.jpg HTTP/1.1" 200 6079 "http://www.chayden.net/Asterisk/SeUpAsteriskAtHome.htm" "Mozilla/5.0 (Windows; U; Windows NT 6.0; en-US; rv:1.9.0.8) Gecko/2009032609 YFF3 Firefox/3.0.8 (.NET CLR 3.5.30729)"
75.32.216.97 - - [11/Apr/2009:12:28:47 -0400] "GET /Asterisk/SeUpAsteriskAtHome_files/image043.jpg HTTP/1.1" 200 22658 "http://www.chayden.net/Asterisk/SeUpAsteriskAtHome.htm" "Mozilla/5.0 (Windows; U; Windows NT 6.0; en-US; rv:1.9.0.8) Gecko/2009032609 YFF3 Firefox/3.0.8 (.NET CLR 3.5.30729)"
60.241.98.81 - - [11/Apr/2009:12:28:46 -0400] "GET /Asterisk/SeUpAsteriskAtHome_files/image015.jpg HTTP/1.1" 200 47335 "http://www.chayden.net/Asterisk/SeUpAsteriskAtHome.htm" "Mozilla/5.0 (Windows; U; Windows NT 5.1; en-GB; rv:1.9.0.8) Gecko/2009032609 Firefox/3.0.8 (.NET CLR 3.5.30729)"
60.241.98.81 - - [11/Apr/2009:12:28:47 -0400] "GET /Asterisk/SeUpAsteriskAtHome_files/image019.jpg HTTP/1.1" 200 39902 "http://www.chayden.net/Asterisk/SeUpAsteriskAtHome.htm" "Mozilla/5.0 (Windows; U; Windows NT 5.1; en-GB; rv:1.9.0.8) Gecko/2009032609 Firefox/3.0.8 (.NET CLR 3.5.30729)"
60.241.98.81 - - [11/Apr/2009:12:28:48 -0400] "GET /Asterisk/SeUpAsteriskAtHome_files/image027.jpg HTTP/1.1" 200 8509 "http://www.chayden.net/Asterisk/SeUpAsteriskAtHome.htm" "Mozilla/5.0 (Windows; U; Windows NT 5.1; en-GB; rv:1.9.0.8) Gecko/2009032609 Firefox/3.0.8 (.NET CLR 3.5.30729)"
60.241.98.81 - - [11/Apr/2009:12:28:47 -0400] "GET /Asterisk/SeUpAsteriskAtHome_files/image020.gif HTTP/1.1" 200 49946 "http://www.chayden.net/Asterisk/SeUpAsteriskAtHome.htm" "Mozilla/5.0 (Windows; U; Windows NT 5.1; en-GB; rv:1.9.0.8) Gecko/2009032609 Firefox/3.0.8 (.NET CLR 3.5.30729)"
60.241.98.81 - - [11/Apr/2009:12:28:47 -0400] "GET /Asterisk/SeUpAsteriskAtHome_files/image022.jpg HTTP/1.1" 200 34633 "http://www.chayden.net/Asterisk/SeUpAsteriskAtHome.htm" "Mozilla/5.0 (Windows; U; Windows NT 5.1; en-GB; rv:1.9.0.8) Gecko/2009032609 Firefox/3.0.8 (.NET CLR 3.5.30729)"
60.241.98.81 - - [11/Apr/2009:12:28:47 -0400] "GET /Asterisk/SeUpAsteriskAtHome_files/image024.jpg HTTP/1.1" 200 31330 "http://www.chayden.net/Asterisk/SeUpAsteriskAtHome.htm" "Mozilla/5.0 (Windows; U; Windows NT 5.1; en-GB; rv:1.9.0.8) Gecko/2009032609 Firefox/3.0.8 (.NET CLR 3.5.30729)"
60.241.98.81 - - [11/Apr/2009:12:28:48 -0400] "GET /Asterisk/SeUpAsteriskAtHome_files/image026.jpg HTTP/1.1" 200 37910 "http://www.chayden.net/Asterisk/SeUpAsteriskAtHome.htm" "Mozilla/5.0 (Windows; U; Windows NT 5.1; en-GB; rv:1.9.0.8) Gecko/2009032609 Firefox/3.0.8 (.NET CLR 3.5.30729)"
60.241.98.81 - - [11/Apr/2009:12:28:49 -0400] "GET /Asterisk/SeUpAsteriskAtHome_files/image035.jpg HTTP/1.1" 200 2759 "http://www.chayden.net/Asterisk/SeUpAsteriskAtHome.htm" "Mozilla/5.0 (Windows; U; Windows NT 5.1; en-GB; rv:1.9.0.8) Gecko/2009032609 Firefox/3.0.8 (.NET CLR 3.5.30729)"
60.241.98.81 - - [11/Apr/2009:12:28:49 -0400] "GET /Asterisk/SeUpAsteriskAtHome_files/image039.jpg HTTP/1.1" 200 1921 "http://www.chayden.net/Asterisk/SeUpAsteriskAtHome.htm" "Mozilla/5.0 (Windows; U; Windows NT 5.1; en-GB; rv:1.9.0.8) Gecko/2009032609 Firefox/3.0.8 (.NET CLR 3.5.30729)"
75.32.216.97 - - [11/Apr/2009:12:28:47 -0400] "GET /Asterisk/SeUpAsteriskAtHome_files/image046.jpg HTTP/1.1" 200 35168 "http://www.chayden.net/Asterisk/SeUpAsteriskAtHome.htm" "Mozilla/5.0 (Windows; U; Windows NT 6.0; en-US; rv:1.9.0.8) Gecko/2009032609 YFF3 Firefox/3.0.8 (.NET CLR 3.5.30729)"
60.241.98.81 - - [11/Apr/2009:12:28:50 -0400] "GET /Asterisk/SeUpAsteriskAtHome_files/image044.jpg HTTP/1.1" 200 6079 "http://www.chayden.net/Asterisk/SeUpAsteriskAtHome.htm" "Mozilla/5.0 (Windows; U; Windows NT 5.1; en-GB; rv:1.9.0.8) Gecko/2009032609 Firefox/3.0.8 (.NET CLR 3.5.30729)"
60.241.98.81 - - [11/Apr/2009:12:28:50 -0400] "GET /Asterisk/SeUpAsteriskAtHome_files/image043.jpg HTTP/1.1" 200 22658 "http://www.chayden.net/Asterisk/SeUpAsteriskAtHome.htm" "Mozilla/5.0 (Windows; U; Windows NT 5.1; en-GB; rv:1.9.0.8) Gecko/2009032609 Firefox/3.0.8 (.NET CLR 3.5.30729)"
60.241.98.81 - - [11/Apr/2009:12:28:49 -0400] "GET /Asterisk/SeUpAsteriskAtHome_files/image033.jpg HTTP/1.1" 200 30788 "http://www.chayden.net/Asterisk/SeUpAsteriskAtHome.htm" "Mozilla/5.0 (Windows; U; Windows NT 5.1; en-GB; rv:1.9.0.8) Gecko/2009032609 Firefox/3.0.8 (.NET CLR 3.5.30729)"
60.241.98.81 - - [11/Apr/2009:12:28:49 -0400] "GET /Asterisk/SeUpAsteriskAtHome_files/image031.jpg HTTP/1.1" 200 30259 "http://www.chayden.net/Asterisk/SeUpAsteriskAtHome.htm" "Mozilla/5.0 (Windows; U; Windows NT 5.1; en-GB; rv:1.9.0.8) Gecko/2009032609 Firefox/3.0.8 (.NET CLR 3.5.30729)"
60.241.98.81 - - [11/Apr/2009:12:28:48 -0400] "GET /Asterisk/SeUpAsteriskAtHome_files/image029.jpg HTTP/1.1" 200 43404 "http://www.chayden.net/Asterisk/SeUpAsteriskAtHome.htm" "Mozilla/5.0 (Windows; U; Windows NT 5.1; en-GB; rv:1.9.0.8) Gecko/2009032609 Firefox/3.0.8 (.NET CLR 3.5.30729)"
75.32.216.97 - - [11/Apr/2009:12:28:52 -0400] "GET /favicon.ico HTTP/1.1" 404 292 "-" "Mozilla/5.0 (Windows; U; Windows NT 6.0; en-US; rv:1.9.0.8) Gecko/2009032609 YFF3 Firefox/3.0.8 (.NET CLR 3.5.30729)"
60.241.98.81 - - [11/Apr/2009:12:28:49 -0400] "GET /Asterisk/SeUpAsteriskAtHome_files/image037.jpg HTTP/1.1" 200 42221 "http://www.chayden.net/Asterisk/SeUpAsteriskAtHome.htm" "Mozilla/5.0 (Windows; U; Windows NT 5.1; en-GB; rv:1.9.0.8) Gecko/2009032609 Firefox/3.0.8 (.NET CLR 3.5.30729)"
88.131.106.9 - - [11/Apr/2009:12:28:53 -0400] "GET /robots.txt HTTP/1.0" 404 287 "-" "Speedy Spider (http://www.entireweb.com/about/search_tech/speedy_spider/)"
60.241.98.81 - - [11/Apr/2009:12:28:50 -0400] "GET /Asterisk/SeUpAsteriskAtHome_files/image041.jpg HTTP/1.1" 200 26765 "http://www.chayden.net/Asterisk/SeUpAsteriskAtHome.htm" "Mozilla/5.0 (Windows; U; Windows NT 5.1; en-GB; rv:1.9.0.8) Gecko/2009032609 Firefox/3.0.8 (.NET CLR 3.5.30729)"
88.131.106.9 - - [11/Apr/2009:12:28:54 -0400] "GET /Work/Mar98.html HTTP/1.0" 200 1150 "-" "Speedy Spider (http://www.entireweb.com/about/search_tech/speedy_spider/)"
60.241.98.81 - - [11/Apr/2009:12:28:51 -0400] "GET /Asterisk/SeUpAsteriskAtHome_files/image046.jpg HTTP/1.1" 200 35168 "http://www.chayden.net/Asterisk/SeUpAsteriskAtHome.htm" "Mozilla/5.0 (Windows; U; Windows NT 5.1; en-GB; rv:1.9.0.8) Gecko/2009032609 Firefox/3.0.8 (.NET CLR 3.5.30729)"
60.241.98.81 - - [11/Apr/2009:12:28:54 -0400] "GET /favicon.ico HTTP/1.1" 404 292 "-" "Mozilla/5.0 (Windows; U; Windows NT 5.1; en-GB; rv:1.9.0.8) Gecko/2009032609 Firefox/3.0.8 (.NET CLR 3.5.30729)"
60.241.98.81 - - [11/Apr/2009:12:28:57 -0400] "GET /favicon.ico HTTP/1.1" 404 292 "-" "Mozilla/5.0 (Windows; U; Windows NT 5.1; en-GB; rv:1.9.0.8) Gecko/2009032609 Firefox/3.0.8 (.NET CLR 3.5.30729)"
75.32.216.97 - - [11/Apr/2009:12:28:58 -0400] "GET /favicon.ico HTTP/1.1" 404 292 "-" "Mozilla/5.0 (Windows; U; Windows NT 6.0; en-US; rv:1.9.0.8) Gecko/2009032609 YFF3 Firefox/3.0.8 (.NET CLR 3.5.30729)"
88.131.106.9 - - [11/Apr/2009:12:29:11 -0400] "GET /Misc/DrivingToWork.html HTTP/1.0" 200 7123 "-" "Speedy Spider (http://www.entireweb.com/about/search_tech/speedy_spider/)"
59.96.197.61 - - [11/Apr/2009:12:29:32 -0400] "GET /favicon.ico HTTP/1.1" 404 292 "-" "Mozilla/5.0 (Windows; U; Windows NT 5.1; en-US; rv:1.9.0.6) Gecko/2009011913 Firefox/3.0.6"
98.116.37.169 - - [11/Apr/2009:12:29:51 -0400] "GET /Asterisk/favicon.ico HTTP/1.1" 404 297 "-" "Mozilla/4.0 (compatible; GoogleToolbar 5.0.2124.6042; Windows XP 5.1; MSIE 7.0.5730.13)"
98.116.37.169 - - [11/Apr/2009:12:29:52 -0400] "GET /Asterisk/favicon.gif HTTP/1.1" 404 297 "-" "Mozilla/4.0 (compatible; GoogleToolbar 5.0.2124.6042; Windows XP 5.1; MSIE 7.0.5730.13)"
158.194.10.41 - - [11/Apr/2009:12:31:36 -0400] "GET /favicon.ico HTTP/1.1" 404 288 "-" "Mozilla/5.0 (Windows; U; Windows NT 5.1; cs; rv:1.8.1.14) Gecko/20080404 Firefox/2.0.0.14"
74.6.22.107 - - [11/Apr/2009:12:32:29 -0400] "GET /robots.txt HTTP/1.0" 404 291 "-" "Mozilla/5.0 (compatible; Yahoo! Slurp; http://help.yahoo.com/help/us/ysearch/slurp)"
74.6.22.107 - - [11/Apr/2009:12:32:29 -0400] "GET /Catskills/TPO/Catskill-Trails.tpo HTTP/1.0" 200 109960 "-" "Mozilla/5.0 (compatible; Yahoo! Slurp/3.0; http://help.yahoo.com/help/us/ysearch/slurp)"
74.6.22.107 - - [11/Apr/2009:12:33:43 -0400] "GET /AerialPhotos/?S=A HTTP/1.0" 200 935 "-" "Mozilla/5.0 (compatible; Yahoo! Slurp/3.0; http://help.yahoo.com/help/us/ysearch/slurp)"
74.6.22.160 - - [11/Apr/2009:12:33:49 -0400] "GET /Catskills/WinterWeekend2005/index.html HTTP/1.0" 200 7830 "-" "Mozilla/5.0 (compatible; Yahoo! Slurp/3.0; http://help.yahoo.com/help/us/ysearch/slurp)"
24.130.148.212 - - [11/Apr/2009:12:34:44 -0400] "GET /includes/hikes.css HTTP/1.1" 200 306 "http://chayden.net/Sierra90/Sierra90.html" "Mozilla/4.0 (compatible; MSIE 6.0; Windows NT 5.0; PeoplePal 3.0)"
24.130.148.212 - - [11/Apr/2009:12:34:44 -0400] "GET /Sierra90/Sierra90.html HTTP/1.1" 200 34906 "http://search.yahoo.com/search;_ylt=A0oGkkyQxuBJoQsBSZyl87UF?p=%22mt+hutchings%22&fr=yfp-t-501&fr2=sfp&iscqry=" "Mozilla/4.0 (compatible; MSIE 6.0; Windows NT 5.0; PeoplePal 3.0)"
24.130.148.212 - - [11/Apr/2009:12:34:44 -0400] "GET /Sierra90/marion-back.gif HTTP/1.1" 200 5810 "http://chayden.net/Sierra90/Sierra90.html" "Mozilla/4.0 (compatible; MSIE 6.0; Windows NT 5.0; PeoplePal 3.0)"
24.130.148.212 - - [11/Apr/2009:12:34:45 -0400] "GET /Sierra90/pic/Sierra90-M1.gif HTTP/1.1" 200 113500 "http://chayden.net/Sierra90/Sierra90.html" "Mozilla/4.0 (compatible; MSIE 6.0; Windows NT 5.0; PeoplePal 3.0)"
24.130.148.212 - - [11/Apr/2009:12:34:45 -0400] "GET /Sierra90/pic/s90-1-23.jpg HTTP/1.1" 200 101643 "http://chayden.net/Sierra90/Sierra90.html" "Mozilla/4.0 (compatible; MSIE 6.0; Windows NT 5.0; PeoplePal 3.0)"
24.130.148.212 - - [11/Apr/2009:12:34:47 -0400] "GET /Sierra90/pic/s90-2-01.jpg HTTP/1.1" 200 92389 "http://chayden.net/Sierra90/Sierra90.html" "Mozilla/4.0 (compatible; MSIE 6.0; Windows NT 5.0; PeoplePal 3.0)"
24.130.148.212 - - [11/Apr/2009:12:34:47 -0400] "GET /Sierra90/pic/s90-2-02.jpg HTTP/1.1" 200 110488 "http://chayden.net/Sierra90/Sierra90.html" "Mozilla/4.0 (compatible; MSIE 6.0; Windows NT 5.0; PeoplePal 3.0)"
24.130.148.212 - - [11/Apr/2009:12:34:49 -0400] "GET /Sierra90/pic/s90-2-10.jpg HTTP/1.1" 200 106338 "http://chayden.net/Sierra90/Sierra90.html" "Mozilla/4.0 (compatible; MSIE 6.0; Windows NT 5.0; PeoplePal 3.0)"
24.130.148.212 - - [11/Apr/2009:12:34:48 -0400] "GET /Sierra90/pic/Sierra90-M2.gif HTTP/1.1" 200 270266 "http://chayden.net/Sierra90/Sierra90.html" "Mozilla/4.0 (compatible; MSIE 6.0; Windows NT 5.0; PeoplePal 3.0)"
24.130.148.212 - - [11/Apr/2009:12:34:50 -0400] "GET /Sierra90/pic/s90-2-13.jpg HTTP/1.1" 200 115821 "http://chayden.net/Sierra90/Sierra90.html" "Mozilla/4.0 (compatible; MSIE 6.0; Windows NT 5.0; PeoplePal 3.0)"
24.130.148.212 - - [11/Apr/2009:12:34:51 -0400] "GET /Sierra90/pic/s90-2-15.jpg HTTP/1.1" 200 84092 "http://chayden.net/Sierra90/Sierra90.html" "Mozilla/4.0 (compatible; MSIE 6.0; Windows NT 5.0; PeoplePal 3.0)"
24.130.148.212 - - [11/Apr/2009:12:34:51 -0400] "GET /Sierra90/pic/s90-2-17.jpg HTTP/1.1" 200 110912 "http://chayden.net/Sierra90/Sierra90.html" "Mozilla/4.0 (compatible; MSIE 6.0; Windows NT 5.0; PeoplePal 3.0)"
24.130.148.212 - - [11/Apr/2009:12:34:52 -0400] "GET /Sierra90/pic/s90-2-20.jpg HTTP/1.1" 200 97417 "http://chayden.net/Sierra90/Sierra90.html" "Mozilla/4.0 (compatible; MSIE 6.0; Windows NT 5.0; PeoplePal 3.0)"
24.130.148.212 - - [11/Apr/2009:12:34:52 -0400] "GET /Sierra90/pic/Sierra90-M4.gif HTTP/1.1" 200 195204 "http://chayden.net/Sierra90/Sierra90.html" "Mozilla/4.0 (compatible; MSIE 6.0; Windows NT 5.0; PeoplePal 3.0)"
24.130.148.212 - - [11/Apr/2009:12:34:53 -0400] "GET /Sierra90/pic/s90-2-24.jpg HTTP/1.1" 200 118492 "http://chayden.net/Sierra90/Sierra90.html" "Mozilla/4.0 (compatible; MSIE 6.0; Windows NT 5.0; PeoplePal 3.0)"
24.130.148.212 - - [11/Apr/2009:12:34:54 -0400] "GET /Sierra90/pic/s90-3-02.jpg HTTP/1.1" 200 110796 "http://chayden.net/Sierra90/Sierra90.html" "Mozilla/4.0 (compatible; MSIE 6.0; Windows NT 5.0; PeoplePal 3.0)"
24.130.148.212 - - [11/Apr/2009:12:34:54 -0400] "GET /Sierra90/pic/Sierra90-M5.gif HTTP/1.1" 200 198295 "http://chayden.net/Sierra90/Sierra90.html" "Mozilla/4.0 (compatible; MSIE 6.0; Windows NT 5.0; PeoplePal 3.0)"
24.130.148.212 - - [11/Apr/2009:12:34:56 -0400] "GET /Sierra90/pic/s90-3-08.jpg HTTP/1.1" 200 69609 "http://chayden.net/Sierra90/Sierra90.html" "Mozilla/4.0 (compatible; MSIE 6.0; Windows NT 5.0; PeoplePal 3.0)"
24.130.148.212 - - [11/Apr/2009:12:34:56 -0400] "GET /Sierra90/pic/s90-3-09.jpg HTTP/1.1" 200 62261 "http://chayden.net/Sierra90/Sierra90.html" "Mozilla/4.0 (compatible; MSIE 6.0; Windows NT 5.0; PeoplePal 3.0)"
24.130.148.212 - - [11/Apr/2009:12:34:57 -0400] "GET /Sierra90/pic/s90-3-19.jpg HTTP/1.1" 200 69615 "http://chayden.net/Sierra90/Sierra90.html" "Mozilla/4.0 (compatible; MSIE 6.0; Windows NT 5.0; PeoplePal 3.0)"
24.130.148.212 - - [11/Apr/2009:12:34:57 -0400] "GET /Sierra90/pic/s90-3-11.jpg HTTP/1.1" 200 95601 "http://chayden.net/Sierra90/Sierra90.html" "Mozilla/4.0 (compatible; MSIE 6.0; Windows NT 5.0; PeoplePal 3.0)"
24.130.148.212 - - [11/Apr/2009:12:34:58 -0400] "GET /Sierra90/pic/s90-3-23.jpg HTTP/1.1" 200 98358 "http://chayden.net/Sierra90/Sierra90.html" "Mozilla/4.0 (compatible; MSIE 6.0; Windows NT 5.0; PeoplePal 3.0)"
24.130.148.212 - - [11/Apr/2009:12:34:59 -0400] "GET /Sierra90/pic/Sierra90-M6.gif HTTP/1.1" 200 111349 "http://chayden.net/Sierra90/Sierra90.html" "Mozilla/4.0 (compatible; MSIE 6.0; Windows NT 5.0; PeoplePal 3.0)"
24.130.148.212 - - [11/Apr/2009:12:35:00 -0400] "GET /Sierra90/pic/s90-4-01.jpg HTTP/1.1" 200 104827 "http://chayden.net/Sierra90/Sierra90.html" "Mozilla/4.0 (compatible; MSIE 6.0; Windows NT 5.0; PeoplePal 3.0)"
24.130.148.212 - - [11/Apr/2009:12:35:01 -0400] "GET /Sierra90/pic/s90-4-10.jpg HTTP/1.1" 200 86925 "http://chayden.net/Sierra90/Sierra90.html" "Mozilla/4.0 (compatible; MSIE 6.0; Windows NT 5.0; PeoplePal 3.0)"
24.130.148.212 - - [11/Apr/2009:12:35:01 -0400] "GET /Sierra90/pic/s90-4-03.jpg HTTP/1.1" 200 92415 "http://chayden.net/Sierra90/Sierra90.html" "Mozilla/4.0 (compatible; MSIE 6.0; Windows NT 5.0; PeoplePal 3.0)"
24.130.148.212 - - [11/Apr/2009:12:35:02 -0400] "GET /Sierra90/pic/s90-4-05.jpg HTTP/1.1" 200 93740 "http://chayden.net/Sierra90/Sierra90.html" "Mozilla/4.0 (compatible; MSIE 6.0; Windows NT 5.0; PeoplePal 3.0)"
24.130.148.212 - - [11/Apr/2009:12:35:03 -0400] "GET /Sierra90/pic/s90-4-07.jpg HTTP/1.1" 200 54677 "http://chayden.net/Sierra90/Sierra90.html" "Mozilla/4.0 (compatible; MSIE 6.0; Windows NT 5.0; PeoplePal 3.0)"
24.130.148.212 - - [11/Apr/2009:12:35:04 -0400] "GET /Sierra90/pic/s90-4-08.jpg HTTP/1.1" 200 46112 "http://chayden.net/Sierra90/Sierra90.html" "Mozilla/4.0 (compatible; MSIE 6.0; Windows NT 5.0; PeoplePal 3.0)"
24.130.148.212 - - [11/Apr/2009:12:35:04 -0400] "GET /Sierra90/pic/s90-4-11.jpg HTTP/1.1" 200 113644 "http://chayden.net/Sierra90/Sierra90.html" "Mozilla/4.0 (compatible; MSIE 6.0; Windows NT 5.0; PeoplePal 3.0)"
24.130.148.212 - - [11/Apr/2009:12:35:05 -0400] "GET /Sierra90/pic/s90-4-16.jpg HTTP/1.1" 200 102082 "http://chayden.net/Sierra90/Sierra90.html" "Mozilla/4.0 (compatible; MSIE 6.0; Windows NT 5.0; PeoplePal 3.0)"
24.130.148.212 - - [11/Apr/2009:12:35:06 -0400] "GET /Sierra90/pic/Sierra90-M7.gif HTTP/1.1" 200 152724 "http://chayden.net/Sierra90/Sierra90.html" "Mozilla/4.0 (compatible; MSIE 6.0; Windows NT 5.0; PeoplePal 3.0)"
24.130.148.212 - - [11/Apr/2009:12:35:06 -0400] "GET /Sierra90/pic/s90-4-18.jpg HTTP/1.1" 200 101548 "http://chayden.net/Sierra90/Sierra90.html" "Mozilla/4.0 (compatible; MSIE 6.0; Windows NT 5.0; PeoplePal 3.0)"
24.130.148.212 - - [11/Apr/2009:12:35:08 -0400] "GET /Sierra90/pic/s90-5-03.jpg HTTP/1.1" 200 81185 "http://chayden.net/Sierra90/Sierra90.html" "Mozilla/4.0 (compatible; MSIE 6.0; Windows NT 5.0; PeoplePal 3.0)"
24.130.148.212 - - [11/Apr/2009:12:35:08 -0400] "GET /Sierra90/pic/s90-4-23.jpg HTTP/1.1" 200 110736 "http://chayden.net/Sierra90/Sierra90.html" "Mozilla/4.0 (compatible; MSIE 6.0; Windows NT 5.0; PeoplePal 3.0)"
24.130.148.212 - - [11/Apr/2009:12:35:10 -0400] "GET /Sierra90/pic/s90-5-08.jpg HTTP/1.1" 200 76476 "http://chayden.net/Sierra90/Sierra90.html" "Mozilla/4.0 (compatible; MSIE 6.0; Windows NT 5.0; PeoplePal 3.0)"
24.130.148.212 - - [11/Apr/2009:12:35:10 -0400] "GET /Sierra90/pic/s90-4-20.jpg HTTP/1.1" 200 93356 "http://chayden.net/Sierra90/Sierra90.html" "Mozilla/4.0 (compatible; MSIE 6.0; Windows NT 5.0; PeoplePal 3.0)"
24.130.148.212 - - [11/Apr/2009:12:35:11 -0400] "GET /Sierra90/pic/s90-6-00.jpg HTTP/1.1" 200 95360 "http://chayden.net/Sierra90/Sierra90.html" "Mozilla/4.0 (compatible; MSIE 6.0; Windows NT 5.0; PeoplePal 3.0)"
24.130.148.212 - - [11/Apr/2009:12:35:11 -0400] "GET /Sierra90/pic/Sierra90-M3.gif HTTP/1.1" 200 276143 "http://chayden.net/Sierra90/Sierra90.html" "Mozilla/4.0 (compatible; MSIE 6.0; Windows NT 5.0; PeoplePal 3.0)"
24.130.148.212 - - [11/Apr/2009:12:35:13 -0400] "GET /Sierra90/pic/Sierra90-M8.gif HTTP/1.1" 200 163508 "http://chayden.net/Sierra90/Sierra90.html" "Mozilla/4.0 (compatible; MSIE 6.0; Windows NT 5.0; PeoplePal 3.0)"
24.130.148.212 - - [11/Apr/2009:12:35:15 -0400] "GET /Sierra90/pic/s90-7-01.jpg HTTP/1.1" 200 96765 "http://chayden.net/Sierra90/Sierra90.html" "Mozilla/4.0 (compatible; MSIE 6.0; Windows NT 5.0; PeoplePal 3.0)"
24.130.148.212 - - [11/Apr/2009:12:35:17 -0400] "GET /icons/back.gif HTTP/1.1" 200 216 "http://chayden.net/Sierra90/Sierra90.html" "Mozilla/4.0 (compatible; MSIE 6.0; Windows NT 5.0; PeoplePal 3.0)"
24.130.148.212 - - [11/Apr/2009:12:35:16 -0400] "GET /Sierra90/pic/s90-7-04.jpg HTTP/1.1" 200 116533 "http://chayden.net/Sierra90/Sierra90.html" "Mozilla/4.0 (compatible; MSIE 6.0; Windows NT 5.0; PeoplePal 3.0)"
193.252.149.16 - - [11/Apr/2009:12:37:58 -0400] "GET /Sierra02/?D=A HTTP/1.1" 200 1267 "-" "Mozilla/5.0 (Windows; U; Windows NT 5.1; fr; rv:1.8.1) VoilaBot BETA 1.2 (support.voilabot@orange-ftgroup.com)"
81.52.143.31 - - [11/Apr/2009:12:38:56 -0400] "GET /eliza/Eliza/Key.java HTTP/1.1" 200 1578 "-" "Mozilla/5.0 (Windows; U; Windows NT 5.1; fr; rv:1.8.1) VoilaBot BETA 1.2 (support.voilabot@orange-ftgroup.com)"
41.232.105.232 - - [11/Apr/2009:12:39:07 -0400] "GET /Asterisk/favicon.ico HTTP/1.1" 404 301 "-" "Mozilla/4.0 (compatible; GoogleToolbar 5.0.2124.6042; Windows 6.0; MSIE 8.0.6001.18241)"
41.232.105.232 - - [11/Apr/2009:12:39:08 -0400] "GET /Asterisk/favicon.gif HTTP/1.1" 404 301 "-" "Mozilla/4.0 (compatible; GoogleToolbar 5.0.2124.6042; Windows 6.0; MSIE 8.0.6001.18241)"
158.194.10.41 - - [11/Apr/2009:12:41:59 -0400] "GET /favicon.ico HTTP/1.1" 404 288 "-" "Mozilla/5.0 (Windows; U; Windows NT 5.1; cs; rv:1.8.1.14) Gecko/20080404 Firefox/2.0.0.14"
158.194.10.41 - - [11/Apr/2009:12:42:08 -0400] "GET /favicon.ico HTTP/1.1" 404 288 "-" "Mozilla/5.0 (Windows; U; Windows NT 5.1; cs; rv:1.8.1.14) Gecko/20080404 Firefox/2.0.0.14"
12.144.49.15 - - [11/Apr/2009:12:43:41 -0400] "GET /Asterisk/favicon.ico HTTP/1.1" 404 301 "-" "Mozilla/4.0 (compatible; GoogleToolbar 5.0.2124.6042; Windows 6.0; MSIE 7.0.6001.18000)"
12.144.49.15 - - [11/Apr/2009:12:43:41 -0400] "GET /Asterisk/favicon.gif HTTP/1.1" 404 301 "-" "Mozilla/4.0 (compatible; GoogleToolbar 5.0.2124.6042; Windows 6.0; MSIE 7.0.6001.18000)"
24.130.148.212 - - [11/Apr/2009:12:44:17 -0400] "GET /Index.html HTTP/1.1" 404 287 "http://chayden.net/Sierra90/Sierra90.html" "Mozilla/4.0 (compatible; MSIE 6.0; Windows NT 5.0; PeoplePal 3.0)"
12.144.49.15 - - [11/Apr/2009:12:44:52 -0400] "GET /Asterisk/favicon.ico HTTP/1.1" 404 301 "-" "Mozilla/4.0 (compatible; GoogleToolbar 5.0.2124.6042; Windows 6.0; MSIE 7.0.6001.18000)"
12.144.49.15 - - [11/Apr/2009:12:44:52 -0400] "GET /Asterisk/favicon.gif HTTP/1.1" 404 301 "-" "Mozilla/4.0 (compatible; GoogleToolbar 5.0.2124.6042; Windows 6.0; MSIE 7.0.6001.18000)"
97.117.132.206 - - [11/Apr/2009:12:45:53 -0400] "GET /Asterisk/SeUpAsteriskAtHome_files/image001.gif HTTP/1.1" 200 2324 "http://www.chayden.net/Asterisk/SeUpAsteriskAtHome.htm" "Mozilla/5.0 (Windows; U; Windows NT 6.0; en-US; rv:1.9.0.5) Gecko/2008120122 Firefox/3.0.5 (.NET CLR 3.5.30729)"
97.117.132.206 - - [11/Apr/2009:12:45:53 -0400] "GET /Asterisk/SeUpAsteriskAtHome_files/image003.jpg HTTP/1.1" 200 5132 "http://www.chayden.net/Asterisk/SeUpAsteriskAtHome.htm" "Mozilla/5.0 (Windows; U; Windows NT 6.0; en-US; rv:1.9.0.5) Gecko/2008120122 Firefox/3.0.5 (.NET CLR 3.5.30729)"
97.117.132.206 - - [11/Apr/2009:12:45:53 -0400] "GET /Asterisk/SeUpAsteriskAtHome_files/image004.gif HTTP/1.1" 200 6404 "http://www.chayden.net/Asterisk/SeUpAsteriskAtHome.htm" "Mozilla/5.0 (Windows; U; Windows NT 6.0; en-US; rv:1.9.0.5) Gecko/2008120122 Firefox/3.0.5 (.NET CLR 3.5.30729)"
97.117.132.206 - - [11/Apr/2009:12:45:53 -0400] "GET /Asterisk/SeUpAsteriskAtHome_files/image005.gif HTTP/1.1" 200 4365 "http://www.chayden.net/Asterisk/SeUpAsteriskAtHome.htm" "Mozilla/5.0 (Windows; U; Windows NT 6.0; en-US; rv:1.9.0.5) Gecko/2008120122 Firefox/3.0.5 (.NET CLR 3.5.30729)"
97.117.132.206 - - [11/Apr/2009:12:45:53 -0400] "GET /Asterisk/SeUpAsteriskAtHome_files/image007.gif HTTP/1.1" 200 5284 "http://www.chayden.net/Asterisk/SeUpAsteriskAtHome.htm" "Mozilla/5.0 (Windows; U; Windows NT 6.0; en-US; rv:1.9.0.5) Gecko/2008120122 Firefox/3.0.5 (.NET CLR 3.5.30729)"
97.117.132.206 - - [11/Apr/2009:12:45:49 -0400] "GET /Asterisk/SeUpAsteriskAtHome.htm HTTP/1.1" 200 178181 "-" "Mozilla/5.0 (Windows; U; Windows NT 6.0; en-US; rv:1.9.0.5) Gecko/2008120122 Firefox/3.0.5 (.NET CLR 3.5.30729)"
97.117.132.206 - - [11/Apr/2009:12:45:54 -0400] "GET /Asterisk/SeUpAsteriskAtHome_files/image009.jpg HTTP/1.1" 200 14238 "http://www.chayden.net/Asterisk/SeUpAsteriskAtHome.htm" "Mozilla/5.0 (Windows; U; Windows NT 6.0; en-US; rv:1.9.0.5) Gecko/2008120122 Firefox/3.0.5 (.NET CLR 3.5.30729)"
97.117.132.206 - - [11/Apr/2009:12:45:53 -0400] "GET /Asterisk/SeUpAsteriskAtHome_files/image006.gif HTTP/1.1" 200 33832 "http://www.chayden.net/Asterisk/SeUpAsteriskAtHome.htm" "Mozilla/5.0 (Windows; U; Windows NT 6.0; en-US; rv:1.9.0.5) Gecko/2008120122 Firefox/3.0.5 (.NET CLR 3.5.30729)"
97.117.132.206 - - [11/Apr/2009:12:45:54 -0400] "GET /Asterisk/SeUpAsteriskAtHome_files/image011.jpg HTTP/1.1" 200 13078 "http://www.chayden.net/Asterisk/SeUpAsteriskAtHome.htm" "Mozilla/5.0 (Windows; U; Windows NT 6.0; en-US; rv:1.9.0.5) Gecko/2008120122 Firefox/3.0.5 (.NET CLR 3.5.30729)"
97.117.132.206 - - [11/Apr/2009:12:45:55 -0400] "GET /Asterisk/SeUpAsteriskAtHome_files/image027.jpg HTTP/1.1" 200 8509 "http://www.chayden.net/Asterisk/SeUpAsteriskAtHome.htm" "Mozilla/5.0 (Windows; U; Windows NT 6.0; en-US; rv:1.9.0.5) Gecko/2008120122 Firefox/3.0.5 (.NET CLR 3.5.30729)"
97.117.132.206 - - [11/Apr/2009:12:45:54 -0400] "GET /Asterisk/SeUpAsteriskAtHome_files/image013.jpg HTTP/1.1" 200 21296 "http://www.chayden.net/Asterisk/SeUpAsteriskAtHome.htm" "Mozilla/5.0 (Windows; U; Windows NT 6.0; en-US; rv:1.9.0.5) Gecko/2008120122 Firefox/3.0.5 (.NET CLR 3.5.30729)"
97.117.132.206 - - [11/Apr/2009:12:45:54 -0400] "GET /Asterisk/SeUpAsteriskAtHome_files/image017.jpg HTTP/1.1" 200 30515 "http://www.chayden.net/Asterisk/SeUpAsteriskAtHome.htm" "Mozilla/5.0 (Windows; U; Windows NT 6.0; en-US; rv:1.9.0.5) Gecko/2008120122 Firefox/3.0.5 (.NET CLR 3.5.30729)"
97.117.132.206 - - [11/Apr/2009:12:45:54 -0400] "GET /Asterisk/SeUpAsteriskAtHome_files/image015.jpg HTTP/1.1" 200 47335 "http://www.chayden.net/Asterisk/SeUpAsteriskAtHome.htm" "Mozilla/5.0 (Windows; U; Windows NT 6.0; en-US; rv:1.9.0.5) Gecko/2008120122 Firefox/3.0.5 (.NET CLR 3.5.30729)"
97.117.132.206 - - [11/Apr/2009:12:45:54 -0400] "GET /Asterisk/SeUpAsteriskAtHome_files/image020.gif HTTP/1.1" 200 49946 "http://www.chayden.net/Asterisk/SeUpAsteriskAtHome.htm" "Mozilla/5.0 (Windows; U; Windows NT 6.0; en-US; rv:1.9.0.5) Gecko/2008120122 Firefox/3.0.5 (.NET CLR 3.5.30729)"
97.117.132.206 - - [11/Apr/2009:12:45:55 -0400] "GET /Asterisk/SeUpAsteriskAtHome_files/image024.jpg HTTP/1.1" 200 31330 "http://www.chayden.net/Asterisk/SeUpAsteriskAtHome.htm" "Mozilla/5.0 (Windows; U; Windows NT 6.0; en-US; rv:1.9.0.5) Gecko/2008120122 Firefox/3.0.5 (.NET CLR 3.5.30729)"
97.117.132.206 - - [11/Apr/2009:12:45:56 -0400] "GET /Asterisk/SeUpAsteriskAtHome_files/image035.jpg HTTP/1.1" 200 2759 "http://www.chayden.net/Asterisk/SeUpAsteriskAtHome.htm" "Mozilla/5.0 (Windows; U; Windows NT 6.0; en-US; rv:1.9.0.5) Gecko/2008120122 Firefox/3.0.5 (.NET CLR 3.5.30729)"
97.117.132.206 - - [11/Apr/2009:12:45:55 -0400] "GET /Asterisk/SeUpAsteriskAtHome_files/image031.jpg HTTP/1.1" 200 30259 "http://www.chayden.net/Asterisk/SeUpAsteriskAtHome.htm" "Mozilla/5.0 (Windows; U; Windows NT 6.0; en-US; rv:1.9.0.5) Gecko/2008120122 Firefox/3.0.5 (.NET CLR 3.5.30729)"
97.117.132.206 - - [11/Apr/2009:12:45:55 -0400] "GET /Asterisk/SeUpAsteriskAtHome_files/image026.jpg HTTP/1.1" 200 37910 "http://www.chayden.net/Asterisk/SeUpAsteriskAtHome.htm" "Mozilla/5.0 (Windows; U; Windows NT 6.0; en-US; rv:1.9.0.5) Gecko/2008120122 Firefox/3.0.5 (.NET CLR 3.5.30729)"
97.117.132.206 - - [11/Apr/2009:12:45:56 -0400] "GET /Asterisk/SeUpAsteriskAtHome_files/image039.jpg HTTP/1.1" 200 1921 "http://www.chayden.net/Asterisk/SeUpAsteriskAtHome.htm" "Mozilla/5.0 (Windows; U; Windows NT 6.0; en-US; rv:1.9.0.5) Gecko/2008120122 Firefox/3.0.5 (.NET CLR 3.5.30729)"
97.117.132.206 - - [11/Apr/2009:12:45:55 -0400] "GET /Asterisk/SeUpAsteriskAtHome_files/image029.jpg HTTP/1.1" 200 43404 "http://www.chayden.net/Asterisk/SeUpAsteriskAtHome.htm" "Mozilla/5.0 (Windows; U; Windows NT 6.0; en-US; rv:1.9.0.5) Gecko/2008120122 Firefox/3.0.5 (.NET CLR 3.5.30729)"
97.117.132.206 - - [11/Apr/2009:12:45:55 -0400] "GET /Asterisk/SeUpAsteriskAtHome_files/image022.jpg HTTP/1.1" 200 34633 "http://www.chayden.net/Asterisk/SeUpAsteriskAtHome.htm" "Mozilla/5.0 (Windows; U; Windows NT 6.0; en-US; rv:1.9.0.5) Gecko/2008120122 Firefox/3.0.5 (.NET CLR 3.5.30729)"
97.117.132.206 - - [11/Apr/2009:12:45:56 -0400] "GET /Asterisk/SeUpAsteriskAtHome_files/image033.jpg HTTP/1.1" 200 30788 "http://www.chayden.net/Asterisk/SeUpAsteriskAtHome.htm" "Mozilla/5.0 (Windows; U; Windows NT 6.0; en-US; rv:1.9.0.5) Gecko/2008120122 Firefox/3.0.5 (.NET CLR 3.5.30729)"
97.117.132.206 - - [11/Apr/2009:12:45:57 -0400] "GET /Asterisk/SeUpAsteriskAtHome_files/image044.jpg HTTP/1.1" 200 6079 "http://www.chayden.net/Asterisk/SeUpAsteriskAtHome.htm" "Mozilla/5.0 (Windows; U; Windows NT 6.0; en-US; rv:1.9.0.5) Gecko/2008120122 Firefox/3.0.5 (.NET CLR 3.5.30729)"
97.117.132.206 - - [11/Apr/2009:12:45:56 -0400] "GET /Asterisk/SeUpAsteriskAtHome_files/image037.jpg HTTP/1.1" 200 42221 "http://www.chayden.net/Asterisk/SeUpAsteriskAtHome.htm" "Mozilla/5.0 (Windows; U; Windows NT 6.0; en-US; rv:1.9.0.5) Gecko/2008120122 Firefox/3.0.5 (.NET CLR 3.5.30729)"
97.117.132.206 - - [11/Apr/2009:12:45:57 -0400] "GET /Asterisk/SeUpAsteriskAtHome_files/image041.jpg HTTP/1.1" 200 26765 "http://www.chayden.net/Asterisk/SeUpAsteriskAtHome.htm" "Mozilla/5.0 (Windows; U; Windows NT 6.0; en-US; rv:1.9.0.5) Gecko/2008120122 Firefox/3.0.5 (.NET CLR 3.5.30729)"
