220.225.10.10 - - [12/Apr/2009:05:17:37 -0400] "GET /eliza/Eliza/DecompList.class HTTP/1.1" 200 877 "-" "Mozilla/4.0 (Windows Vista 6.1) Java/1.6.0_13"
220.225.10.10 - - [12/Apr/2009:05:17:38 -0400] "GET /eliza/Eliza/KeyList.class HTTP/1.1" 200 1722 "-" "Mozilla/4.0 (Windows Vista 6.1) Java/1.6.0_13"
220.225.10.10 - - [12/Apr/2009:05:17:39 -0400] "GET /eliza/Eliza/SynList.class HTTP/1.1" 200 2103 "-" "Mozilla/4.0 (Windows Vista 6.1) Java/1.6.0_13"
220.225.10.10 - - [12/Apr/2009:05:17:40 -0400] "GET /eliza/Eliza/WordList.class HTTP/1.1" 200 1243 "-" "Mozilla/4.0 (Windows Vista 6.1) Java/1.6.0_13"
220.225.10.10 - - [12/Apr/2009:05:17:42 -0400] "GET /eliza/Eliza/PrePostList.class HTTP/1.1" 200 1674 "-" "Mozilla/4.0 (Windows Vista 6.1) Java/1.6.0_13"
220.225.10.10 - - [12/Apr/2009:05:17:43 -0400] "GET /eliza/Eliza/KeyStack.class HTTP/1.1" 200 1507 "-" "Mozilla/4.0 (Windows Vista 6.1) Java/1.6.0_13"
220.225.10.10 - - [12/Apr/2009:05:17:46 -0400] "GET /favicon.ico HTTP/1.1" 404 288 "-" "Mozilla/5.0 (Windows; U; Windows NT 6.1; en-US) AppleWebKit/525.19 (KHTML, like Gecko) Chrome/1.0.154.53 Safari/525.19"
220.225.10.10 - - [12/Apr/2009:05:17:47 -0400] "GET /eliza/Eliza/Key.class HTTP/1.1" 200 1702 "-" "Mozilla/4.0 (Windows Vista 6.1) Java/1.6.0_13"
220.225.10.10 - - [12/Apr/2009:05:17:48 -0400] "GET /eliza/Eliza/Mem.class HTTP/1.1" 200 850 "-" "Mozilla/4.0 (Windows Vista 6.1) Java/1.6.0_13"
66.181.117.216 - - [12/Apr/2009:05:17:48 -0400] "GET /Runs/Adidas/tree.jpg HTTP/1.1" 200 976780 "http://worldofcherie.blogspot.com/" "Mozilla/4.0 (compatible; MSIE 7.0; Windows NT 6.0; GTB5; SLCC1; .NET CLR 2.0.50727; Media Center PC 5.0; .NET CLR 3.0.04506)"
220.225.10.10 - - [12/Apr/2009:05:17:53 -0400] "GET /eliza/script HTTP/1.1" 200 12267 "-" "Mozilla/4.0 (Windows Vista 6.1) Java/1.6.0_13"
220.225.10.10 - - [12/Apr/2009:05:17:54 -0400] "GET /eliza/Eliza/EString.class HTTP/1.1" 200 3849 "-" "Mozilla/4.0 (Windows Vista 6.1) Java/1.6.0_13"
220.225.10.10 - - [12/Apr/2009:05:17:55 -0400] "GET /eliza/Eliza/PrePost.class HTTP/1.1" 200 1073 "-" "Mozilla/4.0 (Windows Vista 6.1) Java/1.6.0_13"
220.225.10.10 - - [12/Apr/2009:05:17:56 -0400] "GET /eliza/Eliza/ReasembList.class HTTP/1.1" 200 1102 "-" "Mozilla/4.0 (Windows Vista 6.1) Java/1.6.0_13"
220.225.10.10 - - [12/Apr/2009:05:17:57 -0400] "GET /eliza/Eliza/Decomp.class HTTP/1.1" 200 1727 "-" "Mozilla/4.0 (Windows Vista 6.1) Java/1.6.0_13"
208.111.154.15 - - [12/Apr/2009:05:18:59 -0400] "GET /robots.txt HTTP/1.1" 404 291 "-" "Mozilla/5.0 (compatible; Charlotte/1.1; http://www.searchme.com/support/)"
208.111.154.15 - - [12/Apr/2009:05:19:06 -0400] "GET /Needles78/Needles78.html HTTP/1.1" 304 - "-" "Mozilla/5.0 (compatible; Charlotte/1.1; http://www.searchme.com/support/)"
208.111.154.15 - - [12/Apr/2009:05:21:38 -0400] "GET /robots.txt HTTP/1.1" 404 287 "-" "Mozilla/5.0 (compatible; Charlotte/1.1; http://www.searchme.com/support/)"
208.111.154.15 - - [12/Apr/2009:05:21:38 -0400] "GET /Runs/JerseyShore/JerseyShoreMarathon.html HTTP/1.1" 304 - "-" "Mozilla/5.0 (compatible; Charlotte/1.1; http://www.searchme.com/support/)"
65.40.115.30 - - [12/Apr/2009:05:24:53 -0400] "HEAD /favicon.ico HTTP/1.1" 404 - "-" "Mozilla/5.0 (Windows; U; Windows NT 5.1; en-US; rv:1.9.0.8) Gecko/2009032609 Firefox/3.0.8"
202.160.179.83 - - [12/Apr/2009:05:25:21 -0400] "GET /robots.txt HTTP/1.0" 404 287 "-" "Mozilla/5.0 (compatible; Yahoo! Slurp China; http://misc.yahoo.com.cn/help.html)"
74.6.22.160 - - [12/Apr/2009:05:25:54 -0400] "GET /Karwendel2005/Karwendel.html HTTP/1.0" 200 56478 "-" "Mozilla/5.0 (compatible; Yahoo! Slurp/3.0; http://help.yahoo.com/help/us/ysearch/slurp)"
202.160.180.39 - - [12/Apr/2009:05:26:13 -0400] "GET /Runs/Holmdel/HolmdelRuns.html HTTP/1.0" 200 24284 "-" "Mozilla/5.0 (compatible; Yahoo! Slurp China; http://misc.yahoo.com.cn/help.html)"
65.55.217.53 - - [12/Apr/2009:05:28:24 -0400] "GET /Runs/Navesink/StoneChurch-3D.jpg HTTP/1.1" 200 92368 "-" "msnbot-media/1.1 (+http://search.msn.com/msnbot.htm)"
65.55.217.63 - - [12/Apr/2009:05:28:43 -0400] "GET /Runs/Navesink/HartshorneLoop-3D.jpg HTTP/1.1" 200 129983 "-" "msnbot-media/1.1 (+http://search.msn.com/msnbot.htm)"
65.55.217.60 - - [12/Apr/2009:05:32:51 -0400] "GET /Runs/Navesink/Constitution2.jpg HTTP/1.1" 200 114028 "-" "msnbot-media/1.1 (+http://search.msn.com/msnbot.htm)"
65.55.217.63 - - [12/Apr/2009:05:33:10 -0400] "GET /Runs/Adidas/park.jpg HTTP/1.1" 200 900222 "-" "msnbot-media/1.1 (+http://search.msn.com/msnbot.htm)"
65.40.115.30 - - [12/Apr/2009:05:34:51 -0400] "HEAD /favicon.ico HTTP/1.1" 404 - "-" "Mozilla/5.0 (Windows; U; Windows NT 5.1; en-US; rv:1.9.0.8) Gecko/2009032609 Firefox/3.0.8"
212.14.233.130 - - [12/Apr/2009:05:39:53 -0400] "GET /Asterisk/favicon.ico HTTP/1.1" 404 301 "-" "Mozilla/4.0 (compatible; GoogleToolbar 5.0.2124.6042; Windows XP 5.1; MSIE 7.0.5730.13)"
212.14.233.130 - - [12/Apr/2009:05:39:54 -0400] "GET /Asterisk/favicon.gif HTTP/1.1" 404 301 "-" "Mozilla/4.0 (compatible; GoogleToolbar 5.0.2124.6042; Windows XP 5.1; MSIE 7.0.5730.13)"
75.40.99.169 - - [12/Apr/2009:05:41:14 -0400] "GET /AerialPhotos/pics/worldtrade.jpg HTTP/1.1" 200 40195 "http://www.skyscrapercity.com/showthread.php?t=56090&page=9" "Mozilla/5.0 (Windows; U; Windows NT 5.1; en-US; rv:1.9.0.8) Gecko/2009032609 Firefox/3.0.8"
65.40.115.30 - - [12/Apr/2009:05:44:54 -0400] "HEAD /favicon.ico HTTP/1.1" 404 - "-" "Mozilla/5.0 (Windows; U; Windows NT 5.1; en-US; rv:1.9.0.8) Gecko/2009032609 Firefox/3.0.8"
66.249.71.238 - - [12/Apr/2009:05:45:52 -0400] "GET /Sierra00/pic/s00-6-09.jpg HTTP/1.1" 304 - "-" "Googlebot-Image/1.0"
208.111.154.15 - - [12/Apr/2009:05:46:12 -0400] "GET /robots.txt HTTP/1.1" 404 287 "-" "Mozilla/5.0 (compatible; Charlotte/1.1; http://www.searchme.com/support/)"
208.111.154.15 - - [12/Apr/2009:05:46:13 -0400] "GET /HikingMisc/PackContents.html HTTP/1.1" 304 - "-" "Mozilla/5.0 (compatible; Charlotte/1.1; http://www.searchme.com/support/)"
65.55.217.60 - - [12/Apr/2009:05:46:39 -0400] "GET /Runs/Navesink/Monster.jpg HTTP/1.1" 200 700363 "-" "msnbot-media/1.1 (+http://search.msn.com/msnbot.htm)"
220.235.227.122 - - [12/Apr/2009:05:48:41 -0400] "GET /eliza/Eliza.html HTTP/1.1" 200 5488 "http://www.google.com/search?client=safari&rls=en&q=ELIZA&ie=UTF-8&oe=UTF-8" "Mozilla/5.0 (Macintosh; U; PPC Mac OS X 10_4_11; en) AppleWebKit/525.27.1 (KHTML, like Gecko) Version/3.2.1 Safari/525.27.1"
220.235.227.122 - - [12/Apr/2009:05:48:43 -0400] "GET /favicon.ico HTTP/1.1" 404 288 "http://chayden.net/eliza/Eliza.html" "Mozilla/5.0 (Macintosh; U; PPC Mac OS X 10_4_11; en) AppleWebKit/525.27.1 (KHTML, like Gecko) Version/3.2.1 Safari/525.27.1"
220.235.227.122 - - [12/Apr/2009:05:48:43 -0400] "GET /icons/back.gif HTTP/1.1" 200 216 "http://chayden.net/eliza/Eliza.html" "Mozilla/5.0 (Macintosh; U; PPC Mac OS X 10_4_11; en) AppleWebKit/525.27.1 (KHTML, like Gecko) Version/3.2.1 Safari/525.27.1"
65.55.209.229 - - [12/Apr/2009:05:49:25 -0400] "GET /Catskills/GrahamPanther2005/Graham.tpo HTTP/1.1" 200 1973 "-" "msnbot/1.1 (+http://search.msn.com/msnbot.htm)"
74.6.22.160 - - [12/Apr/2009:05:51:02 -0400] "GET /Catskills/Notes/AircraftCrashes.html HTTP/1.0" 200 25661 "-" "Mozilla/5.0 (compatible; Yahoo! Slurp/3.0; http://help.yahoo.com/help/us/ysearch/slurp)"
212.14.233.130 - - [12/Apr/2009:05:51:46 -0400] "GET /Asterisk/favicon.ico HTTP/1.1" 404 301 "-" "Mozilla/4.0 (compatible; GoogleToolbar 5.0.2124.6042; Windows XP 5.1; MSIE 7.0.5730.13)"
212.14.233.130 - - [12/Apr/2009:05:51:47 -0400] "GET /Asterisk/favicon.gif HTTP/1.1" 404 301 "-" "Mozilla/4.0 (compatible; GoogleToolbar 5.0.2124.6042; Windows XP 5.1; MSIE 7.0.5730.13)"
208.111.154.16 - - [12/Apr/2009:05:51:57 -0400] "GET /robots.txt HTTP/1.1" 404 287 "-" "Mozilla/5.0 (compatible; Charlotte/1.1; http://www.searchme.com/support/)"
208.111.154.16 - - [12/Apr/2009:05:51:57 -0400] "GET /?C=D;O=D HTTP/1.1" 304 - "-" "Mozilla/5.0 (compatible; Charlotte/1.1; http://www.searchme.com/support/)"
65.40.115.30 - - [12/Apr/2009:05:54:52 -0400] "HEAD /favicon.ico HTTP/1.1" 404 - "-" "Mozilla/5.0 (Windows; U; Windows NT 5.1; en-US; rv:1.9.0.8) Gecko/2009032609 Firefox/3.0.8"
64.59.144.86 - - [12/Apr/2009:05:55:14 -0400] "GET /Asterisk/favicon.ico HTTP/1.1" 404 301 "-" "Mozilla/4.0 (compatible; GoogleToolbar 5.0.2124.6042; Windows XP 5.1; MSIE 7.0.5730.13)"
64.59.144.86 - - [12/Apr/2009:05:55:14 -0400] "GET /Asterisk/favicon.gif HTTP/1.1" 404 301 "-" "Mozilla/4.0 (compatible; GoogleToolbar 5.0.2124.6042; Windows XP 5.1; MSIE 7.0.5730.13)"
59.90.190.91 - - [12/Apr/2009:05:55:57 -0400] "GET /Runs/Adidas/tree.jpg HTTP/1.1" 200 976780 "http://worldofcherie.blogspot.com/" "Mozilla/5.0 (Windows; U; Windows NT 5.1; en-US; rv:1.9.0.8) Gecko/2009032609 Firefox/3.0.8"
208.111.154.31 - - [12/Apr/2009:05:57:11 -0400] "GET /robots.txt HTTP/1.1" 404 287 "-" "Mozilla/5.0 (compatible; Charlotte/1.1; http://www.searchme.com/support/)"
208.111.154.31 - - [12/Apr/2009:05:57:12 -0400] "GET /Allison98/Allison.html HTTP/1.1" 304 - "-" "Mozilla/5.0 (compatible; Charlotte/1.1; http://www.searchme.com/support/)"
74.6.22.107 - - [12/Apr/2009:05:58:40 -0400] "GET /Runs/Navesink/NavesinkRuns.html HTTP/1.0" 200 19069 "-" "Mozilla/5.0 (compatible; Yahoo! Slurp/3.0; http://help.yahoo.com/help/us/ysearch/slurp)"
80.201.33.153 - - [12/Apr/2009:05:58:52 -0400] "GET /eliza/Eliza.html HTTP/1.1" 200 5488 "http://en.wikipedia.org/wiki/ELIZA" "Mozilla/5.0 (Macintosh; U; PPC Mac OS X 10_4_11; en) AppleWebKit/525.27.1 (KHTML, like Gecko) Version/3.2.1 Safari/525.27.1"
80.201.33.153 - - [12/Apr/2009:05:58:53 -0400] "GET /eliza/Eliza/Eliza.class HTTP/1.1" 200 2434 "-" "Mozilla/4.0 (Mac OS X 10.4.11) Java/1.5.0_16"
80.201.33.153 - - [12/Apr/2009:05:58:53 -0400] "GET /eliza/Eliza/ElizaMain.class HTTP/1.1" 200 9260 "-" "Mozilla/4.0 (Mac OS X 10.4.11) Java/1.5.0_16"
80.201.33.153 - - [12/Apr/2009:05:58:53 -0400] "GET /eliza/Eliza/DecompList.class HTTP/1.1" 200 877 "-" "Mozilla/4.0 (Mac OS X 10.4.11) Java/1.5.0_16"
80.201.33.153 - - [12/Apr/2009:05:58:54 -0400] "GET /icons/back.gif HTTP/1.1" 200 216 "http://www.chayden.net/eliza/Eliza.html" "Mozilla/5.0 (Macintosh; U; PPC Mac OS X 10_4_11; en) AppleWebKit/525.27.1 (KHTML, like Gecko) Version/3.2.1 Safari/525.27.1"
80.201.33.153 - - [12/Apr/2009:05:58:54 -0400] "GET /favicon.ico HTTP/1.1" 404 292 "http://www.chayden.net/eliza/Eliza.html" "Mozilla/5.0 (Macintosh; U; PPC Mac OS X 10_4_11; en) AppleWebKit/525.27.1 (KHTML, like Gecko) Version/3.2.1 Safari/525.27.1"
80.201.33.153 - - [12/Apr/2009:05:58:54 -0400] "GET /eliza/Eliza/KeyList.class HTTP/1.1" 200 1722 "-" "Mozilla/4.0 (Mac OS X 10.4.11) Java/1.5.0_16"
80.201.33.153 - - [12/Apr/2009:05:58:54 -0400] "GET /eliza/Eliza/SynList.class HTTP/1.1" 200 2103 "-" "Mozilla/4.0 (Mac OS X 10.4.11) Java/1.5.0_16"
80.201.33.153 - - [12/Apr/2009:05:58:54 -0400] "GET /eliza/Eliza/WordList.class HTTP/1.1" 200 1243 "-" "Mozilla/4.0 (Mac OS X 10.4.11) Java/1.5.0_16"
80.201.33.153 - - [12/Apr/2009:05:58:55 -0400] "GET /eliza/Eliza/PrePostList.class HTTP/1.1" 200 1674 "-" "Mozilla/4.0 (Mac OS X 10.4.11) Java/1.5.0_16"
80.201.33.153 - - [12/Apr/2009:05:58:55 -0400] "GET /eliza/Eliza/KeyStack.class HTTP/1.1" 200 1507 "-" "Mozilla/4.0 (Mac OS X 10.4.11) Java/1.5.0_16"
80.201.33.153 - - [12/Apr/2009:05:58:55 -0400] "GET /eliza/Eliza/Key.class HTTP/1.1" 200 1702 "-" "Mozilla/4.0 (Mac OS X 10.4.11) Java/1.5.0_16"
80.201.33.153 - - [12/Apr/2009:05:58:56 -0400] "GET /eliza/Eliza/Mem.class HTTP/1.1" 200 850 "-" "Mozilla/4.0 (Mac OS X 10.4.11) Java/1.5.0_16"
80.201.33.153 - - [12/Apr/2009:05:59:07 -0400] "GET /eliza/script HTTP/1.1" 200 12267 "-" "Mozilla/4.0 (Mac OS X 10.4.11) Java/1.5.0_16"
80.201.33.153 - - [12/Apr/2009:05:59:07 -0400] "GET /eliza/Eliza/EString.class HTTP/1.1" 200 3849 "-" "Mozilla/4.0 (Mac OS X 10.4.11) Java/1.5.0_16"
80.201.33.153 - - [12/Apr/2009:05:59:08 -0400] "GET /eliza/Eliza/PrePost.class HTTP/1.1" 200 1073 "-" "Mozilla/4.0 (Mac OS X 10.4.11) Java/1.5.0_16"
80.201.33.153 - - [12/Apr/2009:05:59:08 -0400] "GET /eliza/Eliza/ReasembList.class HTTP/1.1" 200 1102 "-" "Mozilla/4.0 (Mac OS X 10.4.11) Java/1.5.0_16"
80.201.33.153 - - [12/Apr/2009:05:59:08 -0400] "GET /eliza/Eliza/Decomp.class HTTP/1.1" 200 1727 "-" "Mozilla/4.0 (Mac OS X 10.4.11) Java/1.5.0_16"
64.59.144.86 - - [12/Apr/2009:06:00:13 -0400] "GET /Asterisk/favicon.ico HTTP/1.1" 404 301 "-" "Mozilla/4.0 (compatible; GoogleToolbar 5.0.2124.6042; Windows XP 5.1; MSIE 7.0.5730.13)"
64.59.144.86 - - [12/Apr/2009:06:00:13 -0400] "GET /Asterisk/favicon.gif HTTP/1.1" 404 301 "-" "Mozilla/4.0 (compatible; GoogleToolbar 5.0.2124.6042; Windows XP 5.1; MSIE 7.0.5730.13)"
74.6.22.107 - - [12/Apr/2009:06:01:47 -0400] "GET /Runs/Lincroft/LincroftRuns.html HTTP/1.0" 200 11112 "-" "Mozilla/5.0 (compatible; Yahoo! Slurp/3.0; http://help.yahoo.com/help/us/ysearch/slurp)"
65.55.217.60 - - [12/Apr/2009:06:01:51 -0400] "GET /PhillyMarathon99/Fall99-3-14.jpg HTTP/1.1" 200 48064 "-" "msnbot-media/1.1 (+http://search.msn.com/msnbot.htm)"
65.40.115.30 - - [12/Apr/2009:06:04:52 -0400] "HEAD /favicon.ico HTTP/1.1" 404 - "-" "Mozilla/5.0 (Windows; U; Windows NT 5.1; en-US; rv:1.9.0.8) Gecko/2009032609 Firefox/3.0.8"
65.55.37.196 - - [12/Apr/2009:06:07:25 -0400] "GET /robots.txt HTTP/1.1" 404 291 "-" "msnbot-media/1.1 (+http://search.msn.com/msnbot.htm)"
65.55.37.196 - - [12/Apr/2009:06:07:25 -0400] "GET /Sierra94/pic/s94-6-07.jpg HTTP/1.1" 200 75368 "-" "msnbot-media/1.1 (+http://search.msn.com/msnbot.htm)"
207.46.92.17 - - [12/Apr/2009:06:09:23 -0400] "GET /Runs/Holmdel/Loop.jpg HTTP/1.1" 200 47363 "-" "LWP::Simple/5.812"
66.235.124.132 - - [12/Apr/2009:06:12:05 -0400] "GET /robots.txt HTTP/1.1" 404 287 "-" "-"
66.235.124.132 - - [12/Apr/2009:06:12:05 -0400] "GET /includes/hikes.css HTTP/1.1" 200 306 "http://chayden.net/Sierra96/Sierra96.html" "Mozilla/5.0 (X11; U; Linux i686; en-US; rv:1.9a1) Gecko/20070308 Minefield/3.0a1"
66.235.124.132 - - [12/Apr/2009:06:12:05 -0400] "GET /Sierra96/Sierra96.html HTTP/1.1" 200 73462 "-" "Mozilla/5.0 (X11; U; Linux i686; en-US; rv:1.9a1) Gecko/20070308 Minefield/3.0a1"
66.235.124.132 - - [12/Apr/2009:06:12:05 -0400] "GET /Sierra96/gardner-back.gif HTTP/1.1" 200 42532 "http://chayden.net/Sierra96/Sierra96.html" "Mozilla/5.0 (X11; U; Linux i686; en-US; rv:1.9a1) Gecko/20070308 Minefield/3.0a1"
66.235.124.132 - - [12/Apr/2009:06:12:05 -0400] "GET /Sierra96/pic/s96-1-24.jpg HTTP/1.1" 200 84342 "http://chayden.net/Sierra96/Sierra96.html" "Mozilla/5.0 (X11; U; Linux i686; en-US; rv:1.9a1) Gecko/20070308 Minefield/3.0a1"
66.235.124.132 - - [12/Apr/2009:06:12:06 -0400] "GET /Sierra96/pic/s96-2-07.jpg HTTP/1.1" 200 62311 "http://chayden.net/Sierra96/Sierra96.html" "Mozilla/5.0 (X11; U; Linux i686; en-US; rv:1.9a1) Gecko/20070308 Minefield/3.0a1"
66.235.124.132 - - [12/Apr/2009:06:12:06 -0400] "GET /Sierra96/pic/s96-2-10.jpg HTTP/1.1" 200 94101 "http://chayden.net/Sierra96/Sierra96.html" "Mozilla/5.0 (X11; U; Linux i686; en-US; rv:1.9a1) Gecko/20070308 Minefield/3.0a1"
66.235.124.132 - - [12/Apr/2009:06:12:06 -0400] "GET /Sierra96/pic/s96-4-09.jpg HTTP/1.1" 200 97250 "http://chayden.net/Sierra96/Sierra96.html" "Mozilla/5.0 (X11; U; Linux i686; en-US; rv:1.9a1) Gecko/20070308 Minefield/3.0a1"
66.235.124.132 - - [12/Apr/2009:06:12:06 -0400] "GET /Sierra96/pic/s96-4-04.jpg HTTP/1.1" 200 92109 "http://chayden.net/Sierra96/Sierra96.html" "Mozilla/5.0 (X11; U; Linux i686; en-US; rv:1.9a1) Gecko/20070308 Minefield/3.0a1"
66.235.124.132 - - [12/Apr/2009:06:12:05 -0400] "GET /Sierra96/pic/Sierra96-M1.JPG HTTP/1.1" 200 286279 "http://chayden.net/Sierra96/Sierra96.html" "Mozilla/5.0 (X11; U; Linux i686; en-US; rv:1.9a1) Gecko/20070308 Minefield/3.0a1"
66.235.124.132 - - [12/Apr/2009:06:12:07 -0400] "GET /Sierra96/pic/s96-2-16.jpg HTTP/1.1" 200 65272 "http://chayden.net/Sierra96/Sierra96.html" "Mozilla/5.0 (X11; U; Linux i686; en-US; rv:1.9a1) Gecko/20070308 Minefield/3.0a1"
66.235.124.132 - - [12/Apr/2009:06:12:07 -0400] "GET /Sierra96/pic/s96-2-08.jpg HTTP/1.1" 200 80565 "http://chayden.net/Sierra96/Sierra96.html" "Mozilla/5.0 (X11; U; Linux i686; en-US; rv:1.9a1) Gecko/20070308 Minefield/3.0a1"
66.235.124.132 - - [12/Apr/2009:06:12:07 -0400] "GET /Sierra96/pic/s96-2-18.jpg HTTP/1.1" 200 97664 "http://chayden.net/Sierra96/Sierra96.html" "Mozilla/5.0 (X11; U; Linux i686; en-US; rv:1.9a1) Gecko/20070308 Minefield/3.0a1"
66.235.124.132 - - [12/Apr/2009:06:12:07 -0400] "GET /Sierra96/pic/s96-2-19.jpg HTTP/1.1" 200 94204 "http://chayden.net/Sierra96/Sierra96.html" "Mozilla/5.0 (X11; U; Linux i686; en-US; rv:1.9a1) Gecko/20070308 Minefield/3.0a1"
66.235.124.132 - - [12/Apr/2009:06:12:07 -0400] "GET /Sierra96/pic/s96-2-21.jpg HTTP/1.1" 200 86664 "http://chayden.net/Sierra96/Sierra96.html" "Mozilla/5.0 (X11; U; Linux i686; en-US; rv:1.9a1) Gecko/20070308 Minefield/3.0a1"
66.235.124.132 - - [12/Apr/2009:06:12:07 -0400] "GET /Sierra96/pic/s96-2-26.jpg HTTP/1.1" 200 80652 "http://chayden.net/Sierra96/Sierra96.html" "Mozilla/5.0 (X11; U; Linux i686; en-US; rv:1.9a1) Gecko/20070308 Minefield/3.0a1"
66.235.124.132 - - [12/Apr/2009:06:12:07 -0400] "GET /Sierra96/pic/s96-2-25.jpg HTTP/1.1" 200 109270 "http://chayden.net/Sierra96/Sierra96.html" "Mozilla/5.0 (X11; U; Linux i686; en-US; rv:1.9a1) Gecko/20070308 Minefield/3.0a1"
66.235.124.132 - - [12/Apr/2009:06:12:08 -0400] "GET /Sierra96/pic/s96-2-33.jpg HTTP/1.1" 200 107815 "http://chayden.net/Sierra96/Sierra96.html" "Mozilla/5.0 (X11; U; Linux i686; en-US; rv:1.9a1) Gecko/20070308 Minefield/3.0a1"
66.235.124.132 - - [12/Apr/2009:06:12:08 -0400] "GET /Sierra96/pic/s96-2-35.jpg HTTP/1.1" 200 77394 "http://chayden.net/Sierra96/Sierra96.html" "Mozilla/5.0 (X11; U; Linux i686; en-US; rv:1.9a1) Gecko/20070308 Minefield/3.0a1"
66.235.124.132 - - [12/Apr/2009:06:12:08 -0400] "GET /Sierra96/pic/s96-2-36.jpg HTTP/1.1" 200 92966 "http://chayden.net/Sierra96/Sierra96.html" "Mozilla/5.0 (X11; U; Linux i686; en-US; rv:1.9a1) Gecko/20070308 Minefield/3.0a1"
66.235.124.132 - - [12/Apr/2009:06:12:08 -0400] "GET /Sierra96/pic/s96-2-37.jpg HTTP/1.1" 200 132185 "http://chayden.net/Sierra96/Sierra96.html" "Mozilla/5.0 (X11; U; Linux i686; en-US; rv:1.9a1) Gecko/20070308 Minefield/3.0a1"
66.235.124.132 - - [12/Apr/2009:06:12:08 -0400] "GET /Sierra96/pic/s96-3-14.jpg HTTP/1.1" 200 100976 "http://chayden.net/Sierra96/Sierra96.html" "Mozilla/5.0 (X11; U; Linux i686; en-US; rv:1.9a1) Gecko/20070308 Minefield/3.0a1"
66.235.124.132 - - [12/Apr/2009:06:12:08 -0400] "GET /Sierra96/pic/s96-3-00.jpg HTTP/1.1" 200 116265 "http://chayden.net/Sierra96/Sierra96.html" "Mozilla/5.0 (X11; U; Linux i686; en-US; rv:1.9a1) Gecko/20070308 Minefield/3.0a1"
66.235.124.132 - - [12/Apr/2009:06:12:08 -0400] "GET /Sierra96/pic/s96-3-19.jpg HTTP/1.1" 200 84056 "http://chayden.net/Sierra96/Sierra96.html" "Mozilla/5.0 (X11; U; Linux i686; en-US; rv:1.9a1) Gecko/20070308 Minefield/3.0a1"
66.235.124.132 - - [12/Apr/2009:06:12:09 -0400] "GET /Sierra96/pic/s96-3-24.jpg HTTP/1.1" 200 118841 "http://chayden.net/Sierra96/Sierra96.html" "Mozilla/5.0 (X11; U; Linux i686; en-US; rv:1.9a1) Gecko/20070308 Minefield/3.0a1"
66.235.124.132 - - [12/Apr/2009:06:12:09 -0400] "GET /Sierra96/pic/s96-3-26.jpg HTTP/1.1" 200 114799 "http://chayden.net/Sierra96/Sierra96.html" "Mozilla/5.0 (X11; U; Linux i686; en-US; rv:1.9a1) Gecko/20070308 Minefield/3.0a1"
66.235.124.132 - - [12/Apr/2009:06:12:09 -0400] "GET /Sierra96/pic/s96-3-34.jpg HTTP/1.1" 200 104225 "http://chayden.net/Sierra96/Sierra96.html" "Mozilla/5.0 (X11; U; Linux i686; en-US; rv:1.9a1) Gecko/20070308 Minefield/3.0a1"
66.235.124.132 - - [12/Apr/2009:06:12:09 -0400] "GET /Sierra96/pic/s96-3-29.jpg HTTP/1.1" 200 96367 "http://chayden.net/Sierra96/Sierra96.html" "Mozilla/5.0 (X11; U; Linux i686; en-US; rv:1.9a1) Gecko/20070308 Minefield/3.0a1"
66.235.124.132 - - [12/Apr/2009:06:12:09 -0400] "GET /Sierra96/pic/s96-3-36.jpg HTTP/1.1" 200 64893 "http://chayden.net/Sierra96/Sierra96.html" "Mozilla/5.0 (X11; U; Linux i686; en-US; rv:1.9a1) Gecko/20070308 Minefield/3.0a1"
66.235.124.132 - - [12/Apr/2009:06:12:09 -0400] "GET /Sierra96/pic/s96-4-0a.jpg HTTP/1.1" 200 64462 "http://chayden.net/Sierra96/Sierra96.html" "Mozilla/5.0 (X11; U; Linux i686; en-US; rv:1.9a1) Gecko/20070308 Minefield/3.0a1"
66.235.124.132 - - [12/Apr/2009:06:12:09 -0400] "GET /Sierra96/pic/s96-4-03.jpg HTTP/1.1" 200 88219 "http://chayden.net/Sierra96/Sierra96.html" "Mozilla/5.0 (X11; U; Linux i686; en-US; rv:1.9a1) Gecko/20070308 Minefield/3.0a1"
66.235.124.132 - - [12/Apr/2009:06:12:09 -0400] "GET /Sierra96/pic/s96-4-35.jpg HTTP/1.1" 200 107478 "http://chayden.net/Sierra96/Sierra96.html" "Mozilla/5.0 (X11; U; Linux i686; en-US; rv:1.9a1) Gecko/20070308 Minefield/3.0a1"
66.235.124.132 - - [12/Apr/2009:06:12:10 -0400] "GET /Sierra96/pic/s96-4-07.jpg HTTP/1.1" 200 33230 "http://chayden.net/Sierra96/Sierra96.html" "Mozilla/5.0 (X11; U; Linux i686; en-US; rv:1.9a1) Gecko/20070308 Minefield/3.0a1"
66.235.124.132 - - [12/Apr/2009:06:12:10 -0400] "GET /Sierra96/pic/s96-4-08.jpg HTTP/1.1" 200 36811 "http://chayden.net/Sierra96/Sierra96.html" "Mozilla/5.0 (X11; U; Linux i686; en-US; rv:1.9a1) Gecko/20070308 Minefield/3.0a1"
66.235.124.132 - - [12/Apr/2009:06:12:10 -0400] "GET /Sierra96/pic/s96-4-23.jpg HTTP/1.1" 200 48674 "http://chayden.net/Sierra96/Sierra96.html" "Mozilla/5.0 (X11; U; Linux i686; en-US; rv:1.9a1) Gecko/20070308 Minefield/3.0a1"
66.235.124.132 - - [12/Apr/2009:06:12:10 -0400] "GET /Sierra96/pic/s96-4-21.jpg HTTP/1.1" 200 71892 "http://chayden.net/Sierra96/Sierra96.html" "Mozilla/5.0 (X11; U; Linux i686; en-US; rv:1.9a1) Gecko/20070308 Minefield/3.0a1"
66.235.124.132 - - [12/Apr/2009:06:12:11 -0400] "GET /Sierra96/pic/s96-4-22.jpg HTTP/1.1" 200 37163 "http://chayden.net/Sierra96/Sierra96.html" "Mozilla/5.0 (X11; U; Linux i686; en-US; rv:1.9a1) Gecko/20070308 Minefield/3.0a1"
66.235.124.132 - - [12/Apr/2009:06:12:11 -0400] "GET /Sierra96/pic/s96-4-28.jpg HTTP/1.1" 200 120982 "http://chayden.net/Sierra96/Sierra96.html" "Mozilla/5.0 (X11; U; Linux i686; en-US; rv:1.9a1) Gecko/20070308 Minefield/3.0a1"
66.235.124.132 - - [12/Apr/2009:06:12:11 -0400] "GET /Sierra96/pic/s96-4-32.jpg HTTP/1.1" 200 34924 "http://chayden.net/Sierra96/Sierra96.html" "Mozilla/5.0 (X11; U; Linux i686; en-US; rv:1.9a1) Gecko/20070308 Minefield/3.0a1"
66.235.124.132 - - [12/Apr/2009:06:12:11 -0400] "GET /Sierra96/pic/s96-4-37.jpg HTTP/1.1" 200 76665 "http://chayden.net/Sierra96/Sierra96.html" "Mozilla/5.0 (X11; U; Linux i686; en-US; rv:1.9a1) Gecko/20070308 Minefield/3.0a1"
66.235.124.132 - - [12/Apr/2009:06:12:12 -0400] "GET /Sierra96/pic/s96-5-0a.jpg HTTP/1.1" 200 57749 "http://chayden.net/Sierra96/Sierra96.html" "Mozilla/5.0 (X11; U; Linux i686; en-US; rv:1.9a1) Gecko/20070308 Minefield/3.0a1"
66.235.124.132 - - [12/Apr/2009:06:12:12 -0400] "GET /Sierra96/pic/s96-5-0b.jpg HTTP/1.1" 200 84359 "http://chayden.net/Sierra96/Sierra96.html" "Mozilla/5.0 (X11; U; Linux i686; en-US; rv:1.9a1) Gecko/20070308 Minefield/3.0a1"
66.235.124.132 - - [12/Apr/2009:06:12:12 -0400] "GET /Sierra96/pic/s96-5-06.jpg HTTP/1.1" 200 65861 "http://chayden.net/Sierra96/Sierra96.html" "Mozilla/5.0 (X11; U; Linux i686; en-US; rv:1.9a1) Gecko/20070308 Minefield/3.0a1"
66.235.124.132 - - [12/Apr/2009:06:12:14 -0400] "GET /Sierra96/pic/s96-5-10.jpg HTTP/1.1" 200 92084 "http://chayden.net/Sierra96/Sierra96.html" "Mozilla/5.0 (X11; U; Linux i686; en-US; rv:1.9a1) Gecko/20070308 Minefield/3.0a1"
66.235.124.132 - - [12/Apr/2009:06:12:14 -0400] "GET /Sierra96/pic/s96-5-12.jpg HTTP/1.1" 200 75530 "http://chayden.net/Sierra96/Sierra96.html" "Mozilla/5.0 (X11; U; Linux i686; en-US; rv:1.9a1) Gecko/20070308 Minefield/3.0a1"
66.235.124.132 - - [12/Apr/2009:06:12:14 -0400] "GET /Sierra96/pic/s96-5-17.jpg HTTP/1.1" 200 58963 "http://chayden.net/Sierra96/Sierra96.html" "Mozilla/5.0 (X11; U; Linux i686; en-US; rv:1.9a1) Gecko/20070308 Minefield/3.0a1"
66.235.124.132 - - [12/Apr/2009:06:12:14 -0400] "GET /Sierra96/pic/s96-5-14.jpg HTTP/1.1" 200 69850 "http://chayden.net/Sierra96/Sierra96.html" "Mozilla/5.0 (X11; U; Linux i686; en-US; rv:1.9a1) Gecko/20070308 Minefield/3.0a1"
66.235.124.132 - - [12/Apr/2009:06:12:14 -0400] "GET /Sierra96/pic/s96-5-24.jpg HTTP/1.1" 200 65416 "http://chayden.net/Sierra96/Sierra96.html" "Mozilla/5.0 (X11; U; Linux i686; en-US; rv:1.9a1) Gecko/20070308 Minefield/3.0a1"
66.235.124.132 - - [12/Apr/2009:06:12:14 -0400] "GET /Sierra96/pic/s96-5-23.jpg HTTP/1.1" 200 120966 "http://chayden.net/Sierra96/Sierra96.html" "Mozilla/5.0 (X11; U; Linux i686; en-US; rv:1.9a1) Gecko/20070308 Minefield/3.0a1"
66.235.124.132 - - [12/Apr/2009:06:12:15 -0400] "GET /Sierra96/pic/s96-5-28.jpg HTTP/1.1" 200 72260 "http://chayden.net/Sierra96/Sierra96.html" "Mozilla/5.0 (X11; U; Linux i686; en-US; rv:1.9a1) Gecko/20070308 Minefield/3.0a1"
66.235.124.132 - - [12/Apr/2009:06:12:14 -0400] "GET /Sierra96/pic/s96-5-27.jpg HTTP/1.1" 200 85848 "http://chayden.net/Sierra96/Sierra96.html" "Mozilla/5.0 (X11; U; Linux i686; en-US; rv:1.9a1) Gecko/20070308 Minefield/3.0a1"
66.235.124.132 - - [12/Apr/2009:06:12:15 -0400] "GET /Sierra96/pic/s96-5-34.jpg HTTP/1.1" 200 45349 "http://chayden.net/Sierra96/Sierra96.html" "Mozilla/5.0 (X11; U; Linux i686; en-US; rv:1.9a1) Gecko/20070308 Minefield/3.0a1"
66.235.124.132 - - [12/Apr/2009:06:12:15 -0400] "GET /Sierra96/pic/s96-5-31.jpg HTTP/1.1" 200 115564 "http://chayden.net/Sierra96/Sierra96.html" "Mozilla/5.0 (X11; U; Linux i686; en-US; rv:1.9a1) Gecko/20070308 Minefield/3.0a1"
66.235.124.132 - - [12/Apr/2009:06:12:15 -0400] "GET /icons/back.gif HTTP/1.1" 200 216 "http://chayden.net/Sierra96/Sierra96.html" "Mozilla/5.0 (X11; U; Linux i686; en-US; rv:1.9a1) Gecko/20070308 Minefield/3.0a1"
66.235.124.132 - - [12/Apr/2009:06:12:15 -0400] "GET /Sierra96/pic/s96-5-37.jpg HTTP/1.1" 200 87107 "http://chayden.net/Sierra96/Sierra96.html" "Mozilla/5.0 (X11; U; Linux i686; en-US; rv:1.9a1) Gecko/20070308 Minefield/3.0a1"
66.249.71.238 - - [12/Apr/2009:06:12:18 -0400] "GET /Sierra00/pic/s00-6-02.jpg HTTP/1.1" 304 - "-" "Googlebot-Image/1.0"
65.40.115.30 - - [12/Apr/2009:06:14:51 -0400] "HEAD /favicon.ico HTTP/1.1" 404 - "-" "Mozilla/5.0 (Windows; U; Windows NT 5.1; en-US; rv:1.9.0.8) Gecko/2009032609 Firefox/3.0.8"
196.217.96.15 - - [12/Apr/2009:06:17:19 -0400] "GET /Sierra02/pic/Sierra02-06-18.jpg HTTP/1.1" 200 46840 "http://www.weblo.com/property/real_estate/directory/Carson_City/Beauty_Salon/37203/206/" "Mozilla/4.0 (compatible; MSIE 6.0; Windows NT 5.1; SV1; GTB5)"
212.14.233.130 - - [12/Apr/2009:06:17:49 -0400] "GET /Asterisk/favicon.ico HTTP/1.1" 404 301 "-" "Mozilla/4.0 (compatible; GoogleToolbar 5.0.2124.6042; Windows XP 5.1; MSIE 7.0.5730.13)"
212.14.233.130 - - [12/Apr/2009:06:17:50 -0400] "GET /Asterisk/favicon.gif HTTP/1.1" 404 301 "-" "Mozilla/4.0 (compatible; GoogleToolbar 5.0.2124.6042; Windows XP 5.1; MSIE 7.0.5730.13)"
38.99.13.124 - - [12/Apr/2009:06:18:31 -0400] "GET /robots.txt HTTP/1.0" 404 287 "-" "Mozilla/5.0 (Twiceler-0.9 http://www.cuil.com/twiceler/robot.html)"
74.6.22.160 - - [12/Apr/2009:06:18:34 -0400] "GET /Hiking/?C=S;O=A HTTP/1.0" 200 1030 "-" "Mozilla/5.0 (compatible; Yahoo! Slurp/3.0; http://help.yahoo.com/help/us/ysearch/slurp)"
165.124.140.190 - - [12/Apr/2009:06:20:17 -0400] "GET /eliza/Eliza.html HTTP/1.1" 200 5488 "http://www.google.com/search?q=ELIZA&btnG=Search&hl=en&sa=2" "Opera/9.64 (Windows NT 5.1; U; en) Presto/2.1.1"
165.124.140.190 - - [12/Apr/2009:06:20:19 -0400] "GET /eliza/Eliza/Eliza.class HTTP/1.1" 200 2434 "-" "Opera/9.64 (Windows NT 5.1; U; en) Presto/2.1.1"
165.124.140.190 - - [12/Apr/2009:06:20:19 -0400] "GET /icons/back.gif HTTP/1.1" 200 216 "http://chayden.net/eliza/Eliza.html" "Opera/9.64 (Windows NT 5.1; U; en) Presto/2.1.1"
165.124.140.190 - - [12/Apr/2009:06:20:19 -0400] "GET /eliza/Eliza/Eliza.class HTTP/1.1" 200 2434 "-" "Opera/9.64 (Windows NT 5.1; U; en) Presto/2.1.1"
165.124.140.190 - - [12/Apr/2009:06:20:19 -0400] "GET /eliza/Eliza/ElizaMain.class HTTP/1.1" 200 9260 "-" "Opera/9.64 (Windows NT 5.1; U; en) Presto/2.1.1"
165.124.140.190 - - [12/Apr/2009:06:20:20 -0400] "GET /eliza/Eliza/DecompList.class HTTP/1.1" 200 877 "-" "Opera/9.64 (Windows NT 5.1; U; en) Presto/2.1.1"
165.124.140.190 - - [12/Apr/2009:06:20:20 -0400] "GET /eliza/Eliza/DecompList.class HTTP/1.1" 200 877 "-" "Opera/9.64 (Windows NT 5.1; U; en) Presto/2.1.1"
165.124.140.190 - - [12/Apr/2009:06:20:20 -0400] "GET /eliza/Eliza/KeyList.class HTTP/1.1" 200 1722 "-" "Opera/9.64 (Windows NT 5.1; U; en) Presto/2.1.1"
165.124.140.190 - - [12/Apr/2009:06:20:20 -0400] "GET /eliza/Eliza/SynList.class HTTP/1.1" 200 2103 "-" "Opera/9.64 (Windows NT 5.1; U; en) Presto/2.1.1"
165.124.140.190 - - [12/Apr/2009:06:20:20 -0400] "GET /eliza/Eliza/KeyList.class HTTP/1.1" 200 1722 "-" "Opera/9.64 (Windows NT 5.1; U; en) Presto/2.1.1"
165.124.140.190 - - [12/Apr/2009:06:20:20 -0400] "GET /eliza/Eliza/WordList.class HTTP/1.1" 200 1243 "-" "Opera/9.64 (Windows NT 5.1; U; en) Presto/2.1.1"
165.124.140.190 - - [12/Apr/2009:06:20:20 -0400] "GET /eliza/Eliza/PrePostList.class HTTP/1.1" 200 1674 "-" "Opera/9.64 (Windows NT 5.1; U; en) Presto/2.1.1"
165.124.140.190 - - [12/Apr/2009:06:20:20 -0400] "GET /eliza/Eliza/PrePostList.class HTTP/1.1" 200 1674 "-" "Opera/9.64 (Windows NT 5.1; U; en) Presto/2.1.1"
165.124.140.190 - - [12/Apr/2009:06:20:20 -0400] "GET /eliza/Eliza/KeyStack.class HTTP/1.1" 200 1507 "-" "Opera/9.64 (Windows NT 5.1; U; en) Presto/2.1.1"
165.124.140.190 - - [12/Apr/2009:06:20:20 -0400] "GET /eliza/Eliza/KeyStack.class HTTP/1.1" 200 1507 "-" "Opera/9.64 (Windows NT 5.1; U; en) Presto/2.1.1"
165.124.140.190 - - [12/Apr/2009:06:20:20 -0400] "GET /eliza/Eliza/Key.class HTTP/1.1" 200 1702 "-" "Opera/9.64 (Windows NT 5.1; U; en) Presto/2.1.1"
165.124.140.190 - - [12/Apr/2009:06:20:21 -0400] "GET /eliza/Eliza/Key.class HTTP/1.1" 200 1702 "-" "Opera/9.64 (Windows NT 5.1; U; en) Presto/2.1.1"
165.124.140.190 - - [12/Apr/2009:06:20:21 -0400] "GET /eliza/Eliza/Mem.class HTTP/1.1" 200 850 "-" "Opera/9.64 (Windows NT 5.1; U; en) Presto/2.1.1"
165.124.140.190 - - [12/Apr/2009:06:20:21 -0400] "GET /eliza/Eliza/Mem.class HTTP/1.1" 200 850 "-" "Opera/9.64 (Windows NT 5.1; U; en) Presto/2.1.1"
165.124.140.190 - - [12/Apr/2009:06:20:21 -0400] "GET /eliza/script HTTP/1.1" 200 12267 "-" "Opera/9.64 (Windows NT 5.1; U; en) Presto/2.1.1"
165.124.140.190 - - [12/Apr/2009:06:20:21 -0400] "GET /eliza/Eliza/EString.class HTTP/1.1" 200 3849 "-" "Opera/9.64 (Windows NT 5.1; U; en) Presto/2.1.1"
165.124.140.190 - - [12/Apr/2009:06:20:21 -0400] "GET /eliza/Eliza/EString.class HTTP/1.1" 200 3849 "-" "Opera/9.64 (Windows NT 5.1; U; en) Presto/2.1.1"
165.124.140.190 - - [12/Apr/2009:06:20:21 -0400] "GET /eliza/Eliza/PrePost.class HTTP/1.1" 200 1073 "-" "Opera/9.64 (Windows NT 5.1; U; en) Presto/2.1.1"
165.124.140.190 - - [12/Apr/2009:06:20:21 -0400] "GET /eliza/Eliza/PrePost.class HTTP/1.1" 200 1073 "-" "Opera/9.64 (Windows NT 5.1; U; en) Presto/2.1.1"
165.124.140.190 - - [12/Apr/2009:06:20:21 -0400] "GET /eliza/Eliza/ReasembList.class HTTP/1.1" 200 1102 "-" "Opera/9.64 (Windows NT 5.1; U; en) Presto/2.1.1"
165.124.140.190 - - [12/Apr/2009:06:20:21 -0400] "GET /eliza/Eliza/ReasembList.class HTTP/1.1" 200 1102 "-" "Opera/9.64 (Windows NT 5.1; U; en) Presto/2.1.1"
165.124.140.190 - - [12/Apr/2009:06:20:21 -0400] "GET /eliza/Eliza/Decomp.class HTTP/1.1" 200 1727 "-" "Opera/9.64 (Windows NT 5.1; U; en) Presto/2.1.1"
165.124.140.190 - - [12/Apr/2009:06:20:22 -0400] "GET /favicon.ico HTTP/1.1" 404 288 "http://chayden.net/eliza/Eliza.html" "Opera/9.64 (Windows NT 5.1; U; en) Presto/2.1.1"
65.40.115.30 - - [12/Apr/2009:06:21:31 -0400] "HEAD /favicon.ico HTTP/1.1" 404 - "-" "Mozilla/5.0 (Windows; U; Windows NT 5.1; en-US; rv:1.9.0.8) Gecko/2009032609 Firefox/3.0.8"
61.135.190.232 - - [12/Apr/2009:06:22:42 -0400] "GET /Asterisk/SeUpAsteriskAtHome.htm HTTP/1.1" 304 - "-" "Baiduspider+(+http://www.baidu.com/search/spider.htm)"
124.43.201.209 - - [12/Apr/2009:06:22:52 -0400] "GET /Catskills/Notes/AircraftCrashes.html HTTP/1.1" 200 25661 "http://search.yahoo.com/search?p=aircraft+crash+sites&fr=yfp-t-501-s&toggle=1&cop=mss&ei=UTF-8" "Mozilla/5.0 (Windows; U; Windows NT 5.1; en-US; rv:1.9.0.8) Gecko/2009032609 Firefox/3.0.8"
124.43.201.209 - - [12/Apr/2009:06:22:53 -0400] "GET /Catskills/Notes/southmtn1.jpg HTTP/1.1" 200 15721 "http://chayden.net/Catskills/Notes/AircraftCrashes.html" "Mozilla/5.0 (Windows; U; Windows NT 5.1; en-US; rv:1.9.0.8) Gecko/2009032609 Firefox/3.0.8"
124.43.201.209 - - [12/Apr/2009:06:22:53 -0400] "GET /Catskills/Notes/4254_400.jpg HTTP/1.1" 200 21802 "http://chayden.net/Catskills/Notes/AircraftCrashes.html" "Mozilla/5.0 (Windows; U; Windows NT 5.1; en-US; rv:1.9.0.8) Gecko/2009032609 Firefox/3.0.8"
124.43.201.209 - - [12/Apr/2009:06:22:53 -0400] "GET /Catskills/Notes/34448_200.jpg HTTP/1.1" 200 21323 "http://chayden.net/Catskills/Notes/AircraftCrashes.html" "Mozilla/5.0 (Windows; U; Windows NT 5.1; en-US; rv:1.9.0.8) Gecko/2009032609 Firefox/3.0.8"
124.43.201.209 - - [12/Apr/2009:06:22:54 -0400] "GET /Catskills/Notes/PA300264.JPG HTTP/1.1" 200 25788 "http://chayden.net/Catskills/Notes/AircraftCrashes.html" "Mozilla/5.0 (Windows; U; Windows NT 5.1; en-US; rv:1.9.0.8) Gecko/2009032609 Firefox/3.0.8"
124.43.201.209 - - [12/Apr/2009:06:22:54 -0400] "GET /Catskills/Notes/PA300277.JPG HTTP/1.1" 200 26026 "http://chayden.net/Catskills/Notes/AircraftCrashes.html" "Mozilla/5.0 (Windows; U; Windows NT 5.1; en-US; rv:1.9.0.8) Gecko/2009032609 Firefox/3.0.8"
124.43.201.209 - - [12/Apr/2009:06:22:53 -0400] "GET /Catskills/Notes/highpeak1.jpg HTTP/1.1" 200 47771 "http://chayden.net/Catskills/Notes/AircraftCrashes.html" "Mozilla/5.0 (Windows; U; Windows NT 5.1; en-US; rv:1.9.0.8) Gecko/2009032609 Firefox/3.0.8"
124.43.201.209 - - [12/Apr/2009:06:22:55 -0400] "GET /Catskills/PantherCrash2006/P4070795.JPG HTTP/1.1" 200 15579 "http://chayden.net/Catskills/Notes/AircraftCrashes.html" "Mozilla/5.0 (Windows; U; Windows NT 5.1; en-US; rv:1.9.0.8) Gecko/2009032609 Firefox/3.0.8"
124.43.201.209 - - [12/Apr/2009:06:22:54 -0400] "GET /Catskills/Notes/PA300285.JPG HTTP/1.1" 200 25706 "http://chayden.net/Catskills/Notes/AircraftCrashes.html" "Mozilla/5.0 (Windows; U; Windows NT 5.1; en-US; rv:1.9.0.8) Gecko/2009032609 Firefox/3.0.8"
124.43.201.209 - - [12/Apr/2009:06:22:56 -0400] "GET /Catskills/Notes/P4100015.jpg HTTP/1.1" 200 25698 "http://chayden.net/Catskills/Notes/AircraftCrashes.html" "Mozilla/5.0 (Windows; U; Windows NT 5.1; en-US; rv:1.9.0.8) Gecko/2009032609 Firefox/3.0.8"
124.43.201.209 - - [12/Apr/2009:06:22:56 -0400] "GET /Catskills/Notes/P4080874.jpg HTTP/1.1" 200 23051 "http://chayden.net/Catskills/Notes/AircraftCrashes.html" "Mozilla/5.0 (Windows; U; Windows NT 5.1; en-US; rv:1.9.0.8) Gecko/2009032609 Firefox/3.0.8"
124.43.201.209 - - [12/Apr/2009:06:23:03 -0400] "GET /favicon.ico HTTP/1.1" 404 288 "-" "Mozilla/5.0 (Windows; U; Windows NT 5.1; en-US; rv:1.9.0.8) Gecko/2009032609 Firefox/3.0.8"
62.219.228.186 - - [12/Apr/2009:06:23:31 -0400] "GET /Asterisk/favicon.ico HTTP/1.1" 404 301 "-" "Mozilla/4.0 (compatible; GoogleToolbar 5.0.2124.6042; Windows 6.0; MSIE 7.0.6001.18000)"
62.219.228.186 - - [12/Apr/2009:06:23:32 -0400] "GET /Asterisk/favicon.gif HTTP/1.1" 404 301 "-" "Mozilla/4.0 (compatible; GoogleToolbar 5.0.2124.6042; Windows 6.0; MSIE 7.0.6001.18000)"
74.6.22.160 - - [12/Apr/2009:06:24:03 -0400] "GET /Sierra93/Sierra93.html HTTP/1.0" 200 30476 "-" "Mozilla/5.0 (compatible; Yahoo! Slurp/3.0; http://help.yahoo.com/help/us/ysearch/slurp)"
79.152.208.230 - - [12/Apr/2009:06:29:42 -0400] "GET /Runs/MurrayHill/MurrayHillsRuns.html HTTP/1.1" 200 2543 "http://images.google.es/imgres?imgurl=http://www.chayden.net/Runs/MurrayHill/MurrayHill-3D.jpg&imgrefurl=http://www.chayden.net/Runs/MurrayHill/MurrayHillsRuns.html&usg=__NBCVjEu9Vb1v3DONg_rnNpiEvco=&h=385&w=512&sz=87&hl=es&start=70&sig2=kGlTh6xxnAdzu4TOxd6l9g&um=1&tbnid=K9HSub-v2eieLM:&tbnh=99&tbnw=131&prev=/images%3Fq%3DMurray%2BHill%26ndsp%3D18%26hl%3Des%26client%3Dfirefox-a%26rls%3Dorg.mozilla:es-ES:official%26sa%3DN%26start%3D54%26um%3D1&ei=jsLhSbzKEceMjAfe15SuDg" "Mozilla/5.0 (Windows; U; Windows NT 5.1; es-ES; rv:1.9.0.8) Gecko/2009032609 Firefox/3.0.8"
79.152.208.230 - - [12/Apr/2009:06:29:42 -0400] "GET /icons/back.gif HTTP/1.1" 200 216 "http://www.chayden.net/Runs/MurrayHill/MurrayHillsRuns.html" "Mozilla/5.0 (Windows; U; Windows NT 5.1; es-ES; rv:1.9.0.8) Gecko/2009032609 Firefox/3.0.8"
79.152.208.230 - - [12/Apr/2009:06:29:42 -0400] "GET /Runs/MurrayHill/GlensideHills.gif HTTP/1.1" 200 5118 "http://www.chayden.net/Runs/MurrayHill/MurrayHillsRuns.html" "Mozilla/5.0 (Windows; U; Windows NT 5.1; es-ES; rv:1.9.0.8) Gecko/2009032609 Firefox/3.0.8"
79.152.208.230 - - [12/Apr/2009:06:29:42 -0400] "GET /Runs/MurrayHill/SkyTopHills.gif HTTP/1.1" 200 5537 "http://www.chayden.net/Runs/MurrayHill/MurrayHillsRuns.html" "Mozilla/5.0 (Windows; U; Windows NT 5.1; es-ES; rv:1.9.0.8) Gecko/2009032609 Firefox/3.0.8"
79.152.208.230 - - [12/Apr/2009:06:29:42 -0400] "GET /Runs/MurrayHill/MurrayHill-3D.jpg HTTP/1.1" 200 88372 "http://www.chayden.net/Runs/MurrayHill/MurrayHillsRuns.html" "Mozilla/5.0 (Windows; U; Windows NT 5.1; es-ES; rv:1.9.0.8) Gecko/2009032609 Firefox/3.0.8"
79.152.208.230 - - [12/Apr/2009:06:29:42 -0400] "GET /Runs/MurrayHill/Glenside.jpg HTTP/1.1" 200 85464 "http://www.chayden.net/Runs/MurrayHill/MurrayHillsRuns.html" "Mozilla/5.0 (Windows; U; Windows NT 5.1; es-ES; rv:1.9.0.8) Gecko/2009032609 Firefox/3.0.8"
79.152.208.230 - - [12/Apr/2009:06:29:43 -0400] "GET /Runs/MurrayHill/MurrayHill-3D.jpg HTTP/1.1" 200 88372 "http://images.google.es/imgres?imgurl=http://www.chayden.net/Runs/MurrayHill/MurrayHill-3D.jpg&imgrefurl=http://www.chayden.net/Runs/MurrayHill/MurrayHillsRuns.html&usg=__NBCVjEu9Vb1v3DONg_rnNpiEvco=&h=385&w=512&sz=87&hl=es&start=70&sig2=kGlTh6xxnAdzu4TOxd6l9g&um=1&tbnid=K9HSub-v2eieLM:&tbnh=99&tbnw=131&prev=/images%3Fq%3DMurray%2BHill%26ndsp%3D18%26hl%3Des%26client%3Dfirefox-a%26rls%3Dorg.mozilla:es-ES:official%26sa%3DN%26start%3D54%26um%3D1&ei=jsLhSbzKEceMjAfe15SuDg" "Mozilla/5.0 (Windows; U; Windows NT 5.1; es-ES; rv:1.9.0.8) Gecko/2009032609 Firefox/3.0.8"
79.152.208.230 - - [12/Apr/2009:06:29:50 -0400] "GET /Runs/MurrayHill/Glenside.jpg HTTP/1.1" 200 85464 "http://www.chayden.net/Runs/MurrayHill/MurrayHillsRuns.html" "Mozilla/5.0 (Windows; U; Windows NT 5.1; es-ES; rv:1.9.0.8) Gecko/2009032609 Firefox/3.0.8"
79.152.208.230 - - [12/Apr/2009:06:29:52 -0400] "GET /Runs/MurrayHill/Glenside.jpg HTTP/1.1" 200 85464 "http://www.chayden.net/Runs/MurrayHill/MurrayHillsRuns.html" "Mozilla/5.0 (Windows; U; Windows NT 5.1; es-ES; rv:1.9.0.8) Gecko/2009032609 Firefox/3.0.8"
62.219.228.186 - - [12/Apr/2009:06:30:43 -0400] "GET /Asterisk/favicon.ico HTTP/1.1" 404 301 "-" "Mozilla/4.0 (compatible; GoogleToolbar 5.0.2124.6042; Windows 6.0; MSIE 7.0.6001.18000)"
62.219.228.186 - - [12/Apr/2009:06:30:43 -0400] "GET /Asterisk/favicon.gif HTTP/1.1" 404 301 "-" "Mozilla/4.0 (compatible; GoogleToolbar 5.0.2124.6042; Windows 6.0; MSIE 7.0.6001.18000)"
74.6.22.107 - - [12/Apr/2009:06:31:30 -0400] "GET /robots.txt HTTP/1.0" 404 291 "-" "Mozilla/5.0 (compatible; Yahoo! Slurp; http://help.yahoo.com/help/us/ysearch/slurp)"
65.40.115.30 - - [12/Apr/2009:06:31:31 -0400] "HEAD /favicon.ico HTTP/1.1" 404 - "-" "Mozilla/5.0 (Windows; U; Windows NT 5.1; en-US; rv:1.9.0.8) Gecko/2009032609 Firefox/3.0.8"
74.6.22.107 - - [12/Apr/2009:06:31:36 -0400] "GET /PhillyMarathon99/PhillyMarathon99.html HTTP/1.0" 200 3719 "-" "Mozilla/5.0 (compatible; Yahoo! Slurp/3.0; http://help.yahoo.com/help/us/ysearch/slurp)"
74.6.22.107 - - [12/Apr/2009:06:31:36 -0400] "GET /includes/hikes.css HTTP/1.0" 304 - "http://www.chayden.net/PhillyMarathon99/PhillyMarathon99.html" "Mozilla/5.0 (compatible; Yahoo! Slurp/3.0; http://help.yahoo.com/help/us/ysearch/slurp)"
211.110.56.19 - - [12/Apr/2009:06:32:23 -0400] "GET /Asterisk/favicon.ico HTTP/1.1" 404 297 "-" "Mozilla/4.0 (compatible; GoogleToolbar 5.0.2124.4372; Windows XP 5.1; MSIE 6.0.2900.2180)"
211.110.56.19 - - [12/Apr/2009:06:32:23 -0400] "GET /Asterisk/favicon.gif HTTP/1.1" 404 297 "-" "Mozilla/4.0 (compatible; GoogleToolbar 5.0.2124.4372; Windows XP 5.1; MSIE 6.0.2900.2180)"
59.90.190.91 - - [12/Apr/2009:06:27:10 -0400] "GET /Runs/Adidas/tree.jpg HTTP/1.1" 200 976780 "http://worldofcherie.blogspot.com/" "Mozilla/4.0 (compatible; MSIE 6.0; Windows NT 5.1; SV1; .NET CLR 2.0.50727)"
98.116.37.169 - - [12/Apr/2009:06:35:58 -0400] "GET /Asterisk/favicon.ico HTTP/1.1" 404 297 "-" "Mozilla/4.0 (compatible; GoogleToolbar 5.0.2124.6042; Windows XP 5.1; MSIE 7.0.5730.13)"
98.116.37.169 - - [12/Apr/2009:06:35:58 -0400] "GET /Asterisk/favicon.gif HTTP/1.1" 404 297 "-" "Mozilla/4.0 (compatible; GoogleToolbar 5.0.2124.6042; Windows XP 5.1; MSIE 7.0.5730.13)"
124.115.0.167 - - [12/Apr/2009:06:36:19 -0400] "HEAD / HTTP/1.1" 200 - "http://chayden.net/" "Sosospider+(+http://help.soso.com/webspider.htm)"
140.117.186.18 - - [12/Apr/2009:06:38:30 -0400] "GET /eliza/Eliza.html HTTP/1.1" 200 5488 "-" "Mozilla/4.0 (compatible; MSIE 7.0; Windows NT 6.0; SLCC1; .NET CLR 2.0.50727; Media Center PC 5.0; .NET CLR 3.0.04506; InfoPath.1)"
140.117.186.18 - - [12/Apr/2009:06:38:31 -0400] "GET /icons/back.gif HTTP/1.1" 200 216 "http://www.chayden.net/eliza/Eliza.html" "Mozilla/4.0 (compatible; MSIE 7.0; Windows NT 6.0; SLCC1; .NET CLR 2.0.50727; Media Center PC 5.0; .NET CLR 3.0.04506; InfoPath.1)"
140.117.186.18 - - [12/Apr/2009:06:39:05 -0400] "GET /favicon.ico HTTP/1.1" 404 292 "-" "Mozilla/4.0 (compatible; MSIE 7.0; Windows NT 6.0; SLCC1; .NET CLR 2.0.50727; Media Center PC 5.0; .NET CLR 3.0.04506; InfoPath.1)"
74.6.22.107 - - [12/Apr/2009:06:39:11 -0400] "GET /Catskills/Notes/?C=M;O=D HTTP/1.0" 200 2599 "-" "Mozilla/5.0 (compatible; Yahoo! Slurp/3.0; http://help.yahoo.com/help/us/ysearch/slurp)"
140.117.186.18 - - [12/Apr/2009:06:40:24 -0400] "GET /eliza/Eliza.html HTTP/1.1" 304 - "-" "Mozilla/4.0 (compatible; MSIE 7.0; Windows NT 6.0; SLCC1; .NET CLR 2.0.50727; Media Center PC 5.0; .NET CLR 3.0.04506; InfoPath.1)"
140.117.186.18 - - [12/Apr/2009:06:40:24 -0400] "GET /icons/back.gif HTTP/1.1" 304 - "http://www.chayden.net/eliza/Eliza.html" "Mozilla/4.0 (compatible; MSIE 7.0; Windows NT 6.0; SLCC1; .NET CLR 2.0.50727; Media Center PC 5.0; .NET CLR 3.0.04506; InfoPath.1)"
140.117.186.18 - - [12/Apr/2009:06:40:43 -0400] "GET /eliza/Eliza/Eliza.java HTTP/1.1" 200 1869 "http://www.chayden.net/eliza/Eliza.html" "Mozilla/4.0 (compatible; MSIE 7.0; Windows NT 6.0; SLCC1; .NET CLR 2.0.50727; Media Center PC 5.0; .NET CLR 3.0.04506; InfoPath.1)"
140.117.186.18 - - [12/Apr/2009:06:40:46 -0400] "GET /eliza/Eliza.html HTTP/1.1" 304 - "-" "Mozilla/4.0 (compatible; MSIE 7.0; Windows NT 6.0; SLCC1; .NET CLR 2.0.50727; Media Center PC 5.0; .NET CLR 3.0.04506; InfoPath.1)"
140.117.186.18 - - [12/Apr/2009:06:40:47 -0400] "GET /icons/back.gif HTTP/1.1" 304 - "http://www.chayden.net/eliza/Eliza.html" "Mozilla/4.0 (compatible; MSIE 7.0; Windows NT 6.0; SLCC1; .NET CLR 2.0.50727; Media Center PC 5.0; .NET CLR 3.0.04506; InfoPath.1)"
140.117.186.18 - - [12/Apr/2009:06:40:49 -0400] "GET /eliza/Eliza/ElizaApp.java HTTP/1.1" 200 1210 "http://www.chayden.net/eliza/Eliza.html" "Mozilla/4.0 (compatible; MSIE 7.0; Windows NT 6.0; SLCC1; .NET CLR 2.0.50727; Media Center PC 5.0; .NET CLR 3.0.04506; InfoPath.1)"
65.40.115.30 - - [12/Apr/2009:06:41:32 -0400] "HEAD /favicon.ico HTTP/1.1" 404 - "-" "Mozilla/5.0 (Windows; U; Windows NT 5.1; en-US; rv:1.9.0.8) Gecko/2009032609 Firefox/3.0.8"
65.55.217.67 - - [12/Apr/2009:06:44:43 -0400] "GET /Runs/Navesink/HartshorneTrails.jpg HTTP/1.1" 200 187955 "-" "msnbot-media/1.1 (+http://search.msn.com/msnbot.htm)"
193.252.149.14 - - [12/Apr/2009:06:45:20 -0400] "GET /Sierra02/?N=D/?N=A HTTP/1.1" 200 1267 "-" "Mozilla/5.0 (Windows; U; Windows NT 5.1; fr; rv:1.8.1) VoilaBot BETA 1.2 (support.voilabot@orange-ftgroup.com)"
208.111.154.16 - - [12/Apr/2009:06:47:32 -0400] "GET /robots.txt HTTP/1.1" 404 287 "-" "Mozilla/5.0 (compatible; Charlotte/1.1; http://www.searchme.com/support/)"
208.111.154.16 - - [12/Apr/2009:06:47:33 -0400] "GET /Index.shtml HTTP/1.1" 200 16619 "-" "Mozilla/5.0 (compatible; Charlotte/1.1; http://www.searchme.com/support/)"
65.40.115.30 - - [12/Apr/2009:06:51:34 -0400] "HEAD /favicon.ico HTTP/1.1" 404 - "-" "Mozilla/5.0 (Windows; U; Windows NT 5.1; en-US; rv:1.9.0.8) Gecko/2009032609 Firefox/3.0.8"
208.111.154.16 - - [12/Apr/2009:06:53:22 -0400] "GET /robots.txt HTTP/1.1" 404 291 "-" "Mozilla/5.0 (compatible; Charlotte/1.1; http://www.searchme.com/support/)"
208.111.154.16 - - [12/Apr/2009:06:53:23 -0400] "GET /?C=N;O=D HTTP/1.1" 304 - "-" "Mozilla/5.0 (compatible; Charlotte/1.1; http://www.searchme.com/support/)"
99.196.45.87 - - [12/Apr/2009:06:54:36 -0400] "GET /Catskills/Notes/AircraftCrashes.html HTTP/1.1" 200 25661 "http://www.google.com/search?hl=en&client=firefox-a&channel=s&rls=org.mozilla%3Aen-US%3Aofficial&hs=KQx&q=bull+mountain+va.+plane+crash+location+map&btnG=Search" "Mozilla/5.0 (Macintosh; U; PPC Mac OS X 10.4; en-US; rv:1.9.0.8) Gecko/2009032608 Firefox/3.0.8"
99.196.45.87 - - [12/Apr/2009:06:54:37 -0400] "GET /Catskills/Notes/southmtn1.jpg HTTP/1.1" 200 15721 "http://www.chayden.net/Catskills/Notes/AircraftCrashes.html" "Mozilla/5.0 (Macintosh; U; PPC Mac OS X 10.4; en-US; rv:1.9.0.8) Gecko/2009032608 Firefox/3.0.8"
99.196.45.87 - - [12/Apr/2009:06:54:37 -0400] "GET /Catskills/Notes/4254_400.jpg HTTP/1.1" 200 21802 "http://www.chayden.net/Catskills/Notes/AircraftCrashes.html" "Mozilla/5.0 (Macintosh; U; PPC Mac OS X 10.4; en-US; rv:1.9.0.8) Gecko/2009032608 Firefox/3.0.8"
99.196.45.87 - - [12/Apr/2009:06:54:37 -0400] "GET /Catskills/Notes/34448_200.jpg HTTP/1.1" 200 21323 "http://www.chayden.net/Catskills/Notes/AircraftCrashes.html" "Mozilla/5.0 (Macintosh; U; PPC Mac OS X 10.4; en-US; rv:1.9.0.8) Gecko/2009032608 Firefox/3.0.8"
99.196.45.87 - - [12/Apr/2009:06:54:37 -0400] "GET /Catskills/Notes/PA300285.JPG HTTP/1.1" 200 25706 "http://www.chayden.net/Catskills/Notes/AircraftCrashes.html" "Mozilla/5.0 (Macintosh; U; PPC Mac OS X 10.4; en-US; rv:1.9.0.8) Gecko/2009032608 Firefox/3.0.8"
99.196.45.87 - - [12/Apr/2009:06:54:37 -0400] "GET /Catskills/Notes/P4080874.jpg HTTP/1.1" 200 23051 "http://www.chayden.net/Catskills/Notes/AircraftCrashes.html" "Mozilla/5.0 (Macintosh; U; PPC Mac OS X 10.4; en-US; rv:1.9.0.8) Gecko/2009032608 Firefox/3.0.8"
99.196.45.87 - - [12/Apr/2009:06:54:37 -0400] "GET /Catskills/Notes/PA300264.JPG HTTP/1.1" 200 25788 "http://www.chayden.net/Catskills/Notes/AircraftCrashes.html" "Mozilla/5.0 (Macintosh; U; PPC Mac OS X 10.4; en-US; rv:1.9.0.8) Gecko/2009032608 Firefox/3.0.8"
99.196.45.87 - - [12/Apr/2009:06:54:37 -0400] "GET /Catskills/PantherCrash2006/P4070795.JPG HTTP/1.1" 200 15579 "http://www.chayden.net/Catskills/Notes/AircraftCrashes.html" "Mozilla/5.0 (Macintosh; U; PPC Mac OS X 10.4; en-US; rv:1.9.0.8) Gecko/2009032608 Firefox/3.0.8"
99.196.45.87 - - [12/Apr/2009:06:54:37 -0400] "GET /Catskills/Notes/highpeak1.jpg HTTP/1.1" 200 47771 "http://www.chayden.net/Catskills/Notes/AircraftCrashes.html" "Mozilla/5.0 (Macintosh; U; PPC Mac OS X 10.4; en-US; rv:1.9.0.8) Gecko/2009032608 Firefox/3.0.8"
99.196.45.87 - - [12/Apr/2009:06:54:37 -0400] "GET /Catskills/Notes/PA300277.JPG HTTP/1.1" 200 26026 "http://www.chayden.net/Catskills/Notes/AircraftCrashes.html" "Mozilla/5.0 (Macintosh; U; PPC Mac OS X 10.4; en-US; rv:1.9.0.8) Gecko/2009032608 Firefox/3.0.8"
99.196.45.87 - - [12/Apr/2009:06:54:37 -0400] "GET /Catskills/Notes/P4100015.jpg HTTP/1.1" 200 25698 "http://www.chayden.net/Catskills/Notes/AircraftCrashes.html" "Mozilla/5.0 (Macintosh; U; PPC Mac OS X 10.4; en-US; rv:1.9.0.8) Gecko/2009032608 Firefox/3.0.8"
99.196.45.87 - - [12/Apr/2009:06:54:48 -0400] "GET /favicon.ico HTTP/1.1" 404 292 "-" "Mozilla/5.0 (Macintosh; U; PPC Mac OS X 10.4; en-US; rv:1.9.0.8) Gecko/2009032608 Firefox/3.0.8"
99.196.45.87 - - [12/Apr/2009:06:54:51 -0400] "GET /favicon.ico HTTP/1.1" 404 292 "-" "Mozilla/5.0 (Macintosh; U; PPC Mac OS X 10.4; en-US; rv:1.9.0.8) Gecko/2009032608 Firefox/3.0.8"
74.6.22.107 - - [12/Apr/2009:06:57:47 -0400] "GET /index.html HTTP/1.0" 200 21908 "-" "Mozilla/5.0 (compatible; Yahoo! Slurp/3.0; http://help.yahoo.com/help/us/ysearch/slurp)"
74.6.22.107 - - [12/Apr/2009:07:00:05 -0400] "GET /Catskills/Balsam2005/Balsam.tpo HTTP/1.0" 200 6807 "-" "Mozilla/5.0 (compatible; Yahoo! Slurp/3.0; http://help.yahoo.com/help/us/ysearch/slurp)"
74.6.22.107 - - [12/Apr/2009:07:00:33 -0400] "GET /Catskills/peak001.html HTTP/1.0" 404 303 "-" "Mozilla/5.0 (compatible; Yahoo! Slurp/3.0; http://help.yahoo.com/help/us/ysearch/slurp)"
65.40.115.30 - - [12/Apr/2009:07:01:31 -0400] "HEAD /favicon.ico HTTP/1.1" 404 - "-" "Mozilla/5.0 (Windows; U; Windows NT 5.1; en-US; rv:1.9.0.8) Gecko/2009032609 Firefox/3.0.8"
82.36.102.194 - - [12/Apr/2009:07:10:36 -0400] "GET /SanGabriels/SanGabriels.html HTTP/1.1" 200 28779 "http://images.google.co.uk/imgres?imgurl=http://www.chayden.net/SanGabriels/pic/Williamson79-06.jpg&imgrefurl=http://www.chayden.net/SanGabriels/SanGabriels.html&usg=__gykXzD2L1JhGMtqmYzbjjWqmujE=&h=398&w=600&sz=94&hl=en&start=30&um=1&tbnid=aBgUSFIWEFE_FM:&tbnh=90&tbnw=135&prev=/images%3Fq%3Dairplane%2Bcrashes%26ndsp%3D20%26hl%3Den%26safe%3Doff%26rlz%3D1B3GGGL_en-GBGB318GB318%26sa%3DN%26start%3D20%26um%3D1" "Mozilla/5.0 (Windows; U; Windows NT 5.1; en-GB; rv:1.9.0.8) Gecko/2009032609 Firefox/3.0.8 GTB5"
82.36.102.194 - - [12/Apr/2009:07:10:37 -0400] "GET /includes/hikes.css HTTP/1.1" 200 306 "http://www.chayden.net/SanGabriels/SanGabriels.html" "Mozilla/5.0 (Windows; U; Windows NT 5.1; en-GB; rv:1.9.0.8) Gecko/2009032609 Firefox/3.0.8 GTB5"
82.36.102.194 - - [12/Apr/2009:07:10:37 -0400] "GET /SanGabriels/pic/Williamson79-01.jpg HTTP/1.1" 200 60839 "http://www.chayden.net/SanGabriels/SanGabriels.html" "Mozilla/5.0 (Windows; U; Windows NT 5.1; en-GB; rv:1.9.0.8) Gecko/2009032609 Firefox/3.0.8 GTB5"
