99.224.112.145 - - [21/Apr/2009:04:17:10 -0400] "GET /Asterisk/SeUpAsteriskAtHome_files/image001.gif HTTP/1.1" 200 2324 "http://www.chayden.net/Asterisk/SeUpAsteriskAtHome.htm" "Mozilla/5.0 (Windows; U; Windows NT 5.1; en-US; rv:1.9.0.4) Gecko/2008102920 Firefox/3.0.4"
99.224.112.145 - - [21/Apr/2009:04:17:10 -0400] "GET /Asterisk/SeUpAsteriskAtHome_files/image003.jpg HTTP/1.1" 200 5132 "http://www.chayden.net/Asterisk/SeUpAsteriskAtHome.htm" "Mozilla/5.0 (Windows; U; Windows NT 5.1; en-US; rv:1.9.0.4) Gecko/2008102920 Firefox/3.0.4"
99.224.112.145 - - [21/Apr/2009:04:17:10 -0400] "GET /Asterisk/SeUpAsteriskAtHome_files/image004.gif HTTP/1.1" 200 6404 "http://www.chayden.net/Asterisk/SeUpAsteriskAtHome.htm" "Mozilla/5.0 (Windows; U; Windows NT 5.1; en-US; rv:1.9.0.4) Gecko/2008102920 Firefox/3.0.4"
99.224.112.145 - - [21/Apr/2009:04:17:10 -0400] "GET /Asterisk/SeUpAsteriskAtHome_files/image005.gif HTTP/1.1" 200 4365 "http://www.chayden.net/Asterisk/SeUpAsteriskAtHome.htm" "Mozilla/5.0 (Windows; U; Windows NT 5.1; en-US; rv:1.9.0.4) Gecko/2008102920 Firefox/3.0.4"
99.224.112.145 - - [21/Apr/2009:04:17:10 -0400] "GET /Asterisk/SeUpAsteriskAtHome_files/image007.gif HTTP/1.1" 200 5284 "http://www.chayden.net/Asterisk/SeUpAsteriskAtHome.htm" "Mozilla/5.0 (Windows; U; Windows NT 5.1; en-US; rv:1.9.0.4) Gecko/2008102920 Firefox/3.0.4"
99.224.112.145 - - [21/Apr/2009:04:17:10 -0400] "GET /Asterisk/SeUpAsteriskAtHome.htm HTTP/1.1" 200 178181 "-" "Mozilla/5.0 (Windows; U; Windows NT 5.1; en-US; rv:1.9.0.4) Gecko/2008102920 Firefox/3.0.4"
99.224.112.145 - - [21/Apr/2009:04:17:10 -0400] "GET /Asterisk/SeUpAsteriskAtHome_files/image009.jpg HTTP/1.1" 200 14238 "http://www.chayden.net/Asterisk/SeUpAsteriskAtHome.htm" "Mozilla/5.0 (Windows; U; Windows NT 5.1; en-US; rv:1.9.0.4) Gecko/2008102920 Firefox/3.0.4"
99.224.112.145 - - [21/Apr/2009:04:17:10 -0400] "GET /Asterisk/SeUpAsteriskAtHome_files/image006.gif HTTP/1.1" 200 33832 "http://www.chayden.net/Asterisk/SeUpAsteriskAtHome.htm" "Mozilla/5.0 (Windows; U; Windows NT 5.1; en-US; rv:1.9.0.4) Gecko/2008102920 Firefox/3.0.4"
99.224.112.145 - - [21/Apr/2009:04:17:10 -0400] "GET /Asterisk/SeUpAsteriskAtHome_files/image011.jpg HTTP/1.1" 200 13078 "http://www.chayden.net/Asterisk/SeUpAsteriskAtHome.htm" "Mozilla/5.0 (Windows; U; Windows NT 5.1; en-US; rv:1.9.0.4) Gecko/2008102920 Firefox/3.0.4"
99.224.112.145 - - [21/Apr/2009:04:17:10 -0400] "GET /Asterisk/SeUpAsteriskAtHome_files/image013.jpg HTTP/1.1" 200 21296 "http://www.chayden.net/Asterisk/SeUpAsteriskAtHome.htm" "Mozilla/5.0 (Windows; U; Windows NT 5.1; en-US; rv:1.9.0.4) Gecko/2008102920 Firefox/3.0.4"
99.224.112.145 - - [21/Apr/2009:04:17:10 -0400] "GET /Asterisk/SeUpAsteriskAtHome_files/image017.jpg HTTP/1.1" 200 30515 "http://www.chayden.net/Asterisk/SeUpAsteriskAtHome.htm" "Mozilla/5.0 (Windows; U; Windows NT 5.1; en-US; rv:1.9.0.4) Gecko/2008102920 Firefox/3.0.4"
99.224.112.145 - - [21/Apr/2009:04:17:10 -0400] "GET /Asterisk/SeUpAsteriskAtHome_files/image019.jpg HTTP/1.1" 200 39902 "http://www.chayden.net/Asterisk/SeUpAsteriskAtHome.htm" "Mozilla/5.0 (Windows; U; Windows NT 5.1; en-US; rv:1.9.0.4) Gecko/2008102920 Firefox/3.0.4"
99.224.112.145 - - [21/Apr/2009:04:17:11 -0400] "GET /Asterisk/SeUpAsteriskAtHome_files/image044.jpg HTTP/1.1" 200 6079 "http://www.chayden.net/Asterisk/SeUpAsteriskAtHome.htm" "Mozilla/5.0 (Windows; U; Windows NT 5.1; en-US; rv:1.9.0.4) Gecko/2008102920 Firefox/3.0.4"
99.224.112.145 - - [21/Apr/2009:04:17:11 -0400] "GET /Asterisk/SeUpAsteriskAtHome_files/image039.jpg HTTP/1.1" 200 1921 "http://www.chayden.net/Asterisk/SeUpAsteriskAtHome.htm" "Mozilla/5.0 (Windows; U; Windows NT 5.1; en-US; rv:1.9.0.4) Gecko/2008102920 Firefox/3.0.4"
99.224.112.145 - - [21/Apr/2009:04:17:10 -0400] "GET /Asterisk/SeUpAsteriskAtHome_files/image015.jpg HTTP/1.1" 200 47335 "http://www.chayden.net/Asterisk/SeUpAsteriskAtHome.htm" "Mozilla/5.0 (Windows; U; Windows NT 5.1; en-US; rv:1.9.0.4) Gecko/2008102920 Firefox/3.0.4"
99.224.112.145 - - [21/Apr/2009:04:17:10 -0400] "GET /Asterisk/SeUpAsteriskAtHome_files/image020.gif HTTP/1.1" 200 49946 "http://www.chayden.net/Asterisk/SeUpAsteriskAtHome.htm" "Mozilla/5.0 (Windows; U; Windows NT 5.1; en-US; rv:1.9.0.4) Gecko/2008102920 Firefox/3.0.4"
99.224.112.145 - - [21/Apr/2009:04:17:11 -0400] "GET /Asterisk/SeUpAsteriskAtHome_files/image041.jpg HTTP/1.1" 200 26765 "http://www.chayden.net/Asterisk/SeUpAsteriskAtHome.htm" "Mozilla/5.0 (Windows; U; Windows NT 5.1; en-US; rv:1.9.0.4) Gecko/2008102920 Firefox/3.0.4"
99.224.112.145 - - [21/Apr/2009:04:17:11 -0400] "GET /Asterisk/SeUpAsteriskAtHome_files/image043.jpg HTTP/1.1" 200 22658 "http://www.chayden.net/Asterisk/SeUpAsteriskAtHome.htm" "Mozilla/5.0 (Windows; U; Windows NT 5.1; en-US; rv:1.9.0.4) Gecko/2008102920 Firefox/3.0.4"
99.224.112.145 - - [21/Apr/2009:04:17:11 -0400] "GET /Asterisk/SeUpAsteriskAtHome_files/image046.jpg HTTP/1.1" 200 35168 "http://www.chayden.net/Asterisk/SeUpAsteriskAtHome.htm" "Mozilla/5.0 (Windows; U; Windows NT 5.1; en-US; rv:1.9.0.4) Gecko/2008102920 Firefox/3.0.4"
99.224.112.145 - - [21/Apr/2009:04:17:11 -0400] "GET /Asterisk/SeUpAsteriskAtHome_files/image022.jpg HTTP/1.1" 200 34633 "http://www.chayden.net/Asterisk/SeUpAsteriskAtHome.htm" "Mozilla/5.0 (Windows; U; Windows NT 5.1; en-US; rv:1.9.0.4) Gecko/2008102920 Firefox/3.0.4"
99.224.112.145 - - [21/Apr/2009:04:17:11 -0400] "GET /Asterisk/SeUpAsteriskAtHome_files/image027.jpg HTTP/1.1" 200 8509 "http://www.chayden.net/Asterisk/SeUpAsteriskAtHome.htm" "Mozilla/5.0 (Windows; U; Windows NT 5.1; en-US; rv:1.9.0.4) Gecko/2008102920 Firefox/3.0.4"
99.224.112.145 - - [21/Apr/2009:04:17:11 -0400] "GET /Asterisk/SeUpAsteriskAtHome_files/image035.jpg HTTP/1.1" 200 2759 "http://www.chayden.net/Asterisk/SeUpAsteriskAtHome.htm" "Mozilla/5.0 (Windows; U; Windows NT 5.1; en-US; rv:1.9.0.4) Gecko/2008102920 Firefox/3.0.4"
99.224.112.145 - - [21/Apr/2009:04:17:11 -0400] "GET /Asterisk/SeUpAsteriskAtHome_files/image026.jpg HTTP/1.1" 200 37910 "http://www.chayden.net/Asterisk/SeUpAsteriskAtHome.htm" "Mozilla/5.0 (Windows; U; Windows NT 5.1; en-US; rv:1.9.0.4) Gecko/2008102920 Firefox/3.0.4"
99.224.112.145 - - [21/Apr/2009:04:17:11 -0400] "GET /Asterisk/SeUpAsteriskAtHome_files/image024.jpg HTTP/1.1" 200 31330 "http://www.chayden.net/Asterisk/SeUpAsteriskAtHome.htm" "Mozilla/5.0 (Windows; U; Windows NT 5.1; en-US; rv:1.9.0.4) Gecko/2008102920 Firefox/3.0.4"
99.224.112.145 - - [21/Apr/2009:04:17:11 -0400] "GET /Asterisk/SeUpAsteriskAtHome_files/image029.jpg HTTP/1.1" 200 43404 "http://www.chayden.net/Asterisk/SeUpAsteriskAtHome.htm" "Mozilla/5.0 (Windows; U; Windows NT 5.1; en-US; rv:1.9.0.4) Gecko/2008102920 Firefox/3.0.4"
99.224.112.145 - - [21/Apr/2009:04:17:11 -0400] "GET /Asterisk/SeUpAsteriskAtHome_files/image031.jpg HTTP/1.1" 200 30259 "http://www.chayden.net/Asterisk/SeUpAsteriskAtHome.htm" "Mozilla/5.0 (Windows; U; Windows NT 5.1; en-US; rv:1.9.0.4) Gecko/2008102920 Firefox/3.0.4"
99.224.112.145 - - [21/Apr/2009:04:17:11 -0400] "GET /Asterisk/SeUpAsteriskAtHome_files/image033.jpg HTTP/1.1" 200 30788 "http://www.chayden.net/Asterisk/SeUpAsteriskAtHome.htm" "Mozilla/5.0 (Windows; U; Windows NT 5.1; en-US; rv:1.9.0.4) Gecko/2008102920 Firefox/3.0.4"
99.224.112.145 - - [21/Apr/2009:04:17:11 -0400] "GET /Asterisk/SeUpAsteriskAtHome_files/image037.jpg HTTP/1.1" 200 42221 "http://www.chayden.net/Asterisk/SeUpAsteriskAtHome.htm" "Mozilla/5.0 (Windows; U; Windows NT 5.1; en-US; rv:1.9.0.4) Gecko/2008102920 Firefox/3.0.4"
99.224.112.145 - - [21/Apr/2009:04:17:12 -0400] "GET /favicon.ico HTTP/1.1" 404 292 "-" "Mozilla/5.0 (Windows; U; Windows NT 5.1; en-US; rv:1.9.0.4) Gecko/2008102920 Firefox/3.0.4"
99.224.112.145 - - [21/Apr/2009:04:17:15 -0400] "GET /favicon.ico HTTP/1.1" 404 292 "-" "Mozilla/5.0 (Windows; U; Windows NT 5.1; en-US; rv:1.9.0.4) Gecko/2008102920 Firefox/3.0.4"
66.235.124.76 - - [21/Apr/2009:04:17:50 -0400] "GET /Silver/pic/Silver99-4-09.jpg HTTP/1.0" 200 71205 "-" "Mozilla/5.0 (compatible; Ask Jeeves/Teoma; +http://about.ask.com/en/docs/about/webmasters.shtml)"
202.79.29.2 - - [21/Apr/2009:04:18:20 -0400] "GET /Sierra94/Sierra94.html HTTP/1.0" 200 48931 "-" "Mozilla/4.0 (compatible; MSIE 6.0; Windows NT 5.1; SV1; .NET CLR 1.1.4322; .NET CLR 2.0.50727)"
202.79.29.2 - - [21/Apr/2009:04:18:22 -0400] "GET /includes/hikes.css HTTP/1.0" 200 306 "-" "Mozilla/4.0 (compatible; MSIE 6.0; Windows NT 5.1; SV1; .NET CLR 1.1.4322; .NET CLR 2.0.50727)"
202.79.29.2 - - [21/Apr/2009:04:18:22 -0400] "GET /Sierra94/kaweah-back.gif HTTP/1.0" 200 19309 "-" "Mozilla/4.0 (compatible; MSIE 6.0; Windows NT 5.1; SV1; .NET CLR 1.1.4322; .NET CLR 2.0.50727)"
202.79.29.2 - - [21/Apr/2009:04:18:22 -0400] "GET /Sierra94/pic/s94-1-07.jpg HTTP/1.0" 200 75672 "-" "Mozilla/4.0 (compatible; MSIE 6.0; Windows NT 5.1; SV1; .NET CLR 1.1.4322; .NET CLR 2.0.50727)"
202.79.29.2 - - [21/Apr/2009:04:18:22 -0400] "GET /Sierra94/pic/Sierra94-M1.gif HTTP/1.0" 200 287370 "-" "Mozilla/4.0 (compatible; MSIE 6.0; Windows NT 5.1; SV1; .NET CLR 1.1.4322; .NET CLR 2.0.50727)"
202.79.29.2 - - [21/Apr/2009:04:18:22 -0400] "GET /Sierra94/pic/s94-1-02.jpg HTTP/1.0" 200 54453 "-" "Mozilla/4.0 (compatible; MSIE 6.0; Windows NT 5.1; SV1; .NET CLR 1.1.4322; .NET CLR 2.0.50727)"
202.79.29.2 - - [21/Apr/2009:04:18:23 -0400] "GET /Sierra94/pic/s94-6-07.jpg HTTP/1.0" 200 75368 "-" "Mozilla/4.0 (compatible; MSIE 6.0; Windows NT 5.1; SV1; .NET CLR 1.1.4322; .NET CLR 2.0.50727)"
113.19.32.70 - - [21/Apr/2009:04:21:45 -0400] "GET /Runs/Adidas/tree.jpg HTTP/1.1" 200 976780 "http://savitabhabhi.com/fanclub/showthread.php?tid=9192&page=20" "Opera/9.27 (Windows NT 5.1; U; en)"
85.4.75.80 - - [21/Apr/2009:04:22:23 -0400] "GET /eliza/Eliza.html HTTP/1.1" 200 5488 "http://www.selentia.de/Interface13/index.htm" "Mozilla/5.0 (Windows; U; Windows NT 5.1; de; rv:1.9.0.8) Gecko/2009032609 Firefox/3.0.8 (.NET CLR 3.5.30729)"
85.4.75.80 - - [21/Apr/2009:04:22:24 -0400] "GET /icons/back.gif HTTP/1.1" 200 216 "http://chayden.net/eliza/Eliza.html" "Mozilla/5.0 (Windows; U; Windows NT 5.1; de; rv:1.9.0.8) Gecko/2009032609 Firefox/3.0.8 (.NET CLR 3.5.30729)"
85.4.75.80 - - [21/Apr/2009:04:22:24 -0400] "GET /favicon.ico HTTP/1.1" 404 288 "-" "Mozilla/5.0 (Windows; U; Windows NT 5.1; de; rv:1.9.0.8) Gecko/2009032609 Firefox/3.0.8 (.NET CLR 3.5.30729)"
69.125.115.136 - - [21/Apr/2009:04:22:31 -0400] "GET /Catskills/favicon.ico HTTP/1.1" 404 298 "-" "Mozilla/4.0 (compatible; GoogleToolbar 5.0.2124.6042; Windows 6.0; MSIE 7.0.6001.18000)"
69.125.115.136 - - [21/Apr/2009:04:22:31 -0400] "GET /Catskills/favicon.gif HTTP/1.1" 404 298 "-" "Mozilla/4.0 (compatible; GoogleToolbar 5.0.2124.6042; Windows 6.0; MSIE 7.0.6001.18000)"
85.4.75.80 - - [21/Apr/2009:04:22:33 -0400] "GET /favicon.ico HTTP/1.1" 404 288 "-" "Mozilla/5.0 (Windows; U; Windows NT 5.1; de; rv:1.9.0.8) Gecko/2009032609 Firefox/3.0.8 (.NET CLR 3.5.30729)"
85.4.75.80 - - [21/Apr/2009:04:22:34 -0400] "GET /eliza/Eliza/Eliza.class HTTP/1.1" 200 2434 "-" "Mozilla/4.0 (Windows XP 5.1) Java/1.6.0_03"
85.4.75.80 - - [21/Apr/2009:04:22:34 -0400] "GET /eliza/Eliza/ElizaMain.class HTTP/1.1" 200 9260 "-" "Mozilla/4.0 (Windows XP 5.1) Java/1.6.0_03"
85.4.75.80 - - [21/Apr/2009:04:22:36 -0400] "GET /eliza/Eliza/DecompList.class HTTP/1.1" 200 877 "-" "Mozilla/4.0 (Windows XP 5.1) Java/1.6.0_03"
85.4.75.80 - - [21/Apr/2009:04:22:36 -0400] "GET /eliza/Eliza/KeyList.class HTTP/1.1" 200 1722 "-" "Mozilla/4.0 (Windows XP 5.1) Java/1.6.0_03"
85.4.75.80 - - [21/Apr/2009:04:22:36 -0400] "GET /eliza/Eliza/SynList.class HTTP/1.1" 200 2103 "-" "Mozilla/4.0 (Windows XP 5.1) Java/1.6.0_03"
85.4.75.80 - - [21/Apr/2009:04:22:37 -0400] "GET /eliza/Eliza/WordList.class HTTP/1.1" 200 1243 "-" "Mozilla/4.0 (Windows XP 5.1) Java/1.6.0_03"
85.4.75.80 - - [21/Apr/2009:04:22:37 -0400] "GET /eliza/Eliza/PrePostList.class HTTP/1.1" 200 1674 "-" "Mozilla/4.0 (Windows XP 5.1) Java/1.6.0_03"
85.4.75.80 - - [21/Apr/2009:04:22:37 -0400] "GET /eliza/Eliza/KeyStack.class HTTP/1.1" 200 1507 "-" "Mozilla/4.0 (Windows XP 5.1) Java/1.6.0_03"
85.4.75.80 - - [21/Apr/2009:04:22:38 -0400] "GET /eliza/Eliza/Key.class HTTP/1.1" 200 1702 "-" "Mozilla/4.0 (Windows XP 5.1) Java/1.6.0_03"
85.4.75.80 - - [21/Apr/2009:04:22:38 -0400] "GET /eliza/Eliza/Mem.class HTTP/1.1" 200 850 "-" "Mozilla/4.0 (Windows XP 5.1) Java/1.6.0_03"
85.4.75.80 - - [21/Apr/2009:04:22:39 -0400] "GET /eliza/script HTTP/1.1" 200 12267 "-" "Mozilla/4.0 (Windows XP 5.1) Java/1.6.0_03"
85.4.75.80 - - [21/Apr/2009:04:22:40 -0400] "GET /eliza/Eliza/EString.class HTTP/1.1" 200 3849 "-" "Mozilla/4.0 (Windows XP 5.1) Java/1.6.0_03"
85.4.75.80 - - [21/Apr/2009:04:22:40 -0400] "GET /eliza/Eliza/PrePost.class HTTP/1.1" 200 1073 "-" "Mozilla/4.0 (Windows XP 5.1) Java/1.6.0_03"
85.4.75.80 - - [21/Apr/2009:04:22:41 -0400] "GET /eliza/Eliza/ReasembList.class HTTP/1.1" 200 1102 "-" "Mozilla/4.0 (Windows XP 5.1) Java/1.6.0_03"
85.4.75.80 - - [21/Apr/2009:04:22:41 -0400] "GET /eliza/Eliza/Decomp.class HTTP/1.1" 200 1727 "-" "Mozilla/4.0 (Windows XP 5.1) Java/1.6.0_03"
116.74.101.81 - - [21/Apr/2009:04:20:18 -0400] "GET /Runs/Adidas/tree.jpg HTTP/1.1" 200 976780 "http://savitabhabhi.com/fanclub/showthread.php?tid=9192&page=20" "Mozilla/4.0 (compatible; MSIE 6.0; Windows NT 5.1; SV1)"
85.4.75.80 - - [21/Apr/2009:04:22:54 -0400] "GET /eliza/Eliza.zip HTTP/1.1" 200 23196 "http://chayden.net/eliza/Eliza.html" "Mozilla/5.0 (Windows; U; Windows NT 5.1; de; rv:1.9.0.8) Gecko/2009032609 Firefox/3.0.8 (.NET CLR 3.5.30729)"
65.55.231.65 - - [21/Apr/2009:04:24:36 -0400] "GET /robots.txt HTTP/1.1" 404 287 "-" "msnbot-media/1.1 (+http://search.msn.com/msnbot.htm)"
65.55.231.65 - - [21/Apr/2009:04:24:36 -0400] "GET /House/pic/dine.jpg HTTP/1.1" 200 43774 "-" "msnbot-media/1.1 (+http://search.msn.com/msnbot.htm)"
74.6.8.116 - - [21/Apr/2009:04:24:47 -0400] "GET /Runs/?S=A HTTP/1.0" 200 2314 "-" "Mozilla/5.0 (compatible; Yahoo! Slurp/3.0; http://help.yahoo.com/help/us/ysearch/slurp)"
85.4.75.80 - - [21/Apr/2009:04:25:11 -0400] "GET /eliza/instructions.txt HTTP/1.1" 200 15342 "http://chayden.net/eliza/Eliza.html" "Mozilla/5.0 (Windows; U; Windows NT 5.1; de; rv:1.9.0.8) Gecko/2009032609 Firefox/3.0.8 (.NET CLR 3.5.30729)"
85.4.75.80 - - [21/Apr/2009:04:25:17 -0400] "GET /eliza/script HTTP/1.1" 200 12267 "-" "Mozilla/4.0 (Windows XP 5.1) Java/1.6.0_03"
208.251.229.93 - - [21/Apr/2009:04:26:23 -0400] "GET /Runs/Adidas/changing-800.jpg HTTP/1.1" 304 - "-" "Mozilla/4.0 (compatible; MSIE 7.0; Windows NT 5.1; .NET CLR 1.1.4322; .NET CLR 2.0.50727)"
208.251.229.93 - - [21/Apr/2009:04:26:23 -0400] "GET /Runs/Adidas/tape-800.jpg HTTP/1.1" 304 - "-" "Mozilla/4.0 (compatible; MSIE 7.0; Windows NT 5.1; .NET CLR 1.1.4322; .NET CLR 2.0.50727)"
68.122.21.3 - - [21/Apr/2009:04:26:26 -0400] "GET /includes/hikes.css HTTP/1.1" 200 306 "http://www.chayden.net/SanGabriels/SanGabriels.html" "Mozilla/5.0 (Macintosh; U; Intel Mac OS X 10_5_6; en-us) AppleWebKit/525.27.1 (KHTML, like Gecko) Version/3.2.1 Safari/525.27.1"
68.122.21.3 - - [21/Apr/2009:04:26:26 -0400] "GET /SanGabriels/SanGabriels.html HTTP/1.1" 200 28779 "http://www.google.com/search?hl=en&q=san+gabriel+mountains+hiking&btnG=Google+Search&aq=2&oq=san+gabriel+mount" "Mozilla/5.0 (Macintosh; U; Intel Mac OS X 10_5_6; en-us) AppleWebKit/525.27.1 (KHTML, like Gecko) Version/3.2.1 Safari/525.27.1"
68.122.21.3 - - [21/Apr/2009:04:26:26 -0400] "GET /SanGabriels/pic/Williamson79-01.jpg HTTP/1.1" 200 60839 "http://www.chayden.net/SanGabriels/SanGabriels.html" "Mozilla/5.0 (Macintosh; U; Intel Mac OS X 10_5_6; en-us) AppleWebKit/525.27.1 (KHTML, like Gecko) Version/3.2.1 Safari/525.27.1"
68.122.21.3 - - [21/Apr/2009:04:26:26 -0400] "GET /SanGabriels/pic/Williamson79-06.jpg HTTP/1.1" 200 95897 "http://www.chayden.net/SanGabriels/SanGabriels.html" "Mozilla/5.0 (Macintosh; U; Intel Mac OS X 10_5_6; en-us) AppleWebKit/525.27.1 (KHTML, like Gecko) Version/3.2.1 Safari/525.27.1"
68.122.21.3 - - [21/Apr/2009:04:26:26 -0400] "GET /SanGabriels/pic/Williamson79-03.jpg HTTP/1.1" 200 94161 "http://www.chayden.net/SanGabriels/SanGabriels.html" "Mozilla/5.0 (Macintosh; U; Intel Mac OS X 10_5_6; en-us) AppleWebKit/525.27.1 (KHTML, like Gecko) Version/3.2.1 Safari/525.27.1"
68.122.21.3 - - [21/Apr/2009:04:26:26 -0400] "GET /SanGabriels/pic/Strawberry78-08.jpg HTTP/1.1" 200 79679 "http://www.chayden.net/SanGabriels/SanGabriels.html" "Mozilla/5.0 (Macintosh; U; Intel Mac OS X 10_5_6; en-us) AppleWebKit/525.27.1 (KHTML, like Gecko) Version/3.2.1 Safari/525.27.1"
68.122.21.3 - - [21/Apr/2009:04:26:27 -0400] "GET /SanGabriels/pic/FishFalls78-01.jpg HTTP/1.1" 200 55316 "http://www.chayden.net/SanGabriels/SanGabriels.html" "Mozilla/5.0 (Macintosh; U; Intel Mac OS X 10_5_6; en-us) AppleWebKit/525.27.1 (KHTML, like Gecko) Version/3.2.1 Safari/525.27.1"
74.125.16.66 - - [21/Apr/2009:04:26:31 -0400] "GET /eliza/Eliza.html HTTP/1.1" 200 5488 "http://translate.google.com.tr/translate?hl=tr&sl=en&u=http://www.chayden.net/eliza/Eliza.html&ei=BoPtSfXdGtSKsAbP_9n9Dg&sa=X&oi=translate&resnum=2&ct=result&ved=0CAgQ7gEwAQ&prev=/search%3Fq%3Deliza%2Btest%26hl%3Dtr" "Mozilla/4.0 (compatible; MSIE 6.0; Windows NT 5.1; SV1; .NET CLR 2.0.50727; .NET CLR 3.0.04506.30; .NET CLR 1.1.4322),gzip(gfe) (via translate.google.com)"
68.122.21.3 - - [21/Apr/2009:04:26:26 -0400] "GET /SanGabriels/pic/Williamson79-07.jpg HTTP/1.1" 200 95217 "http://www.chayden.net/SanGabriels/SanGabriels.html" "Mozilla/5.0 (Macintosh; U; Intel Mac OS X 10_5_6; en-us) AppleWebKit/525.27.1 (KHTML, like Gecko) Version/3.2.1 Safari/525.27.1"
68.122.21.3 - - [21/Apr/2009:04:26:27 -0400] "GET /SanGabriels/pic/Strawberry78-13.jpg HTTP/1.1" 200 73093 "http://www.chayden.net/SanGabriels/SanGabriels.html" "Mozilla/5.0 (Macintosh; U; Intel Mac OS X 10_5_6; en-us) AppleWebKit/525.27.1 (KHTML, like Gecko) Version/3.2.1 Safari/525.27.1"
68.122.21.3 - - [21/Apr/2009:04:26:27 -0400] "GET /SanGabriels/pic/FishFalls78-11.jpg HTTP/1.1" 200 50764 "http://www.chayden.net/SanGabriels/SanGabriels.html" "Mozilla/5.0 (Macintosh; U; Intel Mac OS X 10_5_6; en-us) AppleWebKit/525.27.1 (KHTML, like Gecko) Version/3.2.1 Safari/525.27.1"
68.122.21.3 - - [21/Apr/2009:04:26:26 -0400] "GET /SanGabriels/pic/Williamson79--08.jpg HTTP/1.1" 200 93805 "http://www.chayden.net/SanGabriels/SanGabriels.html" "Mozilla/5.0 (Macintosh; U; Intel Mac OS X 10_5_6; en-us) AppleWebKit/525.27.1 (KHTML, like Gecko) Version/3.2.1 Safari/525.27.1"
94.54.81.146 - - [21/Apr/2009:04:26:34 -0400] "GET /icons/back.gif HTTP/1.1" 200 216 "http://74.125.43.132/translate_c?hl=tr&sl=en&u=http://www.chayden.net/eliza/Eliza.html&prev=/search%3Fq%3Deliza%2Btest%26hl%3Dtr&usg=ALkJrhij50OkTMF_-Xz90N9hrw0Vwuu5Jw" "Mozilla/4.0 (compatible; MSIE 6.0; Windows NT 5.1; SV1; .NET CLR 2.0.50727; .NET CLR 3.0.04506.30; .NET CLR 1.1.4322)"
68.122.21.3 - - [21/Apr/2009:04:26:28 -0400] "GET /SanGabriels/pic/Gleason78-10.jpg HTTP/1.1" 200 62236 "http://www.chayden.net/SanGabriels/SanGabriels.html" "Mozilla/5.0 (Macintosh; U; Intel Mac OS X 10_5_6; en-us) AppleWebKit/525.27.1 (KHTML, like Gecko) Version/3.2.1 Safari/525.27.1"
94.54.81.146 - - [21/Apr/2009:04:26:36 -0400] "GET /eliza/Eliza/Eliza.class HTTP/1.1" 200 2434 "-" "Mozilla/4.0 (compatible; MSIE 6.0; Win32)"
68.122.21.3 - - [21/Apr/2009:04:26:30 -0400] "GET /SanGabriels/pic/MtLowe77-02.jpg HTTP/1.1" 200 23530 "http://www.chayden.net/SanGabriels/SanGabriels.html" "Mozilla/5.0 (Macintosh; U; Intel Mac OS X 10_5_6; en-us) AppleWebKit/525.27.1 (KHTML, like Gecko) Version/3.2.1 Safari/525.27.1"
94.54.81.146 - - [21/Apr/2009:04:26:36 -0400] "GET /eliza/Eliza/ElizaMain.class HTTP/1.1" 200 9260 "-" "Mozilla/4.0 (compatible; MSIE 6.0; Win32)"
68.122.21.3 - - [21/Apr/2009:04:26:27 -0400] "GET /SanGabriels/pic/Gleason78-15.jpg HTTP/1.1" 200 70804 "http://www.chayden.net/SanGabriels/SanGabriels.html" "Mozilla/5.0 (Macintosh; U; Intel Mac OS X 10_5_6; en-us) AppleWebKit/525.27.1 (KHTML, like Gecko) Version/3.2.1 Safari/525.27.1"
94.54.81.146 - - [21/Apr/2009:04:26:37 -0400] "GET /eliza/Eliza/KeyList.class HTTP/1.1" 200 1722 "-" "Mozilla/4.0 (compatible; MSIE 6.0; Win32)"
94.54.81.146 - - [21/Apr/2009:04:26:38 -0400] "GET /eliza/Eliza/SynList.class HTTP/1.1" 200 2103 "-" "Mozilla/4.0 (compatible; MSIE 6.0; Win32)"
68.122.21.3 - - [21/Apr/2009:04:26:30 -0400] "GET /SanGabriels/pic/MtLowe77-09.jpg HTTP/1.1" 200 45494 "http://www.chayden.net/SanGabriels/SanGabriels.html" "Mozilla/5.0 (Macintosh; U; Intel Mac OS X 10_5_6; en-us) AppleWebKit/525.27.1 (KHTML, like Gecko) Version/3.2.1 Safari/525.27.1"
68.122.21.3 - - [21/Apr/2009:04:26:34 -0400] "GET /SanGabriels/pic/SanGorgonio77-17.jpg HTTP/1.1" 200 27312 "http://www.chayden.net/SanGabriels/SanGabriels.html" "Mozilla/5.0 (Macintosh; U; Intel Mac OS X 10_5_6; en-us) AppleWebKit/525.27.1 (KHTML, like Gecko) Version/3.2.1 Safari/525.27.1"
94.54.81.146 - - [21/Apr/2009:04:26:39 -0400] "GET /eliza/Eliza/PrePostList.class HTTP/1.1" 200 1674 "-" "Mozilla/4.0 (compatible; MSIE 6.0; Win32)"
68.122.21.3 - - [21/Apr/2009:04:26:29 -0400] "GET /SanGabriels/pic/Strawberry78-14.jpg HTTP/1.1" 200 81961 "http://www.chayden.net/SanGabriels/SanGabriels.html" "Mozilla/5.0 (Macintosh; U; Intel Mac OS X 10_5_6; en-us) AppleWebKit/525.27.1 (KHTML, like Gecko) Version/3.2.1 Safari/525.27.1"
68.122.21.3 - - [21/Apr/2009:04:26:32 -0400] "GET /SanGabriels/pic/SanGorgonio77-08.jpg HTTP/1.1" 200 39152 "http://www.chayden.net/SanGabriels/SanGabriels.html" "Mozilla/5.0 (Macintosh; U; Intel Mac OS X 10_5_6; en-us) AppleWebKit/525.27.1 (KHTML, like Gecko) Version/3.2.1 Safari/525.27.1"
94.54.81.146 - - [21/Apr/2009:04:26:40 -0400] "GET /eliza/Eliza/WordList.class HTTP/1.1" 200 1243 "-" "Mozilla/4.0 (compatible; MSIE 6.0; Win32)"
94.54.81.146 - - [21/Apr/2009:04:26:41 -0400] "GET /eliza/Eliza/KeyStack.class HTTP/1.1" 200 1507 "-" "Mozilla/4.0 (compatible; MSIE 6.0; Win32)"
68.122.21.3 - - [21/Apr/2009:04:26:36 -0400] "GET /SanGabriels/pic/WhiteWater76-12.jpg HTTP/1.1" 200 55445 "http://www.chayden.net/SanGabriels/SanGabriels.html" "Mozilla/5.0 (Macintosh; U; Intel Mac OS X 10_5_6; en-us) AppleWebKit/525.27.1 (KHTML, like Gecko) Version/3.2.1 Safari/525.27.1"
68.122.21.3 - - [21/Apr/2009:04:26:37 -0400] "GET /SanGabriels/pic/WhiteWater76-06.jpg HTTP/1.1" 200 60522 "http://www.chayden.net/SanGabriels/SanGabriels.html" "Mozilla/5.0 (Macintosh; U; Intel Mac OS X 10_5_6; en-us) AppleWebKit/525.27.1 (KHTML, like Gecko) Version/3.2.1 Safari/525.27.1"
94.54.81.146 - - [21/Apr/2009:04:26:41 -0400] "GET /eliza/Eliza/Mem.class HTTP/1.1" 200 850 "-" "Mozilla/4.0 (compatible; MSIE 6.0; Win32)"
94.54.81.146 - - [21/Apr/2009:04:26:42 -0400] "GET /eliza/Eliza/Key.class HTTP/1.1" 200 1702 "-" "Mozilla/4.0 (compatible; MSIE 6.0; Win32)"
68.122.21.3 - - [21/Apr/2009:04:26:36 -0400] "GET /SanGabriels/pic/WhiteWater76-07.jpg HTTP/1.1" 200 76506 "http://www.chayden.net/SanGabriels/SanGabriels.html" "Mozilla/5.0 (Macintosh; U; Intel Mac OS X 10_5_6; en-us) AppleWebKit/525.27.1 (KHTML, like Gecko) Version/3.2.1 Safari/525.27.1"
68.122.21.3 - - [21/Apr/2009:04:26:39 -0400] "GET /SanGabriels/pic/TwinPeaks76-01.jpg HTTP/1.1" 200 50829 "http://www.chayden.net/SanGabriels/SanGabriels.html" "Mozilla/5.0 (Macintosh; U; Intel Mac OS X 10_5_6; en-us) AppleWebKit/525.27.1 (KHTML, like Gecko) Version/3.2.1 Safari/525.27.1"
94.54.81.146 - - [21/Apr/2009:04:26:43 -0400] "GET /eliza/script HTTP/1.1" 200 12267 "-" "Mozilla/4.0 (compatible; MSIE 6.0; Win32)"
68.122.21.3 - - [21/Apr/2009:04:26:39 -0400] "GET /SanGabriels/pic/TwinPeaks76-05.jpg HTTP/1.1" 200 54264 "http://www.chayden.net/SanGabriels/SanGabriels.html" "Mozilla/5.0 (Macintosh; U; Intel Mac OS X 10_5_6; en-us) AppleWebKit/525.27.1 (KHTML, like Gecko) Version/3.2.1 Safari/525.27.1"
94.54.81.146 - - [21/Apr/2009:04:26:43 -0400] "GET /eliza/Eliza/EString.class HTTP/1.1" 200 3849 "-" "Mozilla/4.0 (compatible; MSIE 6.0; Win32)"
94.54.81.146 - - [21/Apr/2009:04:26:44 -0400] "GET /eliza/Eliza/ReasembList.class HTTP/1.1" 200 1102 "-" "Mozilla/4.0 (compatible; MSIE 6.0; Win32)"
68.122.21.3 - - [21/Apr/2009:04:26:44 -0400] "GET /icons/back.gif HTTP/1.1" 200 216 "http://www.chayden.net/SanGabriels/SanGabriels.html" "Mozilla/5.0 (Macintosh; U; Intel Mac OS X 10_5_6; en-us) AppleWebKit/525.27.1 (KHTML, like Gecko) Version/3.2.1 Safari/525.27.1"
94.54.81.146 - - [21/Apr/2009:04:26:44 -0400] "GET /eliza/Eliza/DecompList.class HTTP/1.1" 200 877 "-" "Mozilla/4.0 (compatible; MSIE 6.0; Win32)"
68.122.21.3 - - [21/Apr/2009:04:26:40 -0400] "GET /SanGabriels/pic/TwinPleks76-06.jpg HTTP/1.1" 200 61547 "http://www.chayden.net/SanGabriels/SanGabriels.html" "Mozilla/5.0 (Macintosh; U; Intel Mac OS X 10_5_6; en-us) AppleWebKit/525.27.1 (KHTML, like Gecko) Version/3.2.1 Safari/525.27.1"
94.54.81.146 - - [21/Apr/2009:04:26:44 -0400] "GET /eliza/Eliza/PrePost.class HTTP/1.1" 200 1073 "-" "Mozilla/4.0 (compatible; MSIE 6.0; Win32)"
68.122.21.3 - - [21/Apr/2009:04:26:44 -0400] "GET /favicon.ico HTTP/1.1" 404 292 "http://www.chayden.net/SanGabriels/SanGabriels.html" "Mozilla/5.0 (Macintosh; U; Intel Mac OS X 10_5_6; en-us) AppleWebKit/525.27.1 (KHTML, like Gecko) Version/3.2.1 Safari/525.27.1"
94.54.81.146 - - [21/Apr/2009:04:26:45 -0400] "GET /eliza/Eliza/Decomp.class HTTP/1.1" 200 1727 "-" "Mozilla/4.0 (compatible; MSIE 6.0; Win32)"
68.122.21.3 - - [21/Apr/2009:04:26:40 -0400] "GET /SanGabriels/pic/TwinPeaks77-12.jpg HTTP/1.1" 200 71059 "http://www.chayden.net/SanGabriels/SanGabriels.html" "Mozilla/5.0 (Macintosh; U; Intel Mac OS X 10_5_6; en-us) AppleWebKit/525.27.1 (KHTML, like Gecko) Version/3.2.1 Safari/525.27.1"
68.122.21.3 - - [21/Apr/2009:04:26:42 -0400] "GET /SanGabriels/pic/Allison76-02.jpg HTTP/1.1" 200 50399 "http://www.chayden.net/SanGabriels/SanGabriels.html" "Mozilla/5.0 (Macintosh; U; Intel Mac OS X 10_5_6; en-us) AppleWebKit/525.27.1 (KHTML, like Gecko) Version/3.2.1 Safari/525.27.1"
68.122.21.3 - - [21/Apr/2009:04:26:41 -0400] "GET /SanGabriels/pic/Allison76-08.jpg HTTP/1.1" 200 68521 "http://www.chayden.net/SanGabriels/SanGabriels.html" "Mozilla/5.0 (Macintosh; U; Intel Mac OS X 10_5_6; en-us) AppleWebKit/525.27.1 (KHTML, like Gecko) Version/3.2.1 Safari/525.27.1"
68.122.21.3 - - [21/Apr/2009:04:26:42 -0400] "GET /SanGabriels/pic/Allison76-11.jpg HTTP/1.1" 200 63856 "http://www.chayden.net/SanGabriels/SanGabriels.html" "Mozilla/5.0 (Macintosh; U; Intel Mac OS X 10_5_6; en-us) AppleWebKit/525.27.1 (KHTML, like Gecko) Version/3.2.1 Safari/525.27.1"
68.122.21.3 - - [21/Apr/2009:04:26:42 -0400] "GET /SanGabriels/pic/Allison76-09.jpg HTTP/1.1" 200 67358 "http://www.chayden.net/SanGabriels/SanGabriels.html" "Mozilla/5.0 (Macintosh; U; Intel Mac OS X 10_5_6; en-us) AppleWebKit/525.27.1 (KHTML, like Gecko) Version/3.2.1 Safari/525.27.1"
66.235.124.76 - - [21/Apr/2009:04:26:50 -0400] "GET /Sierra86/pic/s86-2-21.jpg HTTP/1.0" 200 99772 "-" "Mozilla/5.0 (compatible; Ask Jeeves/Teoma; +http://about.ask.com/en/docs/about/webmasters.shtml)"
193.147.2.2 - - [21/Apr/2009:04:27:00 -0400] "GET /Runs/Adidas/changing-800.jpg HTTP/1.1" 200 118677 "http://kilianjornet.blogspot.com/" "Mozilla/5.0 (Windows; U; Windows NT 5.1; es-ES; rv:1.8.1.14) Gecko/20080404 Firefox/2.0.0.14"
78.101.248.205 - - [21/Apr/2009:04:28:08 -0400] "GET /Asterisk/SeUpAsteriskAtHome_files/image001.gif HTTP/1.1" 200 2324 "http://www.chayden.net/Asterisk/SeUpAsteriskAtHome.htm" "Mozilla/4.0 (compatible; MSIE 6.0; Windows NT 5.1; SV1)"
78.101.248.205 - - [21/Apr/2009:04:28:06 -0400] "GET /Asterisk/SeUpAsteriskAtHome.htm HTTP/1.1" 200 178181 "http://www.google.com.qa/search?hl=en&q=how+to+setup+pbx&btnG=Google+Search&meta=&aq=0s&oq=how+to+setup+pab" "Mozilla/4.0 (compatible; MSIE 6.0; Windows NT 5.1; SV1)"
78.101.248.205 - - [21/Apr/2009:04:28:09 -0400] "GET /Asterisk/SeUpAsteriskAtHome_files/image003.jpg HTTP/1.1" 200 5132 "http://www.chayden.net/Asterisk/SeUpAsteriskAtHome.htm" "Mozilla/4.0 (compatible; MSIE 6.0; Windows NT 5.1; SV1)"
78.101.248.205 - - [21/Apr/2009:04:28:09 -0400] "GET /Asterisk/SeUpAsteriskAtHome_files/image004.gif HTTP/1.1" 200 6404 "http://www.chayden.net/Asterisk/SeUpAsteriskAtHome.htm" "Mozilla/4.0 (compatible; MSIE 6.0; Windows NT 5.1; SV1)"
78.101.248.205 - - [21/Apr/2009:04:28:10 -0400] "GET /Asterisk/SeUpAsteriskAtHome_files/image002.png HTTP/1.1" 200 8522 "-" "Mozilla/4.0 (compatible; MSIE 6.0; Windows NT 5.1; SV1)"
78.101.248.205 - - [21/Apr/2009:04:28:12 -0400] "GET /Asterisk/SeUpAsteriskAtHome_files/image005.gif HTTP/1.1" 200 4365 "-" "Mozilla/4.0 (compatible; MSIE 6.0; Windows NT 5.1; SV1)"
78.101.248.205 - - [21/Apr/2009:04:28:12 -0400] "GET /Asterisk/SeUpAsteriskAtHome_files/image007.gif HTTP/1.1" 200 5284 "-" "Mozilla/4.0 (compatible; MSIE 6.0; Windows NT 5.1; SV1)"
78.101.248.205 - - [21/Apr/2009:04:28:12 -0400] "GET /Asterisk/SeUpAsteriskAtHome_files/image006.gif HTTP/1.1" 200 33832 "-" "Mozilla/4.0 (compatible; MSIE 6.0; Windows NT 5.1; SV1)"
78.101.248.205 - - [21/Apr/2009:04:28:13 -0400] "GET /Asterisk/SeUpAsteriskAtHome_files/image008.png HTTP/1.1" 200 9707 "-" "Mozilla/4.0 (compatible; MSIE 6.0; Windows NT 5.1; SV1)"
78.101.248.205 - - [21/Apr/2009:04:28:14 -0400] "GET /Asterisk/SeUpAsteriskAtHome_files/image010.png HTTP/1.1" 200 8528 "-" "Mozilla/4.0 (compatible; MSIE 6.0; Windows NT 5.1; SV1)"
78.101.248.205 - - [21/Apr/2009:04:28:15 -0400] "GET /Asterisk/SeUpAsteriskAtHome_files/image012.png HTTP/1.1" 200 13317 "-" "Mozilla/4.0 (compatible; MSIE 6.0; Windows NT 5.1; SV1)"
78.101.248.205 - - [21/Apr/2009:04:28:15 -0400] "GET /Asterisk/SeUpAsteriskAtHome_files/image014.png HTTP/1.1" 200 29314 "-" "Mozilla/4.0 (compatible; MSIE 6.0; Windows NT 5.1; SV1)"
78.101.248.205 - - [21/Apr/2009:04:28:16 -0400] "GET /Asterisk/SeUpAsteriskAtHome_files/image016.png HTTP/1.1" 200 25414 "-" "Mozilla/4.0 (compatible; MSIE 6.0; Windows NT 5.1; SV1)"
78.101.248.205 - - [21/Apr/2009:04:28:17 -0400] "GET /Asterisk/SeUpAsteriskAtHome_files/image018.png HTTP/1.1" 200 19123 "-" "Mozilla/4.0 (compatible; MSIE 6.0; Windows NT 5.1; SV1)"
78.101.248.205 - - [21/Apr/2009:04:28:18 -0400] "GET /Asterisk/SeUpAsteriskAtHome_files/image021.png HTTP/1.1" 200 18492 "-" "Mozilla/4.0 (compatible; MSIE 6.0; Windows NT 5.1; SV1)"
78.101.248.205 - - [21/Apr/2009:04:28:18 -0400] "GET /Asterisk/SeUpAsteriskAtHome_files/image020.gif HTTP/1.1" 200 49946 "-" "Mozilla/4.0 (compatible; MSIE 6.0; Windows NT 5.1; SV1)"
78.101.248.205 - - [21/Apr/2009:04:28:20 -0400] "GET /Asterisk/SeUpAsteriskAtHome_files/image023.png HTTP/1.1" 200 17704 "-" "Mozilla/4.0 (compatible; MSIE 6.0; Windows NT 5.1; SV1)"
78.101.248.205 - - [21/Apr/2009:04:28:20 -0400] "GET /Asterisk/SeUpAsteriskAtHome_files/image025.png HTTP/1.1" 200 19921 "-" "Mozilla/4.0 (compatible; MSIE 6.0; Windows NT 5.1; SV1)"
78.101.248.205 - - [21/Apr/2009:04:28:22 -0400] "GET /Asterisk/SeUpAsteriskAtHome_files/image027.jpg HTTP/1.1" 200 8509 "-" "Mozilla/4.0 (compatible; MSIE 6.0; Windows NT 5.1; SV1)"
78.101.248.205 - - [21/Apr/2009:04:28:22 -0400] "GET /Asterisk/SeUpAsteriskAtHome_files/image028.jpg HTTP/1.1" 200 139428 "-" "Mozilla/4.0 (compatible; MSIE 6.0; Windows NT 5.1; SV1)"
78.101.248.205 - - [21/Apr/2009:04:28:23 -0400] "GET /Asterisk/SeUpAsteriskAtHome_files/image030.jpg HTTP/1.1" 200 77949 "-" "Mozilla/4.0 (compatible; MSIE 6.0; Windows NT 5.1; SV1)"
78.101.248.205 - - [21/Apr/2009:04:28:25 -0400] "GET /Asterisk/SeUpAsteriskAtHome_files/image034.jpg HTTP/1.1" 200 5270 "-" "Mozilla/4.0 (compatible; MSIE 6.0; Windows NT 5.1; SV1)"
78.101.248.205 - - [21/Apr/2009:04:28:25 -0400] "GET /Asterisk/SeUpAsteriskAtHome_files/image032.jpg HTTP/1.1" 200 81539 "-" "Mozilla/4.0 (compatible; MSIE 6.0; Windows NT 5.1; SV1)"
78.101.248.205 - - [21/Apr/2009:04:28:26 -0400] "GET /Asterisk/SeUpAsteriskAtHome_files/image036.png HTTP/1.1" 200 24757 "-" "Mozilla/4.0 (compatible; MSIE 6.0; Windows NT 5.1; SV1)"
78.101.248.205 - - [21/Apr/2009:04:28:28 -0400] "GET /Asterisk/SeUpAsteriskAtHome_files/image038.jpg HTTP/1.1" 200 7171 "-" "Mozilla/4.0 (compatible; MSIE 6.0; Windows NT 5.1; SV1)"
78.101.248.205 - - [21/Apr/2009:04:28:28 -0400] "GET /Asterisk/SeUpAsteriskAtHome_files/image040.jpg HTTP/1.1" 200 75744 "-" "Mozilla/4.0 (compatible; MSIE 6.0; Windows NT 5.1; SV1)"
78.101.248.205 - - [21/Apr/2009:04:28:29 -0400] "GET /Asterisk/SeUpAsteriskAtHome_files/image042.jpg HTTP/1.1" 200 62576 "-" "Mozilla/4.0 (compatible; MSIE 6.0; Windows NT 5.1; SV1)"
78.101.248.205 - - [21/Apr/2009:04:28:31 -0400] "GET /Asterisk/SeUpAsteriskAtHome_files/image044.jpg HTTP/1.1" 200 6079 "-" "Mozilla/4.0 (compatible; MSIE 6.0; Windows NT 5.1; SV1)"
78.101.248.205 - - [21/Apr/2009:04:28:31 -0400] "GET /Asterisk/SeUpAsteriskAtHome_files/image045.png HTTP/1.1" 200 24347 "-" "Mozilla/4.0 (compatible; MSIE 6.0; Windows NT 5.1; SV1)"
78.101.248.205 - - [21/Apr/2009:04:28:33 -0400] "GET /Asterisk/SeUpAsteriskAtHome_files/image011.jpg HTTP/1.1" 200 13078 "http://www.chayden.net/Asterisk/SeUpAsteriskAtHome.htm" "Mozilla/4.0 (compatible; MSIE 6.0; Windows NT 5.1; SV1)"
78.101.248.205 - - [21/Apr/2009:04:28:33 -0400] "GET /Asterisk/SeUpAsteriskAtHome_files/image009.jpg HTTP/1.1" 200 14238 "http://www.chayden.net/Asterisk/SeUpAsteriskAtHome.htm" "Mozilla/4.0 (compatible; MSIE 6.0; Windows NT 5.1; SV1)"
78.101.248.205 - - [21/Apr/2009:04:28:34 -0400] "GET /Asterisk/SeUpAsteriskAtHome_files/image013.jpg HTTP/1.1" 200 21296 "http://www.chayden.net/Asterisk/SeUpAsteriskAtHome.htm" "Mozilla/4.0 (compatible; MSIE 6.0; Windows NT 5.1; SV1)"
78.101.248.205 - - [21/Apr/2009:04:28:35 -0400] "GET /Asterisk/SeUpAsteriskAtHome_files/image015.jpg HTTP/1.1" 200 47335 "http://www.chayden.net/Asterisk/SeUpAsteriskAtHome.htm" "Mozilla/4.0 (compatible; MSIE 6.0; Windows NT 5.1; SV1)"
78.101.248.205 - - [21/Apr/2009:04:28:36 -0400] "GET /Asterisk/SeUpAsteriskAtHome_files/image017.jpg HTTP/1.1" 200 30515 "http://www.chayden.net/Asterisk/SeUpAsteriskAtHome.htm" "Mozilla/4.0 (compatible; MSIE 6.0; Windows NT 5.1; SV1)"
78.101.248.205 - - [21/Apr/2009:04:28:37 -0400] "GET /Asterisk/SeUpAsteriskAtHome_files/image019.jpg HTTP/1.1" 200 39902 "http://www.chayden.net/Asterisk/SeUpAsteriskAtHome.htm" "Mozilla/4.0 (compatible; MSIE 6.0; Windows NT 5.1; SV1)"
78.101.248.205 - - [21/Apr/2009:04:28:39 -0400] "GET /Asterisk/SeUpAsteriskAtHome_files/image024.jpg HTTP/1.1" 200 31330 "http://www.chayden.net/Asterisk/SeUpAsteriskAtHome.htm" "Mozilla/4.0 (compatible; MSIE 6.0; Windows NT 5.1; SV1)"
78.101.248.205 - - [21/Apr/2009:04:28:39 -0400] "GET /Asterisk/SeUpAsteriskAtHome_files/image022.jpg HTTP/1.1" 200 34633 "http://www.chayden.net/Asterisk/SeUpAsteriskAtHome.htm" "Mozilla/4.0 (compatible; MSIE 6.0; Windows NT 5.1; SV1)"
78.101.248.205 - - [21/Apr/2009:04:28:41 -0400] "GET /Asterisk/SeUpAsteriskAtHome_files/image026.jpg HTTP/1.1" 200 37910 "http://www.chayden.net/Asterisk/SeUpAsteriskAtHome.htm" "Mozilla/4.0 (compatible; MSIE 6.0; Windows NT 5.1; SV1)"
78.101.248.205 - - [21/Apr/2009:04:28:41 -0400] "GET /Asterisk/SeUpAsteriskAtHome_files/image029.jpg HTTP/1.1" 200 43404 "http://www.chayden.net/Asterisk/SeUpAsteriskAtHome.htm" "Mozilla/4.0 (compatible; MSIE 6.0; Windows NT 5.1; SV1)"
78.101.248.205 - - [21/Apr/2009:04:28:43 -0400] "GET /Asterisk/SeUpAsteriskAtHome_files/image033.jpg HTTP/1.1" 200 30788 "http://www.chayden.net/Asterisk/SeUpAsteriskAtHome.htm" "Mozilla/4.0 (compatible; MSIE 6.0; Windows NT 5.1; SV1)"
78.101.248.205 - - [21/Apr/2009:04:28:44 -0400] "GET /Asterisk/SeUpAsteriskAtHome_files/image031.jpg HTTP/1.1" 200 30259 "http://www.chayden.net/Asterisk/SeUpAsteriskAtHome.htm" "Mozilla/4.0 (compatible; MSIE 6.0; Windows NT 5.1; SV1)"
78.101.248.205 - - [21/Apr/2009:04:28:45 -0400] "GET /Asterisk/SeUpAsteriskAtHome_files/image035.jpg HTTP/1.1" 200 2759 "http://www.chayden.net/Asterisk/SeUpAsteriskAtHome.htm" "Mozilla/4.0 (compatible; MSIE 6.0; Windows NT 5.1; SV1)"
78.101.248.205 - - [21/Apr/2009:04:28:45 -0400] "GET /Asterisk/SeUpAsteriskAtHome_files/image039.jpg HTTP/1.1" 200 1921 "http://www.chayden.net/Asterisk/SeUpAsteriskAtHome.htm" "Mozilla/4.0 (compatible; MSIE 6.0; Windows NT 5.1; SV1)"
213.98.155.30 - - [21/Apr/2009:04:28:43 -0400] "GET /Runs/Adidas/changing-800.jpg HTTP/1.1" 200 118677 "http://kilianjornet.blogspot.com/" "Mozilla/5.0 (Macintosh; U; Intel Mac OS X 10_4_11; es) AppleWebKit/525.27.1 (KHTML, like Gecko) Version/3.2.1 Safari/525.27.1"
78.101.248.205 - - [21/Apr/2009:04:28:45 -0400] "GET /Asterisk/SeUpAsteriskAtHome_files/image037.jpg HTTP/1.1" 200 42221 "http://www.chayden.net/Asterisk/SeUpAsteriskAtHome.htm" "Mozilla/4.0 (compatible; MSIE 6.0; Windows NT 5.1; SV1)"
78.101.248.205 - - [21/Apr/2009:04:28:46 -0400] "GET /Asterisk/SeUpAsteriskAtHome_files/image041.jpg HTTP/1.1" 200 26765 "http://www.chayden.net/Asterisk/SeUpAsteriskAtHome.htm" "Mozilla/4.0 (compatible; MSIE 6.0; Windows NT 5.1; SV1)"
78.101.248.205 - - [21/Apr/2009:04:28:47 -0400] "GET /Asterisk/SeUpAsteriskAtHome_files/image043.jpg HTTP/1.1" 200 22658 "http://www.chayden.net/Asterisk/SeUpAsteriskAtHome.htm" "Mozilla/4.0 (compatible; MSIE 6.0; Windows NT 5.1; SV1)"
78.101.248.205 - - [21/Apr/2009:04:28:49 -0400] "GET /Asterisk/SeUpAsteriskAtHome_files/image046.jpg HTTP/1.1" 200 35168 "http://www.chayden.net/Asterisk/SeUpAsteriskAtHome.htm" "Mozilla/4.0 (compatible; MSIE 6.0; Windows NT 5.1; SV1)"
97.116.144.195 - - [21/Apr/2009:04:29:05 -0400] "GET /Asterisk/SeUpAsteriskAtHome_files/image001.gif HTTP/1.1" 200 2324 "http://chayden.net/Asterisk/SeUpAsteriskAtHome.htm" "Mozilla/5.0 (Windows; U; Windows NT 5.1; en-US) AppleWebKit/525.19 (KHTML, like Gecko) Chrome/1.0.154.53 Safari/525.19"
97.116.144.195 - - [21/Apr/2009:04:29:05 -0400] "GET /Asterisk/SeUpAsteriskAtHome_files/image003.jpg HTTP/1.1" 200 5132 "http://chayden.net/Asterisk/SeUpAsteriskAtHome.htm" "Mozilla/5.0 (Windows; U; Windows NT 5.1; en-US) AppleWebKit/525.19 (KHTML, like Gecko) Chrome/1.0.154.53 Safari/525.19"
97.116.144.195 - - [21/Apr/2009:04:29:05 -0400] "GET /Asterisk/SeUpAsteriskAtHome_files/image004.gif HTTP/1.1" 200 6404 "http://chayden.net/Asterisk/SeUpAsteriskAtHome.htm" "Mozilla/5.0 (Windows; U; Windows NT 5.1; en-US) AppleWebKit/525.19 (KHTML, like Gecko) Chrome/1.0.154.53 Safari/525.19"
97.116.144.195 - - [21/Apr/2009:04:29:05 -0400] "GET /Asterisk/SeUpAsteriskAtHome_files/image005.gif HTTP/1.1" 200 4365 "http://chayden.net/Asterisk/SeUpAsteriskAtHome.htm" "Mozilla/5.0 (Windows; U; Windows NT 5.1; en-US) AppleWebKit/525.19 (KHTML, like Gecko) Chrome/1.0.154.53 Safari/525.19"
97.116.144.195 - - [21/Apr/2009:04:29:04 -0400] "GET /Asterisk/SeUpAsteriskAtHome.htm HTTP/1.1" 200 178181 "http://www.google.com/search?hl=en&rlz=1C1CHMA_enUS316US316&q=home+pbx&btnG=Search" "Mozilla/5.0 (Windows; U; Windows NT 5.1; en-US) AppleWebKit/525.19 (KHTML, like Gecko) Chrome/1.0.154.53 Safari/525.19"
97.116.144.195 - - [21/Apr/2009:04:29:05 -0400] "GET /Asterisk/SeUpAsteriskAtHome_files/image006.gif HTTP/1.1" 200 33832 "http://chayden.net/Asterisk/SeUpAsteriskAtHome.htm" "Mozilla/5.0 (Windows; U; Windows NT 5.1; en-US) AppleWebKit/525.19 (KHTML, like Gecko) Chrome/1.0.154.53 Safari/525.19"
97.116.144.195 - - [21/Apr/2009:04:29:05 -0400] "GET /Asterisk/SeUpAsteriskAtHome_files/image009.jpg HTTP/1.1" 200 14238 "http://chayden.net/Asterisk/SeUpAsteriskAtHome.htm" "Mozilla/5.0 (Windows; U; Windows NT 5.1; en-US) AppleWebKit/525.19 (KHTML, like Gecko) Chrome/1.0.154.53 Safari/525.19"
97.116.144.195 - - [21/Apr/2009:04:29:05 -0400] "GET /Asterisk/SeUpAsteriskAtHome_files/image011.jpg HTTP/1.1" 200 13078 "http://chayden.net/Asterisk/SeUpAsteriskAtHome.htm" "Mozilla/5.0 (Windows; U; Windows NT 5.1; en-US) AppleWebKit/525.19 (KHTML, like Gecko) Chrome/1.0.154.53 Safari/525.19"
97.116.144.195 - - [21/Apr/2009:04:29:05 -0400] "GET /Asterisk/SeUpAsteriskAtHome_files/image013.jpg HTTP/1.1" 200 21296 "http://chayden.net/Asterisk/SeUpAsteriskAtHome.htm" "Mozilla/5.0 (Windows; U; Windows NT 5.1; en-US) AppleWebKit/525.19 (KHTML, like Gecko) Chrome/1.0.154.53 Safari/525.19"
97.116.144.195 - - [21/Apr/2009:04:29:06 -0400] "GET /Asterisk/SeUpAsteriskAtHome_files/image015.jpg HTTP/1.1" 200 47335 "http://chayden.net/Asterisk/SeUpAsteriskAtHome.htm" "Mozilla/5.0 (Windows; U; Windows NT 5.1; en-US) AppleWebKit/525.19 (KHTML, like Gecko) Chrome/1.0.154.53 Safari/525.19"
97.116.144.195 - - [21/Apr/2009:04:29:06 -0400] "GET /Asterisk/SeUpAsteriskAtHome_files/image017.jpg HTTP/1.1" 200 30515 "http://chayden.net/Asterisk/SeUpAsteriskAtHome.htm" "Mozilla/5.0 (Windows; U; Windows NT 5.1; en-US) AppleWebKit/525.19 (KHTML, like Gecko) Chrome/1.0.154.53 Safari/525.19"
97.116.144.195 - - [21/Apr/2009:04:29:06 -0400] "GET /Asterisk/SeUpAsteriskAtHome_files/image019.jpg HTTP/1.1" 200 39902 "http://chayden.net/Asterisk/SeUpAsteriskAtHome.htm" "Mozilla/5.0 (Windows; U; Windows NT 5.1; en-US) AppleWebKit/525.19 (KHTML, like Gecko) Chrome/1.0.154.53 Safari/525.19"
97.116.144.195 - - [21/Apr/2009:04:29:06 -0400] "GET /Asterisk/SeUpAsteriskAtHome_files/image020.gif HTTP/1.1" 200 49946 "http://chayden.net/Asterisk/SeUpAsteriskAtHome.htm" "Mozilla/5.0 (Windows; U; Windows NT 5.1; en-US) AppleWebKit/525.19 (KHTML, like Gecko) Chrome/1.0.154.53 Safari/525.19"
97.116.144.195 - - [21/Apr/2009:04:29:06 -0400] "GET /Asterisk/SeUpAsteriskAtHome_files/image022.jpg HTTP/1.1" 200 34633 "http://chayden.net/Asterisk/SeUpAsteriskAtHome.htm" "Mozilla/5.0 (Windows; U; Windows NT 5.1; en-US) AppleWebKit/525.19 (KHTML, like Gecko) Chrome/1.0.154.53 Safari/525.19"
97.116.144.195 - - [21/Apr/2009:04:29:07 -0400] "GET /Asterisk/SeUpAsteriskAtHome_files/image027.jpg HTTP/1.1" 200 8509 "http://chayden.net/Asterisk/SeUpAsteriskAtHome.htm" "Mozilla/5.0 (Windows; U; Windows NT 5.1; en-US) AppleWebKit/525.19 (KHTML, like Gecko) Chrome/1.0.154.53 Safari/525.19"
97.116.144.195 - - [21/Apr/2009:04:29:07 -0400] "GET /Asterisk/SeUpAsteriskAtHome_files/image024.jpg HTTP/1.1" 200 31330 "http://chayden.net/Asterisk/SeUpAsteriskAtHome.htm" "Mozilla/5.0 (Windows; U; Windows NT 5.1; en-US) AppleWebKit/525.19 (KHTML, like Gecko) Chrome/1.0.154.53 Safari/525.19"
97.116.144.195 - - [21/Apr/2009:04:29:07 -0400] "GET /Asterisk/SeUpAsteriskAtHome_files/image026.jpg HTTP/1.1" 200 37910 "http://chayden.net/Asterisk/SeUpAsteriskAtHome.htm" "Mozilla/5.0 (Windows; U; Windows NT 5.1; en-US) AppleWebKit/525.19 (KHTML, like Gecko) Chrome/1.0.154.53 Safari/525.19"
97.116.144.195 - - [21/Apr/2009:04:29:07 -0400] "GET /Asterisk/SeUpAsteriskAtHome_files/image031.jpg HTTP/1.1" 200 30259 "http://chayden.net/Asterisk/SeUpAsteriskAtHome.htm" "Mozilla/5.0 (Windows; U; Windows NT 5.1; en-US) AppleWebKit/525.19 (KHTML, like Gecko) Chrome/1.0.154.53 Safari/525.19"
97.116.144.195 - - [21/Apr/2009:04:29:08 -0400] "GET /Asterisk/SeUpAsteriskAtHome_files/image035.jpg HTTP/1.1" 200 2759 "http://chayden.net/Asterisk/SeUpAsteriskAtHome.htm" "Mozilla/5.0 (Windows; U; Windows NT 5.1; en-US) AppleWebKit/525.19 (KHTML, like Gecko) Chrome/1.0.154.53 Safari/525.19"
97.116.144.195 - - [21/Apr/2009:04:29:08 -0400] "GET /Asterisk/SeUpAsteriskAtHome_files/image007.gif HTTP/1.1" 200 5284 "http://chayden.net/Asterisk/SeUpAsteriskAtHome.htm" "Mozilla/5.0 (Windows; U; Windows NT 5.1; en-US) AppleWebKit/525.19 (KHTML, like Gecko) Chrome/1.0.154.53 Safari/525.19"
97.116.144.195 - - [21/Apr/2009:04:29:07 -0400] "GET /Asterisk/SeUpAsteriskAtHome_files/image029.jpg HTTP/1.1" 200 43404 "http://chayden.net/Asterisk/SeUpAsteriskAtHome.htm" "Mozilla/5.0 (Windows; U; Windows NT 5.1; en-US) AppleWebKit/525.19 (KHTML, like Gecko) Chrome/1.0.154.53 Safari/525.19"
97.116.144.195 - - [21/Apr/2009:04:29:08 -0400] "GET /Asterisk/SeUpAsteriskAtHome_files/image033.jpg HTTP/1.1" 200 30788 "http://chayden.net/Asterisk/SeUpAsteriskAtHome.htm" "Mozilla/5.0 (Windows; U; Windows NT 5.1; en-US) AppleWebKit/525.19 (KHTML, like Gecko) Chrome/1.0.154.53 Safari/525.19"
97.116.144.195 - - [21/Apr/2009:04:29:08 -0400] "GET /Asterisk/SeUpAsteriskAtHome_files/image039.jpg HTTP/1.1" 200 1921 "http://chayden.net/Asterisk/SeUpAsteriskAtHome.htm" "Mozilla/5.0 (Windows; U; Windows NT 5.1; en-US) AppleWebKit/525.19 (KHTML, like Gecko) Chrome/1.0.154.53 Safari/525.19"
97.116.144.195 - - [21/Apr/2009:04:29:08 -0400] "GET /Asterisk/SeUpAsteriskAtHome_files/image044.jpg HTTP/1.1" 200 6079 "http://chayden.net/Asterisk/SeUpAsteriskAtHome.htm" "Mozilla/5.0 (Windows; U; Windows NT 5.1; en-US) AppleWebKit/525.19 (KHTML, like Gecko) Chrome/1.0.154.53 Safari/525.19"
97.116.144.195 - - [21/Apr/2009:04:29:08 -0400] "GET /Asterisk/SeUpAsteriskAtHome_files/image037.jpg HTTP/1.1" 200 42221 "http://chayden.net/Asterisk/SeUpAsteriskAtHome.htm" "Mozilla/5.0 (Windows; U; Windows NT 5.1; en-US) AppleWebKit/525.19 (KHTML, like Gecko) Chrome/1.0.154.53 Safari/525.19"
97.116.144.195 - - [21/Apr/2009:04:29:08 -0400] "GET /Asterisk/SeUpAsteriskAtHome_files/image041.jpg HTTP/1.1" 200 26765 "http://chayden.net/Asterisk/SeUpAsteriskAtHome.htm" "Mozilla/5.0 (Windows; U; Windows NT 5.1; en-US) AppleWebKit/525.19 (KHTML, like Gecko) Chrome/1.0.154.53 Safari/525.19"
97.116.144.195 - - [21/Apr/2009:04:29:08 -0400] "GET /Asterisk/SeUpAsteriskAtHome_files/image043.jpg HTTP/1.1" 200 22658 "http://chayden.net/Asterisk/SeUpAsteriskAtHome.htm" "Mozilla/5.0 (Windows; U; Windows NT 5.1; en-US) AppleWebKit/525.19 (KHTML, like Gecko) Chrome/1.0.154.53 Safari/525.19"
97.116.144.195 - - [21/Apr/2009:04:29:09 -0400] "GET /Asterisk/SeUpAsteriskAtHome_files/image046.jpg HTTP/1.1" 200 35168 "http://chayden.net/Asterisk/SeUpAsteriskAtHome.htm" "Mozilla/5.0 (Windows; U; Windows NT 5.1; en-US) AppleWebKit/525.19 (KHTML, like Gecko) Chrome/1.0.154.53 Safari/525.19"
97.116.144.195 - - [21/Apr/2009:04:29:09 -0400] "GET /favicon.ico HTTP/1.1" 404 288 "-" "Mozilla/5.0 (Windows; U; Windows NT 5.1; en-US) AppleWebKit/525.19 (KHTML, like Gecko) Chrome/1.0.154.53 Safari/525.19"
213.98.155.30 - - [21/Apr/2009:04:29:30 -0400] "GET /favicon.ico HTTP/1.1" 404 292 "http://www.chayden.net/Runs/Adidas/changing-800.jpg" "Mozilla/5.0 (Macintosh; U; Intel Mac OS X 10_4_11; es) AppleWebKit/525.27.1 (KHTML, like Gecko) Version/3.2.1 Safari/525.27.1"
66.249.71.166 - - [21/Apr/2009:04:30:00 -0400] "GET /Catskills/Catskills.html HTTP/1.1" 304 - "-" "Mozilla/5.0 (compatible; Googlebot/2.1; +http://www.google.com/bot.html)"
66.249.71.166 - - [21/Apr/2009:04:30:07 -0400] "GET /Catskills/SamsPoint2006/P8191415.JPG HTTP/1.1" 304 - "-" "Googlebot-Image/1.0"
68.122.21.3 - - [21/Apr/2009:04:30:14 -0400] "GET /HikingBooks/Secor.gif HTTP/1.1" 200 5431 "http://www.chayden.net/HikingBooks/Books.html#Angeles" "Mozilla/5.0 (Macintosh; U; Intel Mac OS X 10_5_6; en-us) AppleWebKit/525.27.1 (KHTML, like Gecko) Version/3.2.1 Safari/525.27.1"
68.122.21.3 - - [21/Apr/2009:04:30:14 -0400] "GET /HikingBooks/Starr.gif HTTP/1.1" 200 5035 "http://www.chayden.net/HikingBooks/Books.html#Angeles" "Mozilla/5.0 (Macintosh; U; Intel Mac OS X 10_5_6; en-us) AppleWebKit/525.27.1 (KHTML, like Gecko) Version/3.2.1 Safari/525.27.1"
68.122.21.3 - - [21/Apr/2009:04:30:14 -0400] "GET /HikingBooks/Roper.gif HTTP/1.1" 200 6771 "http://www.chayden.net/HikingBooks/Books.html#Angeles" "Mozilla/5.0 (Macintosh; U; Intel Mac OS X 10_5_6; en-us) AppleWebKit/525.27.1 (KHTML, like Gecko) Version/3.2.1 Safari/525.27.1"
68.122.21.3 - - [21/Apr/2009:04:30:14 -0400] "GET /HikingBooks/Books.html HTTP/1.1" 200 18376 "http://www.chayden.net/SanGabriels/SanGabriels.html" "Mozilla/5.0 (Macintosh; U; Intel Mac OS X 10_5_6; en-us) AppleWebKit/525.27.1 (KHTML, like Gecko) Version/3.2.1 Safari/525.27.1"
68.122.21.3 - - [21/Apr/2009:04:30:14 -0400] "GET /HikingBooks/Winnett.gif HTTP/1.1" 200 4411 "http://www.chayden.net/HikingBooks/Books.html#Angeles" "Mozilla/5.0 (Macintosh; U; Intel Mac OS X 10_5_6; en-us) AppleWebKit/525.27.1 (KHTML, like Gecko) Version/3.2.1 Safari/525.27.1"
68.122.21.3 - - [21/Apr/2009:04:30:14 -0400] "GET /HikingBooks/NatHistorygif.gif HTTP/1.1" 200 7316 "http://www.chayden.net/HikingBooks/Books.html#Angeles" "Mozilla/5.0 (Macintosh; U; Intel Mac OS X 10_5_6; en-us) AppleWebKit/525.27.1 (KHTML, like Gecko) Version/3.2.1 Safari/525.27.1"
68.122.21.3 - - [21/Apr/2009:04:30:15 -0400] "GET /HikingBooks/Geology2.gif HTTP/1.1" 200 12201 "http://www.chayden.net/HikingBooks/Books.html#Angeles" "Mozilla/5.0 (Macintosh; U; Intel Mac OS X 10_5_6; en-us) AppleWebKit/525.27.1 (KHTML, like Gecko) Version/3.2.1 Safari/525.27.1"
68.122.21.3 - - [21/Apr/2009:04:30:14 -0400] "GET /HikingBooks/Whitney.gif HTTP/1.1" 200 14432 "http://www.chayden.net/HikingBooks/Books.html#Angeles" "Mozilla/5.0 (Macintosh; U; Intel Mac OS X 10_5_6; en-us) AppleWebKit/525.27.1 (KHTML, like Gecko) Version/3.2.1 Safari/525.27.1"
68.122.21.3 - - [21/Apr/2009:04:30:15 -0400] "GET /HikingBooks/King.gif HTTP/1.1" 200 5588 "http://www.chayden.net/HikingBooks/Books.html#Angeles" "Mozilla/5.0 (Macintosh; U; Intel Mac OS X 10_5_6; en-us) AppleWebKit/525.27.1 (KHTML, like Gecko) Version/3.2.1 Safari/525.27.1"
68.122.21.3 - - [21/Apr/2009:04:30:15 -0400] "GET /HikingBooks/Angeles.gif HTTP/1.1" 404 304 "http://www.chayden.net/HikingBooks/Books.html#Angeles" "Mozilla/5.0 (Macintosh; U; Intel Mac OS X 10_5_6; en-us) AppleWebKit/525.27.1 (KHTML, like Gecko) Version/3.2.1 Safari/525.27.1"
68.122.21.3 - - [21/Apr/2009:04:30:14 -0400] "GET /HikingBooks/Timberline.gif HTTP/1.1" 200 13765 "http://www.chayden.net/HikingBooks/Books.html#Angeles" "Mozilla/5.0 (Macintosh; U; Intel Mac OS X 10_5_6; en-us) AppleWebKit/525.27.1 (KHTML, like Gecko) Version/3.2.1 Safari/525.27.1"
68.122.21.3 - - [21/Apr/2009:04:30:15 -0400] "GET /HikingBooks/TripleDivideTG.gif HTTP/1.1" 200 10590 "http://www.chayden.net/HikingBooks/Books.html#Angeles" "Mozilla/5.0 (Macintosh; U; Intel Mac OS X 10_5_6; en-us) AppleWebKit/525.27.1 (KHTML, like Gecko) Version/3.2.1 Safari/525.27.1"
68.122.21.3 - - [21/Apr/2009:04:30:15 -0400] "GET /HikingBooks/Brewer.gif HTTP/1.1" 200 12474 "http://www.chayden.net/HikingBooks/Books.html#Angeles" "Mozilla/5.0 (Macintosh; U; Intel Mac OS X 10_5_6; en-us) AppleWebKit/525.27.1 (KHTML, like Gecko) Version/3.2.1 Safari/525.27.1"
