68.122.21.3 - - [21/Apr/2009:04:30:15 -0400] "GET /HikingBooks/MineralKing.gif HTTP/1.1" 200 9680 "http://www.chayden.net/HikingBooks/Books.html#Angeles" "Mozilla/5.0 (Macintosh; U; Intel Mac OS X 10_5_6; en-us) AppleWebKit/525.27.1 (KHTML, like Gecko) Version/3.2.1 Safari/525.27.1"
68.122.21.3 - - [21/Apr/2009:04:30:16 -0400] "GET /HikingBooks/PinchotTG.gif HTTP/1.1" 200 10698 "http://www.chayden.net/HikingBooks/Books.html#Angeles" "Mozilla/5.0 (Macintosh; U; Intel Mac OS X 10_5_6; en-us) AppleWebKit/525.27.1 (KHTML, like Gecko) Version/3.2.1 Safari/525.27.1"
68.122.21.3 - - [21/Apr/2009:04:30:16 -0400] "GET /HikingBooks/MarionTG.gif HTTP/1.1" 200 12004 "http://www.chayden.net/HikingBooks/Books.html#Angeles" "Mozilla/5.0 (Macintosh; U; Intel Mac OS X 10_5_6; en-us) AppleWebKit/525.27.1 (KHTML, like Gecko) Version/3.2.1 Safari/525.27.1"
68.122.21.3 - - [21/Apr/2009:04:30:15 -0400] "GET /HikingBooks/SanBernadinos.gif HTTP/1.1" 200 12548 "http://www.chayden.net/HikingBooks/Books.html#Angeles" "Mozilla/5.0 (Macintosh; U; Intel Mac OS X 10_5_6; en-us) AppleWebKit/525.27.1 (KHTML, like Gecko) Version/3.2.1 Safari/525.27.1"
68.122.21.3 - - [21/Apr/2009:04:30:16 -0400] "GET /HikingBooks/MtLowe.gif HTTP/1.1" 200 12109 "http://www.chayden.net/HikingBooks/Books.html#Angeles" "Mozilla/5.0 (Macintosh; U; Intel Mac OS X 10_5_6; en-us) AppleWebKit/525.27.1 (KHTML, like Gecko) Version/3.2.1 Safari/525.27.1"
68.122.21.3 - - [21/Apr/2009:04:30:15 -0400] "GET /HikingBooks/WhitneyTG.gif HTTP/1.1" 200 12805 "http://www.chayden.net/HikingBooks/Books.html#Angeles" "Mozilla/5.0 (Macintosh; U; Intel Mac OS X 10_5_6; en-us) AppleWebKit/525.27.1 (KHTML, like Gecko) Version/3.2.1 Safari/525.27.1"
68.122.21.3 - - [21/Apr/2009:04:30:16 -0400] "GET /HikingBooks/SanGabriels.gif HTTP/1.1" 200 10832 "http://www.chayden.net/HikingBooks/Books.html#Angeles" "Mozilla/5.0 (Macintosh; U; Intel Mac OS X 10_5_6; en-us) AppleWebKit/525.27.1 (KHTML, like Gecko) Version/3.2.1 Safari/525.27.1"
68.122.21.3 - - [21/Apr/2009:04:30:16 -0400] "GET /HikingBooks/Fletcher.gif HTTP/1.1" 200 6355 "http://www.chayden.net/HikingBooks/Books.html#Angeles" "Mozilla/5.0 (Macintosh; U; Intel Mac OS X 10_5_6; en-us) AppleWebKit/525.27.1 (KHTML, like Gecko) Version/3.2.1 Safari/525.27.1"
68.122.21.3 - - [21/Apr/2009:04:30:16 -0400] "GET /HikingBooks/MinesSanBern.gif HTTP/1.1" 200 14074 "http://www.chayden.net/HikingBooks/Books.html#Angeles" "Mozilla/5.0 (Macintosh; U; Intel Mac OS X 10_5_6; en-us) AppleWebKit/525.27.1 (KHTML, like Gecko) Version/3.2.1 Safari/525.27.1"
68.122.21.3 - - [21/Apr/2009:04:30:16 -0400] "GET /HikingBooks/MinesSanGab.gif HTTP/1.1" 200 12791 "http://www.chayden.net/HikingBooks/Books.html#Angeles" "Mozilla/5.0 (Macintosh; U; Intel Mac OS X 10_5_6; en-us) AppleWebKit/525.27.1 (KHTML, like Gecko) Version/3.2.1 Safari/525.27.1"
68.122.21.3 - - [21/Apr/2009:04:30:16 -0400] "GET /HikingBooks/Mountaineering.gif HTTP/1.1" 200 16759 "http://www.chayden.net/HikingBooks/Books.html#Angeles" "Mozilla/5.0 (Macintosh; U; Intel Mac OS X 10_5_6; en-us) AppleWebKit/525.27.1 (KHTML, like Gecko) Version/3.2.1 Safari/525.27.1"
66.235.124.76 - - [21/Apr/2009:04:31:49 -0400] "GET /Utah97/pic/utah97-2-05.jpg HTTP/1.0" 200 45112 "-" "Mozilla/5.0 (compatible; Ask Jeeves/Teoma; +http://about.ask.com/en/docs/about/webmasters.shtml)"
66.235.124.76 - - [21/Apr/2009:04:31:51 -0400] "GET /Karwendel2005/pic/P9300123.JPG HTTP/1.0" 200 14959 "-" "Mozilla/5.0 (compatible; Ask Jeeves/Teoma; +http://about.ask.com/en/docs/about/webmasters.shtml)"
66.249.71.166 - - [21/Apr/2009:04:31:58 -0400] "GET /Runs/Adidas/river.jpg HTTP/1.1" 304 - "-" "Googlebot-Image/1.0"
198.54.202.234 - - [21/Apr/2009:04:32:29 -0400] "GET /eliza/Eliza.html HTTP/1.1" 200 5488 "http://un.yhs.search.yahoo.com/avg/search?p=eliza+test+&fr=yhs-avg&ei=UTF-8&partnerid=yhs-avg" "Mozilla/4.0 (compatible; MSIE 6.0; Windows NT 5.1; SV1; GTB5)"
196.25.255.194 - - [21/Apr/2009:04:32:30 -0400] "GET /icons/back.gif HTTP/1.1" 200 216 "http://chayden.net/eliza/Eliza.html" "Mozilla/4.0 (compatible; MSIE 6.0; Windows NT 5.1; SV1; GTB5)"
198.54.202.218 - - [21/Apr/2009:04:32:33 -0400] "GET /favicon.ico HTTP/1.1" 404 288 "-" "Mozilla/5.0 (compatible; Google Desktop)"
122.164.202.60 - - [21/Apr/2009:04:33:22 -0400] "GET /Runs/Adidas/tree.jpg HTTP/1.1" 200 976780 "http://savitabhabhi.com/fanclub/showthread.php?tid=9192&page=20" "Mozilla/4.0 (compatible; MSIE 7.0; Windows NT 5.1; MEGAUPLOAD 3.0; .NET CLR 2.0.50727; .NET CLR 3.0.04506.30)"
61.17.250.53 - - [21/Apr/2009:04:36:42 -0400] "GET /Runs/Adidas/tree.jpg HTTP/1.1" 200 976780 "http://savitabhabhi.com/fanclub/showthread.php?tid=9192&page=20" "Mozilla/4.0 (compatible; MSIE 6.0; Windows NT 5.1; SV1)"
84.75.101.118 - - [21/Apr/2009:04:38:02 -0400] "GET /Asterisk/favicon.ico HTTP/1.1" 404 301 "-" "Mozilla/4.0 (compatible; GoogleToolbar 5.0.2124.6042; Windows XP 5.1; MSIE 7.0.5730.13)"
84.75.101.118 - - [21/Apr/2009:04:38:02 -0400] "GET /Asterisk/favicon.gif HTTP/1.1" 404 301 "-" "Mozilla/4.0 (compatible; GoogleToolbar 5.0.2124.6042; Windows XP 5.1; MSIE 7.0.5730.13)"
81.38.100.77 - - [21/Apr/2009:04:37:57 -0400] "GET /Runs/Adidas/changing-800.jpg HTTP/1.1" 200 118677 "http://kilianjornet.blogspot.com/" "Mozilla/5.0 (Windows; U; Windows NT 5.1; es-ES; rv:1.9.0.8) Gecko/2009032609 Firefox/3.0.8"
61.16.176.60 - - [21/Apr/2009:04:37:52 -0400] "GET /Runs/Adidas/tree.jpg HTTP/1.1" 200 976780 "http://savitabhabhi.com/fanclub/showthread.php?tid=9192&page=20" "Mozilla/4.0 (compatible; MSIE 6.0; Windows NT 5.1; SV1)"
69.236.168.86 - - [21/Apr/2009:04:39:54 -0400] "GET /Asterisk/favicon.ico HTTP/1.1" 404 297 "-" "Mozilla/4.0 (compatible; GoogleToolbar 5.0.2124.6042; Windows 6.0; MSIE 7.0.6001.18000)"
69.236.168.86 - - [21/Apr/2009:04:39:55 -0400] "GET /Asterisk/favicon.gif HTTP/1.1" 404 297 "-" "Mozilla/4.0 (compatible; GoogleToolbar 5.0.2124.6042; Windows 6.0; MSIE 7.0.6001.18000)"
59.164.147.30 - - [21/Apr/2009:04:41:46 -0400] "GET /Runs/Adidas/tree.jpg HTTP/1.1" 200 976780 "http://savitabhabhi.com/fanclub/showthread.php?tid=9192&page=20" "Mozilla/4.0 (compatible; MSIE 7.0; Windows NT 5.1; FunWebProducts; InfoPath.2)"
117.196.230.246 - - [21/Apr/2009:04:44:35 -0400] "GET /Runs/Adidas/tree.jpg HTTP/1.1" 200 976780 "http://savitabhabhi.com/fanclub/showthread.php?tid=9192&page=20" "Mozilla/4.0 (compatible; MSIE 7.0; Windows NT 6.0; SLCC1; .NET CLR 2.0.50727; Media Center PC 5.0; .NET CLR 3.0.04506)"
74.6.8.116 - - [21/Apr/2009:04:46:24 -0400] "GET /robots.txt HTTP/1.0" 404 287 "-" "Mozilla/5.0 (compatible; Yahoo! Slurp; http://help.yahoo.com/help/us/ysearch/slurp)"
74.6.8.116 - - [21/Apr/2009:04:46:25 -0400] "GET /Sierra76/pic/?C=N;O=D HTTP/1.0" 200 2884 "-" "Mozilla/5.0 (compatible; Yahoo! Slurp/3.0; http://help.yahoo.com/help/us/ysearch/slurp)"
74.6.8.116 - - [21/Apr/2009:04:46:25 -0400] "GET /SanGabriels/SanGabriels.html HTTP/1.0" 200 28779 "-" "Mozilla/5.0 (compatible; Yahoo! Slurp/3.0; http://help.yahoo.com/help/us/ysearch/slurp)"
74.6.8.116 - - [21/Apr/2009:04:46:25 -0400] "GET /Runs/Lincroft/LincroftRuns.html HTTP/1.0" 200 11112 "-" "Mozilla/5.0 (compatible; Yahoo! Slurp/3.0; http://help.yahoo.com/help/us/ysearch/slurp)"
74.6.8.116 - - [21/Apr/2009:04:46:27 -0400] "GET /includes/hikes.css HTTP/1.0" 304 - "http://chayden.net/SanGabriels/SanGabriels.html" "Mozilla/5.0 (compatible; Yahoo! Slurp/3.0; http://help.yahoo.com/help/us/ysearch/slurp)"
66.249.71.166 - - [21/Apr/2009:04:46:45 -0400] "GET /House/pic/front_t.jpg HTTP/1.1" 304 - "-" "Googlebot-Image/1.0"
122.173.229.66 - - [21/Apr/2009:04:46:42 -0400] "GET /Runs/Adidas/tree.jpg HTTP/1.1" 200 976780 "http://savitabhabhi.com/fanclub/showthread.php?tid=9192&page=20" "Mozilla/5.0 (Windows; U; Windows NT 5.1; en-US; rv:1.9.0.8) Gecko/2009032609 Firefox/3.0.8"
59.97.240.220 - - [21/Apr/2009:04:47:54 -0400] "GET /Runs/Adidas/tree.jpg HTTP/1.1" 200 976780 "http://savitabhabhi.com/fanclub/showthread.php?tid=9192&page=20" "Mozilla/4.0 (compatible; MSIE 7.0; Windows NT 6.0; GTB5; Mozilla/4.0 (compatible; MSIE 6.0; Windows NT 5.1; SV1) ; SLCC1; .NET CLR 2.0.50727; .NET CLR 3.0.04506)"
88.5.211.26 - - [21/Apr/2009:04:48:14 -0400] "GET /Runs/Adidas/snot-rocket-800.jpg HTTP/1.1" 200 63993 "http://by114w.bay114.mail.live.com/mail/InboxLight.aspx?n=690252593" "Mozilla/4.0 (compatible; MSIE 7.0; Windows NT 5.1; GTB5; InfoPath.2; .NET CLR 2.0.50727)"
88.5.211.26 - - [21/Apr/2009:04:48:14 -0400] "GET /Runs/Adidas/vaseline800.jpg HTTP/1.1" 200 61165 "http://by114w.bay114.mail.live.com/mail/InboxLight.aspx?n=690252593" "Mozilla/4.0 (compatible; MSIE 7.0; Windows NT 5.1; GTB5; InfoPath.2; .NET CLR 2.0.50727)"
88.5.211.26 - - [21/Apr/2009:04:48:14 -0400] "GET /Runs/Adidas/cable-car-800.JPG HTTP/1.1" 200 60723 "http://by114w.bay114.mail.live.com/mail/InboxLight.aspx?n=690252593" "Mozilla/4.0 (compatible; MSIE 7.0; Windows NT 5.1; GTB5; InfoPath.2; .NET CLR 2.0.50727)"
88.5.211.26 - - [21/Apr/2009:04:48:14 -0400] "GET /Runs/Adidas/park-800.jpg HTTP/1.1" 200 52610 "http://by114w.bay114.mail.live.com/mail/InboxLight.aspx?n=690252593" "Mozilla/4.0 (compatible; MSIE 7.0; Windows NT 5.1; GTB5; InfoPath.2; .NET CLR 2.0.50727)"
88.5.211.26 - - [21/Apr/2009:04:48:14 -0400] "GET /Runs/Adidas/tape-800.jpg HTTP/1.1" 200 114686 "http://by114w.bay114.mail.live.com/mail/InboxLight.aspx?n=690252593" "Mozilla/4.0 (compatible; MSIE 7.0; Windows NT 5.1; GTB5; InfoPath.2; .NET CLR 2.0.50727)"
88.5.211.26 - - [21/Apr/2009:04:48:14 -0400] "GET /Runs/Adidas/bank-800.jpg HTTP/1.1" 200 99716 "http://by114w.bay114.mail.live.com/mail/InboxLight.aspx?n=690252593" "Mozilla/4.0 (compatible; MSIE 7.0; Windows NT 5.1; GTB5; InfoPath.2; .NET CLR 2.0.50727)"
88.5.211.26 - - [21/Apr/2009:04:48:14 -0400] "GET /Runs/Adidas/baby-800.jpg HTTP/1.1" 200 127856 "http://by114w.bay114.mail.live.com/mail/InboxLight.aspx?n=690252593" "Mozilla/4.0 (compatible; MSIE 7.0; Windows NT 5.1; GTB5; InfoPath.2; .NET CLR 2.0.50727)"
88.5.211.26 - - [21/Apr/2009:04:48:14 -0400] "GET /Runs/Adidas/dr-office-800.jpg HTTP/1.1" 200 105355 "http://by114w.bay114.mail.live.com/mail/InboxLight.aspx?n=690252593" "Mozilla/4.0 (compatible; MSIE 7.0; Windows NT 5.1; GTB5; InfoPath.2; .NET CLR 2.0.50727)"
88.5.211.26 - - [21/Apr/2009:04:48:14 -0400] "GET /Runs/Adidas/changing-800.jpg HTTP/1.1" 200 118677 "http://by114w.bay114.mail.live.com/mail/InboxLight.aspx?n=690252593" "Mozilla/4.0 (compatible; MSIE 7.0; Windows NT 5.1; GTB5; InfoPath.2; .NET CLR 2.0.50727)"
88.5.211.26 - - [21/Apr/2009:04:48:14 -0400] "GET /Runs/Adidas/river-800.jpg HTTP/1.1" 200 144245 "http://by114w.bay114.mail.live.com/mail/InboxLight.aspx?n=690252593" "Mozilla/4.0 (compatible; MSIE 7.0; Windows NT 5.1; GTB5; InfoPath.2; .NET CLR 2.0.50727)"
88.5.211.26 - - [21/Apr/2009:04:48:14 -0400] "GET /Runs/Adidas/tree-800.jpg HTTP/1.1" 200 76203 "http://by114w.bay114.mail.live.com/mail/InboxLight.aspx?n=690252593" "Mozilla/4.0 (compatible; MSIE 7.0; Windows NT 5.1; GTB5; InfoPath.2; .NET CLR 2.0.50727)"
66.235.124.76 - - [21/Apr/2009:04:53:52 -0400] "GET /JSMarathon99/pic/Marathon99-1-18.jpg HTTP/1.0" 200 160819 "-" "Mozilla/5.0 (compatible; Ask Jeeves/Teoma; +http://about.ask.com/en/docs/about/webmasters.shtml)"
114.75.197.100 - - [21/Apr/2009:04:54:10 -0400] "GET /Asterisk/(null) HTTP/1.0" 404 292 "-" "Mozilla/4.0 (compatible; MSIE 8.0; Windows NT 5.1; Trident/4.0; GTB5; .NET CLR 1.1.4322; .NET CLR 2.0.50727; .NET CLR 3.0.04506.30; .NET CLR 3.0.04506.648)"
65.55.234.164 - - [21/Apr/2009:04:55:56 -0400] "GET /robots.txt HTTP/1.1" 404 287 "-" "msnbot-media/1.1 (+http://search.msn.com/msnbot.htm)"
65.55.234.164 - - [21/Apr/2009:04:55:56 -0400] "GET /Runs/Adidas/vaseline.jpg HTTP/1.1" 200 881475 "-" "msnbot-media/1.1 (+http://search.msn.com/msnbot.htm)"
66.249.71.238 - - [21/Apr/2009:04:57:06 -0400] "GET /Catskills/BigIndianEagleFir2003/index.html HTTP/1.1" 304 - "-" "Mozilla/5.0 (compatible; Googlebot/2.1; +http://www.google.com/bot.html)"
69.236.168.86 - - [21/Apr/2009:04:57:59 -0400] "GET /Asterisk/favicon.ico HTTP/1.1" 404 297 "-" "Mozilla/4.0 (compatible; GoogleToolbar 5.0.2124.6042; Windows 6.0; MSIE 7.0.6001.18000)"
69.236.168.86 - - [21/Apr/2009:04:57:59 -0400] "GET /Asterisk/favicon.gif HTTP/1.1" 404 297 "-" "Mozilla/4.0 (compatible; GoogleToolbar 5.0.2124.6042; Windows 6.0; MSIE 7.0.6001.18000)"
217.133.105.158 - - [21/Apr/2009:04:58:59 -0400] "GET /eliza/instructions.txt HTTP/1.1" 200 15342 "http://codeanticode.wordpress.com/2007/11/12/eliza-library-for-processing/" "Mozilla/5.0 (Macintosh; U; Intel Mac OS X 10.5; it; rv:1.9.0.8) Gecko/2009032608 Firefox/3.0.8"
217.133.105.158 - - [21/Apr/2009:04:59:00 -0400] "GET /favicon.ico HTTP/1.1" 404 292 "-" "Mozilla/5.0 (Macintosh; U; Intel Mac OS X 10.5; it; rv:1.9.0.8) Gecko/2009032608 Firefox/3.0.8"
217.133.105.158 - - [21/Apr/2009:04:59:00 -0400] "GET /favicon.ico HTTP/1.1" 404 292 "-" "Mozilla/5.0 (Macintosh; U; Intel Mac OS X 10.5; it; rv:1.9.0.8) Gecko/2009032608 Firefox/3.0.8"
217.133.105.158 - - [21/Apr/2009:04:59:02 -0400] "GET /favicon.ico HTTP/1.1" 404 292 "-" "Mozilla/5.0 (Macintosh; U; Intel Mac OS X 10.5; it; rv:1.9.0.8) Gecko/2009032608 Firefox/3.0.8"
193.145.230.8 - - [21/Apr/2009:04:59:31 -0400] "GET /Runs/Adidas/changing-800.jpg HTTP/1.1" 200 118677 "http://kilianjornet.blogspot.com/" "Mozilla/5.0 (Windows; U; Windows NT 5.1; es-ES; rv:1.8.1.1) Gecko/20061204 Firefox/2.0.0.1"
59.183.159.145 - - [21/Apr/2009:04:59:44 -0400] "GET /Asterisk/SeUpAsteriskAtHome.htm HTTP/1.1" 200 178181 "http://www.google.co.in/search?hl=en&q=set+up+asterisk+server&meta=&aq=0&oq=set+up+asterisk" "Mozilla/5.0 (Windows; U; Windows NT 5.1; en-US; rv:1.9.0.8) Gecko/2009032609 (CK-IBM) Firefox/3.0.8"
65.55.234.164 - - [21/Apr/2009:05:01:14 -0400] "GET /Runs/Adidas/snot-rocket-800.jpg HTTP/1.1" 200 63993 "-" "msnbot-media/1.1 (+http://search.msn.com/msnbot.htm)"
194.254.229.2 - - [21/Apr/2009:05:02:00 -0400] "GET /Runs/Adidas/changing-800.jpg HTTP/1.1" 200 118677 "http://kilianjornet.blogspot.com/" "Mozilla/4.0 (compatible; MSIE 7.0; Windows NT 5.1)"
66.249.71.166 - - [21/Apr/2009:05:02:41 -0400] "GET /Work/pic/twty3t.jpg HTTP/1.1" 304 - "-" "Googlebot-Image/1.0"
58.61.164.207 - - [21/Apr/2009:05:03:01 -0400] "GET /robots.txt HTTP/1.1" 404 287 "http://chayden.net/robots.txt" "Sosospider+(+http://help.soso.com/webspider.htm)"
122.173.243.113 - - [21/Apr/2009:05:04:24 -0400] "GET /Runs/Adidas/tree.jpg HTTP/1.1" 200 976780 "http://savitabhabhi.com/fanclub/showthread.php?tid=9192&page=20" "Mozilla/4.0 (compatible; MSIE 6.0; Windows NT 5.1; SV1; GTB5; (R1 1.6); .NET CLR 2.0.50727)"
122.169.195.85 - - [21/Apr/2009:05:06:46 -0400] "GET /Asterisk/SeUpAsteriskAtHome_files/image001.gif HTTP/1.1" 200 2324 "http://www.chayden.net/Asterisk/SeUpAsteriskAtHome.htm" "Mozilla/5.0 (Windows; U; Windows NT 5.1; en-US; rv:1.9.0.8) Gecko/2009032609 Firefox/3.0.8"
122.169.195.85 - - [21/Apr/2009:05:06:48 -0400] "GET /Asterisk/SeUpAsteriskAtHome_files/image004.gif HTTP/1.1" 200 6404 "http://www.chayden.net/Asterisk/SeUpAsteriskAtHome.htm" "Mozilla/5.0 (Windows; U; Windows NT 5.1; en-US; rv:1.9.0.8) Gecko/2009032609 Firefox/3.0.8"
122.169.195.85 - - [21/Apr/2009:05:06:48 -0400] "GET /Asterisk/SeUpAsteriskAtHome_files/image003.jpg HTTP/1.1" 200 5132 "http://www.chayden.net/Asterisk/SeUpAsteriskAtHome.htm" "Mozilla/5.0 (Windows; U; Windows NT 5.1; en-US; rv:1.9.0.8) Gecko/2009032609 Firefox/3.0.8"
122.169.195.85 - - [21/Apr/2009:05:06:48 -0400] "GET /Asterisk/SeUpAsteriskAtHome_files/image005.gif HTTP/1.1" 200 4365 "http://www.chayden.net/Asterisk/SeUpAsteriskAtHome.htm" "Mozilla/5.0 (Windows; U; Windows NT 5.1; en-US; rv:1.9.0.8) Gecko/2009032609 Firefox/3.0.8"
122.169.195.85 - - [21/Apr/2009:05:06:48 -0400] "GET /Asterisk/SeUpAsteriskAtHome_files/image007.gif HTTP/1.1" 200 5284 "http://www.chayden.net/Asterisk/SeUpAsteriskAtHome.htm" "Mozilla/5.0 (Windows; U; Windows NT 5.1; en-US; rv:1.9.0.8) Gecko/2009032609 Firefox/3.0.8"
122.169.195.85 - - [21/Apr/2009:05:06:50 -0400] "GET /Asterisk/SeUpAsteriskAtHome_files/image011.jpg HTTP/1.1" 200 13078 "http://www.chayden.net/Asterisk/SeUpAsteriskAtHome.htm" "Mozilla/5.0 (Windows; U; Windows NT 5.1; en-US; rv:1.9.0.8) Gecko/2009032609 Firefox/3.0.8"
122.169.195.85 - - [21/Apr/2009:05:06:49 -0400] "GET /Asterisk/SeUpAsteriskAtHome_files/image009.jpg HTTP/1.1" 200 14238 "http://www.chayden.net/Asterisk/SeUpAsteriskAtHome.htm" "Mozilla/5.0 (Windows; U; Windows NT 5.1; en-US; rv:1.9.0.8) Gecko/2009032609 Firefox/3.0.8"
122.169.195.85 - - [21/Apr/2009:05:06:48 -0400] "GET /Asterisk/SeUpAsteriskAtHome_files/image006.gif HTTP/1.1" 200 33832 "http://www.chayden.net/Asterisk/SeUpAsteriskAtHome.htm" "Mozilla/5.0 (Windows; U; Windows NT 5.1; en-US; rv:1.9.0.8) Gecko/2009032609 Firefox/3.0.8"
122.169.195.85 - - [21/Apr/2009:05:06:51 -0400] "GET /Asterisk/SeUpAsteriskAtHome_files/image015.jpg HTTP/1.1" 200 47335 "http://www.chayden.net/Asterisk/SeUpAsteriskAtHome.htm" "Mozilla/5.0 (Windows; U; Windows NT 5.1; en-US; rv:1.9.0.8) Gecko/2009032609 Firefox/3.0.8"
122.169.195.85 - - [21/Apr/2009:05:06:58 -0400] "GET /Asterisk/SeUpAsteriskAtHome_files/image026.jpg HTTP/1.1" 200 37910 "http://www.chayden.net/Asterisk/SeUpAsteriskAtHome.htm" "Mozilla/5.0 (Windows; U; Windows NT 5.1; en-US; rv:1.9.0.8) Gecko/2009032609 Firefox/3.0.8"
122.169.195.85 - - [21/Apr/2009:05:06:57 -0400] "GET /Asterisk/SeUpAsteriskAtHome_files/image017.jpg HTTP/1.1" 200 30515 "http://www.chayden.net/Asterisk/SeUpAsteriskAtHome.htm" "Mozilla/5.0 (Windows; U; Windows NT 5.1; en-US; rv:1.9.0.8) Gecko/2009032609 Firefox/3.0.8"
122.169.195.85 - - [21/Apr/2009:05:07:10 -0400] "GET /Asterisk/SeUpAsteriskAtHome_files/image027.jpg HTTP/1.1" 200 8509 "http://www.chayden.net/Asterisk/SeUpAsteriskAtHome.htm" "Mozilla/5.0 (Windows; U; Windows NT 5.1; en-US; rv:1.9.0.8) Gecko/2009032609 Firefox/3.0.8"
122.169.195.85 - - [21/Apr/2009:05:07:12 -0400] "GET /Asterisk/SeUpAsteriskAtHome_files/image035.jpg HTTP/1.1" 200 2759 "http://www.chayden.net/Asterisk/SeUpAsteriskAtHome.htm" "Mozilla/5.0 (Windows; U; Windows NT 5.1; en-US; rv:1.9.0.8) Gecko/2009032609 Firefox/3.0.8"
122.169.195.85 - - [21/Apr/2009:05:07:12 -0400] "GET /Asterisk/SeUpAsteriskAtHome_files/image039.jpg HTTP/1.1" 200 1921 "http://www.chayden.net/Asterisk/SeUpAsteriskAtHome.htm" "Mozilla/5.0 (Windows; U; Windows NT 5.1; en-US; rv:1.9.0.8) Gecko/2009032609 Firefox/3.0.8"
122.169.195.85 - - [21/Apr/2009:05:07:13 -0400] "GET /Asterisk/SeUpAsteriskAtHome_files/image044.jpg HTTP/1.1" 200 6079 "http://www.chayden.net/Asterisk/SeUpAsteriskAtHome.htm" "Mozilla/5.0 (Windows; U; Windows NT 5.1; en-US; rv:1.9.0.8) Gecko/2009032609 Firefox/3.0.8"
122.169.195.85 - - [21/Apr/2009:05:06:50 -0400] "GET /Asterisk/SeUpAsteriskAtHome_files/image013.jpg HTTP/1.1" 200 21296 "http://www.chayden.net/Asterisk/SeUpAsteriskAtHome.htm" "Mozilla/5.0 (Windows; U; Windows NT 5.1; en-US; rv:1.9.0.8) Gecko/2009032609 Firefox/3.0.8"
122.169.195.85 - - [21/Apr/2009:05:06:57 -0400] "GET /Asterisk/SeUpAsteriskAtHome_files/image019.jpg HTTP/1.1" 200 39902 "http://www.chayden.net/Asterisk/SeUpAsteriskAtHome.htm" "Mozilla/5.0 (Windows; U; Windows NT 5.1; en-US; rv:1.9.0.8) Gecko/2009032609 Firefox/3.0.8"
122.169.195.85 - - [21/Apr/2009:05:07:11 -0400] "GET /Asterisk/SeUpAsteriskAtHome_files/image031.jpg HTTP/1.1" 200 30259 "http://www.chayden.net/Asterisk/SeUpAsteriskAtHome.htm" "Mozilla/5.0 (Windows; U; Windows NT 5.1; en-US; rv:1.9.0.8) Gecko/2009032609 Firefox/3.0.8"
122.169.195.85 - - [21/Apr/2009:05:07:13 -0400] "GET /Asterisk/SeUpAsteriskAtHome_files/image043.jpg HTTP/1.1" 200 22658 "http://www.chayden.net/Asterisk/SeUpAsteriskAtHome.htm" "Mozilla/5.0 (Windows; U; Windows NT 5.1; en-US; rv:1.9.0.8) Gecko/2009032609 Firefox/3.0.8"
122.169.195.85 - - [21/Apr/2009:05:06:43 -0400] "GET /Asterisk/SeUpAsteriskAtHome.htm HTTP/1.1" 200 178181 "http://www.google.co.in/search?hl=en&q=asterisk%2Bsetup&btnG=Search&meta=&aq=f&oq=" "Mozilla/5.0 (Windows; U; Windows NT 5.1; en-US; rv:1.9.0.8) Gecko/2009032609 Firefox/3.0.8"
122.169.195.85 - - [21/Apr/2009:05:07:11 -0400] "GET /Asterisk/SeUpAsteriskAtHome_files/image033.jpg HTTP/1.1" 200 30788 "http://www.chayden.net/Asterisk/SeUpAsteriskAtHome.htm" "Mozilla/5.0 (Windows; U; Windows NT 5.1; en-US; rv:1.9.0.8) Gecko/2009032609 Firefox/3.0.8"
122.169.195.85 - - [21/Apr/2009:05:06:57 -0400] "GET /Asterisk/SeUpAsteriskAtHome_files/image022.jpg HTTP/1.1" 200 34633 "http://www.chayden.net/Asterisk/SeUpAsteriskAtHome.htm" "Mozilla/5.0 (Windows; U; Windows NT 5.1; en-US; rv:1.9.0.8) Gecko/2009032609 Firefox/3.0.8"
122.169.195.85 - - [21/Apr/2009:05:07:12 -0400] "GET /Asterisk/SeUpAsteriskAtHome_files/image037.jpg HTTP/1.1" 200 42221 "http://www.chayden.net/Asterisk/SeUpAsteriskAtHome.htm" "Mozilla/5.0 (Windows; U; Windows NT 5.1; en-US; rv:1.9.0.8) Gecko/2009032609 Firefox/3.0.8"
85.4.75.80 - - [21/Apr/2009:05:07:32 -0400] "GET /eliza/Eliza/Decomp.java HTTP/1.1" 200 1777 "http://chayden.net/eliza/Eliza.html" "Mozilla/5.0 (Windows; U; Windows NT 5.1; de; rv:1.9.0.8) Gecko/2009032609 Firefox/3.0.8 (.NET CLR 3.5.30729)"
122.169.195.85 - - [21/Apr/2009:05:07:13 -0400] "GET /Asterisk/SeUpAsteriskAtHome_files/image041.jpg HTTP/1.1" 200 26765 "http://www.chayden.net/Asterisk/SeUpAsteriskAtHome.htm" "Mozilla/5.0 (Windows; U; Windows NT 5.1; en-US; rv:1.9.0.8) Gecko/2009032609 Firefox/3.0.8"
85.4.75.80 - - [21/Apr/2009:05:07:36 -0400] "GET /eliza/script HTTP/1.1" 200 12267 "-" "Mozilla/4.0 (Windows XP 5.1) Java/1.6.0_03"
122.169.195.85 - - [21/Apr/2009:05:07:14 -0400] "GET /Asterisk/SeUpAsteriskAtHome_files/image046.jpg HTTP/1.1" 200 35168 "http://www.chayden.net/Asterisk/SeUpAsteriskAtHome.htm" "Mozilla/5.0 (Windows; U; Windows NT 5.1; en-US; rv:1.9.0.8) Gecko/2009032609 Firefox/3.0.8"
122.169.195.85 - - [21/Apr/2009:05:07:11 -0400] "GET /Asterisk/SeUpAsteriskAtHome_files/image029.jpg HTTP/1.1" 200 43404 "http://www.chayden.net/Asterisk/SeUpAsteriskAtHome.htm" "Mozilla/5.0 (Windows; U; Windows NT 5.1; en-US; rv:1.9.0.8) Gecko/2009032609 Firefox/3.0.8"
85.4.75.80 - - [21/Apr/2009:05:07:43 -0400] "GET /eliza/Eliza/Decomp.java HTTP/1.1" 200 1777 "http://chayden.net/eliza/Eliza.html" "Mozilla/5.0 (Windows; U; Windows NT 5.1; de; rv:1.9.0.8) Gecko/2009032609 Firefox/3.0.8 (.NET CLR 3.5.30729)"
122.169.195.85 - - [21/Apr/2009:05:06:57 -0400] "GET /Asterisk/SeUpAsteriskAtHome_files/image020.gif HTTP/1.1" 200 49946 "http://www.chayden.net/Asterisk/SeUpAsteriskAtHome.htm" "Mozilla/5.0 (Windows; U; Windows NT 5.1; en-US; rv:1.9.0.8) Gecko/2009032609 Firefox/3.0.8"
85.4.75.80 - - [21/Apr/2009:05:08:11 -0400] "GET /eliza/Eliza/DecompList.java HTTP/1.1" 200 611 "http://chayden.net/eliza/Eliza.html" "Mozilla/5.0 (Windows; U; Windows NT 5.1; de; rv:1.9.0.8) Gecko/2009032609 Firefox/3.0.8 (.NET CLR 3.5.30729)"
85.4.75.80 - - [21/Apr/2009:05:08:17 -0400] "GET /eliza/Eliza/Key.java HTTP/1.1" 200 1578 "http://chayden.net/eliza/Eliza.html" "Mozilla/5.0 (Windows; U; Windows NT 5.1; de; rv:1.9.0.8) Gecko/2009032609 Firefox/3.0.8 (.NET CLR 3.5.30729)"
85.4.75.80 - - [21/Apr/2009:05:08:14 -0400] "GET /eliza/Eliza/Key.java HTTP/1.1" 200 1578 "http://chayden.net/eliza/Eliza.html" "Mozilla/5.0 (Windows; U; Windows NT 5.1; de; rv:1.9.0.8) Gecko/2009032609 Firefox/3.0.8 (.NET CLR 3.5.30729)"
85.4.75.80 - - [21/Apr/2009:05:08:17 -0400] "GET /eliza/Eliza/Key.java HTTP/1.1" 200 1578 "http://chayden.net/eliza/Eliza.html" "Mozilla/5.0 (Windows; U; Windows NT 5.1; de; rv:1.9.0.8) Gecko/2009032609 Firefox/3.0.8 (.NET CLR 3.5.30729)"
85.4.75.80 - - [21/Apr/2009:05:08:20 -0400] "GET /eliza/script HTTP/1.1" 200 12267 "-" "Mozilla/4.0 (Windows XP 5.1) Java/1.6.0_03"
85.4.75.80 - - [21/Apr/2009:05:08:22 -0400] "GET /eliza/Eliza/KeyList.java HTTP/1.1" 200 1430 "http://chayden.net/eliza/Eliza.html" "Mozilla/5.0 (Windows; U; Windows NT 5.1; de; rv:1.9.0.8) Gecko/2009032609 Firefox/3.0.8 (.NET CLR 3.5.30729)"
85.4.75.80 - - [21/Apr/2009:05:08:27 -0400] "GET /eliza/Eliza/KeyStack.java HTTP/1.1" 200 1390 "http://chayden.net/eliza/Eliza.html" "Mozilla/5.0 (Windows; U; Windows NT 5.1; de; rv:1.9.0.8) Gecko/2009032609 Firefox/3.0.8 (.NET CLR 3.5.30729)"
85.4.75.80 - - [21/Apr/2009:05:08:32 -0400] "GET /eliza/Eliza/Mem.java HTTP/1.1" 200 618 "http://chayden.net/eliza/Eliza.html" "Mozilla/5.0 (Windows; U; Windows NT 5.1; de; rv:1.9.0.8) Gecko/2009032609 Firefox/3.0.8 (.NET CLR 3.5.30729)"
85.4.75.80 - - [21/Apr/2009:05:08:37 -0400] "GET /eliza/Eliza/PrePost.java HTTP/1.1" 200 790 "http://chayden.net/eliza/Eliza.html" "Mozilla/5.0 (Windows; U; Windows NT 5.1; de; rv:1.9.0.8) Gecko/2009032609 Firefox/3.0.8 (.NET CLR 3.5.30729)"
122.169.195.85 - - [21/Apr/2009:05:08:39 -0400] "GET /favicon.ico HTTP/1.1" 404 292 "-" "Mozilla/5.0 (Windows; U; Windows NT 5.1; en-US; rv:1.9.0.8) Gecko/2009032609 Firefox/3.0.8"
85.4.75.80 - - [21/Apr/2009:05:08:41 -0400] "GET /eliza/Eliza/ReasembList.java HTTP/1.1" 200 594 "http://chayden.net/eliza/Eliza.html" "Mozilla/5.0 (Windows; U; Windows NT 5.1; de; rv:1.9.0.8) Gecko/2009032609 Firefox/3.0.8 (.NET CLR 3.5.30729)"
85.4.75.80 - - [21/Apr/2009:05:08:43 -0400] "GET /eliza/script HTTP/1.1" 200 12267 "-" "Mozilla/4.0 (Windows XP 5.1) Java/1.6.0_03"
85.4.75.80 - - [21/Apr/2009:05:08:46 -0400] "GET /eliza/Eliza/PrePostList.java HTTP/1.1" 200 1586 "http://chayden.net/eliza/Eliza.html" "Mozilla/5.0 (Windows; U; Windows NT 5.1; de; rv:1.9.0.8) Gecko/2009032609 Firefox/3.0.8 (.NET CLR 3.5.30729)"
85.4.75.80 - - [21/Apr/2009:05:08:51 -0400] "GET /eliza/Eliza/ReasembList.java HTTP/1.1" 200 594 "http://chayden.net/eliza/Eliza.html" "Mozilla/5.0 (Windows; U; Windows NT 5.1; de; rv:1.9.0.8) Gecko/2009032609 Firefox/3.0.8 (.NET CLR 3.5.30729)"
85.4.75.80 - - [21/Apr/2009:05:08:54 -0400] "GET /eliza/Eliza/EString.java HTTP/1.1" 200 7343 "http://chayden.net/eliza/Eliza.html" "Mozilla/5.0 (Windows; U; Windows NT 5.1; de; rv:1.9.0.8) Gecko/2009032609 Firefox/3.0.8 (.NET CLR 3.5.30729)"
85.4.75.80 - - [21/Apr/2009:05:08:59 -0400] "GET /eliza/Eliza/SynList.java HTTP/1.1" 200 2373 "http://chayden.net/eliza/Eliza.html" "Mozilla/5.0 (Windows; U; Windows NT 5.1; de; rv:1.9.0.8) Gecko/2009032609 Firefox/3.0.8 (.NET CLR 3.5.30729)"
203.76.124.203 - - [21/Apr/2009:05:06:37 -0400] "GET /Asterisk/SeUpAsteriskAtHome.htm HTTP/1.0" 200 178181 "http://www.google.com.bd/search?hl=en&ei=T4ztSYPkCsWFtgfn_vDSDw&sa=X&oi=spell&resnum=1&ct=result&cd=1&q=what+is+ip+pbx&spell=1" "Mozilla/4.0 (compatible; MSIE 6.0; Windows NT 5.1; SV1)"
85.4.75.80 - - [21/Apr/2009:05:09:03 -0400] "GET /eliza/Eliza/WordList.java HTTP/1.1" 200 833 "http://chayden.net/eliza/Eliza.html" "Mozilla/5.0 (Windows; U; Windows NT 5.1; de; rv:1.9.0.8) Gecko/2009032609 Firefox/3.0.8 (.NET CLR 3.5.30729)"
85.4.75.80 - - [21/Apr/2009:05:09:07 -0400] "GET /eliza/Eliza/Eliza.java HTTP/1.1" 200 1869 "http://chayden.net/eliza/Eliza.html" "Mozilla/5.0 (Windows; U; Windows NT 5.1; de; rv:1.9.0.8) Gecko/2009032609 Firefox/3.0.8 (.NET CLR 3.5.30729)"
85.4.75.80 - - [21/Apr/2009:05:09:11 -0400] "GET /eliza/Eliza/ElizaApp.java HTTP/1.1" 200 1210 "http://chayden.net/eliza/Eliza.html" "Mozilla/5.0 (Windows; U; Windows NT 5.1; de; rv:1.9.0.8) Gecko/2009032609 Firefox/3.0.8 (.NET CLR 3.5.30729)"
85.4.75.80 - - [21/Apr/2009:05:09:14 -0400] "GET /eliza/Eliza/ElizaMain.java HTTP/1.1" 200 12396 "http://chayden.net/eliza/Eliza.html" "Mozilla/5.0 (Windows; U; Windows NT 5.1; de; rv:1.9.0.8) Gecko/2009032609 Firefox/3.0.8 (.NET CLR 3.5.30729)"
122.169.195.85 - - [21/Apr/2009:05:09:15 -0400] "GET /Asterisk/SeUpAsteriskAtHome_files/image024.jpg HTTP/1.1" 206 20476 "http://www.chayden.net/Asterisk/SeUpAsteriskAtHome.htm" "Mozilla/5.0 (Windows; U; Windows NT 5.1; en-US; rv:1.9.0.8) Gecko/2009032609 Firefox/3.0.8"
122.169.195.85 - - [21/Apr/2009:05:09:17 -0400] "GET /favicon.ico HTTP/1.1" 404 292 "-" "Mozilla/5.0 (Windows; U; Windows NT 5.1; en-US; rv:1.9.0.8) Gecko/2009032609 Firefox/3.0.8"
122.169.195.85 - - [21/Apr/2009:05:06:57 -0400] "GET /Asterisk/SeUpAsteriskAtHome_files/image024.jpg HTTP/1.1" 200 31330 "http://www.chayden.net/Asterisk/SeUpAsteriskAtHome.htm" "Mozilla/5.0 (Windows; U; Windows NT 5.1; en-US; rv:1.9.0.8) Gecko/2009032609 Firefox/3.0.8"
203.76.124.203 - - [21/Apr/2009:05:10:24 -0400] "GET /Asterisk/SeUpAsteriskAtHome_files/image001.gif HTTP/1.0" 200 2324 "http://www.chayden.net/Asterisk/SeUpAsteriskAtHome.htm" "Mozilla/4.0 (compatible; MSIE 6.0; Windows NT 5.1; SV1)"
203.76.124.203 - - [21/Apr/2009:05:10:24 -0400] "GET /Asterisk/SeUpAsteriskAtHome_files/image001.gif HTTP/1.0" 200 2324 "-" "Mozilla/4.0 (compatible; MSIE 6.0; Windows NT 5.1; SV1)"
212.143.165.244 - - [21/Apr/2009:05:10:31 -0400] "GET /Asterisk/favicon.ico HTTP/1.1" 404 301 "-" "Mozilla/4.0 (compatible; GoogleToolbar 5.0.2124.6042; Windows XP 5.1; MSIE 7.0.5730.13)"
212.143.165.244 - - [21/Apr/2009:05:10:32 -0400] "GET /Asterisk/favicon.gif HTTP/1.1" 404 301 "-" "Mozilla/4.0 (compatible; GoogleToolbar 5.0.2124.6042; Windows XP 5.1; MSIE 7.0.5730.13)"
203.76.124.203 - - [21/Apr/2009:05:10:36 -0400] "GET /Asterisk/SeUpAsteriskAtHome_files/image003.jpg HTTP/1.0" 200 5132 "http://www.chayden.net/Asterisk/SeUpAsteriskAtHome.htm" "Mozilla/4.0 (compatible; MSIE 6.0; Windows NT 5.1; SV1)"
203.76.124.203 - - [21/Apr/2009:05:10:37 -0400] "GET /Asterisk/SeUpAsteriskAtHome_files/image002.png HTTP/1.0" 200 8522 "-" "Mozilla/4.0 (compatible; MSIE 6.0; Windows NT 5.1; SV1)"
203.76.124.203 - - [21/Apr/2009:05:10:46 -0400] "GET /Asterisk/SeUpAsteriskAtHome_files/image004.gif HTTP/1.0" 200 6404 "http://www.chayden.net/Asterisk/SeUpAsteriskAtHome.htm" "Mozilla/4.0 (compatible; MSIE 6.0; Windows NT 5.1; SV1)"
203.76.124.203 - - [21/Apr/2009:05:11:00 -0400] "GET /Asterisk/SeUpAsteriskAtHome_files/image005.gif HTTP/1.0" 200 4365 "-" "Mozilla/4.0 (compatible; MSIE 6.0; Windows NT 5.1; SV1)"
203.76.124.203 - - [21/Apr/2009:05:11:26 -0400] "GET /Asterisk/SeUpAsteriskAtHome_files/image007.gif HTTP/1.0" 200 5284 "-" "Mozilla/4.0 (compatible; MSIE 6.0; Windows NT 5.1; SV1)"
203.76.124.203 - - [21/Apr/2009:05:11:28 -0400] "GET /Asterisk/SeUpAsteriskAtHome_files/image006.gif HTTP/1.0" 200 33832 "-" "Mozilla/4.0 (compatible; MSIE 6.0; Windows NT 5.1; SV1)"
203.76.124.203 - - [21/Apr/2009:05:11:48 -0400] "GET /Asterisk/SeUpAsteriskAtHome_files/image008.png HTTP/1.0" 200 9707 "-" "Mozilla/4.0 (compatible; MSIE 6.0; Windows NT 5.1; SV1)"
203.76.124.203 - - [21/Apr/2009:05:12:04 -0400] "GET /Asterisk/SeUpAsteriskAtHome_files/image010.png HTTP/1.0" 200 8528 "-" "Mozilla/4.0 (compatible; MSIE 6.0; Windows NT 5.1; SV1)"
203.76.124.203 - - [21/Apr/2009:05:12:05 -0400] "GET /Asterisk/SeUpAsteriskAtHome_files/image012.png HTTP/1.0" 200 13317 "-" "Mozilla/4.0 (compatible; MSIE 6.0; Windows NT 5.1; SV1)"
203.76.124.203 - - [21/Apr/2009:05:12:23 -0400] "GET /Asterisk/SeUpAsteriskAtHome_files/image016.png HTTP/1.0" 200 25414 "-" "Mozilla/4.0 (compatible; MSIE 6.0; Windows NT 5.1; SV1)"
203.76.124.203 - - [21/Apr/2009:05:12:18 -0400] "GET /Asterisk/SeUpAsteriskAtHome_files/image014.png HTTP/1.0" 200 29314 "-" "Mozilla/4.0 (compatible; MSIE 6.0; Windows NT 5.1; SV1)"
203.76.124.203 - - [21/Apr/2009:05:12:35 -0400] "GET /Asterisk/SeUpAsteriskAtHome_files/image018.png HTTP/1.0" 200 19123 "-" "Mozilla/4.0 (compatible; MSIE 6.0; Windows NT 5.1; SV1)"
194.206.143.2 - - [21/Apr/2009:05:12:46 -0400] "GET /eliza/Eliza.html HTTP/1.1" 200 5488 "http://www.google.com/search?hl=fr&client=safari&rls=fr-fr&ei=843tSa-GJ8KZjAfPnNkK&sa=X&oi=spell&resnum=0&ct=result&cd=1&q=ELIZA&spell=1" "Mozilla/5.0 (Macintosh; U; Intel Mac OS X 10_5_6; fr-fr) AppleWebKit/528.16 (KHTML, like Gecko) Version/4.0 Safari/528.16"
194.206.143.2 - - [21/Apr/2009:05:12:47 -0400] "GET /icons/back.gif HTTP/1.1" 200 216 "http://www.chayden.net/eliza/Eliza.html" "Mozilla/5.0 (Macintosh; U; Intel Mac OS X 10_5_6; fr-fr) AppleWebKit/528.16 (KHTML, like Gecko) Version/4.0 Safari/528.16"
194.206.143.2 - - [21/Apr/2009:05:12:50 -0400] "GET /eliza/Eliza/Eliza.class HTTP/1.1" 200 2434 "-" "Mozilla/4.0 (Mac OS X 10.5.6) Java/1.5.0_16"
203.76.124.203 - - [21/Apr/2009:05:12:44 -0400] "GET /Asterisk/SeUpAsteriskAtHome_files/image020.gif HTTP/1.0" 200 49946 "-" "Mozilla/4.0 (compatible; MSIE 6.0; Windows NT 5.1; SV1)"
124.120.212.166 - - [21/Apr/2009:05:13:02 -0400] "GET /Asterisk/favicon.ico HTTP/1.1" 404 297 "-" "Mozilla/4.0 (compatible; GoogleToolbar 5.0.2124.6042; Windows XP 5.1; MSIE 7.0.5730.13)"
124.120.212.166 - - [21/Apr/2009:05:13:03 -0400] "GET /Asterisk/favicon.gif HTTP/1.1" 404 297 "-" "Mozilla/4.0 (compatible; GoogleToolbar 5.0.2124.6042; Windows XP 5.1; MSIE 7.0.5730.13)"
74.6.8.116 - - [21/Apr/2009:05:13:15 -0400] "GET /Family/?C=S;O=A HTTP/1.0" 200 793 "-" "Mozilla/5.0 (compatible; Yahoo! Slurp/3.0; http://help.yahoo.com/help/us/ysearch/slurp)"
203.76.124.203 - - [21/Apr/2009:05:13:14 -0400] "GET /Asterisk/SeUpAsteriskAtHome_files/image021.png HTTP/1.0" 200 18492 "-" "Mozilla/4.0 (compatible; MSIE 6.0; Windows NT 5.1; SV1)"
124.171.114.15 - - [21/Apr/2009:05:14:08 -0400] "GET /Runs/Adidas/tree.jpg HTTP/1.1" 200 976780 "http://www.worldofcherie.blogspot.com/" "Mozilla/5.0 (Windows; U; Windows NT 5.1; en-US) AppleWebKit/525.19 (KHTML, like Gecko) Chrome/1.0.154.53 Safari/525.19"
12.144.49.15 - - [21/Apr/2009:05:15:23 -0400] "GET /Asterisk/favicon.ico HTTP/1.1" 404 301 "-" "Mozilla/4.0 (compatible; GoogleToolbar 5.0.2124.6042; Windows 6.0; MSIE 7.0.6001.18000)"
12.144.49.15 - - [21/Apr/2009:05:15:23 -0400] "GET /Asterisk/favicon.gif HTTP/1.1" 404 301 "-" "Mozilla/4.0 (compatible; GoogleToolbar 5.0.2124.6042; Windows 6.0; MSIE 7.0.6001.18000)"
85.4.75.80 - - [21/Apr/2009:05:15:45 -0400] "GET /eliza/script HTTP/1.1" 200 12267 "-" "Mozilla/4.0 (Windows XP 5.1) Java/1.6.0_03"
80.8.146.244 - - [21/Apr/2009:05:16:15 -0400] "GET /Runs/Adidas/changing-800.jpg HTTP/1.1" 304 - "http://kilianjornet.blogspot.com/" "Mozilla/4.0 (compatible; MSIE 7.0; Windows NT 5.1; GTB5; .NET CLR 2.0.50727)"
147.83.47.225 - - [21/Apr/2009:05:16:56 -0400] "GET /Runs/Adidas/changing-800.jpg HTTP/1.1" 200 118677 "-" "Mozilla/5.0 (X11; U; Linux i686; en-US; rv:1.8.1.19) Gecko/20090105 Lightning/0.9 Thunderbird/2.0.0.19"
147.83.47.225 - - [21/Apr/2009:05:16:56 -0400] "GET /Runs/Adidas/tape-800.jpg HTTP/1.1" 200 114686 "-" "Mozilla/5.0 (X11; U; Linux i686; en-US; rv:1.8.1.19) Gecko/20090105 Lightning/0.9 Thunderbird/2.0.0.19"
147.83.47.225 - - [21/Apr/2009:05:16:57 -0400] "GET /Runs/Adidas/tree-800.jpg HTTP/1.1" 200 76203 "-" "Mozilla/5.0 (X11; U; Linux i686; en-US; rv:1.8.1.19) Gecko/20090105 Lightning/0.9 Thunderbird/2.0.0.19"
147.83.47.225 - - [21/Apr/2009:05:16:57 -0400] "GET /Runs/Adidas/vaseline800.jpg HTTP/1.1" 200 61165 "-" "Mozilla/5.0 (X11; U; Linux i686; en-US; rv:1.8.1.19) Gecko/20090105 Lightning/0.9 Thunderbird/2.0.0.19"
124.120.212.166 - - [21/Apr/2009:05:16:59 -0400] "GET /Asterisk/favicon.ico HTTP/1.1" 404 297 "-" "Mozilla/4.0 (compatible; GoogleToolbar 5.0.2124.6042; Windows XP 5.1; MSIE 7.0.5730.13)"
147.83.47.225 - - [21/Apr/2009:05:16:59 -0400] "GET /Runs/Adidas/baby-800.jpg HTTP/1.1" 200 127856 "-" "Mozilla/5.0 (X11; U; Linux i686; en-US; rv:1.8.1.19) Gecko/20090105 Lightning/0.9 Thunderbird/2.0.0.19"
147.83.47.225 - - [21/Apr/2009:05:16:59 -0400] "GET /Runs/Adidas/dr-office-800.jpg HTTP/1.1" 200 105355 "-" "Mozilla/5.0 (X11; U; Linux i686; en-US; rv:1.8.1.19) Gecko/20090105 Lightning/0.9 Thunderbird/2.0.0.19"
124.120.212.166 - - [21/Apr/2009:05:17:00 -0400] "GET /Asterisk/favicon.gif HTTP/1.1" 404 297 "-" "Mozilla/4.0 (compatible; GoogleToolbar 5.0.2124.6042; Windows XP 5.1; MSIE 7.0.5730.13)"
147.83.47.225 - - [21/Apr/2009:05:17:00 -0400] "GET /Runs/Adidas/snot-rocket-800.jpg HTTP/1.1" 200 63993 "-" "Mozilla/5.0 (X11; U; Linux i686; en-US; rv:1.8.1.19) Gecko/20090105 Lightning/0.9 Thunderbird/2.0.0.19"
147.83.47.225 - - [21/Apr/2009:05:17:00 -0400] "GET /Runs/Adidas/river-800.jpg HTTP/1.1" 200 144245 "-" "Mozilla/5.0 (X11; U; Linux i686; en-US; rv:1.8.1.19) Gecko/20090105 Lightning/0.9 Thunderbird/2.0.0.19"
147.83.47.225 - - [21/Apr/2009:05:17:01 -0400] "GET /Runs/Adidas/cable-car-800.JPG HTTP/1.1" 200 60723 "-" "Mozilla/5.0 (X11; U; Linux i686; en-US; rv:1.8.1.19) Gecko/20090105 Lightning/0.9 Thunderbird/2.0.0.19"
147.83.47.225 - - [21/Apr/2009:05:17:01 -0400] "GET /Runs/Adidas/park-800.jpg HTTP/1.1" 200 52610 "-" "Mozilla/5.0 (X11; U; Linux i686; en-US; rv:1.8.1.19) Gecko/20090105 Lightning/0.9 Thunderbird/2.0.0.19"
147.83.47.225 - - [21/Apr/2009:05:17:01 -0400] "GET /Runs/Adidas/bank-800.jpg HTTP/1.1" 200 99716 "-" "Mozilla/5.0 (X11; U; Linux i686; en-US; rv:1.8.1.19) Gecko/20090105 Lightning/0.9 Thunderbird/2.0.0.19"
68.5.116.194 - - [21/Apr/2009:05:19:07 -0400] "GET /Asterisk/SeUpAsteriskAtHome_files/image001.gif HTTP/1.1" 200 2324 "http://www.chayden.net/Asterisk/SeUpAsteriskAtHome.htm" "Mozilla/4.0 (compatible; MSIE 7.0; Windows NT 5.1; .NET CLR 1.0.3705; .NET CLR 1.1.4322; Media Center PC 4.0; InfoPath.1; .NET CLR 2.0.50727)"
68.5.116.194 - - [21/Apr/2009:05:19:07 -0400] "GET /Asterisk/SeUpAsteriskAtHome_files/image001.gif HTTP/1.1" 200 2324 "-" "Mozilla/4.0 (compatible; MSIE 7.0; Windows NT 5.1; .NET CLR 1.0.3705; .NET CLR 1.1.4322; Media Center PC 4.0; InfoPath.1; .NET CLR 2.0.50727)"
68.5.116.194 - - [21/Apr/2009:05:19:06 -0400] "GET /Asterisk/SeUpAsteriskAtHome.htm HTTP/1.1" 200 178181 "http://www.google.com/search?q=voip+pbx&rls=com.microsoft:en-us&ie=UTF-8&oe=UTF-8&startIndex=1&startPage=1" "Mozilla/4.0 (compatible; MSIE 7.0; Windows NT 5.1; .NET CLR 1.0.3705; .NET CLR 1.1.4322; Media Center PC 4.0; InfoPath.1; .NET CLR 2.0.50727)"
68.5.116.194 - - [21/Apr/2009:05:19:07 -0400] "GET /Asterisk/SeUpAsteriskAtHome_files/image002.png HTTP/1.1" 200 8522 "-" "Mozilla/4.0 (compatible; MSIE 7.0; Windows NT 5.1; .NET CLR 1.0.3705; .NET CLR 1.1.4322; Media Center PC 4.0; InfoPath.1; .NET CLR 2.0.50727)"
68.5.116.194 - - [21/Apr/2009:05:19:07 -0400] "GET /Asterisk/SeUpAsteriskAtHome_files/image005.gif HTTP/1.1" 200 4365 "-" "Mozilla/4.0 (compatible; MSIE 7.0; Windows NT 5.1; .NET CLR 1.0.3705; .NET CLR 1.1.4322; Media Center PC 4.0; InfoPath.1; .NET CLR 2.0.50727)"
68.5.116.194 - - [21/Apr/2009:05:19:08 -0400] "GET /Asterisk/SeUpAsteriskAtHome_files/image004.gif HTTP/1.1" 200 6404 "-" "Mozilla/4.0 (compatible; MSIE 7.0; Windows NT 5.1; .NET CLR 1.0.3705; .NET CLR 1.1.4322; Media Center PC 4.0; InfoPath.1; .NET CLR 2.0.50727)"
68.5.116.194 - - [21/Apr/2009:05:19:08 -0400] "GET /Asterisk/SeUpAsteriskAtHome_files/image007.gif HTTP/1.1" 200 5284 "-" "Mozilla/4.0 (compatible; MSIE 7.0; Windows NT 5.1; .NET CLR 1.0.3705; .NET CLR 1.1.4322; Media Center PC 4.0; InfoPath.1; .NET CLR 2.0.50727)"
68.5.116.194 - - [21/Apr/2009:05:19:08 -0400] "GET /Asterisk/SeUpAsteriskAtHome_files/image008.png HTTP/1.1" 200 9707 "-" "Mozilla/4.0 (compatible; MSIE 7.0; Windows NT 5.1; .NET CLR 1.0.3705; .NET CLR 1.1.4322; Media Center PC 4.0; InfoPath.1; .NET CLR 2.0.50727)"
68.5.116.194 - - [21/Apr/2009:05:19:08 -0400] "GET /Asterisk/SeUpAsteriskAtHome_files/image010.png HTTP/1.1" 200 8528 "-" "Mozilla/4.0 (compatible; MSIE 7.0; Windows NT 5.1; .NET CLR 1.0.3705; .NET CLR 1.1.4322; Media Center PC 4.0; InfoPath.1; .NET CLR 2.0.50727)"
68.5.116.194 - - [21/Apr/2009:05:19:09 -0400] "GET /Asterisk/SeUpAsteriskAtHome_files/image012.png HTTP/1.1" 200 13317 "-" "Mozilla/4.0 (compatible; MSIE 7.0; Windows NT 5.1; .NET CLR 1.0.3705; .NET CLR 1.1.4322; Media Center PC 4.0; InfoPath.1; .NET CLR 2.0.50727)"
68.5.116.194 - - [21/Apr/2009:05:19:09 -0400] "GET /Asterisk/SeUpAsteriskAtHome_files/image014.png HTTP/1.1" 200 29314 "-" "Mozilla/4.0 (compatible; MSIE 7.0; Windows NT 5.1; .NET CLR 1.0.3705; .NET CLR 1.1.4322; Media Center PC 4.0; InfoPath.1; .NET CLR 2.0.50727)"
68.5.116.194 - - [21/Apr/2009:05:19:10 -0400] "GET /Asterisk/SeUpAsteriskAtHome_files/image016.png HTTP/1.1" 200 25414 "-" "Mozilla/4.0 (compatible; MSIE 7.0; Windows NT 5.1; .NET CLR 1.0.3705; .NET CLR 1.1.4322; Media Center PC 4.0; InfoPath.1; .NET CLR 2.0.50727)"
68.5.116.194 - - [21/Apr/2009:05:19:10 -0400] "GET /Asterisk/SeUpAsteriskAtHome_files/image018.png HTTP/1.1" 200 19123 "-" "Mozilla/4.0 (compatible; MSIE 7.0; Windows NT 5.1; .NET CLR 1.0.3705; .NET CLR 1.1.4322; Media Center PC 4.0; InfoPath.1; .NET CLR 2.0.50727)"
68.5.116.194 - - [21/Apr/2009:05:19:08 -0400] "GET /Asterisk/SeUpAsteriskAtHome_files/image006.gif HTTP/1.1" 200 33832 "-" "Mozilla/4.0 (compatible; MSIE 7.0; Windows NT 5.1; .NET CLR 1.0.3705; .NET CLR 1.1.4322; Media Center PC 4.0; InfoPath.1; .NET CLR 2.0.50727)"
68.5.116.194 - - [21/Apr/2009:05:19:16 -0400] "GET /Asterisk/SeUpAsteriskAtHome_files/image021.png HTTP/1.1" 200 18492 "-" "Mozilla/4.0 (compatible; MSIE 7.0; Windows NT 5.1; .NET CLR 1.0.3705; .NET CLR 1.1.4322; Media Center PC 4.0; InfoPath.1; .NET CLR 2.0.50727)"
68.5.116.194 - - [21/Apr/2009:05:19:13 -0400] "GET /Asterisk/SeUpAsteriskAtHome_files/image020.gif HTTP/1.1" 200 49946 "-" "Mozilla/4.0 (compatible; MSIE 7.0; Windows NT 5.1; .NET CLR 1.0.3705; .NET CLR 1.1.4322; Media Center PC 4.0; InfoPath.1; .NET CLR 2.0.50727)"
68.5.116.194 - - [21/Apr/2009:05:19:17 -0400] "GET /Asterisk/SeUpAsteriskAtHome_files/image023.png HTTP/1.1" 200 17704 "-" "Mozilla/4.0 (compatible; MSIE 7.0; Windows NT 5.1; .NET CLR 1.0.3705; .NET CLR 1.1.4322; Media Center PC 4.0; InfoPath.1; .NET CLR 2.0.50727)"
68.5.116.194 - - [21/Apr/2009:05:19:17 -0400] "GET /Asterisk/SeUpAsteriskAtHome_files/image025.png HTTP/1.1" 200 19921 "-" "Mozilla/4.0 (compatible; MSIE 7.0; Windows NT 5.1; .NET CLR 1.0.3705; .NET CLR 1.1.4322; Media Center PC 4.0; InfoPath.1; .NET CLR 2.0.50727)"
68.5.116.194 - - [21/Apr/2009:05:19:17 -0400] "GET /Asterisk/SeUpAsteriskAtHome_files/image027.jpg HTTP/1.1" 200 8509 "-" "Mozilla/4.0 (compatible; MSIE 7.0; Windows NT 5.1; .NET CLR 1.0.3705; .NET CLR 1.1.4322; Media Center PC 4.0; InfoPath.1; .NET CLR 2.0.50727)"
68.5.116.194 - - [21/Apr/2009:05:19:17 -0400] "GET /Asterisk/SeUpAsteriskAtHome_files/image028.jpg HTTP/1.1" 200 139428 "-" "Mozilla/4.0 (compatible; MSIE 7.0; Windows NT 5.1; .NET CLR 1.0.3705; .NET CLR 1.1.4322; Media Center PC 4.0; InfoPath.1; .NET CLR 2.0.50727)"
68.5.116.194 - - [21/Apr/2009:05:19:18 -0400] "GET /Asterisk/SeUpAsteriskAtHome_files/image030.jpg HTTP/1.1" 200 77949 "-" "Mozilla/4.0 (compatible; MSIE 7.0; Windows NT 5.1; .NET CLR 1.0.3705; .NET CLR 1.1.4322; Media Center PC 4.0; InfoPath.1; .NET CLR 2.0.50727)"
68.5.116.194 - - [21/Apr/2009:05:19:19 -0400] "GET /Asterisk/SeUpAsteriskAtHome_files/image036.png HTTP/1.1" 200 24757 "-" "Mozilla/4.0 (compatible; MSIE 7.0; Windows NT 5.1; .NET CLR 1.0.3705; .NET CLR 1.1.4322; Media Center PC 4.0; InfoPath.1; .NET CLR 2.0.50727)"
68.5.116.194 - - [21/Apr/2009:05:19:19 -0400] "GET /Asterisk/SeUpAsteriskAtHome_files/image032.jpg HTTP/1.1" 200 81539 "-" "Mozilla/4.0 (compatible; MSIE 7.0; Windows NT 5.1; .NET CLR 1.0.3705; .NET CLR 1.1.4322; Media Center PC 4.0; InfoPath.1; .NET CLR 2.0.50727)"
68.5.116.194 - - [21/Apr/2009:05:19:19 -0400] "GET /Asterisk/SeUpAsteriskAtHome_files/image034.jpg HTTP/1.1" 200 5270 "-" "Mozilla/4.0 (compatible; MSIE 7.0; Windows NT 5.1; .NET CLR 1.0.3705; .NET CLR 1.1.4322; Media Center PC 4.0; InfoPath.1; .NET CLR 2.0.50727)"
68.5.116.194 - - [21/Apr/2009:05:19:19 -0400] "GET /Asterisk/SeUpAsteriskAtHome_files/image038.jpg HTTP/1.1" 200 7171 "-" "Mozilla/4.0 (compatible; MSIE 7.0; Windows NT 5.1; .NET CLR 1.0.3705; .NET CLR 1.1.4322; Media Center PC 4.0; InfoPath.1; .NET CLR 2.0.50727)"
68.5.116.194 - - [21/Apr/2009:05:19:20 -0400] "GET /Asterisk/SeUpAsteriskAtHome_files/image042.jpg HTTP/1.1" 200 62576 "-" "Mozilla/4.0 (compatible; MSIE 7.0; Windows NT 5.1; .NET CLR 1.0.3705; .NET CLR 1.1.4322; Media Center PC 4.0; InfoPath.1; .NET CLR 2.0.50727)"
68.5.116.194 - - [21/Apr/2009:05:19:20 -0400] "GET /Asterisk/SeUpAsteriskAtHome_files/image040.jpg HTTP/1.1" 200 75744 "-" "Mozilla/4.0 (compatible; MSIE 7.0; Windows NT 5.1; .NET CLR 1.0.3705; .NET CLR 1.1.4322; Media Center PC 4.0; InfoPath.1; .NET CLR 2.0.50727)"
68.5.116.194 - - [21/Apr/2009:05:19:21 -0400] "GET /Asterisk/SeUpAsteriskAtHome_files/image044.jpg HTTP/1.1" 200 6079 "-" "Mozilla/4.0 (compatible; MSIE 7.0; Windows NT 5.1; .NET CLR 1.0.3705; .NET CLR 1.1.4322; Media Center PC 4.0; InfoPath.1; .NET CLR 2.0.50727)"
68.5.116.194 - - [21/Apr/2009:05:19:21 -0400] "GET /Asterisk/SeUpAsteriskAtHome_files/image003.jpg HTTP/1.1" 200 5132 "http://www.chayden.net/Asterisk/SeUpAsteriskAtHome.htm" "Mozilla/4.0 (compatible; MSIE 7.0; Windows NT 5.1; .NET CLR 1.0.3705; .NET CLR 1.1.4322; Media Center PC 4.0; InfoPath.1; .NET CLR 2.0.50727)"
68.5.116.194 - - [21/Apr/2009:05:19:21 -0400] "GET /Asterisk/SeUpAsteriskAtHome_files/image045.png HTTP/1.1" 200 24347 "-" "Mozilla/4.0 (compatible; MSIE 7.0; Windows NT 5.1; .NET CLR 1.0.3705; .NET CLR 1.1.4322; Media Center PC 4.0; InfoPath.1; .NET CLR 2.0.50727)"
68.5.116.194 - - [21/Apr/2009:05:19:21 -0400] "GET /Asterisk/SeUpAsteriskAtHome_files/image004.gif HTTP/1.1" 200 6404 "http://www.chayden.net/Asterisk/SeUpAsteriskAtHome.htm" "Mozilla/4.0 (compatible; MSIE 7.0; Windows NT 5.1; .NET CLR 1.0.3705; .NET CLR 1.1.4322; Media Center PC 4.0; InfoPath.1; .NET CLR 2.0.50727)"
68.5.116.194 - - [21/Apr/2009:05:19:21 -0400] "GET /Asterisk/SeUpAsteriskAtHome_files/image005.gif HTTP/1.1" 200 4365 "http://www.chayden.net/Asterisk/SeUpAsteriskAtHome.htm" "Mozilla/4.0 (compatible; MSIE 7.0; Windows NT 5.1; .NET CLR 1.0.3705; .NET CLR 1.1.4322; Media Center PC 4.0; InfoPath.1; .NET CLR 2.0.50727)"
68.5.116.194 - - [21/Apr/2009:05:19:22 -0400] "GET /Asterisk/SeUpAsteriskAtHome_files/image007.gif HTTP/1.1" 200 5284 "http://www.chayden.net/Asterisk/SeUpAsteriskAtHome.htm" "Mozilla/4.0 (compatible; MSIE 7.0; Windows NT 5.1; .NET CLR 1.0.3705; .NET CLR 1.1.4322; Media Center PC 4.0; InfoPath.1; .NET CLR 2.0.50727)"
68.5.116.194 - - [21/Apr/2009:05:19:22 -0400] "GET /Asterisk/SeUpAsteriskAtHome_files/image006.gif HTTP/1.1" 200 33832 "http://www.chayden.net/Asterisk/SeUpAsteriskAtHome.htm" "Mozilla/4.0 (compatible; MSIE 7.0; Windows NT 5.1; .NET CLR 1.0.3705; .NET CLR 1.1.4322; Media Center PC 4.0; InfoPath.1; .NET CLR 2.0.50727)"
68.5.116.194 - - [21/Apr/2009:05:19:22 -0400] "GET /Asterisk/SeUpAsteriskAtHome_files/image009.jpg HTTP/1.1" 200 14238 "http://www.chayden.net/Asterisk/SeUpAsteriskAtHome.htm" "Mozilla/4.0 (compatible; MSIE 7.0; Windows NT 5.1; .NET CLR 1.0.3705; .NET CLR 1.1.4322; Media Center PC 4.0; InfoPath.1; .NET CLR 2.0.50727)"
68.5.116.194 - - [21/Apr/2009:05:19:22 -0400] "GET /Asterisk/SeUpAsteriskAtHome_files/image011.jpg HTTP/1.1" 200 13078 "http://www.chayden.net/Asterisk/SeUpAsteriskAtHome.htm" "Mozilla/4.0 (compatible; MSIE 7.0; Windows NT 5.1; .NET CLR 1.0.3705; .NET CLR 1.1.4322; Media Center PC 4.0; InfoPath.1; .NET CLR 2.0.50727)"
68.5.116.194 - - [21/Apr/2009:05:19:23 -0400] "GET /Asterisk/SeUpAsteriskAtHome_files/image013.jpg HTTP/1.1" 200 21296 "http://www.chayden.net/Asterisk/SeUpAsteriskAtHome.htm" "Mozilla/4.0 (compatible; MSIE 7.0; Windows NT 5.1; .NET CLR 1.0.3705; .NET CLR 1.1.4322; Media Center PC 4.0; InfoPath.1; .NET CLR 2.0.50727)"
68.5.116.194 - - [21/Apr/2009:05:19:23 -0400] "GET /Asterisk/SeUpAsteriskAtHome_files/image015.jpg HTTP/1.1" 200 47335 "http://www.chayden.net/Asterisk/SeUpAsteriskAtHome.htm" "Mozilla/4.0 (compatible; MSIE 7.0; Windows NT 5.1; .NET CLR 1.0.3705; .NET CLR 1.1.4322; Media Center PC 4.0; InfoPath.1; .NET CLR 2.0.50727)"
68.5.116.194 - - [21/Apr/2009:05:19:24 -0400] "GET /Asterisk/SeUpAsteriskAtHome_files/image017.jpg HTTP/1.1" 200 30515 "http://www.chayden.net/Asterisk/SeUpAsteriskAtHome.htm" "Mozilla/4.0 (compatible; MSIE 7.0; Windows NT 5.1; .NET CLR 1.0.3705; .NET CLR 1.1.4322; Media Center PC 4.0; InfoPath.1; .NET CLR 2.0.50727)"
68.5.116.194 - - [21/Apr/2009:05:19:24 -0400] "GET /Asterisk/SeUpAsteriskAtHome_files/image019.jpg HTTP/1.1" 200 39902 "http://www.chayden.net/Asterisk/SeUpAsteriskAtHome.htm" "Mozilla/4.0 (compatible; MSIE 7.0; Windows NT 5.1; .NET CLR 1.0.3705; .NET CLR 1.1.4322; Media Center PC 4.0; InfoPath.1; .NET CLR 2.0.50727)"
68.5.116.194 - - [21/Apr/2009:05:19:24 -0400] "GET /Asterisk/SeUpAsteriskAtHome_files/image020.gif HTTP/1.1" 200 49946 "http://www.chayden.net/Asterisk/SeUpAsteriskAtHome.htm" "Mozilla/4.0 (compatible; MSIE 7.0; Windows NT 5.1; .NET CLR 1.0.3705; .NET CLR 1.1.4322; Media Center PC 4.0; InfoPath.1; .NET CLR 2.0.50727)"
68.5.116.194 - - [21/Apr/2009:05:19:24 -0400] "GET /Asterisk/SeUpAsteriskAtHome_files/image022.jpg HTTP/1.1" 200 34633 "http://www.chayden.net/Asterisk/SeUpAsteriskAtHome.htm" "Mozilla/4.0 (compatible; MSIE 7.0; Windows NT 5.1; .NET CLR 1.0.3705; .NET CLR 1.1.4322; Media Center PC 4.0; InfoPath.1; .NET CLR 2.0.50727)"
68.5.116.194 - - [21/Apr/2009:05:19:25 -0400] "GET /Asterisk/SeUpAsteriskAtHome_files/image024.jpg HTTP/1.1" 200 31330 "http://www.chayden.net/Asterisk/SeUpAsteriskAtHome.htm" "Mozilla/4.0 (compatible; MSIE 7.0; Windows NT 5.1; .NET CLR 1.0.3705; .NET CLR 1.1.4322; Media Center PC 4.0; InfoPath.1; .NET CLR 2.0.50727)"
68.5.116.194 - - [21/Apr/2009:05:19:25 -0400] "GET /Asterisk/SeUpAsteriskAtHome_files/image026.jpg HTTP/1.1" 200 37910 "http://www.chayden.net/Asterisk/SeUpAsteriskAtHome.htm" "Mozilla/4.0 (compatible; MSIE 7.0; Windows NT 5.1; .NET CLR 1.0.3705; .NET CLR 1.1.4322; Media Center PC 4.0; InfoPath.1; .NET CLR 2.0.50727)"
68.5.116.194 - - [21/Apr/2009:05:19:26 -0400] "GET /Asterisk/SeUpAsteriskAtHome_files/image027.jpg HTTP/1.1" 200 8509 "http://www.chayden.net/Asterisk/SeUpAsteriskAtHome.htm" "Mozilla/4.0 (compatible; MSIE 7.0; Windows NT 5.1; .NET CLR 1.0.3705; .NET CLR 1.1.4322; Media Center PC 4.0; InfoPath.1; .NET CLR 2.0.50727)"
68.5.116.194 - - [21/Apr/2009:05:19:26 -0400] "GET /Asterisk/SeUpAsteriskAtHome_files/image029.jpg HTTP/1.1" 200 43404 "http://www.chayden.net/Asterisk/SeUpAsteriskAtHome.htm" "Mozilla/4.0 (compatible; MSIE 7.0; Windows NT 5.1; .NET CLR 1.0.3705; .NET CLR 1.1.4322; Media Center PC 4.0; InfoPath.1; .NET CLR 2.0.50727)"
