119.12.177.231 - - [14/Apr/2009:04:05:03 -0400] "GET /favicon.ico HTTP/1.1" 404 288 "-" "Mozilla/4.0 (compatible; MSIE 7.0; Windows NT 5.1)"
119.12.177.231 - - [14/Apr/2009:04:05:03 -0400] "GET /eliza/Eliza.html HTTP/1.1" 200 5488 "http://alienlovespredator.com/2005/10/10/eliza/" "Mozilla/4.0 (compatible; MSIE 7.0; Windows NT 5.1)"
119.12.177.231 - - [14/Apr/2009:04:05:04 -0400] "GET /icons/back.gif HTTP/1.1" 200 216 "http://chayden.net/eliza/Eliza.html" "Mozilla/4.0 (compatible; MSIE 7.0; Windows NT 5.1)"
65.40.115.30 - - [14/Apr/2009:04:08:23 -0400] "HEAD /favicon.ico HTTP/1.1" 404 - "-" "Mozilla/5.0 (Windows; U; Windows NT 5.1; en-US; rv:1.9.0.8) Gecko/2009032609 Firefox/3.0.8"
65.55.231.47 - - [14/Apr/2009:04:08:58 -0400] "GET /robots.txt HTTP/1.1" 404 287 "-" "msnbot-media/1.1 (+http://search.msn.com/msnbot.htm)"
65.55.231.47 - - [14/Apr/2009:04:08:58 -0400] "GET /Hiking/pic/creek.jpg HTTP/1.1" 200 73208 "-" "msnbot-media/1.1 (+http://search.msn.com/msnbot.htm)"
65.55.231.47 - - [14/Apr/2009:04:08:59 -0400] "GET /Hiking/Hiking.html HTTP/1.1" 200 17298 "-" "msnbot-media/1.1 (+http://search.msn.com/msnbot.htm)"
64.59.144.86 - - [14/Apr/2009:04:12:14 -0400] "GET /favicon.ico HTTP/1.1" 404 292 "-" "Mozilla/5.0 (compatible; Google Desktop)"
212.138.69.17 - - [14/Apr/2009:04:12:35 -0400] "GET /eliza/Eliza.zip HTTP/1.1" 200 23196 "http://chayden.net/eliza/Eliza.html" "Mozilla/4.0 (compatible; MSIE 6.0; Windows NT 5.1; SV1)"
212.138.69.18 - - [14/Apr/2009:04:14:01 -0400] "GET /Index.shtml HTTP/1.1" 200 16619 "http://chayden.net/eliza/Eliza.html" "Mozilla/4.0 (compatible; MSIE 6.0; Windows NT 5.1; SV1)"
212.138.47.15 - - [14/Apr/2009:04:14:04 -0400] "GET /images/border1.gif HTTP/1.1" 200 982 "http://chayden.net/Index.shtml" "Mozilla/4.0 (compatible; MSIE 6.0; Windows NT 5.1; SV1)"
212.138.113.13 - - [14/Apr/2009:04:14:08 -0400] "GET /images/cch1.gif HTTP/1.1" 200 7300 "http://chayden.net/Index.shtml" "Mozilla/4.0 (compatible; MSIE 6.0; Windows NT 5.1; SV1)"
212.138.69.17 - - [14/Apr/2009:04:14:15 -0400] "GET /images/cch.jpg HTTP/1.1" 200 10095 "http://chayden.net/Index.shtml" "Mozilla/4.0 (compatible; MSIE 6.0; Windows NT 5.1; SV1)"
212.138.113.13 - - [14/Apr/2009:04:14:17 -0400] "GET /images/bar1.gif HTTP/1.1" 200 1463 "http://chayden.net/Index.shtml" "Mozilla/4.0 (compatible; MSIE 6.0; Windows NT 5.1; SV1)"
212.138.69.19 - - [14/Apr/2009:04:14:23 -0400] "GET /images/TigerEye/bullet.gif HTTP/1.1" 200 943 "http://chayden.net/Index.shtml" "Mozilla/4.0 (compatible; MSIE 6.0; Windows NT 5.1; SV1)"
212.138.69.18 - - [14/Apr/2009:04:14:26 -0400] "GET /Sierra97/pic/s97-icon.jpg HTTP/1.1" 200 1848 "http://chayden.net/Index.shtml" "Mozilla/4.0 (compatible; MSIE 6.0; Windows NT 5.1; SV1)"
212.138.113.11 - - [14/Apr/2009:04:14:27 -0400] "GET /images/picosmall.gif HTTP/1.1" 200 2527 "http://chayden.net/Index.shtml" "Mozilla/4.0 (compatible; MSIE 6.0; Windows NT 5.1; SV1)"
91.10.143.108 - - [14/Apr/2009:04:14:53 -0400] "GET /Runs/Adidas/tree.jpg HTTP/1.1" 200 976780 "http://images.google.com/imgres?imgurl=http://www.chayden.net/Runs/Adidas/tree.jpg&imgrefurl=http://worldofcherie.blogspot.com/&usg=__VWr4pX2kJdUlevzljFJLl6ErwyA=&h=2958&w=2310&sz=954&hl=de&start=12&um=1&tbnid=EjYRzJyORJ_a6M:&tbnh=150&tbnw=117&prev=/images%3Fq%3Dpeeing%26imgsz%3Dhuge%26hl%3Dde%26client%3Dsafari%26rls%3Dde-de%26sa%3DN%26um%3D1" "Mozilla/5.0 (Macintosh; U; Intel Mac OS X 10_5_6; de-de) AppleWebKit/528.16 (KHTML, like Gecko) Version/4.0 Safari/528.16"
91.10.143.108 - - [14/Apr/2009:04:14:59 -0400] "GET /favicon.ico HTTP/1.1" 404 292 "http://www.chayden.net/Runs/Adidas/tree.jpg" "Mozilla/5.0 (Macintosh; U; Intel Mac OS X 10_5_6; de-de) AppleWebKit/528.16 (KHTML, like Gecko) Version/4.0 Safari/528.16"
212.138.69.18 - - [14/Apr/2009:04:15:22 -0400] "GET /eliza/Eliza/PrePostList.java HTTP/1.1" 200 1586 "http://chayden.net/eliza/Eliza.html" "Mozilla/4.0 (compatible; MSIE 6.0; Windows NT 5.1; SV1)"
212.138.47.15 - - [14/Apr/2009:04:16:06 -0400] "GET /eliza/instructions.txt HTTP/1.1" 200 15342 "http://chayden.net/eliza/Eliza.html" "Mozilla/4.0 (compatible; MSIE 6.0; Windows NT 5.1; SV1)"
65.40.115.30 - - [14/Apr/2009:04:18:24 -0400] "HEAD /favicon.ico HTTP/1.1" 404 - "-" "Mozilla/5.0 (Windows; U; Windows NT 5.1; en-US; rv:1.9.0.8) Gecko/2009032609 Firefox/3.0.8"
65.55.106.189 - - [14/Apr/2009:04:19:46 -0400] "GET /robots.txt HTTP/1.1" 404 287 "-" "msnbot/2.0b (+http://search.msn.com/msnbot.htm)"
70.106.37.198 - - [14/Apr/2009:04:27:26 -0400] "GET /Runs/Adidas/snot-rocket.JPG HTTP/1.1" 200 803373 "http://frayedlaces.blogspot.com/search?updated-min=2008-01-01T00%3A00%3A00-08%3A00&updated-max=2009-01-01T00%3A00%3A00-08%3A00&max-results=50" "Mozilla/5.0 (Windows; U; Windows NT 5.1; en-US; rv:1.9.0.8) Gecko/2009032609 Firefox/3.0.8"
65.40.115.30 - - [14/Apr/2009:04:28:23 -0400] "HEAD /favicon.ico HTTP/1.1" 404 - "-" "Mozilla/5.0 (Windows; U; Windows NT 5.1; en-US; rv:1.9.0.8) Gecko/2009032609 Firefox/3.0.8"
66.249.71.166 - - [14/Apr/2009:04:31:06 -0400] "GET /Catskills/EagleBigIndianFir07/pics/P2040046.JPG HTTP/1.1" 304 - "-" "Googlebot-Image/1.0"
121.73.77.201 - - [14/Apr/2009:04:31:56 -0400] "GET /Runs/Adidas/tree.jpg HTTP/1.1" 200 976780 "http://www.worldofcherie.blogspot.com/" "Mozilla/5.0 (X11; U; Linux x86_64; en-US; rv:1.9.0.8) Gecko/2009032713 Ubuntu/9.04 (jaunty) Firefox/3.0.8"
74.6.22.107 - - [14/Apr/2009:04:34:02 -0400] "GET /Catskills/BearpenVly2005/BearpenVly.tpg HTTP/1.0" 200 145 "-" "Mozilla/5.0 (compatible; Yahoo! Slurp/3.0; http://help.yahoo.com/help/us/ysearch/slurp)"
65.40.115.30 - - [14/Apr/2009:04:38:25 -0400] "HEAD /favicon.ico HTTP/1.1" 404 - "-" "Mozilla/5.0 (Windows; U; Windows NT 5.1; en-US; rv:1.9.0.8) Gecko/2009032609 Firefox/3.0.8"
81.187.101.81 - - [14/Apr/2009:04:39:02 -0400] "GET /favicon.ico HTTP/1.1" 404 288 "-" "Mozilla/5.0 (Windows; U; Windows NT 6.0; en-GB; rv:1.9.0.8) Gecko/2009032609 Firefox/3.0.8 (.NET CLR 3.5.30729)"
72.84.190.194 - - [14/Apr/2009:04:41:22 -0400] "GET /Asterisk/favicon.ico HTTP/1.1" 404 297 "-" "Mozilla/4.0 (compatible; GoogleToolbar 5.0.2124.6042; Windows XP 5.1; MSIE 7.0.5730.11)"
72.84.190.194 - - [14/Apr/2009:04:41:22 -0400] "GET /Asterisk/favicon.gif HTTP/1.1" 404 297 "-" "Mozilla/4.0 (compatible; GoogleToolbar 5.0.2124.6042; Windows XP 5.1; MSIE 7.0.5730.11)"
84.103.225.148 - - [14/Apr/2009:04:41:38 -0400] "GET /Runs/Adidas/index.htm HTTP/1.1" 200 2459 "http://www.stumbleupon.com/refer.php?url=http%3A%2F%2Fwww.chayden.net%2FRuns%2FAdidas%2Findex.htm" "Mozilla/5.0 (Windows; U; Windows NT 6.0; fr; rv:1.9.0.8) Gecko/2009032609 Firefox/3.0.8 (.NET CLR 3.5.30729)"
84.103.225.148 - - [14/Apr/2009:04:41:46 -0400] "GET /Runs/Adidas/snot-rocket-800.jpg HTTP/1.1" 200 63993 "http://www.chayden.net/Runs/Adidas/index.htm" "Mozilla/5.0 (Windows; U; Windows NT 6.0; fr; rv:1.9.0.8) Gecko/2009032609 Firefox/3.0.8 (.NET CLR 3.5.30729)"
74.6.22.160 - - [14/Apr/2009:04:42:12 -0400] "GET /Snapshots/?C=D;O=A HTTP/1.0" 200 3951 "-" "Mozilla/5.0 (compatible; Yahoo! Slurp/3.0; http://help.yahoo.com/help/us/ysearch/slurp)"
84.103.225.148 - - [14/Apr/2009:04:41:42 -0400] "GET /Runs/Adidas/baby-800.jpg HTTP/1.1" 200 127856 "http://www.chayden.net/Runs/Adidas/index.htm" "Mozilla/5.0 (Windows; U; Windows NT 6.0; fr; rv:1.9.0.8) Gecko/2009032609 Firefox/3.0.8 (.NET CLR 3.5.30729)"
84.103.225.148 - - [14/Apr/2009:04:41:42 -0400] "GET /Runs/Adidas/vaseline800.jpg HTTP/1.1" 200 61165 "http://www.chayden.net/Runs/Adidas/index.htm" "Mozilla/5.0 (Windows; U; Windows NT 6.0; fr; rv:1.9.0.8) Gecko/2009032609 Firefox/3.0.8 (.NET CLR 3.5.30729)"
84.103.225.148 - - [14/Apr/2009:04:41:42 -0400] "GET /Runs/Adidas/changing-800.jpg HTTP/1.1" 200 118677 "http://www.chayden.net/Runs/Adidas/index.htm" "Mozilla/5.0 (Windows; U; Windows NT 6.0; fr; rv:1.9.0.8) Gecko/2009032609 Firefox/3.0.8 (.NET CLR 3.5.30729)"
194.126.21.5 - - [14/Apr/2009:04:42:25 -0400] "GET /Asterisk/SeUpAsteriskAtHome_files/image001.gif HTTP/1.1" 200 2324 "http://www.chayden.net/Asterisk/SeUpAsteriskAtHome.htm" "Mozilla/5.0 (Windows; U; Windows NT 5.1; en-US; rv:1.9.0.8) Gecko/2009032609 Firefox/3.0.8"
84.103.225.148 - - [14/Apr/2009:04:41:49 -0400] "GET /Runs/Adidas/cable-car-800.JPG HTTP/1.1" 200 60723 "http://www.chayden.net/Runs/Adidas/index.htm" "Mozilla/5.0 (Windows; U; Windows NT 6.0; fr; rv:1.9.0.8) Gecko/2009032609 Firefox/3.0.8 (.NET CLR 3.5.30729)"
194.126.21.5 - - [14/Apr/2009:04:42:25 -0400] "GET /Asterisk/SeUpAsteriskAtHome_files/image003.jpg HTTP/1.1" 200 5132 "http://www.chayden.net/Asterisk/SeUpAsteriskAtHome.htm" "Mozilla/5.0 (Windows; U; Windows NT 5.1; en-US; rv:1.9.0.8) Gecko/2009032609 Firefox/3.0.8"
194.126.21.5 - - [14/Apr/2009:04:42:25 -0400] "GET /Asterisk/SeUpAsteriskAtHome_files/image004.gif HTTP/1.1" 200 6404 "http://www.chayden.net/Asterisk/SeUpAsteriskAtHome.htm" "Mozilla/5.0 (Windows; U; Windows NT 5.1; en-US; rv:1.9.0.8) Gecko/2009032609 Firefox/3.0.8"
194.126.21.5 - - [14/Apr/2009:04:42:25 -0400] "GET /Asterisk/SeUpAsteriskAtHome_files/image005.gif HTTP/1.1" 200 4365 "http://www.chayden.net/Asterisk/SeUpAsteriskAtHome.htm" "Mozilla/5.0 (Windows; U; Windows NT 5.1; en-US; rv:1.9.0.8) Gecko/2009032609 Firefox/3.0.8"
84.103.225.148 - - [14/Apr/2009:04:41:42 -0400] "GET /Runs/Adidas/dr-office-800.jpg HTTP/1.1" 200 105355 "http://www.chayden.net/Runs/Adidas/index.htm" "Mozilla/5.0 (Windows; U; Windows NT 6.0; fr; rv:1.9.0.8) Gecko/2009032609 Firefox/3.0.8 (.NET CLR 3.5.30729)"
194.126.21.5 - - [14/Apr/2009:04:42:25 -0400] "GET /Asterisk/SeUpAsteriskAtHome_files/image007.gif HTTP/1.1" 200 5284 "http://www.chayden.net/Asterisk/SeUpAsteriskAtHome.htm" "Mozilla/5.0 (Windows; U; Windows NT 5.1; en-US; rv:1.9.0.8) Gecko/2009032609 Firefox/3.0.8"
194.126.21.5 - - [14/Apr/2009:04:42:22 -0400] "GET /Asterisk/SeUpAsteriskAtHome.htm HTTP/1.1" 200 178181 "http://www.google.com/search?source=ig&hl=en&rlz=&=&q=set+up+an+ip+phone&btnG=Google+Search&aq=f&oq=" "Mozilla/5.0 (Windows; U; Windows NT 5.1; en-US; rv:1.9.0.8) Gecko/2009032609 Firefox/3.0.8"
84.103.225.148 - - [14/Apr/2009:04:41:47 -0400] "GET /Runs/Adidas/river-800.jpg HTTP/1.1" 200 144245 "http://www.chayden.net/Runs/Adidas/index.htm" "Mozilla/5.0 (Windows; U; Windows NT 6.0; fr; rv:1.9.0.8) Gecko/2009032609 Firefox/3.0.8 (.NET CLR 3.5.30729)"
84.103.225.148 - - [14/Apr/2009:04:41:55 -0400] "GET /Runs/Adidas/park-800.jpg HTTP/1.1" 200 52610 "http://www.chayden.net/Runs/Adidas/index.htm" "Mozilla/5.0 (Windows; U; Windows NT 6.0; fr; rv:1.9.0.8) Gecko/2009032609 Firefox/3.0.8 (.NET CLR 3.5.30729)"
194.126.21.5 - - [14/Apr/2009:04:42:25 -0400] "GET /Asterisk/SeUpAsteriskAtHome_files/image006.gif HTTP/1.1" 200 33832 "http://www.chayden.net/Asterisk/SeUpAsteriskAtHome.htm" "Mozilla/5.0 (Windows; U; Windows NT 5.1; en-US; rv:1.9.0.8) Gecko/2009032609 Firefox/3.0.8"
194.126.21.5 - - [14/Apr/2009:04:42:26 -0400] "GET /Asterisk/SeUpAsteriskAtHome_files/image009.jpg HTTP/1.1" 200 14238 "http://www.chayden.net/Asterisk/SeUpAsteriskAtHome.htm" "Mozilla/5.0 (Windows; U; Windows NT 5.1; en-US; rv:1.9.0.8) Gecko/2009032609 Firefox/3.0.8"
84.103.225.148 - - [14/Apr/2009:04:41:42 -0400] "GET /Runs/Adidas/tree-800.jpg HTTP/1.1" 200 76203 "http://www.chayden.net/Runs/Adidas/index.htm" "Mozilla/5.0 (Windows; U; Windows NT 6.0; fr; rv:1.9.0.8) Gecko/2009032609 Firefox/3.0.8 (.NET CLR 3.5.30729)"
84.103.225.148 - - [14/Apr/2009:04:41:42 -0400] "GET /Runs/Adidas/tape-800.jpg HTTP/1.1" 200 114686 "http://www.chayden.net/Runs/Adidas/index.htm" "Mozilla/5.0 (Windows; U; Windows NT 6.0; fr; rv:1.9.0.8) Gecko/2009032609 Firefox/3.0.8 (.NET CLR 3.5.30729)"
84.103.225.148 - - [14/Apr/2009:04:41:51 -0400] "GET /Runs/Adidas/bank-800.jpg HTTP/1.1" 200 99716 "http://www.chayden.net/Runs/Adidas/index.htm" "Mozilla/5.0 (Windows; U; Windows NT 6.0; fr; rv:1.9.0.8) Gecko/2009032609 Firefox/3.0.8 (.NET CLR 3.5.30729)"
194.126.21.5 - - [14/Apr/2009:04:42:39 -0400] "GET /Asterisk/SeUpAsteriskAtHome_files/image011.jpg HTTP/1.1" 200 13078 "http://www.chayden.net/Asterisk/SeUpAsteriskAtHome.htm" "Mozilla/5.0 (Windows; U; Windows NT 5.1; en-US; rv:1.9.0.8) Gecko/2009032609 Firefox/3.0.8"
194.126.21.5 - - [14/Apr/2009:04:42:39 -0400] "GET /Asterisk/SeUpAsteriskAtHome_files/image013.jpg HTTP/1.1" 200 21296 "http://www.chayden.net/Asterisk/SeUpAsteriskAtHome.htm" "Mozilla/5.0 (Windows; U; Windows NT 5.1; en-US; rv:1.9.0.8) Gecko/2009032609 Firefox/3.0.8"
194.126.21.5 - - [14/Apr/2009:04:42:39 -0400] "GET /Asterisk/SeUpAsteriskAtHome_files/image017.jpg HTTP/1.1" 200 30515 "http://www.chayden.net/Asterisk/SeUpAsteriskAtHome.htm" "Mozilla/5.0 (Windows; U; Windows NT 5.1; en-US; rv:1.9.0.8) Gecko/2009032609 Firefox/3.0.8"
194.126.21.5 - - [14/Apr/2009:04:42:39 -0400] "GET /Asterisk/SeUpAsteriskAtHome_files/image015.jpg HTTP/1.1" 200 47335 "http://www.chayden.net/Asterisk/SeUpAsteriskAtHome.htm" "Mozilla/5.0 (Windows; U; Windows NT 5.1; en-US; rv:1.9.0.8) Gecko/2009032609 Firefox/3.0.8"
194.126.21.5 - - [14/Apr/2009:04:42:41 -0400] "GET /Asterisk/SeUpAsteriskAtHome_files/image043.jpg HTTP/1.1" 200 22658 "http://www.chayden.net/Asterisk/SeUpAsteriskAtHome.htm" "Mozilla/5.0 (Windows; U; Windows NT 5.1; en-US; rv:1.9.0.8) Gecko/2009032609 Firefox/3.0.8"
194.126.21.5 - - [14/Apr/2009:04:42:41 -0400] "GET /Asterisk/SeUpAsteriskAtHome_files/image019.jpg HTTP/1.1" 200 39902 "http://www.chayden.net/Asterisk/SeUpAsteriskAtHome.htm" "Mozilla/5.0 (Windows; U; Windows NT 5.1; en-US; rv:1.9.0.8) Gecko/2009032609 Firefox/3.0.8"
194.126.21.5 - - [14/Apr/2009:04:42:42 -0400] "GET /Asterisk/SeUpAsteriskAtHome_files/image027.jpg HTTP/1.1" 200 8509 "http://www.chayden.net/Asterisk/SeUpAsteriskAtHome.htm" "Mozilla/5.0 (Windows; U; Windows NT 5.1; en-US; rv:1.9.0.8) Gecko/2009032609 Firefox/3.0.8"
194.126.21.5 - - [14/Apr/2009:04:42:41 -0400] "GET /Asterisk/SeUpAsteriskAtHome_files/image041.jpg HTTP/1.1" 200 26765 "http://www.chayden.net/Asterisk/SeUpAsteriskAtHome.htm" "Mozilla/5.0 (Windows; U; Windows NT 5.1; en-US; rv:1.9.0.8) Gecko/2009032609 Firefox/3.0.8"
194.126.21.5 - - [14/Apr/2009:04:42:41 -0400] "GET /Asterisk/SeUpAsteriskAtHome_files/image020.gif HTTP/1.1" 200 49946 "http://www.chayden.net/Asterisk/SeUpAsteriskAtHome.htm" "Mozilla/5.0 (Windows; U; Windows NT 5.1; en-US; rv:1.9.0.8) Gecko/2009032609 Firefox/3.0.8"
194.126.21.5 - - [14/Apr/2009:04:42:42 -0400] "GET /Asterisk/SeUpAsteriskAtHome_files/image022.jpg HTTP/1.1" 200 34633 "http://www.chayden.net/Asterisk/SeUpAsteriskAtHome.htm" "Mozilla/5.0 (Windows; U; Windows NT 5.1; en-US; rv:1.9.0.8) Gecko/2009032609 Firefox/3.0.8"
194.126.21.5 - - [14/Apr/2009:04:42:42 -0400] "GET /Asterisk/SeUpAsteriskAtHome_files/image024.jpg HTTP/1.1" 200 31330 "http://www.chayden.net/Asterisk/SeUpAsteriskAtHome.htm" "Mozilla/5.0 (Windows; U; Windows NT 5.1; en-US; rv:1.9.0.8) Gecko/2009032609 Firefox/3.0.8"
194.126.21.5 - - [14/Apr/2009:04:42:42 -0400] "GET /Asterisk/SeUpAsteriskAtHome_files/image026.jpg HTTP/1.1" 200 37910 "http://www.chayden.net/Asterisk/SeUpAsteriskAtHome.htm" "Mozilla/5.0 (Windows; U; Windows NT 5.1; en-US; rv:1.9.0.8) Gecko/2009032609 Firefox/3.0.8"
194.126.21.5 - - [14/Apr/2009:04:42:44 -0400] "GET /Asterisk/SeUpAsteriskAtHome_files/image035.jpg HTTP/1.1" 200 2759 "http://www.chayden.net/Asterisk/SeUpAsteriskAtHome.htm" "Mozilla/5.0 (Windows; U; Windows NT 5.1; en-US; rv:1.9.0.8) Gecko/2009032609 Firefox/3.0.8"
194.126.21.5 - - [14/Apr/2009:04:42:44 -0400] "GET /Asterisk/SeUpAsteriskAtHome_files/image039.jpg HTTP/1.1" 200 1921 "http://www.chayden.net/Asterisk/SeUpAsteriskAtHome.htm" "Mozilla/5.0 (Windows; U; Windows NT 5.1; en-US; rv:1.9.0.8) Gecko/2009032609 Firefox/3.0.8"
194.126.21.5 - - [14/Apr/2009:04:42:43 -0400] "GET /Asterisk/SeUpAsteriskAtHome_files/image031.jpg HTTP/1.1" 200 30259 "http://www.chayden.net/Asterisk/SeUpAsteriskAtHome.htm" "Mozilla/5.0 (Windows; U; Windows NT 5.1; en-US; rv:1.9.0.8) Gecko/2009032609 Firefox/3.0.8"
194.126.21.5 - - [14/Apr/2009:04:42:43 -0400] "GET /Asterisk/SeUpAsteriskAtHome_files/image029.jpg HTTP/1.1" 200 43404 "http://www.chayden.net/Asterisk/SeUpAsteriskAtHome.htm" "Mozilla/5.0 (Windows; U; Windows NT 5.1; en-US; rv:1.9.0.8) Gecko/2009032609 Firefox/3.0.8"
194.126.21.5 - - [14/Apr/2009:04:42:45 -0400] "GET /Asterisk/SeUpAsteriskAtHome_files/image044.jpg HTTP/1.1" 200 6079 "http://www.chayden.net/Asterisk/SeUpAsteriskAtHome.htm" "Mozilla/5.0 (Windows; U; Windows NT 5.1; en-US; rv:1.9.0.8) Gecko/2009032609 Firefox/3.0.8"
194.126.21.5 - - [14/Apr/2009:04:42:44 -0400] "GET /Asterisk/SeUpAsteriskAtHome_files/image033.jpg HTTP/1.1" 200 30788 "http://www.chayden.net/Asterisk/SeUpAsteriskAtHome.htm" "Mozilla/5.0 (Windows; U; Windows NT 5.1; en-US; rv:1.9.0.8) Gecko/2009032609 Firefox/3.0.8"
194.126.21.5 - - [14/Apr/2009:04:42:44 -0400] "GET /Asterisk/SeUpAsteriskAtHome_files/image037.jpg HTTP/1.1" 200 42221 "http://www.chayden.net/Asterisk/SeUpAsteriskAtHome.htm" "Mozilla/5.0 (Windows; U; Windows NT 5.1; en-US; rv:1.9.0.8) Gecko/2009032609 Firefox/3.0.8"
194.126.21.5 - - [14/Apr/2009:04:42:45 -0400] "GET /Asterisk/SeUpAsteriskAtHome_files/image046.jpg HTTP/1.1" 200 35168 "http://www.chayden.net/Asterisk/SeUpAsteriskAtHome.htm" "Mozilla/5.0 (Windows; U; Windows NT 5.1; en-US; rv:1.9.0.8) Gecko/2009032609 Firefox/3.0.8"
194.126.21.5 - - [14/Apr/2009:04:42:47 -0400] "GET /favicon.ico HTTP/1.1" 404 292 "-" "Mozilla/5.0 (Windows; U; Windows NT 5.1; en-US; rv:1.9.0.8) Gecko/2009032609 Firefox/3.0.8"
194.126.21.5 - - [14/Apr/2009:04:42:50 -0400] "GET /favicon.ico HTTP/1.1" 404 292 "-" "Mozilla/5.0 (Windows; U; Windows NT 5.1; en-US; rv:1.9.0.8) Gecko/2009032609 Firefox/3.0.8"
84.103.225.148 - - [14/Apr/2009:04:44:19 -0400] "GET /Runs/Adidas/index.htm HTTP/1.1" 200 2459 "http://www.stumbleupon.com/refer.php?url=http%3A%2F%2Fwww.chayden.net%2FRuns%2FAdidas%2Findex.htm" "Mozilla/5.0 (Windows; U; Windows NT 6.0; fr; rv:1.9.0.8) Gecko/2009032609 Firefox/3.0.8 (.NET CLR 3.5.30729)"
84.103.225.148 - - [14/Apr/2009:04:44:21 -0400] "GET /Runs/Adidas/cable-car-800.JPG HTTP/1.1" 200 60723 "http://www.chayden.net/Runs/Adidas/index.htm" "Mozilla/5.0 (Windows; U; Windows NT 6.0; fr; rv:1.9.0.8) Gecko/2009032609 Firefox/3.0.8 (.NET CLR 3.5.30729)"
84.103.225.148 - - [14/Apr/2009:04:44:21 -0400] "GET /Runs/Adidas/vaseline800.jpg HTTP/1.1" 200 61165 "http://www.chayden.net/Runs/Adidas/index.htm" "Mozilla/5.0 (Windows; U; Windows NT 6.0; fr; rv:1.9.0.8) Gecko/2009032609 Firefox/3.0.8 (.NET CLR 3.5.30729)"
84.103.225.148 - - [14/Apr/2009:04:44:21 -0400] "GET /Runs/Adidas/baby-800.jpg HTTP/1.1" 200 127856 "http://www.chayden.net/Runs/Adidas/index.htm" "Mozilla/5.0 (Windows; U; Windows NT 6.0; fr; rv:1.9.0.8) Gecko/2009032609 Firefox/3.0.8 (.NET CLR 3.5.30729)"
84.103.225.148 - - [14/Apr/2009:04:44:21 -0400] "GET /Runs/Adidas/tree-800.jpg HTTP/1.1" 200 76203 "http://www.chayden.net/Runs/Adidas/index.htm" "Mozilla/5.0 (Windows; U; Windows NT 6.0; fr; rv:1.9.0.8) Gecko/2009032609 Firefox/3.0.8 (.NET CLR 3.5.30729)"
84.103.225.148 - - [14/Apr/2009:04:44:20 -0400] "GET /Runs/Adidas/tape-800.jpg HTTP/1.1" 200 114686 "http://www.chayden.net/Runs/Adidas/index.htm" "Mozilla/5.0 (Windows; U; Windows NT 6.0; fr; rv:1.9.0.8) Gecko/2009032609 Firefox/3.0.8 (.NET CLR 3.5.30729)"
84.103.225.148 - - [14/Apr/2009:04:44:21 -0400] "GET /Runs/Adidas/river-800.jpg HTTP/1.1" 200 144245 "http://www.chayden.net/Runs/Adidas/index.htm" "Mozilla/5.0 (Windows; U; Windows NT 6.0; fr; rv:1.9.0.8) Gecko/2009032609 Firefox/3.0.8 (.NET CLR 3.5.30729)"
84.103.225.148 - - [14/Apr/2009:04:44:35 -0400] "GET /Runs/Adidas/park-800.jpg HTTP/1.1" 200 52610 "http://www.chayden.net/Runs/Adidas/index.htm" "Mozilla/5.0 (Windows; U; Windows NT 6.0; fr; rv:1.9.0.8) Gecko/2009032609 Firefox/3.0.8 (.NET CLR 3.5.30729)"
84.103.225.148 - - [14/Apr/2009:04:44:39 -0400] "GET /Runs/Adidas/bank-800.jpg HTTP/1.1" 200 99716 "http://www.chayden.net/Runs/Adidas/index.htm" "Mozilla/5.0 (Windows; U; Windows NT 6.0; fr; rv:1.9.0.8) Gecko/2009032609 Firefox/3.0.8 (.NET CLR 3.5.30729)"
84.103.225.148 - - [14/Apr/2009:04:44:20 -0400] "GET /Runs/Adidas/changing-800.jpg HTTP/1.1" 200 118677 "http://www.chayden.net/Runs/Adidas/index.htm" "Mozilla/5.0 (Windows; U; Windows NT 6.0; fr; rv:1.9.0.8) Gecko/2009032609 Firefox/3.0.8 (.NET CLR 3.5.30729)"
84.103.225.148 - - [14/Apr/2009:04:44:21 -0400] "GET /Runs/Adidas/dr-office-800.jpg HTTP/1.1" 200 105355 "http://www.chayden.net/Runs/Adidas/index.htm" "Mozilla/5.0 (Windows; U; Windows NT 6.0; fr; rv:1.9.0.8) Gecko/2009032609 Firefox/3.0.8 (.NET CLR 3.5.30729)"
84.103.225.148 - - [14/Apr/2009:04:46:14 -0400] "GET /favicon.ico HTTP/1.1" 404 292 "-" "Mozilla/5.0 (Windows; U; Windows NT 6.0; fr; rv:1.9.0.8) Gecko/2009032609 Firefox/3.0.8 (.NET CLR 3.5.30729)"
84.103.225.148 - - [14/Apr/2009:04:46:18 -0400] "GET /favicon.ico HTTP/1.1" 404 292 "-" "Mozilla/5.0 (Windows; U; Windows NT 6.0; fr; rv:1.9.0.8) Gecko/2009032609 Firefox/3.0.8 (.NET CLR 3.5.30729)"
193.95.170.99 - - [14/Apr/2009:04:46:42 -0400] "GET /Runs/Adidas/index.htm HTTP/1.0" 200 2459 "http://www.google.ie/search?hl=en&q=adidas+runners&meta=&aq=f&oq=" "Mozilla/4.0 (compatible; MSIE 6.0; Windows NT 5.1; SV1; .NET CLR 1.1.4322; .NET CLR 2.0.50727)"
193.95.170.99 - - [14/Apr/2009:04:46:42 -0400] "GET /Runs/Adidas/changing-800.jpg HTTP/1.0" 200 118677 "http://www.chayden.net/Runs/Adidas/index.htm" "Mozilla/4.0 (compatible; MSIE 6.0; Windows NT 5.1; SV1; .NET CLR 1.1.4322; .NET CLR 2.0.50727)"
193.95.170.99 - - [14/Apr/2009:04:46:43 -0400] "GET /Runs/Adidas/dr-office-800.jpg HTTP/1.0" 200 105355 "http://www.chayden.net/Runs/Adidas/index.htm" "Mozilla/4.0 (compatible; MSIE 6.0; Windows NT 5.1; SV1; .NET CLR 1.1.4322; .NET CLR 2.0.50727)"
193.95.170.99 - - [14/Apr/2009:04:46:42 -0400] "GET /Runs/Adidas/tape-800.jpg HTTP/1.0" 200 114686 "http://www.chayden.net/Runs/Adidas/index.htm" "Mozilla/4.0 (compatible; MSIE 6.0; Windows NT 5.1; SV1; .NET CLR 1.1.4322; .NET CLR 2.0.50727)"
65.40.115.30 - - [14/Apr/2009:04:48:23 -0400] "HEAD /favicon.ico HTTP/1.1" 404 - "-" "Mozilla/5.0 (Windows; U; Windows NT 5.1; en-US; rv:1.9.0.8) Gecko/2009032609 Firefox/3.0.8"
94.76.199.10 - - [14/Apr/2009:04:50:19 -0400] "GET /Runs/Adidas/index.htm HTTP/1.1" 200 2459 "-" "Mozilla/5.0 (Macintosh; U; PPC Mac OS X; en) AppleWebKit/522.11 (KHTML, like Gecko) Version/3.0.2 Safari/522.12"
94.76.199.10 - - [14/Apr/2009:04:50:20 -0400] "GET /Runs/Adidas/snot-rocket.JPG HTTP/1.1" 200 803373 "-" "Mozilla/5.0 (Macintosh; U; PPC Mac OS X; en) AppleWebKit/522.11 (KHTML, like Gecko) Version/3.0.2 Safari/522.12"
74.6.22.160 - - [14/Apr/2009:04:55:06 -0400] "GET /Catskills/Halcott2005/index.html HTTP/1.0" 200 15470 "-" "Mozilla/5.0 (compatible; Yahoo! Slurp/3.0; http://help.yahoo.com/help/us/ysearch/slurp)"
87.68.247.5 - - [14/Apr/2009:04:58:20 -0400] "GET /Asterisk/favicon.ico HTTP/1.1" 404 297 "-" "Mozilla/4.0 (compatible; GoogleToolbar 5.0.2124.6042; Windows 6.0; MSIE 8.0.6001.18702)"
87.68.247.5 - - [14/Apr/2009:04:58:21 -0400] "GET /Asterisk/favicon.gif HTTP/1.1" 404 297 "-" "Mozilla/4.0 (compatible; GoogleToolbar 5.0.2124.6042; Windows 6.0; MSIE 8.0.6001.18702)"
65.40.115.30 - - [14/Apr/2009:04:58:24 -0400] "HEAD /favicon.ico HTTP/1.1" 404 - "-" "Mozilla/5.0 (Windows; U; Windows NT 5.1; en-US; rv:1.9.0.8) Gecko/2009032609 Firefox/3.0.8"
83.22.38.173 - - [14/Apr/2009:05:00:38 -0400] "GET /Runs/Adidas/index.htm HTTP/1.1" 200 2459 "http://pl.start3.mozilla.com/search?hl=pl&client=firefox-a&channel=s&rls=org.mozilla%3Apl%3Aofficial&hs=cUz&q=runners+yeah+we+re+different&btnG=Szukaj&lr=" "Mozilla/5.0 (Windows; U; Windows NT 5.1; pl; rv:1.9.1b3) Gecko/20090305 Firefox/3.1b3"
83.22.38.173 - - [14/Apr/2009:05:00:39 -0400] "GET /Runs/Adidas/vaseline800.jpg HTTP/1.1" 200 61165 "http://www.chayden.net/Runs/Adidas/index.htm" "Mozilla/5.0 (Windows; U; Windows NT 5.1; pl; rv:1.9.1b3) Gecko/20090305 Firefox/3.1b3"
83.22.38.173 - - [14/Apr/2009:05:00:39 -0400] "GET /Runs/Adidas/tree-800.jpg HTTP/1.1" 200 76203 "http://www.chayden.net/Runs/Adidas/index.htm" "Mozilla/5.0 (Windows; U; Windows NT 5.1; pl; rv:1.9.1b3) Gecko/20090305 Firefox/3.1b3"
83.22.38.173 - - [14/Apr/2009:05:00:39 -0400] "GET /Runs/Adidas/snot-rocket-800.jpg HTTP/1.1" 200 63993 "http://www.chayden.net/Runs/Adidas/index.htm" "Mozilla/5.0 (Windows; U; Windows NT 5.1; pl; rv:1.9.1b3) Gecko/20090305 Firefox/3.1b3"
83.22.38.173 - - [14/Apr/2009:05:00:39 -0400] "GET /Runs/Adidas/dr-office-800.jpg HTTP/1.1" 200 105355 "http://www.chayden.net/Runs/Adidas/index.htm" "Mozilla/5.0 (Windows; U; Windows NT 5.1; pl; rv:1.9.1b3) Gecko/20090305 Firefox/3.1b3"
83.22.38.173 - - [14/Apr/2009:05:00:39 -0400] "GET /Runs/Adidas/changing-800.jpg HTTP/1.1" 200 118677 "http://www.chayden.net/Runs/Adidas/index.htm" "Mozilla/5.0 (Windows; U; Windows NT 5.1; pl; rv:1.9.1b3) Gecko/20090305 Firefox/3.1b3"
83.22.38.173 - - [14/Apr/2009:05:00:39 -0400] "GET /Runs/Adidas/tape-800.jpg HTTP/1.1" 200 114686 "http://www.chayden.net/Runs/Adidas/index.htm" "Mozilla/5.0 (Windows; U; Windows NT 5.1; pl; rv:1.9.1b3) Gecko/20090305 Firefox/3.1b3"
83.22.38.173 - - [14/Apr/2009:05:00:39 -0400] "GET /Runs/Adidas/baby-800.jpg HTTP/1.1" 200 127856 "http://www.chayden.net/Runs/Adidas/index.htm" "Mozilla/5.0 (Windows; U; Windows NT 5.1; pl; rv:1.9.1b3) Gecko/20090305 Firefox/3.1b3"
83.22.38.173 - - [14/Apr/2009:05:00:45 -0400] "GET /Runs/Adidas/cable-car-800.JPG HTTP/1.1" 200 60723 "http://www.chayden.net/Runs/Adidas/index.htm" "Mozilla/5.0 (Windows; U; Windows NT 5.1; pl; rv:1.9.1b3) Gecko/20090305 Firefox/3.1b3"
83.22.38.173 - - [14/Apr/2009:05:00:40 -0400] "GET /Runs/Adidas/river-800.jpg HTTP/1.1" 200 144245 "http://www.chayden.net/Runs/Adidas/index.htm" "Mozilla/5.0 (Windows; U; Windows NT 5.1; pl; rv:1.9.1b3) Gecko/20090305 Firefox/3.1b3"
83.22.38.173 - - [14/Apr/2009:05:00:46 -0400] "GET /Runs/Adidas/park-800.jpg HTTP/1.1" 200 52610 "http://www.chayden.net/Runs/Adidas/index.htm" "Mozilla/5.0 (Windows; U; Windows NT 5.1; pl; rv:1.9.1b3) Gecko/20090305 Firefox/3.1b3"
83.22.38.173 - - [14/Apr/2009:05:00:46 -0400] "GET /Runs/Adidas/bank-800.jpg HTTP/1.1" 200 99716 "http://www.chayden.net/Runs/Adidas/index.htm" "Mozilla/5.0 (Windows; U; Windows NT 5.1; pl; rv:1.9.1b3) Gecko/20090305 Firefox/3.1b3"
83.22.38.173 - - [14/Apr/2009:05:00:51 -0400] "GET /favicon.ico HTTP/1.1" 404 292 "-" "Mozilla/5.0 (Windows; U; Windows NT 5.1; pl; rv:1.9.1b3) Gecko/20090305 Firefox/3.1b3"
83.22.38.173 - - [14/Apr/2009:05:00:52 -0400] "GET /favicon.ico HTTP/1.1" 404 292 "-" "Mozilla/5.0 (Windows; U; Windows NT 5.1; pl; rv:1.9.1b3) Gecko/20090305 Firefox/3.1b3"
65.40.115.30 - - [14/Apr/2009:05:08:24 -0400] "HEAD /favicon.ico HTTP/1.1" 404 - "-" "Mozilla/5.0 (Windows; U; Windows NT 5.1; en-US; rv:1.9.0.8) Gecko/2009032609 Firefox/3.0.8"
74.6.22.160 - - [14/Apr/2009:05:15:23 -0400] "GET /Asterisk/SeUpAsteriskAtHome_files/editdata.mso HTTP/1.0" 404 323 "-" "Mozilla/5.0 (compatible; Yahoo! Slurp/3.0; http://help.yahoo.com/help/us/ysearch/slurp)"
58.69.91.147 - - [14/Apr/2009:05:16:10 -0400] "GET /Runs/Adidas/changing.jpg HTTP/1.1" 200 171244 "http://images.google.com.ph/images?hl=en&q=adidas%20ads&um=1&ie=UTF-8&sa=N&tab=wi&gbv=1" "Mozilla/5.0 (Windows; U; Windows NT 5.1; en-US; rv:1.9.0.8) Gecko/2009032609 Firefox/3.0.8"
91.199.8.45 - - [14/Apr/2009:05:16:30 -0400] "GET /favicon.ico HTTP/1.1" 404 292 "http://www.google.com/search?q=pbx&ie=utf-8&oe=utf-8&aq=t&rls=com.ubuntu:en-US:unofficial&client=firefox-a" "Mozilla/5.0 (X11; U; Linux x86_64; en-US; rv:1.9.0.8) Gecko/2009032712 Ubuntu/8.10 (intrepid) Firefox/3.0.8"
212.14.233.130 - - [14/Apr/2009:05:17:00 -0400] "GET /Asterisk/favicon.ico HTTP/1.1" 404 301 "-" "Mozilla/4.0 (compatible; GoogleToolbar 5.0.2124.6042; Windows XP 5.1; MSIE 7.0.5730.13)"
212.14.233.130 - - [14/Apr/2009:05:17:01 -0400] "GET /Asterisk/favicon.gif HTTP/1.1" 404 301 "-" "Mozilla/4.0 (compatible; GoogleToolbar 5.0.2124.6042; Windows XP 5.1; MSIE 7.0.5730.13)"
66.249.71.166 - - [14/Apr/2009:05:17:04 -0400] "GET /Runs/Navesink/HartshorneLoop.jpg HTTP/1.1" 304 - "-" "Googlebot-Image/1.0"
79.46.231.131 - - [14/Apr/2009:05:18:12 -0400] "GET /Runs/Adidas/index.htm HTTP/1.1" 200 2459 "http://www.google.it/search?hl=it&q=runners+yeah+we%27re+different&meta=&aq=f&oq=" "Mozilla/4.0 (compatible; MSIE 6.0; Windows NT 5.1; SV1; .NET CLR 1.1.4322; .NET CLR 2.0.50727)"
79.46.231.131 - - [14/Apr/2009:05:18:13 -0400] "GET /Runs/Adidas/changing-800.jpg HTTP/1.1" 200 118677 "http://www.chayden.net/Runs/Adidas/index.htm" "Mozilla/4.0 (compatible; MSIE 6.0; Windows NT 5.1; SV1; .NET CLR 1.1.4322; .NET CLR 2.0.50727)"
79.46.231.131 - - [14/Apr/2009:05:18:13 -0400] "GET /Runs/Adidas/tape-800.jpg HTTP/1.1" 200 114686 "http://www.chayden.net/Runs/Adidas/index.htm" "Mozilla/4.0 (compatible; MSIE 6.0; Windows NT 5.1; SV1; .NET CLR 1.1.4322; .NET CLR 2.0.50727)"
79.46.231.131 - - [14/Apr/2009:05:18:14 -0400] "GET /Runs/Adidas/vaseline800.jpg HTTP/1.1" 200 61165 "http://www.chayden.net/Runs/Adidas/index.htm" "Mozilla/4.0 (compatible; MSIE 6.0; Windows NT 5.1; SV1; .NET CLR 1.1.4322; .NET CLR 2.0.50727)"
79.46.231.131 - - [14/Apr/2009:05:18:14 -0400] "GET /Runs/Adidas/tree-800.jpg HTTP/1.1" 200 76203 "http://www.chayden.net/Runs/Adidas/index.htm" "Mozilla/4.0 (compatible; MSIE 6.0; Windows NT 5.1; SV1; .NET CLR 1.1.4322; .NET CLR 2.0.50727)"
79.46.231.131 - - [14/Apr/2009:05:18:16 -0400] "GET /Runs/Adidas/dr-office-800.jpg HTTP/1.1" 200 105355 "http://www.chayden.net/Runs/Adidas/index.htm" "Mozilla/4.0 (compatible; MSIE 6.0; Windows NT 5.1; SV1; .NET CLR 1.1.4322; .NET CLR 2.0.50727)"
79.46.231.131 - - [14/Apr/2009:05:18:16 -0400] "GET /Runs/Adidas/baby-800.jpg HTTP/1.1" 200 127856 "http://www.chayden.net/Runs/Adidas/index.htm" "Mozilla/4.0 (compatible; MSIE 6.0; Windows NT 5.1; SV1; .NET CLR 1.1.4322; .NET CLR 2.0.50727)"
79.46.231.131 - - [14/Apr/2009:05:18:18 -0400] "GET /Runs/Adidas/snot-rocket-800.jpg HTTP/1.1" 200 63993 "http://www.chayden.net/Runs/Adidas/index.htm" "Mozilla/4.0 (compatible; MSIE 6.0; Windows NT 5.1; SV1; .NET CLR 1.1.4322; .NET CLR 2.0.50727)"
79.46.231.131 - - [14/Apr/2009:05:18:18 -0400] "GET /Runs/Adidas/river-800.jpg HTTP/1.1" 200 144245 "http://www.chayden.net/Runs/Adidas/index.htm" "Mozilla/4.0 (compatible; MSIE 6.0; Windows NT 5.1; SV1; .NET CLR 1.1.4322; .NET CLR 2.0.50727)"
79.46.231.131 - - [14/Apr/2009:05:18:19 -0400] "GET /Runs/Adidas/cable-car-800.JPG HTTP/1.1" 200 60723 "http://www.chayden.net/Runs/Adidas/index.htm" "Mozilla/4.0 (compatible; MSIE 6.0; Windows NT 5.1; SV1; .NET CLR 1.1.4322; .NET CLR 2.0.50727)"
79.46.231.131 - - [14/Apr/2009:05:18:20 -0400] "GET /Runs/Adidas/park-800.jpg HTTP/1.1" 200 52610 "http://www.chayden.net/Runs/Adidas/index.htm" "Mozilla/4.0 (compatible; MSIE 6.0; Windows NT 5.1; SV1; .NET CLR 1.1.4322; .NET CLR 2.0.50727)"
79.46.231.131 - - [14/Apr/2009:05:18:21 -0400] "GET /Runs/Adidas/bank-800.jpg HTTP/1.1" 200 99716 "http://www.chayden.net/Runs/Adidas/index.htm" "Mozilla/4.0 (compatible; MSIE 6.0; Windows NT 5.1; SV1; .NET CLR 1.1.4322; .NET CLR 2.0.50727)"
65.40.115.30 - - [14/Apr/2009:05:18:24 -0400] "HEAD /favicon.ico HTTP/1.1" 404 - "-" "Mozilla/5.0 (Windows; U; Windows NT 5.1; en-US; rv:1.9.0.8) Gecko/2009032609 Firefox/3.0.8"
77.124.77.115 - - [14/Apr/2009:05:21:11 -0400] "GET /Asterisk/favicon.ico HTTP/1.1" 404 297 "-" "Mozilla/4.0 (compatible; GoogleToolbar 5.0.2124.6042; Windows 6.0; MSIE 8.0.6001.18702)"
77.124.77.115 - - [14/Apr/2009:05:21:12 -0400] "GET /Asterisk/favicon.gif HTTP/1.1" 404 297 "-" "Mozilla/4.0 (compatible; GoogleToolbar 5.0.2124.6042; Windows 6.0; MSIE 8.0.6001.18702)"
203.177.74.138 - - [14/Apr/2009:05:24:03 -0400] "GET /Asterisk/SeUpAsteriskAtHome_files/image003.jpg HTTP/1.1" 200 5132 "http://www.chayden.net/Asterisk/SeUpAsteriskAtHome.htm" "Mozilla/5.0 (Windows; U; Windows NT 5.1; en-US; rv:1.9.0.8) Gecko/2009032609 Firefox/3.0.8"
203.177.74.138 - - [14/Apr/2009:05:24:03 -0400] "GET /Asterisk/SeUpAsteriskAtHome_files/image011.jpg HTTP/1.1" 200 13078 "http://www.chayden.net/Asterisk/SeUpAsteriskAtHome.htm" "Mozilla/5.0 (Windows; U; Windows NT 5.1; en-US; rv:1.9.0.8) Gecko/2009032609 Firefox/3.0.8"
203.177.74.138 - - [14/Apr/2009:05:24:03 -0400] "GET /Asterisk/SeUpAsteriskAtHome_files/image017.jpg HTTP/1.1" 200 30515 "http://www.chayden.net/Asterisk/SeUpAsteriskAtHome.htm" "Mozilla/5.0 (Windows; U; Windows NT 5.1; en-US; rv:1.9.0.8) Gecko/2009032609 Firefox/3.0.8"
203.177.74.138 - - [14/Apr/2009:05:24:03 -0400] "GET /Asterisk/SeUpAsteriskAtHome_files/image013.jpg HTTP/1.1" 200 21296 "http://www.chayden.net/Asterisk/SeUpAsteriskAtHome.htm" "Mozilla/5.0 (Windows; U; Windows NT 5.1; en-US; rv:1.9.0.8) Gecko/2009032609 Firefox/3.0.8"
203.177.74.138 - - [14/Apr/2009:05:24:03 -0400] "GET /Asterisk/SeUpAsteriskAtHome_files/image015.jpg HTTP/1.1" 200 47335 "http://www.chayden.net/Asterisk/SeUpAsteriskAtHome.htm" "Mozilla/5.0 (Windows; U; Windows NT 5.1; en-US; rv:1.9.0.8) Gecko/2009032609 Firefox/3.0.8"
203.177.74.138 - - [14/Apr/2009:05:24:04 -0400] "GET /Asterisk/SeUpAsteriskAtHome_files/image009.jpg HTTP/1.1" 200 14238 "http://www.chayden.net/Asterisk/SeUpAsteriskAtHome.htm" "Mozilla/5.0 (Windows; U; Windows NT 5.1; en-US; rv:1.9.0.8) Gecko/2009032609 Firefox/3.0.8"
203.177.74.138 - - [14/Apr/2009:05:24:05 -0400] "GET /Asterisk/SeUpAsteriskAtHome_files/image027.jpg HTTP/1.1" 200 8509 "http://www.chayden.net/Asterisk/SeUpAsteriskAtHome.htm" "Mozilla/5.0 (Windows; U; Windows NT 5.1; en-US; rv:1.9.0.8) Gecko/2009032609 Firefox/3.0.8"
203.177.74.138 - - [14/Apr/2009:05:24:04 -0400] "GET /Asterisk/SeUpAsteriskAtHome_files/image022.jpg HTTP/1.1" 200 34633 "http://www.chayden.net/Asterisk/SeUpAsteriskAtHome.htm" "Mozilla/5.0 (Windows; U; Windows NT 5.1; en-US; rv:1.9.0.8) Gecko/2009032609 Firefox/3.0.8"
203.177.74.138 - - [14/Apr/2009:05:24:04 -0400] "GET /Asterisk/SeUpAsteriskAtHome_files/image024.jpg HTTP/1.1" 200 31330 "http://www.chayden.net/Asterisk/SeUpAsteriskAtHome.htm" "Mozilla/5.0 (Windows; U; Windows NT 5.1; en-US; rv:1.9.0.8) Gecko/2009032609 Firefox/3.0.8"
203.177.74.138 - - [14/Apr/2009:05:24:05 -0400] "GET /Asterisk/SeUpAsteriskAtHome_files/image026.jpg HTTP/1.1" 200 37910 "http://www.chayden.net/Asterisk/SeUpAsteriskAtHome.htm" "Mozilla/5.0 (Windows; U; Windows NT 5.1; en-US; rv:1.9.0.8) Gecko/2009032609 Firefox/3.0.8"
203.177.74.138 - - [14/Apr/2009:05:24:05 -0400] "GET /Asterisk/SeUpAsteriskAtHome_files/image019.jpg HTTP/1.1" 200 39902 "http://www.chayden.net/Asterisk/SeUpAsteriskAtHome.htm" "Mozilla/5.0 (Windows; U; Windows NT 5.1; en-US; rv:1.9.0.8) Gecko/2009032609 Firefox/3.0.8"
203.177.74.138 - - [14/Apr/2009:05:24:06 -0400] "GET /Asterisk/SeUpAsteriskAtHome_files/image035.jpg HTTP/1.1" 200 2759 "http://www.chayden.net/Asterisk/SeUpAsteriskAtHome.htm" "Mozilla/5.0 (Windows; U; Windows NT 5.1; en-US; rv:1.9.0.8) Gecko/2009032609 Firefox/3.0.8"
203.177.74.138 - - [14/Apr/2009:05:24:05 -0400] "GET /Asterisk/SeUpAsteriskAtHome_files/image029.jpg HTTP/1.1" 200 43404 "http://www.chayden.net/Asterisk/SeUpAsteriskAtHome.htm" "Mozilla/5.0 (Windows; U; Windows NT 5.1; en-US; rv:1.9.0.8) Gecko/2009032609 Firefox/3.0.8"
203.177.74.138 - - [14/Apr/2009:05:24:06 -0400] "GET /Asterisk/SeUpAsteriskAtHome_files/image031.jpg HTTP/1.1" 200 30259 "http://www.chayden.net/Asterisk/SeUpAsteriskAtHome.htm" "Mozilla/5.0 (Windows; U; Windows NT 5.1; en-US; rv:1.9.0.8) Gecko/2009032609 Firefox/3.0.8"
203.177.74.138 - - [14/Apr/2009:05:24:06 -0400] "GET /Asterisk/SeUpAsteriskAtHome_files/image033.jpg HTTP/1.1" 200 30788 "http://www.chayden.net/Asterisk/SeUpAsteriskAtHome.htm" "Mozilla/5.0 (Windows; U; Windows NT 5.1; en-US; rv:1.9.0.8) Gecko/2009032609 Firefox/3.0.8"
203.177.74.138 - - [14/Apr/2009:05:24:07 -0400] "GET /Asterisk/SeUpAsteriskAtHome_files/image039.jpg HTTP/1.1" 200 1921 "http://www.chayden.net/Asterisk/SeUpAsteriskAtHome.htm" "Mozilla/5.0 (Windows; U; Windows NT 5.1; en-US; rv:1.9.0.8) Gecko/2009032609 Firefox/3.0.8"
203.177.74.138 - - [14/Apr/2009:05:24:07 -0400] "GET /Asterisk/SeUpAsteriskAtHome_files/image044.jpg HTTP/1.1" 200 6079 "http://www.chayden.net/Asterisk/SeUpAsteriskAtHome.htm" "Mozilla/5.0 (Windows; U; Windows NT 5.1; en-US; rv:1.9.0.8) Gecko/2009032609 Firefox/3.0.8"
203.177.74.138 - - [14/Apr/2009:05:24:06 -0400] "GET /Asterisk/SeUpAsteriskAtHome_files/image037.jpg HTTP/1.1" 200 42221 "http://www.chayden.net/Asterisk/SeUpAsteriskAtHome.htm" "Mozilla/5.0 (Windows; U; Windows NT 5.1; en-US; rv:1.9.0.8) Gecko/2009032609 Firefox/3.0.8"
203.177.74.138 - - [14/Apr/2009:05:24:07 -0400] "GET /Asterisk/SeUpAsteriskAtHome_files/image041.jpg HTTP/1.1" 200 26765 "http://www.chayden.net/Asterisk/SeUpAsteriskAtHome.htm" "Mozilla/5.0 (Windows; U; Windows NT 5.1; en-US; rv:1.9.0.8) Gecko/2009032609 Firefox/3.0.8"
203.177.74.138 - - [14/Apr/2009:05:24:07 -0400] "GET /Asterisk/SeUpAsteriskAtHome_files/image043.jpg HTTP/1.1" 200 22658 "http://www.chayden.net/Asterisk/SeUpAsteriskAtHome.htm" "Mozilla/5.0 (Windows; U; Windows NT 5.1; en-US; rv:1.9.0.8) Gecko/2009032609 Firefox/3.0.8"
203.177.74.138 - - [14/Apr/2009:05:24:07 -0400] "GET /Asterisk/SeUpAsteriskAtHome_files/image046.jpg HTTP/1.1" 200 35168 "http://www.chayden.net/Asterisk/SeUpAsteriskAtHome.htm" "Mozilla/5.0 (Windows; U; Windows NT 5.1; en-US; rv:1.9.0.8) Gecko/2009032609 Firefox/3.0.8"
203.177.74.138 - - [14/Apr/2009:05:24:13 -0400] "GET /favicon.ico HTTP/1.1" 404 292 "-" "Mozilla/5.0 (Windows; U; Windows NT 5.1; en-US; rv:1.9.0.8) Gecko/2009032609 Firefox/3.0.8"
65.55.209.225 - - [14/Apr/2009:05:28:00 -0400] "GET /robots.txt HTTP/1.1" 404 287 "-" "msnbot/1.1 (+http://search.msn.com/msnbot.htm)"
65.55.209.225 - - [14/Apr/2009:05:28:00 -0400] "GET /Catskills/Balsam2005/index.html HTTP/1.1" 200 6059 "-" "msnbot/1.1 (+http://search.msn.com/msnbot.htm)"
65.40.115.30 - - [14/Apr/2009:05:28:24 -0400] "HEAD /favicon.ico HTTP/1.1" 404 - "-" "Mozilla/5.0 (Windows; U; Windows NT 5.1; en-US; rv:1.9.0.8) Gecko/2009032609 Firefox/3.0.8"
129.33.1.37 - - [14/Apr/2009:05:33:23 -0400] "HEAD /Asterisk/SeUpAsteriskAtHome.htm HTTP/1.1" 200 - "-" "Jakarta Commons-HttpClient/3.0-rc4"
74.6.22.160 - - [14/Apr/2009:05:33:45 -0400] "GET /eliza/Eliza/Mem.java HTTP/1.0" 200 618 "-" "Mozilla/5.0 (compatible; Yahoo! Slurp/3.0; http://help.yahoo.com/help/us/ysearch/slurp)"
74.6.22.160 - - [14/Apr/2009:05:34:40 -0400] "GET /Asterisk/?C=D;O=D HTTP/1.0" 200 979 "-" "Mozilla/5.0 (compatible; Yahoo! Slurp/3.0; http://help.yahoo.com/help/us/ysearch/slurp)"
74.6.22.160 - - [14/Apr/2009:05:35:58 -0400] "GET /Catskills/Peaks.html HTTP/1.0" 200 6259 "-" "Mozilla/5.0 (compatible; Yahoo! Slurp/3.0; http://help.yahoo.com/help/us/ysearch/slurp)"
65.40.115.30 - - [14/Apr/2009:05:38:24 -0400] "HEAD /favicon.ico HTTP/1.1" 404 - "-" "Mozilla/5.0 (Windows; U; Windows NT 5.1; en-US; rv:1.9.0.8) Gecko/2009032609 Firefox/3.0.8"
88.1.140.198 - - [14/Apr/2009:05:38:50 -0400] "GET /Asterisk/SeUpAsteriskAtHome.htm HTTP/1.1" 200 178181 "http://www.google.es/search?source=ig&hl=es&rlz=1G1GGLQ_ESES318&=&q=pbx+at+home&btnG=Buscar+con+Google&meta=lr%3D" "Mozilla/5.0 (Windows; U; Windows NT 5.1; es-ES; rv:1.9.0.8) Gecko/2009032609 Firefox/3.0.8"
88.1.140.198 - - [14/Apr/2009:05:38:52 -0400] "GET /Asterisk/SeUpAsteriskAtHome_files/image003.jpg HTTP/1.1" 200 5132 "http://www.chayden.net/Asterisk/SeUpAsteriskAtHome.htm" "Mozilla/5.0 (Windows; U; Windows NT 5.1; es-ES; rv:1.9.0.8) Gecko/2009032609 Firefox/3.0.8"
88.1.140.198 - - [14/Apr/2009:05:38:52 -0400] "GET /Asterisk/SeUpAsteriskAtHome_files/image005.gif HTTP/1.1" 200 4365 "http://www.chayden.net/Asterisk/SeUpAsteriskAtHome.htm" "Mozilla/5.0 (Windows; U; Windows NT 5.1; es-ES; rv:1.9.0.8) Gecko/2009032609 Firefox/3.0.8"
88.1.140.198 - - [14/Apr/2009:05:38:52 -0400] "GET /Asterisk/SeUpAsteriskAtHome_files/image001.gif HTTP/1.1" 200 2324 "http://www.chayden.net/Asterisk/SeUpAsteriskAtHome.htm" "Mozilla/5.0 (Windows; U; Windows NT 5.1; es-ES; rv:1.9.0.8) Gecko/2009032609 Firefox/3.0.8"
88.1.140.198 - - [14/Apr/2009:05:38:52 -0400] "GET /Asterisk/SeUpAsteriskAtHome_files/image004.gif HTTP/1.1" 200 6404 "http://www.chayden.net/Asterisk/SeUpAsteriskAtHome.htm" "Mozilla/5.0 (Windows; U; Windows NT 5.1; es-ES; rv:1.9.0.8) Gecko/2009032609 Firefox/3.0.8"
88.1.140.198 - - [14/Apr/2009:05:38:52 -0400] "GET /Asterisk/SeUpAsteriskAtHome_files/image007.gif HTTP/1.1" 200 5284 "http://www.chayden.net/Asterisk/SeUpAsteriskAtHome.htm" "Mozilla/5.0 (Windows; U; Windows NT 5.1; es-ES; rv:1.9.0.8) Gecko/2009032609 Firefox/3.0.8"
88.1.140.198 - - [14/Apr/2009:05:38:52 -0400] "GET /Asterisk/SeUpAsteriskAtHome_files/image006.gif HTTP/1.1" 200 33832 "http://www.chayden.net/Asterisk/SeUpAsteriskAtHome.htm" "Mozilla/5.0 (Windows; U; Windows NT 5.1; es-ES; rv:1.9.0.8) Gecko/2009032609 Firefox/3.0.8"
88.1.140.198 - - [14/Apr/2009:05:38:52 -0400] "GET /Asterisk/SeUpAsteriskAtHome_files/image009.jpg HTTP/1.1" 200 14238 "http://www.chayden.net/Asterisk/SeUpAsteriskAtHome.htm" "Mozilla/5.0 (Windows; U; Windows NT 5.1; es-ES; rv:1.9.0.8) Gecko/2009032609 Firefox/3.0.8"
88.1.140.198 - - [14/Apr/2009:05:38:52 -0400] "GET /Asterisk/SeUpAsteriskAtHome_files/image011.jpg HTTP/1.1" 200 13078 "http://www.chayden.net/Asterisk/SeUpAsteriskAtHome.htm" "Mozilla/5.0 (Windows; U; Windows NT 5.1; es-ES; rv:1.9.0.8) Gecko/2009032609 Firefox/3.0.8"
88.1.140.198 - - [14/Apr/2009:05:38:52 -0400] "GET /Asterisk/SeUpAsteriskAtHome_files/image013.jpg HTTP/1.1" 200 21296 "http://www.chayden.net/Asterisk/SeUpAsteriskAtHome.htm" "Mozilla/5.0 (Windows; U; Windows NT 5.1; es-ES; rv:1.9.0.8) Gecko/2009032609 Firefox/3.0.8"
88.1.140.198 - - [14/Apr/2009:05:38:52 -0400] "GET /Asterisk/SeUpAsteriskAtHome_files/image015.jpg HTTP/1.1" 200 47335 "http://www.chayden.net/Asterisk/SeUpAsteriskAtHome.htm" "Mozilla/5.0 (Windows; U; Windows NT 5.1; es-ES; rv:1.9.0.8) Gecko/2009032609 Firefox/3.0.8"
88.1.140.198 - - [14/Apr/2009:05:38:52 -0400] "GET /Asterisk/SeUpAsteriskAtHome_files/image017.jpg HTTP/1.1" 200 30515 "http://www.chayden.net/Asterisk/SeUpAsteriskAtHome.htm" "Mozilla/5.0 (Windows; U; Windows NT 5.1; es-ES; rv:1.9.0.8) Gecko/2009032609 Firefox/3.0.8"
88.1.140.198 - - [14/Apr/2009:05:38:53 -0400] "GET /Asterisk/SeUpAsteriskAtHome_files/image019.jpg HTTP/1.1" 200 39902 "http://www.chayden.net/Asterisk/SeUpAsteriskAtHome.htm" "Mozilla/5.0 (Windows; U; Windows NT 5.1; es-ES; rv:1.9.0.8) Gecko/2009032609 Firefox/3.0.8"
88.1.140.198 - - [14/Apr/2009:05:38:53 -0400] "GET /Asterisk/SeUpAsteriskAtHome_files/image027.jpg HTTP/1.1" 200 8509 "http://www.chayden.net/Asterisk/SeUpAsteriskAtHome.htm" "Mozilla/5.0 (Windows; U; Windows NT 5.1; es-ES; rv:1.9.0.8) Gecko/2009032609 Firefox/3.0.8"
88.1.140.198 - - [14/Apr/2009:05:38:53 -0400] "GET /Asterisk/SeUpAsteriskAtHome_files/image020.gif HTTP/1.1" 200 49946 "http://www.chayden.net/Asterisk/SeUpAsteriskAtHome.htm" "Mozilla/5.0 (Windows; U; Windows NT 5.1; es-ES; rv:1.9.0.8) Gecko/2009032609 Firefox/3.0.8"
88.1.140.198 - - [14/Apr/2009:05:38:53 -0400] "GET /Asterisk/SeUpAsteriskAtHome_files/image022.jpg HTTP/1.1" 200 34633 "http://www.chayden.net/Asterisk/SeUpAsteriskAtHome.htm" "Mozilla/5.0 (Windows; U; Windows NT 5.1; es-ES; rv:1.9.0.8) Gecko/2009032609 Firefox/3.0.8"
88.1.140.198 - - [14/Apr/2009:05:38:53 -0400] "GET /Asterisk/SeUpAsteriskAtHome_files/image024.jpg HTTP/1.1" 200 31330 "http://www.chayden.net/Asterisk/SeUpAsteriskAtHome.htm" "Mozilla/5.0 (Windows; U; Windows NT 5.1; es-ES; rv:1.9.0.8) Gecko/2009032609 Firefox/3.0.8"
88.1.140.198 - - [14/Apr/2009:05:38:53 -0400] "GET /Asterisk/SeUpAsteriskAtHome_files/image026.jpg HTTP/1.1" 200 37910 "http://www.chayden.net/Asterisk/SeUpAsteriskAtHome.htm" "Mozilla/5.0 (Windows; U; Windows NT 5.1; es-ES; rv:1.9.0.8) Gecko/2009032609 Firefox/3.0.8"
88.1.140.198 - - [14/Apr/2009:05:38:54 -0400] "GET /Asterisk/SeUpAsteriskAtHome_files/image035.jpg HTTP/1.1" 200 2759 "http://www.chayden.net/Asterisk/SeUpAsteriskAtHome.htm" "Mozilla/5.0 (Windows; U; Windows NT 5.1; es-ES; rv:1.9.0.8) Gecko/2009032609 Firefox/3.0.8"
88.1.140.198 - - [14/Apr/2009:05:38:54 -0400] "GET /Asterisk/SeUpAsteriskAtHome_files/image039.jpg HTTP/1.1" 200 1921 "http://www.chayden.net/Asterisk/SeUpAsteriskAtHome.htm" "Mozilla/5.0 (Windows; U; Windows NT 5.1; es-ES; rv:1.9.0.8) Gecko/2009032609 Firefox/3.0.8"
88.1.140.198 - - [14/Apr/2009:05:38:54 -0400] "GET /Asterisk/SeUpAsteriskAtHome_files/image033.jpg HTTP/1.1" 200 30788 "http://www.chayden.net/Asterisk/SeUpAsteriskAtHome.htm" "Mozilla/5.0 (Windows; U; Windows NT 5.1; es-ES; rv:1.9.0.8) Gecko/2009032609 Firefox/3.0.8"
88.1.140.198 - - [14/Apr/2009:05:38:54 -0400] "GET /Asterisk/SeUpAsteriskAtHome_files/image031.jpg HTTP/1.1" 200 30259 "http://www.chayden.net/Asterisk/SeUpAsteriskAtHome.htm" "Mozilla/5.0 (Windows; U; Windows NT 5.1; es-ES; rv:1.9.0.8) Gecko/2009032609 Firefox/3.0.8"
88.1.140.198 - - [14/Apr/2009:05:38:54 -0400] "GET /Asterisk/SeUpAsteriskAtHome_files/image029.jpg HTTP/1.1" 200 43404 "http://www.chayden.net/Asterisk/SeUpAsteriskAtHome.htm" "Mozilla/5.0 (Windows; U; Windows NT 5.1; es-ES; rv:1.9.0.8) Gecko/2009032609 Firefox/3.0.8"
88.1.140.198 - - [14/Apr/2009:05:38:54 -0400] "GET /Asterisk/SeUpAsteriskAtHome_files/image037.jpg HTTP/1.1" 200 42221 "http://www.chayden.net/Asterisk/SeUpAsteriskAtHome.htm" "Mozilla/5.0 (Windows; U; Windows NT 5.1; es-ES; rv:1.9.0.8) Gecko/2009032609 Firefox/3.0.8"
88.1.140.198 - - [14/Apr/2009:05:38:55 -0400] "GET /Asterisk/SeUpAsteriskAtHome_files/image044.jpg HTTP/1.1" 200 6079 "http://www.chayden.net/Asterisk/SeUpAsteriskAtHome.htm" "Mozilla/5.0 (Windows; U; Windows NT 5.1; es-ES; rv:1.9.0.8) Gecko/2009032609 Firefox/3.0.8"
88.1.140.198 - - [14/Apr/2009:05:38:54 -0400] "GET /Asterisk/SeUpAsteriskAtHome_files/image041.jpg HTTP/1.1" 200 26765 "http://www.chayden.net/Asterisk/SeUpAsteriskAtHome.htm" "Mozilla/5.0 (Windows; U; Windows NT 5.1; es-ES; rv:1.9.0.8) Gecko/2009032609 Firefox/3.0.8"
88.1.140.198 - - [14/Apr/2009:05:38:54 -0400] "GET /Asterisk/SeUpAsteriskAtHome_files/image043.jpg HTTP/1.1" 200 22658 "http://www.chayden.net/Asterisk/SeUpAsteriskAtHome.htm" "Mozilla/5.0 (Windows; U; Windows NT 5.1; es-ES; rv:1.9.0.8) Gecko/2009032609 Firefox/3.0.8"
88.1.140.198 - - [14/Apr/2009:05:38:55 -0400] "GET /Asterisk/SeUpAsteriskAtHome_files/image046.jpg HTTP/1.1" 200 35168 "http://www.chayden.net/Asterisk/SeUpAsteriskAtHome.htm" "Mozilla/5.0 (Windows; U; Windows NT 5.1; es-ES; rv:1.9.0.8) Gecko/2009032609 Firefox/3.0.8"
88.1.140.198 - - [14/Apr/2009:05:38:56 -0400] "GET /favicon.ico HTTP/1.1" 404 292 "-" "Mozilla/5.0 (Windows; U; Windows NT 5.1; es-ES; rv:1.9.0.8) Gecko/2009032609 Firefox/3.0.8"
88.1.140.198 - - [14/Apr/2009:05:38:59 -0400] "GET /favicon.ico HTTP/1.1" 404 292 "-" "Mozilla/5.0 (Windows; U; Windows NT 5.1; es-ES; rv:1.9.0.8) Gecko/2009032609 Firefox/3.0.8"
83.22.38.173 - - [14/Apr/2009:05:40:38 -0400] "GET /Runs/Adidas/tape.jpg HTTP/1.1" 200 157042 "http://www.chayden.net/Runs/Adidas/index.htm" "Mozilla/5.0 (Windows; U; Windows NT 5.1; pl; rv:1.9.1b3) Gecko/20090305 Firefox/3.1b3"
83.22.38.173 - - [14/Apr/2009:05:40:55 -0400] "GET /Runs/Adidas/snot-rocket.JPG HTTP/1.1" 200 803373 "http://www.chayden.net/Runs/Adidas/index.htm" "Mozilla/5.0 (Windows; U; Windows NT 5.1; pl; rv:1.9.1b3) Gecko/20090305 Firefox/3.1b3"
83.22.38.173 - - [14/Apr/2009:05:41:22 -0400] "GET /Runs/Adidas/tape.jpg HTTP/1.1" 206 149998 "http://www.lastfm.pl/user/Artevelde" "Mozilla/5.0 (Windows; U; Windows NT 5.1; pl; rv:1.9.1b3) Gecko/20090305 Firefox/3.1b3"
83.22.38.173 - - [14/Apr/2009:05:41:22 -0400] "GET /Runs/Adidas/snot-rocket.JPG HTTP/1.1" 206 224009 "http://www.lastfm.pl/user/Artevelde" "Mozilla/5.0 (Windows; U; Windows NT 5.1; pl; rv:1.9.1b3) Gecko/20090305 Firefox/3.1b3"
83.22.38.173 - - [14/Apr/2009:05:41:47 -0400] "GET /Runs/Adidas/changing.jpg HTTP/1.1" 200 171244 "http://www.chayden.net/Runs/Adidas/index.htm" "Mozilla/5.0 (Windows; U; Windows NT 5.1; pl; rv:1.9.1b3) Gecko/20090305 Firefox/3.1b3"
118.92.221.166 - - [14/Apr/2009:05:44:36 -0400] "GET /Asterisk/SeUpAsteriskAtHome_files/image001.gif HTTP/1.1" 200 2324 "http://www.chayden.net/Asterisk/SeUpAsteriskAtHome.htm" "Mozilla/5.0 (Windows; U; Windows NT 5.1; en-US) AppleWebKit/525.19 (KHTML, like Gecko) Chrome/1.0.154.53 Safari/525.19"
118.92.221.166 - - [14/Apr/2009:05:44:36 -0400] "GET /Asterisk/SeUpAsteriskAtHome_files/image003.jpg HTTP/1.1" 200 5132 "http://www.chayden.net/Asterisk/SeUpAsteriskAtHome.htm" "Mozilla/5.0 (Windows; U; Windows NT 5.1; en-US) AppleWebKit/525.19 (KHTML, like Gecko) Chrome/1.0.154.53 Safari/525.19"
118.92.221.166 - - [14/Apr/2009:05:44:36 -0400] "GET /Asterisk/SeUpAsteriskAtHome_files/image004.gif HTTP/1.1" 200 6404 "http://www.chayden.net/Asterisk/SeUpAsteriskAtHome.htm" "Mozilla/5.0 (Windows; U; Windows NT 5.1; en-US) AppleWebKit/525.19 (KHTML, like Gecko) Chrome/1.0.154.53 Safari/525.19"
118.92.221.166 - - [14/Apr/2009:05:44:36 -0400] "GET /Asterisk/SeUpAsteriskAtHome_files/image005.gif HTTP/1.1" 200 4365 "http://www.chayden.net/Asterisk/SeUpAsteriskAtHome.htm" "Mozilla/5.0 (Windows; U; Windows NT 5.1; en-US) AppleWebKit/525.19 (KHTML, like Gecko) Chrome/1.0.154.53 Safari/525.19"
118.92.221.166 - - [14/Apr/2009:05:44:37 -0400] "GET /Asterisk/SeUpAsteriskAtHome_files/image007.gif HTTP/1.1" 200 5284 "http://www.chayden.net/Asterisk/SeUpAsteriskAtHome.htm" "Mozilla/5.0 (Windows; U; Windows NT 5.1; en-US) AppleWebKit/525.19 (KHTML, like Gecko) Chrome/1.0.154.53 Safari/525.19"
118.92.221.166 - - [14/Apr/2009:05:44:36 -0400] "GET /Asterisk/SeUpAsteriskAtHome_files/image006.gif HTTP/1.1" 200 33832 "http://www.chayden.net/Asterisk/SeUpAsteriskAtHome.htm" "Mozilla/5.0 (Windows; U; Windows NT 5.1; en-US) AppleWebKit/525.19 (KHTML, like Gecko) Chrome/1.0.154.53 Safari/525.19"
118.92.221.166 - - [14/Apr/2009:05:44:37 -0400] "GET /Asterisk/SeUpAsteriskAtHome_files/image009.jpg HTTP/1.1" 200 14238 "http://www.chayden.net/Asterisk/SeUpAsteriskAtHome.htm" "Mozilla/5.0 (Windows; U; Windows NT 5.1; en-US) AppleWebKit/525.19 (KHTML, like Gecko) Chrome/1.0.154.53 Safari/525.19"
