195.240.184.216 - - [11/Apr/2009:11:18:21 -0400] "GET /Asterisk/SeUpAsteriskAtHome_files/image015.jpg HTTP/1.1" 200 47335 "http://www.chayden.net/Asterisk/SeUpAsteriskAtHome.htm" "Mozilla/4.0 (compatible; MSIE 8.0; Windows NT 6.1; Trident/4.0; SLCC2; .NET CLR 2.0.50727; .NET CLR 3.5.30729; .NET CLR 3.0.30729; Media Center PC 6.0; InfoPath.1)"
195.240.184.216 - - [11/Apr/2009:11:18:22 -0400] "GET /Asterisk/SeUpAsteriskAtHome_files/image027.jpg HTTP/1.1" 200 8509 "http://www.chayden.net/Asterisk/SeUpAsteriskAtHome.htm" "Mozilla/4.0 (compatible; MSIE 8.0; Windows NT 6.1; Trident/4.0; SLCC2; .NET CLR 2.0.50727; .NET CLR 3.5.30729; .NET CLR 3.0.30729; Media Center PC 6.0; InfoPath.1)"
195.240.184.216 - - [11/Apr/2009:11:18:21 -0400] "GET /Asterisk/SeUpAsteriskAtHome_files/image020.gif HTTP/1.1" 200 49946 "http://www.chayden.net/Asterisk/SeUpAsteriskAtHome.htm" "Mozilla/4.0 (compatible; MSIE 8.0; Windows NT 6.1; Trident/4.0; SLCC2; .NET CLR 2.0.50727; .NET CLR 3.5.30729; .NET CLR 3.0.30729; Media Center PC 6.0; InfoPath.1)"
195.240.184.216 - - [11/Apr/2009:11:18:21 -0400] "GET /Asterisk/SeUpAsteriskAtHome_files/image022.jpg HTTP/1.1" 200 34633 "http://www.chayden.net/Asterisk/SeUpAsteriskAtHome.htm" "Mozilla/4.0 (compatible; MSIE 8.0; Windows NT 6.1; Trident/4.0; SLCC2; .NET CLR 2.0.50727; .NET CLR 3.5.30729; .NET CLR 3.0.30729; Media Center PC 6.0; InfoPath.1)"
195.240.184.216 - - [11/Apr/2009:11:18:21 -0400] "GET /Asterisk/SeUpAsteriskAtHome_files/image024.jpg HTTP/1.1" 200 31330 "http://www.chayden.net/Asterisk/SeUpAsteriskAtHome.htm" "Mozilla/4.0 (compatible; MSIE 8.0; Windows NT 6.1; Trident/4.0; SLCC2; .NET CLR 2.0.50727; .NET CLR 3.5.30729; .NET CLR 3.0.30729; Media Center PC 6.0; InfoPath.1)"
195.240.184.216 - - [11/Apr/2009:11:18:22 -0400] "GET /Asterisk/SeUpAsteriskAtHome_files/image035.jpg HTTP/1.1" 200 2759 "http://www.chayden.net/Asterisk/SeUpAsteriskAtHome.htm" "Mozilla/4.0 (compatible; MSIE 8.0; Windows NT 6.1; Trident/4.0; SLCC2; .NET CLR 2.0.50727; .NET CLR 3.5.30729; .NET CLR 3.0.30729; Media Center PC 6.0; InfoPath.1)"
195.240.184.216 - - [11/Apr/2009:11:18:21 -0400] "GET /Asterisk/SeUpAsteriskAtHome_files/image026.jpg HTTP/1.1" 200 37910 "http://www.chayden.net/Asterisk/SeUpAsteriskAtHome.htm" "Mozilla/4.0 (compatible; MSIE 8.0; Windows NT 6.1; Trident/4.0; SLCC2; .NET CLR 2.0.50727; .NET CLR 3.5.30729; .NET CLR 3.0.30729; Media Center PC 6.0; InfoPath.1)"
195.240.184.216 - - [11/Apr/2009:11:18:22 -0400] "GET /Asterisk/SeUpAsteriskAtHome_files/image039.jpg HTTP/1.1" 200 1921 "http://www.chayden.net/Asterisk/SeUpAsteriskAtHome.htm" "Mozilla/4.0 (compatible; MSIE 8.0; Windows NT 6.1; Trident/4.0; SLCC2; .NET CLR 2.0.50727; .NET CLR 3.5.30729; .NET CLR 3.0.30729; Media Center PC 6.0; InfoPath.1)"
195.240.184.216 - - [11/Apr/2009:11:18:22 -0400] "GET /Asterisk/SeUpAsteriskAtHome_files/image029.jpg HTTP/1.1" 200 43404 "http://www.chayden.net/Asterisk/SeUpAsteriskAtHome.htm" "Mozilla/4.0 (compatible; MSIE 8.0; Windows NT 6.1; Trident/4.0; SLCC2; .NET CLR 2.0.50727; .NET CLR 3.5.30729; .NET CLR 3.0.30729; Media Center PC 6.0; InfoPath.1)"
195.240.184.216 - - [11/Apr/2009:11:18:22 -0400] "GET /Asterisk/SeUpAsteriskAtHome_files/image031.jpg HTTP/1.1" 200 30259 "http://www.chayden.net/Asterisk/SeUpAsteriskAtHome.htm" "Mozilla/4.0 (compatible; MSIE 8.0; Windows NT 6.1; Trident/4.0; SLCC2; .NET CLR 2.0.50727; .NET CLR 3.5.30729; .NET CLR 3.0.30729; Media Center PC 6.0; InfoPath.1)"
195.240.184.216 - - [11/Apr/2009:11:18:22 -0400] "GET /Asterisk/SeUpAsteriskAtHome_files/image033.jpg HTTP/1.1" 200 30788 "http://www.chayden.net/Asterisk/SeUpAsteriskAtHome.htm" "Mozilla/4.0 (compatible; MSIE 8.0; Windows NT 6.1; Trident/4.0; SLCC2; .NET CLR 2.0.50727; .NET CLR 3.5.30729; .NET CLR 3.0.30729; Media Center PC 6.0; InfoPath.1)"
195.240.184.216 - - [11/Apr/2009:11:18:22 -0400] "GET /Asterisk/SeUpAsteriskAtHome_files/image037.jpg HTTP/1.1" 200 42221 "http://www.chayden.net/Asterisk/SeUpAsteriskAtHome.htm" "Mozilla/4.0 (compatible; MSIE 8.0; Windows NT 6.1; Trident/4.0; SLCC2; .NET CLR 2.0.50727; .NET CLR 3.5.30729; .NET CLR 3.0.30729; Media Center PC 6.0; InfoPath.1)"
195.240.184.216 - - [11/Apr/2009:11:18:23 -0400] "GET /Asterisk/SeUpAsteriskAtHome_files/image044.jpg HTTP/1.1" 200 6079 "http://www.chayden.net/Asterisk/SeUpAsteriskAtHome.htm" "Mozilla/4.0 (compatible; MSIE 8.0; Windows NT 6.1; Trident/4.0; SLCC2; .NET CLR 2.0.50727; .NET CLR 3.5.30729; .NET CLR 3.0.30729; Media Center PC 6.0; InfoPath.1)"
195.240.184.216 - - [11/Apr/2009:11:18:22 -0400] "GET /Asterisk/SeUpAsteriskAtHome_files/image041.jpg HTTP/1.1" 200 26765 "http://www.chayden.net/Asterisk/SeUpAsteriskAtHome.htm" "Mozilla/4.0 (compatible; MSIE 8.0; Windows NT 6.1; Trident/4.0; SLCC2; .NET CLR 2.0.50727; .NET CLR 3.5.30729; .NET CLR 3.0.30729; Media Center PC 6.0; InfoPath.1)"
195.240.184.216 - - [11/Apr/2009:11:18:23 -0400] "GET /Asterisk/SeUpAsteriskAtHome_files/image043.jpg HTTP/1.1" 200 22658 "http://www.chayden.net/Asterisk/SeUpAsteriskAtHome.htm" "Mozilla/4.0 (compatible; MSIE 8.0; Windows NT 6.1; Trident/4.0; SLCC2; .NET CLR 2.0.50727; .NET CLR 3.5.30729; .NET CLR 3.0.30729; Media Center PC 6.0; InfoPath.1)"
195.240.184.216 - - [11/Apr/2009:11:18:23 -0400] "GET /Asterisk/SeUpAsteriskAtHome_files/image046.jpg HTTP/1.1" 200 35168 "http://www.chayden.net/Asterisk/SeUpAsteriskAtHome.htm" "Mozilla/4.0 (compatible; MSIE 8.0; Windows NT 6.1; Trident/4.0; SLCC2; .NET CLR 2.0.50727; .NET CLR 3.5.30729; .NET CLR 3.0.30729; Media Center PC 6.0; InfoPath.1)"
195.240.184.216 - - [11/Apr/2009:11:18:24 -0400] "GET /favicon.ico HTTP/1.1" 404 292 "-" "Mozilla/4.0 (compatible; MSIE 8.0; Windows NT 6.1; Trident/4.0; SLCC2; .NET CLR 2.0.50727; .NET CLR 3.5.30729; .NET CLR 3.0.30729; Media Center PC 6.0; InfoPath.1)"
99.240.203.20 - - [11/Apr/2009:11:21:34 -0400] "GET /favicon.ico HTTP/1.1" 404 292 "-" "Mozilla/5.0 (X11; U; Linux i686; en-US; rv:1.9.0.8) Gecko/2009032711 Ubuntu/8.04 (hardy) Firefox/3.0.8"
65.184.113.102 - - [11/Apr/2009:11:22:48 -0400] "GET /chayden/favicon.ico HTTP/1.1" 404 296 "-" "Mozilla/4.0 (compatible; GoogleToolbar 5.0.2124.4372; Windows 6.0; MSIE 7.0.6001.18000)"
65.184.113.102 - - [11/Apr/2009:11:22:48 -0400] "GET /chayden/favicon.gif HTTP/1.1" 404 296 "-" "Mozilla/4.0 (compatible; GoogleToolbar 5.0.2124.4372; Windows 6.0; MSIE 7.0.6001.18000)"
74.6.22.160 - - [11/Apr/2009:11:24:10 -0400] "GET /Williamson99/Williamson.html HTTP/1.0" 200 7300 "-" "Mozilla/5.0 (compatible; Yahoo! Slurp/3.0; http://help.yahoo.com/help/us/ysearch/slurp)"
74.6.22.160 - - [11/Apr/2009:11:24:11 -0400] "GET /includes/hikes.css HTTP/1.0" 304 - "http://chayden.net/Williamson99/Williamson.html" "Mozilla/5.0 (compatible; Yahoo! Slurp/3.0; http://help.yahoo.com/help/us/ysearch/slurp)"
74.6.22.160 - - [11/Apr/2009:11:24:12 -0400] "GET /Panorama/Wil-Pano.IVR HTTP/1.0" 404 298 "http://chayden.net/Williamson99/Williamson.html" "Mozilla/5.0 (compatible; Yahoo! Slurp/3.0; http://help.yahoo.com/help/us/ysearch/slurp)"
75.169.106.235 - - [11/Apr/2009:11:25:12 -0400] "GET /includes/hikes.css HTTP/1.1" 200 306 "http://www.chayden.net/Sierra90/Sierra90.html" "Mozilla/5.0 (Windows; U; Windows NT 5.1; en-US; rv:1.9.0.8) Gecko/2009032609 Firefox/3.0.8"
75.169.106.235 - - [11/Apr/2009:11:25:11 -0400] "GET /Sierra90/Sierra90.html HTTP/1.1" 200 34906 "http://images.google.com/imgres?imgurl=http://www.chayden.net/Sierra90/pic/s90-4-11.jpg&imgrefurl=http://www.chayden.net/Sierra90/Sierra90.html&usg=__sRdhjRAVq1HFDAjG1N5FwfbdRvQ=&h=404&w=600&sz=111&hl=en&start=3&um=1&tbnid=pfCM2r4w7GV6fM:&tbnh=91&tbnw=135&prev=/images%3Fq%3D%2522vennacher%2Bneedle%2522%26hl%3Den%26client%3Dfirefox-a%26channel%3Ds%26rls%3Dorg.mozilla:en-US:official%26sa%3DG%26um%3D1" "Mozilla/5.0 (Windows; U; Windows NT 5.1; en-US; rv:1.9.0.8) Gecko/2009032609 Firefox/3.0.8"
75.169.106.235 - - [11/Apr/2009:11:25:12 -0400] "GET /Sierra90/pic/Sierra90-M1.gif HTTP/1.1" 200 113500 "http://www.chayden.net/Sierra90/Sierra90.html" "Mozilla/5.0 (Windows; U; Windows NT 5.1; en-US; rv:1.9.0.8) Gecko/2009032609 Firefox/3.0.8"
75.169.106.235 - - [11/Apr/2009:11:25:12 -0400] "GET /Sierra90/pic/s90-1-23.jpg HTTP/1.1" 200 101643 "http://www.chayden.net/Sierra90/Sierra90.html" "Mozilla/5.0 (Windows; U; Windows NT 5.1; en-US; rv:1.9.0.8) Gecko/2009032609 Firefox/3.0.8"
75.169.106.235 - - [11/Apr/2009:11:25:12 -0400] "GET /Sierra90/pic/s90-2-02.jpg HTTP/1.1" 200 110488 "http://www.chayden.net/Sierra90/Sierra90.html" "Mozilla/5.0 (Windows; U; Windows NT 5.1; en-US; rv:1.9.0.8) Gecko/2009032609 Firefox/3.0.8"
75.169.106.235 - - [11/Apr/2009:11:25:12 -0400] "GET /Sierra90/pic/s90-2-01.jpg HTTP/1.1" 200 92389 "http://www.chayden.net/Sierra90/Sierra90.html" "Mozilla/5.0 (Windows; U; Windows NT 5.1; en-US; rv:1.9.0.8) Gecko/2009032609 Firefox/3.0.8"
75.169.106.235 - - [11/Apr/2009:11:25:12 -0400] "GET /Sierra90/pic/s90-2-10.jpg HTTP/1.1" 200 106338 "http://www.chayden.net/Sierra90/Sierra90.html" "Mozilla/5.0 (Windows; U; Windows NT 5.1; en-US; rv:1.9.0.8) Gecko/2009032609 Firefox/3.0.8"
75.169.106.235 - - [11/Apr/2009:11:25:12 -0400] "GET /Sierra90/pic/Sierra90-M2.gif HTTP/1.1" 200 270266 "http://www.chayden.net/Sierra90/Sierra90.html" "Mozilla/5.0 (Windows; U; Windows NT 5.1; en-US; rv:1.9.0.8) Gecko/2009032609 Firefox/3.0.8"
75.169.106.235 - - [11/Apr/2009:11:25:13 -0400] "GET /Sierra90/pic/s90-2-13.jpg HTTP/1.1" 200 115821 "http://www.chayden.net/Sierra90/Sierra90.html" "Mozilla/5.0 (Windows; U; Windows NT 5.1; en-US; rv:1.9.0.8) Gecko/2009032609 Firefox/3.0.8"
75.169.106.235 - - [11/Apr/2009:11:25:16 -0400] "GET /Sierra90/pic/s90-2-15.jpg HTTP/1.1" 200 84092 "http://www.chayden.net/Sierra90/Sierra90.html" "Mozilla/5.0 (Windows; U; Windows NT 5.1; en-US; rv:1.9.0.8) Gecko/2009032609 Firefox/3.0.8"
75.169.106.235 - - [11/Apr/2009:11:25:16 -0400] "GET /Sierra90/pic/s90-2-20.jpg HTTP/1.1" 200 97417 "http://www.chayden.net/Sierra90/Sierra90.html" "Mozilla/5.0 (Windows; U; Windows NT 5.1; en-US; rv:1.9.0.8) Gecko/2009032609 Firefox/3.0.8"
75.169.106.235 - - [11/Apr/2009:11:25:16 -0400] "GET /Sierra90/pic/s90-2-17.jpg HTTP/1.1" 200 110912 "http://www.chayden.net/Sierra90/Sierra90.html" "Mozilla/5.0 (Windows; U; Windows NT 5.1; en-US; rv:1.9.0.8) Gecko/2009032609 Firefox/3.0.8"
75.169.106.235 - - [11/Apr/2009:11:25:17 -0400] "GET /Sierra90/pic/s90-2-24.jpg HTTP/1.1" 200 118492 "http://www.chayden.net/Sierra90/Sierra90.html" "Mozilla/5.0 (Windows; U; Windows NT 5.1; en-US; rv:1.9.0.8) Gecko/2009032609 Firefox/3.0.8"
75.169.106.235 - - [11/Apr/2009:11:25:17 -0400] "GET /Sierra90/pic/s90-3-02.jpg HTTP/1.1" 200 110796 "http://www.chayden.net/Sierra90/Sierra90.html" "Mozilla/5.0 (Windows; U; Windows NT 5.1; en-US; rv:1.9.0.8) Gecko/2009032609 Firefox/3.0.8"
75.169.106.235 - - [11/Apr/2009:11:25:16 -0400] "GET /Sierra90/pic/Sierra90-M4.gif HTTP/1.1" 200 195204 "http://www.chayden.net/Sierra90/Sierra90.html" "Mozilla/5.0 (Windows; U; Windows NT 5.1; en-US; rv:1.9.0.8) Gecko/2009032609 Firefox/3.0.8"
75.169.106.235 - - [11/Apr/2009:11:25:18 -0400] "GET /Sierra90/pic/Sierra90-M5.gif HTTP/1.1" 200 198295 "http://www.chayden.net/Sierra90/Sierra90.html" "Mozilla/5.0 (Windows; U; Windows NT 5.1; en-US; rv:1.9.0.8) Gecko/2009032609 Firefox/3.0.8"
75.169.106.235 - - [11/Apr/2009:11:25:20 -0400] "GET /Sierra90/pic/s90-3-08.jpg HTTP/1.1" 200 69609 "http://www.chayden.net/Sierra90/Sierra90.html" "Mozilla/5.0 (Windows; U; Windows NT 5.1; en-US; rv:1.9.0.8) Gecko/2009032609 Firefox/3.0.8"
75.169.106.235 - - [11/Apr/2009:11:25:21 -0400] "GET /Sierra90/pic/s90-3-09.jpg HTTP/1.1" 200 62261 "http://www.chayden.net/Sierra90/Sierra90.html" "Mozilla/5.0 (Windows; U; Windows NT 5.1; en-US; rv:1.9.0.8) Gecko/2009032609 Firefox/3.0.8"
75.169.106.235 - - [11/Apr/2009:11:25:22 -0400] "GET /Sierra90/pic/s90-3-19.jpg HTTP/1.1" 200 69615 "http://www.chayden.net/Sierra90/Sierra90.html" "Mozilla/5.0 (Windows; U; Windows NT 5.1; en-US; rv:1.9.0.8) Gecko/2009032609 Firefox/3.0.8"
75.169.106.235 - - [11/Apr/2009:11:25:22 -0400] "GET /Sierra90/pic/s90-3-11.jpg HTTP/1.1" 200 95601 "http://www.chayden.net/Sierra90/Sierra90.html" "Mozilla/5.0 (Windows; U; Windows NT 5.1; en-US; rv:1.9.0.8) Gecko/2009032609 Firefox/3.0.8"
75.169.106.235 - - [11/Apr/2009:11:25:23 -0400] "GET /Sierra90/pic/s90-3-23.jpg HTTP/1.1" 200 98358 "http://www.chayden.net/Sierra90/Sierra90.html" "Mozilla/5.0 (Windows; U; Windows NT 5.1; en-US; rv:1.9.0.8) Gecko/2009032609 Firefox/3.0.8"
75.169.106.235 - - [11/Apr/2009:11:25:23 -0400] "GET /Sierra90/pic/Sierra90-M6.gif HTTP/1.1" 200 111349 "http://www.chayden.net/Sierra90/Sierra90.html" "Mozilla/5.0 (Windows; U; Windows NT 5.1; en-US; rv:1.9.0.8) Gecko/2009032609 Firefox/3.0.8"
75.169.106.235 - - [11/Apr/2009:11:25:23 -0400] "GET /Sierra90/pic/s90-4-01.jpg HTTP/1.1" 200 104827 "http://www.chayden.net/Sierra90/Sierra90.html" "Mozilla/5.0 (Windows; U; Windows NT 5.1; en-US; rv:1.9.0.8) Gecko/2009032609 Firefox/3.0.8"
75.169.106.235 - - [11/Apr/2009:11:25:25 -0400] "GET /Sierra90/pic/s90-4-03.jpg HTTP/1.1" 200 92415 "http://www.chayden.net/Sierra90/Sierra90.html" "Mozilla/5.0 (Windows; U; Windows NT 5.1; en-US; rv:1.9.0.8) Gecko/2009032609 Firefox/3.0.8"
75.169.106.235 - - [11/Apr/2009:11:25:25 -0400] "GET /Sierra90/pic/s90-4-10.jpg HTTP/1.1" 200 86925 "http://www.chayden.net/Sierra90/Sierra90.html" "Mozilla/5.0 (Windows; U; Windows NT 5.1; en-US; rv:1.9.0.8) Gecko/2009032609 Firefox/3.0.8"
75.169.106.235 - - [11/Apr/2009:11:25:25 -0400] "GET /Sierra90/pic/s90-4-05.jpg HTTP/1.1" 200 93740 "http://www.chayden.net/Sierra90/Sierra90.html" "Mozilla/5.0 (Windows; U; Windows NT 5.1; en-US; rv:1.9.0.8) Gecko/2009032609 Firefox/3.0.8"
75.169.106.235 - - [11/Apr/2009:11:25:27 -0400] "GET /Sierra90/pic/s90-4-08.jpg HTTP/1.1" 200 46112 "http://www.chayden.net/Sierra90/Sierra90.html" "Mozilla/5.0 (Windows; U; Windows NT 5.1; en-US; rv:1.9.0.8) Gecko/2009032609 Firefox/3.0.8"
75.169.106.235 - - [11/Apr/2009:11:25:26 -0400] "GET /Sierra90/pic/s90-4-07.jpg HTTP/1.1" 200 54677 "http://www.chayden.net/Sierra90/Sierra90.html" "Mozilla/5.0 (Windows; U; Windows NT 5.1; en-US; rv:1.9.0.8) Gecko/2009032609 Firefox/3.0.8"
75.169.106.235 - - [11/Apr/2009:11:25:28 -0400] "GET /Sierra90/pic/s90-4-11.jpg HTTP/1.1" 200 113644 "http://www.chayden.net/Sierra90/Sierra90.html" "Mozilla/5.0 (Windows; U; Windows NT 5.1; en-US; rv:1.9.0.8) Gecko/2009032609 Firefox/3.0.8"
78.147.207.23 - - [11/Apr/2009:11:25:30 -0400] "GET /Asterisk/SeUpAsteriskAtHome_files/image001.gif HTTP/1.1" 200 2324 "http://www.chayden.net/Asterisk/SeUpAsteriskAtHome.htm" "Mozilla/5.0 (X11; U; Linux i686; en-GB; rv:1.9.0.8) Gecko/2009032600 SUSE/3.0.8-1.1.1 Firefox/3.0.8 GTB5"
78.147.207.23 - - [11/Apr/2009:11:25:31 -0400] "GET /Asterisk/SeUpAsteriskAtHome_files/image003.jpg HTTP/1.1" 200 5132 "http://www.chayden.net/Asterisk/SeUpAsteriskAtHome.htm" "Mozilla/5.0 (X11; U; Linux i686; en-GB; rv:1.9.0.8) Gecko/2009032600 SUSE/3.0.8-1.1.1 Firefox/3.0.8 GTB5"
78.147.207.23 - - [11/Apr/2009:11:25:31 -0400] "GET /Asterisk/SeUpAsteriskAtHome_files/image004.gif HTTP/1.1" 200 6404 "http://www.chayden.net/Asterisk/SeUpAsteriskAtHome.htm" "Mozilla/5.0 (X11; U; Linux i686; en-GB; rv:1.9.0.8) Gecko/2009032600 SUSE/3.0.8-1.1.1 Firefox/3.0.8 GTB5"
78.147.207.23 - - [11/Apr/2009:11:25:31 -0400] "GET /Asterisk/SeUpAsteriskAtHome_files/image005.gif HTTP/1.1" 200 4365 "http://www.chayden.net/Asterisk/SeUpAsteriskAtHome.htm" "Mozilla/5.0 (X11; U; Linux i686; en-GB; rv:1.9.0.8) Gecko/2009032600 SUSE/3.0.8-1.1.1 Firefox/3.0.8 GTB5"
78.147.207.23 - - [11/Apr/2009:11:25:30 -0400] "GET /Asterisk/SeUpAsteriskAtHome.htm HTTP/1.1" 200 178181 "http://www.google.co.uk/search?hl=en-GB&q=pbx+for+home&sourceid=navclient-ff&rlz=1B3GGGL_enGB309GB309&ie=UTF-8" "Mozilla/5.0 (X11; U; Linux i686; en-GB; rv:1.9.0.8) Gecko/2009032600 SUSE/3.0.8-1.1.1 Firefox/3.0.8 GTB5"
78.147.207.23 - - [11/Apr/2009:11:25:31 -0400] "GET /Asterisk/SeUpAsteriskAtHome_files/image007.gif HTTP/1.1" 200 5284 "http://www.chayden.net/Asterisk/SeUpAsteriskAtHome.htm" "Mozilla/5.0 (X11; U; Linux i686; en-GB; rv:1.9.0.8) Gecko/2009032600 SUSE/3.0.8-1.1.1 Firefox/3.0.8 GTB5"
75.169.106.235 - - [11/Apr/2009:11:25:28 -0400] "GET /Sierra90/pic/s90-4-16.jpg HTTP/1.1" 200 102082 "http://www.chayden.net/Sierra90/Sierra90.html" "Mozilla/5.0 (Windows; U; Windows NT 5.1; en-US; rv:1.9.0.8) Gecko/2009032609 Firefox/3.0.8"
78.147.207.23 - - [11/Apr/2009:11:25:31 -0400] "GET /Asterisk/SeUpAsteriskAtHome_files/image006.gif HTTP/1.1" 200 33832 "http://www.chayden.net/Asterisk/SeUpAsteriskAtHome.htm" "Mozilla/5.0 (X11; U; Linux i686; en-GB; rv:1.9.0.8) Gecko/2009032600 SUSE/3.0.8-1.1.1 Firefox/3.0.8 GTB5"
78.147.207.23 - - [11/Apr/2009:11:25:31 -0400] "GET /Asterisk/SeUpAsteriskAtHome_files/image009.jpg HTTP/1.1" 200 14238 "http://www.chayden.net/Asterisk/SeUpAsteriskAtHome.htm" "Mozilla/5.0 (X11; U; Linux i686; en-GB; rv:1.9.0.8) Gecko/2009032600 SUSE/3.0.8-1.1.1 Firefox/3.0.8 GTB5"
78.147.207.23 - - [11/Apr/2009:11:25:31 -0400] "GET /Asterisk/SeUpAsteriskAtHome_files/image011.jpg HTTP/1.1" 200 13078 "http://www.chayden.net/Asterisk/SeUpAsteriskAtHome.htm" "Mozilla/5.0 (X11; U; Linux i686; en-GB; rv:1.9.0.8) Gecko/2009032600 SUSE/3.0.8-1.1.1 Firefox/3.0.8 GTB5"
78.147.207.23 - - [11/Apr/2009:11:25:31 -0400] "GET /Asterisk/SeUpAsteriskAtHome_files/image013.jpg HTTP/1.1" 200 21296 "http://www.chayden.net/Asterisk/SeUpAsteriskAtHome.htm" "Mozilla/5.0 (X11; U; Linux i686; en-GB; rv:1.9.0.8) Gecko/2009032600 SUSE/3.0.8-1.1.1 Firefox/3.0.8 GTB5"
78.147.207.23 - - [11/Apr/2009:11:25:31 -0400] "GET /Asterisk/SeUpAsteriskAtHome_files/image015.jpg HTTP/1.1" 200 47335 "http://www.chayden.net/Asterisk/SeUpAsteriskAtHome.htm" "Mozilla/5.0 (X11; U; Linux i686; en-GB; rv:1.9.0.8) Gecko/2009032600 SUSE/3.0.8-1.1.1 Firefox/3.0.8 GTB5"
78.147.207.23 - - [11/Apr/2009:11:25:31 -0400] "GET /Asterisk/SeUpAsteriskAtHome_files/image017.jpg HTTP/1.1" 200 30515 "http://www.chayden.net/Asterisk/SeUpAsteriskAtHome.htm" "Mozilla/5.0 (X11; U; Linux i686; en-GB; rv:1.9.0.8) Gecko/2009032600 SUSE/3.0.8-1.1.1 Firefox/3.0.8 GTB5"
75.169.106.235 - - [11/Apr/2009:11:25:28 -0400] "GET /Sierra90/pic/Sierra90-M7.gif HTTP/1.1" 200 152724 "http://www.chayden.net/Sierra90/Sierra90.html" "Mozilla/5.0 (Windows; U; Windows NT 5.1; en-US; rv:1.9.0.8) Gecko/2009032609 Firefox/3.0.8"
78.147.207.23 - - [11/Apr/2009:11:25:31 -0400] "GET /Asterisk/SeUpAsteriskAtHome_files/image019.jpg HTTP/1.1" 200 39902 "http://www.chayden.net/Asterisk/SeUpAsteriskAtHome.htm" "Mozilla/5.0 (X11; U; Linux i686; en-GB; rv:1.9.0.8) Gecko/2009032600 SUSE/3.0.8-1.1.1 Firefox/3.0.8 GTB5"
78.147.207.23 - - [11/Apr/2009:11:25:32 -0400] "GET /Asterisk/SeUpAsteriskAtHome_files/image020.gif HTTP/1.1" 200 49946 "http://www.chayden.net/Asterisk/SeUpAsteriskAtHome.htm" "Mozilla/5.0 (X11; U; Linux i686; en-GB; rv:1.9.0.8) Gecko/2009032600 SUSE/3.0.8-1.1.1 Firefox/3.0.8 GTB5"
78.147.207.23 - - [11/Apr/2009:11:25:32 -0400] "GET /Asterisk/SeUpAsteriskAtHome_files/image022.jpg HTTP/1.1" 200 34633 "http://www.chayden.net/Asterisk/SeUpAsteriskAtHome.htm" "Mozilla/5.0 (X11; U; Linux i686; en-GB; rv:1.9.0.8) Gecko/2009032600 SUSE/3.0.8-1.1.1 Firefox/3.0.8 GTB5"
78.147.207.23 - - [11/Apr/2009:11:25:32 -0400] "GET /Asterisk/SeUpAsteriskAtHome_files/image024.jpg HTTP/1.1" 200 31330 "http://www.chayden.net/Asterisk/SeUpAsteriskAtHome.htm" "Mozilla/5.0 (X11; U; Linux i686; en-GB; rv:1.9.0.8) Gecko/2009032600 SUSE/3.0.8-1.1.1 Firefox/3.0.8 GTB5"
78.147.207.23 - - [11/Apr/2009:11:25:32 -0400] "GET /Asterisk/SeUpAsteriskAtHome_files/image029.jpg HTTP/1.1" 200 43404 "http://www.chayden.net/Asterisk/SeUpAsteriskAtHome.htm" "Mozilla/5.0 (X11; U; Linux i686; en-GB; rv:1.9.0.8) Gecko/2009032600 SUSE/3.0.8-1.1.1 Firefox/3.0.8 GTB5"
78.147.207.23 - - [11/Apr/2009:11:25:32 -0400] "GET /Asterisk/SeUpAsteriskAtHome_files/image031.jpg HTTP/1.1" 200 30259 "http://www.chayden.net/Asterisk/SeUpAsteriskAtHome.htm" "Mozilla/5.0 (X11; U; Linux i686; en-GB; rv:1.9.0.8) Gecko/2009032600 SUSE/3.0.8-1.1.1 Firefox/3.0.8 GTB5"
78.147.207.23 - - [11/Apr/2009:11:25:33 -0400] "GET /Asterisk/SeUpAsteriskAtHome_files/image027.jpg HTTP/1.1" 200 8509 "http://www.chayden.net/Asterisk/SeUpAsteriskAtHome.htm" "Mozilla/5.0 (X11; U; Linux i686; en-GB; rv:1.9.0.8) Gecko/2009032600 SUSE/3.0.8-1.1.1 Firefox/3.0.8 GTB5"
75.169.106.235 - - [11/Apr/2009:11:25:29 -0400] "GET /Sierra90/pic/s90-4-18.jpg HTTP/1.1" 200 101548 "http://www.chayden.net/Sierra90/Sierra90.html" "Mozilla/5.0 (Windows; U; Windows NT 5.1; en-US; rv:1.9.0.8) Gecko/2009032609 Firefox/3.0.8"
78.147.207.23 - - [11/Apr/2009:11:25:33 -0400] "GET /Asterisk/SeUpAsteriskAtHome_files/image035.jpg HTTP/1.1" 200 2759 "http://www.chayden.net/Asterisk/SeUpAsteriskAtHome.htm" "Mozilla/5.0 (X11; U; Linux i686; en-GB; rv:1.9.0.8) Gecko/2009032600 SUSE/3.0.8-1.1.1 Firefox/3.0.8 GTB5"
78.147.207.23 - - [11/Apr/2009:11:25:32 -0400] "GET /Asterisk/SeUpAsteriskAtHome_files/image026.jpg HTTP/1.1" 200 37910 "http://www.chayden.net/Asterisk/SeUpAsteriskAtHome.htm" "Mozilla/5.0 (X11; U; Linux i686; en-GB; rv:1.9.0.8) Gecko/2009032600 SUSE/3.0.8-1.1.1 Firefox/3.0.8 GTB5"
78.147.207.23 - - [11/Apr/2009:11:25:33 -0400] "GET /Asterisk/SeUpAsteriskAtHome_files/image039.jpg HTTP/1.1" 200 1921 "http://www.chayden.net/Asterisk/SeUpAsteriskAtHome.htm" "Mozilla/5.0 (X11; U; Linux i686; en-GB; rv:1.9.0.8) Gecko/2009032600 SUSE/3.0.8-1.1.1 Firefox/3.0.8 GTB5"
78.147.207.23 - - [11/Apr/2009:11:25:33 -0400] "GET /Asterisk/SeUpAsteriskAtHome_files/image033.jpg HTTP/1.1" 200 30788 "http://www.chayden.net/Asterisk/SeUpAsteriskAtHome.htm" "Mozilla/5.0 (X11; U; Linux i686; en-GB; rv:1.9.0.8) Gecko/2009032600 SUSE/3.0.8-1.1.1 Firefox/3.0.8 GTB5"
78.147.207.23 - - [11/Apr/2009:11:25:33 -0400] "GET /Asterisk/SeUpAsteriskAtHome_files/image044.jpg HTTP/1.1" 200 6079 "http://www.chayden.net/Asterisk/SeUpAsteriskAtHome.htm" "Mozilla/5.0 (X11; U; Linux i686; en-GB; rv:1.9.0.8) Gecko/2009032600 SUSE/3.0.8-1.1.1 Firefox/3.0.8 GTB5"
75.169.106.235 - - [11/Apr/2009:11:25:30 -0400] "GET /Sierra90/pic/s90-4-20.jpg HTTP/1.1" 200 93356 "http://www.chayden.net/Sierra90/Sierra90.html" "Mozilla/5.0 (Windows; U; Windows NT 5.1; en-US; rv:1.9.0.8) Gecko/2009032609 Firefox/3.0.8"
78.147.207.23 - - [11/Apr/2009:11:25:33 -0400] "GET /Asterisk/SeUpAsteriskAtHome_files/image037.jpg HTTP/1.1" 200 42221 "http://www.chayden.net/Asterisk/SeUpAsteriskAtHome.htm" "Mozilla/5.0 (X11; U; Linux i686; en-GB; rv:1.9.0.8) Gecko/2009032600 SUSE/3.0.8-1.1.1 Firefox/3.0.8 GTB5"
78.147.207.23 - - [11/Apr/2009:11:25:33 -0400] "GET /Asterisk/SeUpAsteriskAtHome_files/image041.jpg HTTP/1.1" 200 26765 "http://www.chayden.net/Asterisk/SeUpAsteriskAtHome.htm" "Mozilla/5.0 (X11; U; Linux i686; en-GB; rv:1.9.0.8) Gecko/2009032600 SUSE/3.0.8-1.1.1 Firefox/3.0.8 GTB5"
78.147.207.23 - - [11/Apr/2009:11:25:33 -0400] "GET /Asterisk/SeUpAsteriskAtHome_files/image043.jpg HTTP/1.1" 200 22658 "http://www.chayden.net/Asterisk/SeUpAsteriskAtHome.htm" "Mozilla/5.0 (X11; U; Linux i686; en-GB; rv:1.9.0.8) Gecko/2009032600 SUSE/3.0.8-1.1.1 Firefox/3.0.8 GTB5"
78.147.207.23 - - [11/Apr/2009:11:25:33 -0400] "GET /Asterisk/SeUpAsteriskAtHome_files/image046.jpg HTTP/1.1" 200 35168 "http://www.chayden.net/Asterisk/SeUpAsteriskAtHome.htm" "Mozilla/5.0 (X11; U; Linux i686; en-GB; rv:1.9.0.8) Gecko/2009032600 SUSE/3.0.8-1.1.1 Firefox/3.0.8 GTB5"
75.169.106.235 - - [11/Apr/2009:11:25:30 -0400] "GET /Sierra90/pic/s90-4-23.jpg HTTP/1.1" 200 110736 "http://www.chayden.net/Sierra90/Sierra90.html" "Mozilla/5.0 (Windows; U; Windows NT 5.1; en-US; rv:1.9.0.8) Gecko/2009032609 Firefox/3.0.8"
75.169.106.235 - - [11/Apr/2009:11:25:30 -0400] "GET /Sierra90/pic/s90-5-03.jpg HTTP/1.1" 200 81185 "http://www.chayden.net/Sierra90/Sierra90.html" "Mozilla/5.0 (Windows; U; Windows NT 5.1; en-US; rv:1.9.0.8) Gecko/2009032609 Firefox/3.0.8"
78.147.207.23 - - [11/Apr/2009:11:25:34 -0400] "GET /favicon.ico HTTP/1.1" 404 292 "-" "Mozilla/5.0 (X11; U; Linux i686; en-GB; rv:1.9.0.8) Gecko/2009032600 SUSE/3.0.8-1.1.1 Firefox/3.0.8 GTB5"
75.169.106.235 - - [11/Apr/2009:11:25:30 -0400] "GET /Sierra90/pic/s90-5-08.jpg HTTP/1.1" 200 76476 "http://www.chayden.net/Sierra90/Sierra90.html" "Mozilla/5.0 (Windows; U; Windows NT 5.1; en-US; rv:1.9.0.8) Gecko/2009032609 Firefox/3.0.8"
75.169.106.235 - - [11/Apr/2009:11:25:35 -0400] "GET /icons/back.gif HTTP/1.1" 200 216 "http://www.chayden.net/Sierra90/Sierra90.html" "Mozilla/5.0 (Windows; U; Windows NT 5.1; en-US; rv:1.9.0.8) Gecko/2009032609 Firefox/3.0.8"
75.169.106.235 - - [11/Apr/2009:11:25:35 -0400] "GET /Sierra90/marion-back.gif HTTP/1.1" 200 5810 "http://www.chayden.net/Sierra90/Sierra90.html" "Mozilla/5.0 (Windows; U; Windows NT 5.1; en-US; rv:1.9.0.8) Gecko/2009032609 Firefox/3.0.8"
75.169.106.235 - - [11/Apr/2009:11:25:32 -0400] "GET /Sierra90/pic/s90-6-00.jpg HTTP/1.1" 200 95360 "http://www.chayden.net/Sierra90/Sierra90.html" "Mozilla/5.0 (Windows; U; Windows NT 5.1; en-US; rv:1.9.0.8) Gecko/2009032609 Firefox/3.0.8"
208.111.154.15 - - [11/Apr/2009:11:25:36 -0400] "GET /robots.txt HTTP/1.1" 404 291 "-" "Mozilla/5.0 (compatible; Charlotte/1.1; http://www.searchme.com/support/)"
208.111.154.15 - - [11/Apr/2009:11:25:36 -0400] "GET /Runs HTTP/1.1" 301 319 "-" "Mozilla/5.0 (compatible; Charlotte/1.1; http://www.searchme.com/support/)"
75.169.106.235 - - [11/Apr/2009:11:25:32 -0400] "GET /Sierra90/pic/Sierra90-M3.gif HTTP/1.1" 200 276143 "http://www.chayden.net/Sierra90/Sierra90.html" "Mozilla/5.0 (Windows; U; Windows NT 5.1; en-US; rv:1.9.0.8) Gecko/2009032609 Firefox/3.0.8"
75.169.106.235 - - [11/Apr/2009:11:25:33 -0400] "GET /Sierra90/pic/Sierra90-M8.gif HTTP/1.1" 200 163508 "http://www.chayden.net/Sierra90/Sierra90.html" "Mozilla/5.0 (Windows; U; Windows NT 5.1; en-US; rv:1.9.0.8) Gecko/2009032609 Firefox/3.0.8"
75.169.106.235 - - [11/Apr/2009:11:25:34 -0400] "GET /Sierra90/pic/s90-7-01.jpg HTTP/1.1" 200 96765 "http://www.chayden.net/Sierra90/Sierra90.html" "Mozilla/5.0 (Windows; U; Windows NT 5.1; en-US; rv:1.9.0.8) Gecko/2009032609 Firefox/3.0.8"
75.169.106.235 - - [11/Apr/2009:11:25:35 -0400] "GET /Sierra90/pic/s90-7-04.jpg HTTP/1.1" 200 116533 "http://www.chayden.net/Sierra90/Sierra90.html" "Mozilla/5.0 (Windows; U; Windows NT 5.1; en-US; rv:1.9.0.8) Gecko/2009032609 Firefox/3.0.8"
208.111.154.15 - - [11/Apr/2009:11:25:38 -0400] "GET /Runs/ HTTP/1.1" 200 2318 "-" "Mozilla/5.0 (compatible; Charlotte/1.1; http://www.searchme.com/support/)"
78.147.207.23 - - [11/Apr/2009:11:25:38 -0400] "GET /favicon.ico HTTP/1.1" 404 292 "-" "Mozilla/5.0 (X11; U; Linux i686; en-GB; rv:1.9.0.8) Gecko/2009032600 SUSE/3.0.8-1.1.1 Firefox/3.0.8 GTB5"
67.16.94.2 - - [11/Apr/2009:11:27:05 -0400] "GET /Catskills/SamsPoint2006/ HTTP/1.0" 200 18559 "-" "Gigabot/3.0 (http://www.gigablast.com/spider.html)"
74.6.18.249 - - [11/Apr/2009:11:29:59 -0400] "GET /Sierra89/ HTTP/1.0" 200 1046 "-" "Mozilla/5.0 (compatible; Yahoo! Slurp/3.0; http://help.yahoo.com/help/us/ysearch/slurp)"
96.41.114.237 - - [11/Apr/2009:11:33:38 -0400] "GET /SanGabriels/favicon.ico HTTP/1.1" 404 304 "-" "Mozilla/4.0 (compatible; GoogleToolbar 5.0.2124.6042; Windows XP 5.1; MSIE 6.0.2900.5512)"
96.41.114.237 - - [11/Apr/2009:11:33:39 -0400] "GET /SanGabriels/favicon.gif HTTP/1.1" 404 304 "-" "Mozilla/4.0 (compatible; GoogleToolbar 5.0.2124.6042; Windows XP 5.1; MSIE 6.0.2900.5512)"
41.219.236.84 - - [11/Apr/2009:11:34:17 -0400] "GET /Asterisk/SeUpAsteriskAtHome_files/image001.gif HTTP/1.1" 200 2324 "-" "Mozilla/4.0 (compatible; MSIE 7.0; Windows NT 6.0; GTB5; SLCC1; .NET CLR 2.0.50727; .NET CLR 3.0.04506; FDM)"
41.219.236.84 - - [11/Apr/2009:11:34:25 -0400] "GET /Asterisk/SeUpAsteriskAtHome_files/image002.png HTTP/1.1" 200 8522 "-" "Mozilla/4.0 (compatible; MSIE 7.0; Windows NT 6.0; GTB5; SLCC1; .NET CLR 2.0.50727; .NET CLR 3.0.04506; FDM)"
41.219.236.84 - - [11/Apr/2009:11:34:37 -0400] "GET /Asterisk/SeUpAsteriskAtHome_files/image004.gif HTTP/1.1" 200 6404 "-" "Mozilla/4.0 (compatible; MSIE 7.0; Windows NT 6.0; GTB5; SLCC1; .NET CLR 2.0.50727; .NET CLR 3.0.04506; FDM)"
69.113.207.99 - - [11/Apr/2009:11:34:36 -0400] "GET /Catskills/Peaks.gif HTTP/1.1" 200 230219 "http://trailkeeper.wordpress.com/2008/10/03/3500-catskill-peaks/" "Mozilla/5.0 (Windows; U; Windows NT 6.0; en-US; rv:1.8.1.20) Gecko/20081217 Firefox/2.0.0.20"
41.219.236.84 - - [11/Apr/2009:11:34:45 -0400] "GET /Asterisk/SeUpAsteriskAtHome_files/image005.gif HTTP/1.1" 200 4365 "-" "Mozilla/4.0 (compatible; MSIE 7.0; Windows NT 6.0; GTB5; SLCC1; .NET CLR 2.0.50727; .NET CLR 3.0.04506; FDM)"
41.219.236.84 - - [11/Apr/2009:11:34:03 -0400] "GET /Asterisk/SeUpAsteriskAtHome.htm HTTP/1.1" 200 178181 "-" "Mozilla/4.0 (compatible; MSIE 7.0; Windows NT 6.0; GTB5; SLCC1; .NET CLR 2.0.50727; .NET CLR 3.0.04506; FDM)"
74.6.18.249 - - [11/Apr/2009:11:35:03 -0400] "GET /eliza/?C=M;O=A HTTP/1.0" 200 1275 "-" "Mozilla/5.0 (compatible; Yahoo! Slurp/3.0; http://help.yahoo.com/help/us/ysearch/slurp)"
41.219.236.84 - - [11/Apr/2009:11:34:57 -0400] "GET /Asterisk/SeUpAsteriskAtHome_files/image006.gif HTTP/1.1" 200 33832 "-" "Mozilla/4.0 (compatible; MSIE 7.0; Windows NT 6.0; GTB5; SLCC1; .NET CLR 2.0.50727; .NET CLR 3.0.04506; FDM)"
41.219.236.84 - - [11/Apr/2009:11:35:14 -0400] "GET /Asterisk/SeUpAsteriskAtHome_files/image007.gif HTTP/1.1" 200 5284 "-" "Mozilla/4.0 (compatible; MSIE 7.0; Windows NT 6.0; GTB5; SLCC1; .NET CLR 2.0.50727; .NET CLR 3.0.04506; FDM)"
41.219.236.84 - - [11/Apr/2009:11:35:18 -0400] "GET /Asterisk/SeUpAsteriskAtHome_files/image010.png HTTP/1.1" 200 8528 "-" "Mozilla/4.0 (compatible; MSIE 7.0; Windows NT 6.0; GTB5; SLCC1; .NET CLR 2.0.50727; .NET CLR 3.0.04506; FDM)"
41.219.236.84 - - [11/Apr/2009:11:35:19 -0400] "GET /Asterisk/SeUpAsteriskAtHome_files/image008.png HTTP/1.1" 200 9707 "-" "Mozilla/4.0 (compatible; MSIE 7.0; Windows NT 6.0; GTB5; SLCC1; .NET CLR 2.0.50727; .NET CLR 3.0.04506; FDM)"
41.219.236.84 - - [11/Apr/2009:11:35:26 -0400] "GET /Asterisk/SeUpAsteriskAtHome_files/image012.png HTTP/1.1" 200 13317 "-" "Mozilla/4.0 (compatible; MSIE 7.0; Windows NT 6.0; GTB5; SLCC1; .NET CLR 2.0.50727; .NET CLR 3.0.04506; FDM)"
41.219.236.84 - - [11/Apr/2009:11:35:35 -0400] "GET /Asterisk/SeUpAsteriskAtHome_files/image016.png HTTP/1.1" 200 25414 "-" "Mozilla/4.0 (compatible; MSIE 7.0; Windows NT 6.0; GTB5; SLCC1; .NET CLR 2.0.50727; .NET CLR 3.0.04506; FDM)"
123.121.233.43 - - [11/Apr/2009:11:35:51 -0400] "GET /eliza/favicon.ico HTTP/1.1" 404 294 "-" "Mozilla/4.0 (compatible; GoogleToolbar 5.0.2124.6042; Windows XP 5.1; MSIE 7.0.5730.11)"
123.121.233.43 - - [11/Apr/2009:11:35:52 -0400] "GET /eliza/favicon.gif HTTP/1.1" 404 294 "-" "Mozilla/4.0 (compatible; GoogleToolbar 5.0.2124.6042; Windows XP 5.1; MSIE 7.0.5730.11)"
125.214.164.4 - - [11/Apr/2009:11:36:11 -0400] "GET /Asterisk/SeUpAsteriskAtHome.htm HTTP/1.1" 200 178181 "http://www.google.lk/search?q=ip+pbx+setting&btnG=Search&hl=en&sa=2" "Mozilla/4.0 (compatible; MSIE 6.0; Windows NT 5.1; SV1)"
125.214.164.4 - - [11/Apr/2009:11:36:18 -0400] "GET /Asterisk/SeUpAsteriskAtHome_files/image001.gif HTTP/1.1" 304 - "http://www.chayden.net/Asterisk/SeUpAsteriskAtHome.htm" "Mozilla/4.0 (compatible; MSIE 6.0; Windows NT 5.1; SV1)"
125.214.164.4 - - [11/Apr/2009:11:36:20 -0400] "GET /Asterisk/SeUpAsteriskAtHome_files/image002.png HTTP/1.1" 200 8522 "-" "Mozilla/4.0 (compatible; MSIE 6.0; Windows NT 5.1; SV1)"
125.214.164.4 - - [11/Apr/2009:11:36:20 -0400] "GET /Asterisk/SeUpAsteriskAtHome_files/image003.jpg HTTP/1.1" 304 - "http://www.chayden.net/Asterisk/SeUpAsteriskAtHome.htm" "Mozilla/4.0 (compatible; MSIE 6.0; Windows NT 5.1; SV1)"
125.214.164.4 - - [11/Apr/2009:11:36:20 -0400] "GET /Asterisk/SeUpAsteriskAtHome_files/image004.gif HTTP/1.1" 304 - "-" "Mozilla/4.0 (compatible; MSIE 6.0; Windows NT 5.1; SV1)"
125.214.164.4 - - [11/Apr/2009:11:36:21 -0400] "GET /Asterisk/SeUpAsteriskAtHome_files/image005.gif HTTP/1.1" 304 - "http://www.chayden.net/Asterisk/SeUpAsteriskAtHome.htm" "Mozilla/4.0 (compatible; MSIE 6.0; Windows NT 5.1; SV1)"
125.214.164.4 - - [11/Apr/2009:11:36:21 -0400] "GET /Asterisk/SeUpAsteriskAtHome_files/image009.jpg HTTP/1.1" 304 - "http://www.chayden.net/Asterisk/SeUpAsteriskAtHome.htm" "Mozilla/4.0 (compatible; MSIE 6.0; Windows NT 5.1; SV1)"
125.214.164.4 - - [11/Apr/2009:11:36:22 -0400] "GET /Asterisk/SeUpAsteriskAtHome_files/image006.gif HTTP/1.1" 304 - "-" "Mozilla/4.0 (compatible; MSIE 6.0; Windows NT 5.1; SV1)"
125.214.164.4 - - [11/Apr/2009:11:36:22 -0400] "GET /Asterisk/SeUpAsteriskAtHome_files/image007.gif HTTP/1.1" 304 - "-" "Mozilla/4.0 (compatible; MSIE 6.0; Windows NT 5.1; SV1)"
41.219.236.84 - - [11/Apr/2009:11:35:27 -0400] "GET /Asterisk/SeUpAsteriskAtHome_files/image014.png HTTP/1.1" 200 29314 "-" "Mozilla/4.0 (compatible; MSIE 7.0; Windows NT 6.0; GTB5; SLCC1; .NET CLR 2.0.50727; .NET CLR 3.0.04506; FDM)"
125.214.164.4 - - [11/Apr/2009:11:36:24 -0400] "GET /Asterisk/SeUpAsteriskAtHome_files/image013.jpg HTTP/1.1" 304 - "http://www.chayden.net/Asterisk/SeUpAsteriskAtHome.htm" "Mozilla/4.0 (compatible; MSIE 6.0; Windows NT 5.1; SV1)"
125.214.164.4 - - [11/Apr/2009:11:36:24 -0400] "GET /Asterisk/SeUpAsteriskAtHome_files/image008.png HTTP/1.1" 200 9707 "-" "Mozilla/4.0 (compatible; MSIE 6.0; Windows NT 5.1; SV1)"
125.214.164.4 - - [11/Apr/2009:11:36:24 -0400] "GET /Asterisk/SeUpAsteriskAtHome_files/image010.png HTTP/1.1" 200 8528 "-" "Mozilla/4.0 (compatible; MSIE 6.0; Windows NT 5.1; SV1)"
125.214.164.4 - - [11/Apr/2009:11:36:24 -0400] "GET /Asterisk/SeUpAsteriskAtHome_files/image011.jpg HTTP/1.1" 304 - "http://www.chayden.net/Asterisk/SeUpAsteriskAtHome.htm" "Mozilla/4.0 (compatible; MSIE 6.0; Windows NT 5.1; SV1)"
125.214.164.4 - - [11/Apr/2009:11:36:24 -0400] "GET /Asterisk/SeUpAsteriskAtHome_files/image012.png HTTP/1.1" 200 13317 "-" "Mozilla/4.0 (compatible; MSIE 6.0; Windows NT 5.1; SV1)"
125.214.164.4 - - [11/Apr/2009:11:36:24 -0400] "GET /Asterisk/SeUpAsteriskAtHome_files/image014.png HTTP/1.1" 200 29314 "-" "Mozilla/4.0 (compatible; MSIE 6.0; Windows NT 5.1; SV1)"
125.214.164.4 - - [11/Apr/2009:11:36:24 -0400] "GET /Asterisk/SeUpAsteriskAtHome_files/image015.jpg HTTP/1.1" 200 47335 "http://www.chayden.net/Asterisk/SeUpAsteriskAtHome.htm" "Mozilla/4.0 (compatible; MSIE 6.0; Windows NT 5.1; SV1)"
125.214.164.4 - - [11/Apr/2009:11:36:28 -0400] "GET /Asterisk/SeUpAsteriskAtHome_files/image017.jpg HTTP/1.1" 304 - "http://www.chayden.net/Asterisk/SeUpAsteriskAtHome.htm" "Mozilla/4.0 (compatible; MSIE 6.0; Windows NT 5.1; SV1)"
125.214.164.4 - - [11/Apr/2009:11:36:29 -0400] "GET /Asterisk/SeUpAsteriskAtHome_files/image016.png HTTP/1.1" 304 - "-" "Mozilla/4.0 (compatible; MSIE 6.0; Windows NT 5.1; SV1)"
125.214.164.4 - - [11/Apr/2009:11:36:30 -0400] "GET /Asterisk/SeUpAsteriskAtHome_files/image020.gif HTTP/1.1" 304 - "http://www.chayden.net/Asterisk/SeUpAsteriskAtHome.htm" "Mozilla/4.0 (compatible; MSIE 6.0; Windows NT 5.1; SV1)"
125.214.164.4 - - [11/Apr/2009:11:36:30 -0400] "GET /Asterisk/SeUpAsteriskAtHome_files/image018.png HTTP/1.1" 200 19123 "-" "Mozilla/4.0 (compatible; MSIE 6.0; Windows NT 5.1; SV1)"
125.214.164.4 - - [11/Apr/2009:11:36:31 -0400] "GET /Asterisk/SeUpAsteriskAtHome_files/image021.png HTTP/1.1" 200 18492 "-" "Mozilla/4.0 (compatible; MSIE 6.0; Windows NT 5.1; SV1)"
125.214.164.4 - - [11/Apr/2009:11:36:30 -0400] "GET /Asterisk/SeUpAsteriskAtHome_files/image019.jpg HTTP/1.1" 200 39902 "http://www.chayden.net/Asterisk/SeUpAsteriskAtHome.htm" "Mozilla/4.0 (compatible; MSIE 6.0; Windows NT 5.1; SV1)"
125.214.164.4 - - [11/Apr/2009:11:36:31 -0400] "GET /Asterisk/SeUpAsteriskAtHome_files/image022.jpg HTTP/1.1" 200 34633 "http://www.chayden.net/Asterisk/SeUpAsteriskAtHome.htm" "Mozilla/4.0 (compatible; MSIE 6.0; Windows NT 5.1; SV1)"
125.214.164.4 - - [11/Apr/2009:11:36:35 -0400] "GET /Asterisk/SeUpAsteriskAtHome_files/image026.jpg HTTP/1.1" 304 - "http://www.chayden.net/Asterisk/SeUpAsteriskAtHome.htm" "Mozilla/4.0 (compatible; MSIE 6.0; Windows NT 5.1; SV1)"
125.214.164.4 - - [11/Apr/2009:11:36:35 -0400] "GET /Asterisk/SeUpAsteriskAtHome_files/image024.jpg HTTP/1.1" 304 - "http://www.chayden.net/Asterisk/SeUpAsteriskAtHome.htm" "Mozilla/4.0 (compatible; MSIE 6.0; Windows NT 5.1; SV1)"
125.214.164.4 - - [11/Apr/2009:11:36:35 -0400] "GET /Asterisk/SeUpAsteriskAtHome_files/image023.png HTTP/1.1" 200 17704 "-" "Mozilla/4.0 (compatible; MSIE 6.0; Windows NT 5.1; SV1)"
125.214.164.4 - - [11/Apr/2009:11:36:35 -0400] "GET /Asterisk/SeUpAsteriskAtHome_files/image025.png HTTP/1.1" 200 19921 "-" "Mozilla/4.0 (compatible; MSIE 6.0; Windows NT 5.1; SV1)"
41.219.236.84 - - [11/Apr/2009:11:36:30 -0400] "GET /Asterisk/SeUpAsteriskAtHome_files/image018.png HTTP/1.1" 200 19123 "-" "Mozilla/4.0 (compatible; MSIE 7.0; Windows NT 6.0; GTB5; SLCC1; .NET CLR 2.0.50727; .NET CLR 3.0.04506; FDM)"
41.219.236.84 - - [11/Apr/2009:11:36:42 -0400] "GET /Asterisk/SeUpAsteriskAtHome_files/image020.gif HTTP/1.1" 200 49946 "-" "Mozilla/4.0 (compatible; MSIE 7.0; Windows NT 6.0; GTB5; SLCC1; .NET CLR 2.0.50727; .NET CLR 3.0.04506; FDM)"
41.219.236.84 - - [11/Apr/2009:11:37:00 -0400] "GET /Asterisk/SeUpAsteriskAtHome_files/image021.png HTTP/1.1" 200 18492 "-" "Mozilla/4.0 (compatible; MSIE 7.0; Windows NT 6.0; GTB5; SLCC1; .NET CLR 2.0.50727; .NET CLR 3.0.04506; FDM)"
41.219.236.84 - - [11/Apr/2009:11:37:19 -0400] "GET /Asterisk/SeUpAsteriskAtHome_files/image023.png HTTP/1.1" 200 17704 "-" "Mozilla/4.0 (compatible; MSIE 7.0; Windows NT 6.0; GTB5; SLCC1; .NET CLR 2.0.50727; .NET CLR 3.0.04506; FDM)"
41.219.236.84 - - [11/Apr/2009:11:37:29 -0400] "GET /Asterisk/SeUpAsteriskAtHome_files/image025.png HTTP/1.1" 200 19921 "-" "Mozilla/4.0 (compatible; MSIE 7.0; Windows NT 6.0; GTB5; SLCC1; .NET CLR 2.0.50727; .NET CLR 3.0.04506; FDM)"
74.6.18.249 - - [11/Apr/2009:11:38:14 -0400] "GET /eliza/instructions.txt HTTP/1.0" 200 15342 "-" "Mozilla/5.0 (compatible; Yahoo! Slurp/3.0; http://help.yahoo.com/help/us/ysearch/slurp)"
125.214.164.4 - - [11/Apr/2009:11:38:23 -0400] "GET /Asterisk/SeUpAsteriskAtHome_files/image027.jpg HTTP/1.1" 200 8509 "http://www.chayden.net/Asterisk/SeUpAsteriskAtHome.htm" "Mozilla/4.0 (compatible; MSIE 6.0; Windows NT 5.1; SV1)"
125.214.164.4 - - [11/Apr/2009:11:38:28 -0400] "GET /Asterisk/SeUpAsteriskAtHome_files/image028.jpg HTTP/1.1" 200 139428 "-" "Mozilla/4.0 (compatible; MSIE 6.0; Windows NT 5.1; SV1)"
125.214.164.4 - - [11/Apr/2009:11:38:33 -0400] "GET /Asterisk/SeUpAsteriskAtHome_files/image029.jpg HTTP/1.1" 304 - "http://www.chayden.net/Asterisk/SeUpAsteriskAtHome.htm" "Mozilla/4.0 (compatible; MSIE 6.0; Windows NT 5.1; SV1)"
125.214.164.4 - - [11/Apr/2009:11:38:33 -0400] "GET /Asterisk/SeUpAsteriskAtHome_files/image031.jpg HTTP/1.1" 304 - "http://www.chayden.net/Asterisk/SeUpAsteriskAtHome.htm" "Mozilla/4.0 (compatible; MSIE 6.0; Windows NT 5.1; SV1)"
125.214.164.4 - - [11/Apr/2009:11:38:33 -0400] "GET /Asterisk/SeUpAsteriskAtHome_files/image034.jpg HTTP/1.1" 200 5270 "-" "Mozilla/4.0 (compatible; MSIE 6.0; Windows NT 5.1; SV1)"
125.214.164.4 - - [11/Apr/2009:11:38:33 -0400] "GET /Asterisk/SeUpAsteriskAtHome_files/image033.jpg HTTP/1.1" 200 30788 "http://www.chayden.net/Asterisk/SeUpAsteriskAtHome.htm" "Mozilla/4.0 (compatible; MSIE 6.0; Windows NT 5.1; SV1)"
125.214.164.4 - - [11/Apr/2009:11:38:33 -0400] "GET /Asterisk/SeUpAsteriskAtHome_files/image032.jpg HTTP/1.1" 200 81539 "-" "Mozilla/4.0 (compatible; MSIE 6.0; Windows NT 5.1; SV1)"
125.214.164.4 - - [11/Apr/2009:11:38:33 -0400] "GET /Asterisk/SeUpAsteriskAtHome_files/image030.jpg HTTP/1.1" 200 77949 "-" "Mozilla/4.0 (compatible; MSIE 6.0; Windows NT 5.1; SV1)"
78.34.1.218 - - [11/Apr/2009:11:38:35 -0400] "GET /eliza/Eliza.html HTTP/1.1" 200 5488 "http://en.wikipedia.org/wiki/ELIZA" "Mozilla/5.0 (Windows; U; Windows NT 5.1; de; rv:1.9.0.8) Gecko/2009032609 Firefox/3.0.8 (.NET CLR 3.5.30729)"
78.34.1.218 - - [11/Apr/2009:11:38:35 -0400] "GET /icons/back.gif HTTP/1.1" 200 216 "http://www.chayden.net/eliza/Eliza.html" "Mozilla/5.0 (Windows; U; Windows NT 5.1; de; rv:1.9.0.8) Gecko/2009032609 Firefox/3.0.8 (.NET CLR 3.5.30729)"
78.34.1.218 - - [11/Apr/2009:11:38:36 -0400] "GET /favicon.ico HTTP/1.1" 404 292 "-" "Mozilla/5.0 (Windows; U; Windows NT 5.1; de; rv:1.9.0.8) Gecko/2009032609 Firefox/3.0.8 (.NET CLR 3.5.30729)"
78.34.1.218 - - [11/Apr/2009:11:38:36 -0400] "GET /favicon.ico HTTP/1.1" 404 292 "-" "Mozilla/5.0 (Windows; U; Windows NT 5.1; de; rv:1.9.0.8) Gecko/2009032609 Firefox/3.0.8 (.NET CLR 3.5.30729)"
125.214.164.4 - - [11/Apr/2009:11:38:37 -0400] "GET /Asterisk/SeUpAsteriskAtHome_files/image039.jpg HTTP/1.1" 304 - "http://www.chayden.net/Asterisk/SeUpAsteriskAtHome.htm" "Mozilla/4.0 (compatible; MSIE 6.0; Windows NT 5.1; SV1)"
125.214.164.4 - - [11/Apr/2009:11:38:37 -0400] "GET /Asterisk/SeUpAsteriskAtHome_files/image038.jpg HTTP/1.1" 200 7171 "-" "Mozilla/4.0 (compatible; MSIE 6.0; Windows NT 5.1; SV1)"
125.214.164.4 - - [11/Apr/2009:11:38:37 -0400] "GET /Asterisk/SeUpAsteriskAtHome_files/image037.jpg HTTP/1.1" 304 - "http://www.chayden.net/Asterisk/SeUpAsteriskAtHome.htm" "Mozilla/4.0 (compatible; MSIE 6.0; Windows NT 5.1; SV1)"
125.214.164.4 - - [11/Apr/2009:11:38:37 -0400] "GET /Asterisk/SeUpAsteriskAtHome_files/image036.png HTTP/1.1" 200 24757 "-" "Mozilla/4.0 (compatible; MSIE 6.0; Windows NT 5.1; SV1)"
78.34.1.218 - - [11/Apr/2009:11:38:39 -0400] "GET /favicon.ico HTTP/1.1" 404 292 "-" "Mozilla/5.0 (Windows; U; Windows NT 5.1; de; rv:1.9.0.8) Gecko/2009032609 Firefox/3.0.8 (.NET CLR 3.5.30729)"
125.214.164.4 - - [11/Apr/2009:11:38:39 -0400] "GET /Asterisk/SeUpAsteriskAtHome_files/image035.jpg HTTP/1.1" 304 - "http://www.chayden.net/Asterisk/SeUpAsteriskAtHome.htm" "Mozilla/4.0 (compatible; MSIE 6.0; Windows NT 5.1; SV1)"
78.34.1.218 - - [11/Apr/2009:11:38:43 -0400] "GET /eliza/Eliza/Eliza.java HTTP/1.1" 200 1869 "http://www.chayden.net/eliza/Eliza.html" "Mozilla/5.0 (Windows; U; Windows NT 5.1; de; rv:1.9.0.8) Gecko/2009032609 Firefox/3.0.8 (.NET CLR 3.5.30729)"
125.214.164.4 - - [11/Apr/2009:11:38:44 -0400] "GET /Asterisk/SeUpAsteriskAtHome_files/image041.jpg HTTP/1.1" 304 - "http://www.chayden.net/Asterisk/SeUpAsteriskAtHome.htm" "Mozilla/4.0 (compatible; MSIE 6.0; Windows NT 5.1; SV1)"
125.214.164.4 - - [11/Apr/2009:11:38:46 -0400] "GET /Asterisk/SeUpAsteriskAtHome_files/image043.jpg HTTP/1.1" 304 - "http://www.chayden.net/Asterisk/SeUpAsteriskAtHome.htm" "Mozilla/4.0 (compatible; MSIE 6.0; Windows NT 5.1; SV1)"
125.214.164.4 - - [11/Apr/2009:11:38:45 -0400] "GET /Asterisk/SeUpAsteriskAtHome_files/image040.jpg HTTP/1.1" 200 75744 "-" "Mozilla/4.0 (compatible; MSIE 6.0; Windows NT 5.1; SV1)"
125.214.164.4 - - [11/Apr/2009:11:38:46 -0400] "GET /Asterisk/SeUpAsteriskAtHome_files/image044.jpg HTTP/1.1" 304 - "http://www.chayden.net/Asterisk/SeUpAsteriskAtHome.htm" "Mozilla/4.0 (compatible; MSIE 6.0; Windows NT 5.1; SV1)"
125.214.164.4 - - [11/Apr/2009:11:38:46 -0400] "GET /Asterisk/SeUpAsteriskAtHome_files/image042.jpg HTTP/1.1" 200 62576 "-" "Mozilla/4.0 (compatible; MSIE 6.0; Windows NT 5.1; SV1)"
125.214.164.4 - - [11/Apr/2009:11:38:53 -0400] "GET /Asterisk/SeUpAsteriskAtHome_files/image046.jpg HTTP/1.1" 304 - "http://www.chayden.net/Asterisk/SeUpAsteriskAtHome.htm" "Mozilla/4.0 (compatible; MSIE 6.0; Windows NT 5.1; SV1)"
125.214.164.4 - - [11/Apr/2009:11:38:53 -0400] "GET /Asterisk/SeUpAsteriskAtHome_files/image045.png HTTP/1.1" 200 24347 "-" "Mozilla/4.0 (compatible; MSIE 6.0; Windows NT 5.1; SV1)"
65.55.209.227 - - [11/Apr/2009:11:42:10 -0400] "GET /robots.txt HTTP/1.1" 404 287 "-" "msnbot/1.1 (+http://search.msn.com/msnbot.htm)"
65.55.209.227 - - [11/Apr/2009:11:42:12 -0400] "GET /Snapshots/?C=D;O=D HTTP/1.1" 200 3951 "-" "msnbot/1.1 (+http://search.msn.com/msnbot.htm)"
68.225.250.228 - - [11/Apr/2009:11:49:16 -0400] "GET /Runs/Adidas/tree.jpg HTTP/1.1" 200 976780 "http://www.worldofcherie.blogspot.com/" "Mozilla/4.0 (compatible; MSIE 6.0; Windows NT 5.1; SV1; GTB5; .NET CLR 1.0.3705; .NET CLR 1.1.4322; Media Center PC 4.0; .NET CLR 2.0.50727)"
68.225.250.228 - - [11/Apr/2009:11:49:24 -0400] "GET /Runs/Adidas/tree.jpg HTTP/1.1" 200 976780 "http://images.google.com/imgres?imgurl=http://www.chayden.net/Runs/Adidas/tree.jpg&imgrefurl=http://www.worldofcherie.blogspot.com/&usg=__5Aqja_p8bGP49zufYZmBj9L4A8E=&h=2958&w=2310&sz=954&hl=en&start=52&um=1&tbnid=EjYRzJyORJ_a6M:&tbnh=150&tbnw=117&prev=/images%3Fq%3Dwoman%2Bpeeing%2Bon%2Btrail%26ndsp%3D18%26hl%3Den%26rlz%3D1T4SUNA_enUS311US206%26sa%3DN%26start%3D36%26um%3D1" "Mozilla/4.0 (compatible; MSIE 6.0; Windows NT 5.1; SV1; GTB5; .NET CLR 1.0.3705; .NET CLR 1.1.4322; Media Center PC 4.0; .NET CLR 2.0.50727)"
64.233.172.18 - - [11/Apr/2009:11:50:19 -0400] "GET /favicon.ico HTTP/1.1" 404 292 "-" "FeedFetcher-Google; (+http://www.google.com/feedfetcher.html)"
74.6.22.160 - - [11/Apr/2009:11:50:50 -0400] "GET /House/?C=M;O=D HTTP/1.0" 200 908 "-" "Mozilla/5.0 (compatible; Yahoo! Slurp/3.0; http://help.yahoo.com/help/us/ysearch/slurp)"
74.6.18.249 - - [11/Apr/2009:11:52:37 -0400] "GET /Catskills/Notes/AircraftCrashes.html HTTP/1.0" 200 25661 "-" "Mozilla/5.0 (compatible; Yahoo! Slurp/3.0; http://help.yahoo.com/help/us/ysearch/slurp)"
78.175.13.235 - - [11/Apr/2009:11:53:26 -0400] "GET /eliza/Eliza.html HTTP/1.1" 200 5488 "http://www.google.com.tr/search?hl=tr&um=1&q=eliza&ndsp=18&ie=UTF-8&sa=N&tab=iw" "Mozilla/4.0 (compatible; MSIE 7.0; Windows NT 6.0; SLCC1; .NET CLR 2.0.50727; Media Center PC 5.0; .NET CLR 3.0.04506; InfoPath.2; OfficeLiveConnector.1.3; OfficeLivePatch.0.0)"
193.252.149.15 - - [11/Apr/2009:11:54:56 -0400] "GET /Sierra02/?S=A/?S=D HTTP/1.1" 200 1267 "-" "Mozilla/5.0 (Windows; U; Windows NT 5.1; fr; rv:1.8.1) VoilaBot BETA 1.2 (support.voilabot@orange-ftgroup.com)"
69.231.132.188 - - [11/Apr/2009:11:55:04 -0400] "GET /Asterisk/favicon.ico HTTP/1.1" 404 297 "-" "Mozilla/4.0 (compatible; GoogleToolbar 5.0.2124.6042; Windows 6.0; MSIE 7.0.6001.18000)"
69.231.132.188 - - [11/Apr/2009:11:55:04 -0400] "GET /Asterisk/favicon.gif HTTP/1.1" 404 297 "-" "Mozilla/4.0 (compatible; GoogleToolbar 5.0.2124.6042; Windows 6.0; MSIE 7.0.6001.18000)"
69.231.132.188 - - [11/Apr/2009:11:55:05 -0400] "GET /Asterisk/favicon.ico HTTP/1.1" 404 297 "-" "Mozilla/4.0 (compatible; GoogleToolbar 5.0.2124.6042; Windows 6.0; MSIE 7.0.6001.18000)"
69.231.132.188 - - [11/Apr/2009:11:55:05 -0400] "GET /Asterisk/favicon.ico HTTP/1.1" 404 297 "-" "Mozilla/4.0 (compatible; GoogleToolbar 5.0.2124.6042; Windows 6.0; MSIE 7.0.6001.18000)"
69.231.132.188 - - [11/Apr/2009:11:55:05 -0400] "GET /Asterisk/favicon.gif HTTP/1.1" 404 297 "-" "Mozilla/4.0 (compatible; GoogleToolbar 5.0.2124.6042; Windows 6.0; MSIE 7.0.6001.18000)"
69.231.132.188 - - [11/Apr/2009:11:55:05 -0400] "GET /Asterisk/favicon.gif HTTP/1.1" 404 297 "-" "Mozilla/4.0 (compatible; GoogleToolbar 5.0.2124.6042; Windows 6.0; MSIE 7.0.6001.18000)"
99.151.217.24 - - [11/Apr/2009:11:55:53 -0400] "GET /Asterisk/favicon.ico HTTP/1.1" 404 301 "-" "Mozilla/4.0 (compatible; GoogleToolbar 5.0.2124.6042; Windows 6.0; MSIE 8.0.6001.18702)"
99.151.217.24 - - [11/Apr/2009:11:55:53 -0400] "GET /Asterisk/favicon.gif HTTP/1.1" 404 301 "-" "Mozilla/4.0 (compatible; GoogleToolbar 5.0.2124.6042; Windows 6.0; MSIE 8.0.6001.18702)"
116.71.17.83 - - [11/Apr/2009:11:56:28 -0400] "GET /eliza/Eliza.html HTTP/1.0" 200 5488 "http://www.google.com.pk/search?hl=en&q=Eliza&btnG=Search&meta=" "Mozilla/5.0 (Windows; U; Windows NT 5.1; en-US; rv:1.9.0.7) Gecko/2009021910 Firefox/3.0.7"
116.71.17.83 - - [11/Apr/2009:11:56:41 -0400] "GET /icons/back.gif HTTP/1.0" 200 216 "http://chayden.net/eliza/Eliza.html" "Mozilla/5.0 (Windows; U; Windows NT 5.1; en-US; rv:1.9.0.7) Gecko/2009021910 Firefox/3.0.7"
116.71.17.83 - - [11/Apr/2009:11:56:44 -0400] "GET /eliza/Eliza/Eliza.class HTTP/1.0" 200 2434 "-" "Mozilla/4.0 (Windows XP 5.1) Java/1.6.0_13"
67.84.138.117 - - [11/Apr/2009:11:56:47 -0400] "GET /Runs/Adidas/favicon.ico HTTP/1.1" 404 304 "-" "Mozilla/4.0 (compatible; GoogleToolbar 5.0.2124.6042; Windows 6.0; MSIE 7.0.6001.18000)"
67.84.138.117 - - [11/Apr/2009:11:56:47 -0400] "GET /Runs/Adidas/favicon.gif HTTP/1.1" 404 304 "-" "Mozilla/4.0 (compatible; GoogleToolbar 5.0.2124.6042; Windows 6.0; MSIE 7.0.6001.18000)"
116.71.17.83 - - [11/Apr/2009:11:57:02 -0400] "GET /eliza/Eliza/ElizaMain.class HTTP/1.0" 200 9260 "-" "Mozilla/4.0 (Windows XP 5.1) Java/1.6.0_13"
116.71.17.83 - - [11/Apr/2009:11:57:12 -0400] "GET /eliza/Eliza/DecompList.class HTTP/1.0" 200 877 "-" "Mozilla/4.0 (Windows XP 5.1) Java/1.6.0_13"
116.71.17.83 - - [11/Apr/2009:11:57:20 -0400] "GET /favicon.ico HTTP/1.0" 404 288 "-" "Mozilla/5.0 (Windows; U; Windows NT 5.1; en-US; rv:1.9.0.7) Gecko/2009021910 Firefox/3.0.7"
116.71.17.83 - - [11/Apr/2009:11:57:23 -0400] "GET /eliza/Eliza/KeyList.class HTTP/1.0" 200 1722 "-" "Mozilla/4.0 (Windows XP 5.1) Java/1.6.0_13"
116.71.17.83 - - [11/Apr/2009:11:57:31 -0400] "GET /eliza/Eliza/SynList.class HTTP/1.0" 200 2103 "-" "Mozilla/4.0 (Windows XP 5.1) Java/1.6.0_13"
116.71.17.83 - - [11/Apr/2009:11:57:38 -0400] "GET /eliza/Eliza/WordList.class HTTP/1.0" 200 1243 "-" "Mozilla/4.0 (Windows XP 5.1) Java/1.6.0_13"
116.71.17.83 - - [11/Apr/2009:11:57:45 -0400] "GET /eliza/Eliza/PrePostList.class HTTP/1.0" 200 1674 "-" "Mozilla/4.0 (Windows XP 5.1) Java/1.6.0_13"
116.71.17.83 - - [11/Apr/2009:11:57:53 -0400] "GET /eliza/Eliza/KeyStack.class HTTP/1.0" 200 1507 "-" "Mozilla/4.0 (Windows XP 5.1) Java/1.6.0_13"
116.71.17.83 - - [11/Apr/2009:11:58:01 -0400] "GET /eliza/Eliza/Key.class HTTP/1.0" 200 1702 "-" "Mozilla/4.0 (Windows XP 5.1) Java/1.6.0_13"
116.71.17.83 - - [11/Apr/2009:11:58:08 -0400] "GET /eliza/Eliza/Mem.class HTTP/1.0" 200 850 "-" "Mozilla/4.0 (Windows XP 5.1) Java/1.6.0_13"
116.71.17.83 - - [11/Apr/2009:11:58:22 -0400] "GET /eliza/script HTTP/1.0" 200 12267 "-" "Mozilla/4.0 (Windows XP 5.1) Java/1.6.0_13"
116.71.17.83 - - [11/Apr/2009:11:58:27 -0400] "GET /eliza/Eliza/EString.class HTTP/1.0" 200 3849 "-" "Mozilla/4.0 (Windows XP 5.1) Java/1.6.0_13"
116.71.17.83 - - [11/Apr/2009:11:58:34 -0400] "GET /eliza/Eliza/PrePost.class HTTP/1.0" 200 1073 "-" "Mozilla/4.0 (Windows XP 5.1) Java/1.6.0_13"
